

================================================================
== Vitis HLS Report for 'dataflow_parent_loop_proc'
================================================================
* Date:           Thu Jun 18 11:21:21 2026

* Version:        2024.2 (Build 5238294 on Nov  8 2024)
* Project:        upconv_core_top
* Solution:       hls (Vivado IP Flow Target)
* Product family: zynquplus
* Target device:  xczu7ev-ffvc1156-2-e


================================================================
== Performance Estimates
================================================================
+ Timing: 
    * Summary: 
    +--------+---------+----------+------------+
    |  Clock |  Target | Estimated| Uncertainty|
    +--------+---------+----------+------------+
    |ap_clk  |  3.33 ns|  3.195 ns|     0.90 ns|
    +--------+---------+----------+------------+

+ Latency: 
    * Summary: 
    +---------+---------+----------+----------+-----+---------+---------+
    |  Latency (cycles) |  Latency (absolute) |    Interval   | Pipeline|
    |   min   |   max   |    min   |    max   | min |   max   |   Type  |
    +---------+---------+----------+----------+-----+---------+---------+
    |      215|  2853295|  0.717 us|  9.510 ms|  215|  2853295|       no|
    +---------+---------+----------+----------+-----+---------+---------+

    + Detail: 
        * Instance: 
        N/A

        * Loop: 
        +-------------+---------+---------+------------+-----------+-----------+--------+----------+
        |             |  Latency (cycles) |  Iteration |  Initiation Interval  |  Trip  |          |
        |  Loop Name  |   min   |   max   |   Latency  |  achieved |   target  |  Count | Pipelined|
        +-------------+---------+---------+------------+-----------+-----------+--------+----------+
        |- TILE_LOOP  |      214|  2853294|  45 ~ 73935|          -|          -|  6 ~ 41|        no|
        +-------------+---------+---------+------------+-----------+-----------+--------+----------+

============================================================
+ Verbose Summary: Synthesis Manager
============================================================
InlineROM: 1
ExposeGlobal: 0
============================================================
+ Verbose Summary: CDFG Model
============================================================
IsTopModel: 0
ResetActiveHigh: 1
IsCombinational: 2
IsDatapathOnly: 0
HasWiredReturn: 1
HasMFsm: 0
HasVarLatency: 1
IsPipeline: 0
IsRtlPipelined: 0
IsInstanceOverlapped: 0
IsDontTouch: 0
HasImplIP: 0
IsGatedGlobalClock: 0


============================================================
+ Verbose Summary: Schedule
============================================================
* Number of FSM states : 3
* Pipeline : 0
* Dataflow Pipeline: 1
  DF-Pipeline-0: Size = 2, States = { 2 3 }

* FSM state transitions: 
1 --> 2 
2 --> 3 
3 --> 2 

* FSM state operations: 

State 1 <SV = 0> <Delay = 0.42>
ST_1 : Operation 4 [1/1] (0.00ns)   --->   "%W_IN_read = read i8 @_ssdm_op_Read.ap_auto.i8, i8 %W_IN"   --->   Operation 4 'read' 'W_IN_read' <Predicate = true> <Delay = 0.00>
ST_1 : Operation 5 [1/1] (0.00ns)   --->   "%H_IN_read = read i8 @_ssdm_op_Read.ap_auto.i8, i8 %H_IN"   --->   Operation 5 'read' 'H_IN_read' <Predicate = true> <Delay = 0.00>
ST_1 : Operation 6 [1/1] (0.00ns)   --->   "%ho_read = read i8 @_ssdm_op_Read.ap_auto.i8, i8 %ho"   --->   Operation 6 'read' 'ho_read' <Predicate = true> <Delay = 0.00>
ST_1 : Operation 7 [1/1] (0.00ns)   --->   "%C_IN_read = read i10 @_ssdm_op_Read.ap_auto.i10, i10 %C_IN"   --->   Operation 7 'read' 'C_IN_read' <Predicate = true> <Delay = 0.00>
ST_1 : Operation 8 [1/1] (0.00ns)   --->   "%C_OUT_read = read i9 @_ssdm_op_Read.ap_auto.i9, i9 %C_OUT"   --->   Operation 8 'read' 'C_OUT_read' <Predicate = true> <Delay = 0.00>
ST_1 : Operation 9 [1/1] (0.00ns)   --->   "%W_ptr_read = read i64 @_ssdm_op_Read.ap_auto.i64, i64 %W_ptr"   --->   Operation 9 'read' 'W_ptr_read' <Predicate = true> <Delay = 0.00>
ST_1 : Operation 10 [1/1] (0.00ns)   --->   "%lshr_ln186_2_cast_read = read i6 @_ssdm_op_Read.ap_auto.i6, i6 %lshr_ln186_2_cast"   --->   Operation 10 'read' 'lshr_ln186_2_cast_read' <Predicate = true> <Delay = 0.00>
ST_1 : Operation 11 [1/1] (0.00ns)   --->   "%specinterface_ln0 = specinterface void @_ssdm_op_SpecInterface, i256 %gmem_weight, void @empty_161, i32 0, i32 0, void @empty_80, i32 0, i32 0, void @empty_56, void @empty_138, void @empty_80, i32 16, i32 16, i32 64, i32 16, void @empty_80, void @empty_80, i32 4294967295, i32 0, i32 0"   --->   Operation 11 'specinterface' 'specinterface_ln0' <Predicate = true> <Delay = 0.00>
ST_1 : Operation 12 [1/1] (0.42ns)   --->   "%br_ln0 = br void %for.cond23"   --->   Operation 12 'br' 'br_ln0' <Predicate = true> <Delay = 0.42>

State 2 <SV = 1> <Delay = 2.39>
ST_2 : Operation 13 [1/1] (0.00ns)   --->   "%tile = phi i6 %add_ln213, void %codeRepl, i6 0, void %newFuncRoot" [../gen2/Hls_Layers_UpConv.tpp:213]   --->   Operation 13 'phi' 'tile' <Predicate = true> <Delay = 0.00>
ST_2 : Operation 14 [1/1] (0.78ns)   --->   "%add_ln213 = add i6 %tile, i6 1" [../gen2/Hls_Layers_UpConv.tpp:213]   --->   Operation 14 'add' 'add_ln213' <Predicate = true> <Delay = 0.78> <CoreInst = "Adder">   --->   Core 1 'Adder' <Latency = 0> <II = 1> <Delay = 0.78> <FuncUnit> <Opcode : 'add' 'sub'> <InPorts = 2> <OutPorts = 1>
ST_2 : Operation 15 [1/1] (0.78ns)   --->   "%icmp_ln213 = icmp_eq  i6 %tile, i6 %lshr_ln186_2_cast_read" [../gen2/Hls_Layers_UpConv.tpp:213]   --->   Operation 15 'icmp' 'icmp_ln213' <Predicate = true> <Delay = 0.78> <CoreInst = "Cmp">   --->   Core 9 'Cmp' <Latency = 0> <II = 1> <Delay = 0.78> <FuncUnit> <Opcode : 'seteq' 'setne' 'setle' 'setge' 'setlt' 'setgt'> <InPorts = 2> <OutPorts = 1>
ST_2 : Operation 16 [1/1] (0.00ns)   --->   "%specdataflowpipeline_ln213 = specdataflowpipeline void @_ssdm_op_SpecDataflowPipeline, i32 4294967295, i32 0, void @dataflow_parent_loop_str, i6 %tile, i6 %lshr_ln186_2_cast, i32 0" [../gen2/Hls_Layers_UpConv.tpp:213]   --->   Operation 16 'specdataflowpipeline' 'specdataflowpipeline_ln213' <Predicate = true> <Delay = 0.00>
ST_2 : Operation 17 [1/1] (0.00ns)   --->   "%br_ln213 = br i1 %icmp_ln213, void %codeRepl, void %for.end30.exitStub" [../gen2/Hls_Layers_UpConv.tpp:213]   --->   Operation 17 'br' 'br_ln213' <Predicate = true> <Delay = 0.00>
ST_2 : Operation 18 [2/2] (1.61ns)   --->   "%call_ln216 = call void @dataflow_in_loop_TILE_LOOP.1, i256 %gmem_weight, i64 %W_ptr_read, i6 %tile, i9 %C_OUT_read, i10 %C_IN_read, i8 %ho_read, i8 %H_IN_read, i8 %W_IN_read, i256 %x_buf, i16 %void_UpConv_Fused_Row_ap_uint_ap_uint_const_ap_uint_const_ap_uint_const_ap_u_9, i16 %void_UpConv_Fused_Row_ap_uint_ap_uint_const_ap_uint_const_ap_uint_const_ap_u_1, i16 %void_UpConv_Fused_Row_ap_uint_ap_uint_const_ap_uint_const_ap_uint_const_ap_u_8, i16 %void_UpConv_Fused_Row_ap_uint_ap_uint_const_ap_uint_const_ap_uint_const_ap_u, i16 %void_UpConv_Fused_Row_ap_uint_ap_uint_const_ap_uint_const_ap_uint_const_ap_u_7, i16 %void_UpConv_Fused_Row_8_ap_uint_256_ap_uint_256_const_ap_uint_256_const_ap_uint_256_const_ap_uint_256_const_ap_uint_256_decimal16_int_int_int_int_int_row_acc, i16 %void_UpConv_Fused_Row_ap_uint_ap_uint_const_ap_uint_const_ap_uint_const_ap_u_6, i16 %void_UpConv_Fused_Row_8_ap_uint_256_ap_uint_256_const_ap_uint_256_const_ap_uint_256_const_ap_uint_256_const_ap_uint_256_decimal16_int_int_int_int_int_row_acc_0, i16 %void_UpConv_Fused_Row_ap_uint_ap_uint_const_ap_uint_const_ap_uint_const_ap_u_5, i16 %void_UpConv_Fused_Row_8_ap_uint_256_ap_uint_256_const_ap_uint_256_const_ap_uint_256_const_ap_uint_256_const_ap_uint_256_decimal16_int_int_int_int_int_row_acc_1, i16 %void_UpConv_Fused_Row_ap_uint_ap_uint_const_ap_uint_const_ap_uint_const_ap_u_4, i16 %void_UpConv_Fused_Row_8_ap_uint_256_ap_uint_256_const_ap_uint_256_const_ap_uint_256_const_ap_uint_256_const_ap_uint_256_decimal16_int_int_int_int_int_row_acc_2, i16 %void_UpConv_Fused_Row_ap_uint_ap_uint_const_ap_uint_const_ap_uint_const_ap_u_3, i16 %void_UpConv_Fused_Row_8_ap_uint_256_ap_uint_256_const_ap_uint_256_const_ap_uint_256_const_ap_uint_256_const_ap_uint_256_decimal16_int_int_int_int_int_row_acc_3, i16 %void_UpConv_Fused_Row_ap_uint_ap_uint_const_ap_uint_const_ap_uint_const_ap_u_2, i16 %void_UpConv_Fused_Row_8_ap_uint_256_ap_uint_256_const_ap_uint_256_const_ap_uint_256_const_ap_uint_256_const_ap_uint_256_decimal16_int_int_int_int_int_row_acc_4" [../gen2/Hls_Layers_UpConv.tpp:216]   --->   Operation 18 'call' 'call_ln216' <Predicate = (!icmp_ln213)> <Delay = 1.61> <CoreType = "Generic">   --->   Generic Core
ST_2 : Operation 19 [1/1] (0.00ns)   --->   "%ret_ln0 = ret"   --->   Operation 19 'ret' 'ret_ln0' <Predicate = (icmp_ln213)> <Delay = 0.00>

State 3 <SV = 2> <Delay = 0.00>
ST_3 : Operation 20 [1/1] (0.00ns)   --->   "%speclooptripcount_ln214 = speclooptripcount void @_ssdm_op_SpecLoopTripCount, i64 6, i64 41, i64 20" [../gen2/Hls_Layers_UpConv.tpp:214]   --->   Operation 20 'speclooptripcount' 'speclooptripcount_ln214' <Predicate = (!icmp_ln213)> <Delay = 0.00>
ST_3 : Operation 21 [1/1] (0.00ns)   --->   "%specloopname_ln213 = specloopname void @_ssdm_op_SpecLoopName, void @empty_23" [../gen2/Hls_Layers_UpConv.tpp:213]   --->   Operation 21 'specloopname' 'specloopname_ln213' <Predicate = (!icmp_ln213)> <Delay = 0.00>
ST_3 : Operation 22 [1/2] (0.00ns)   --->   "%call_ln216 = call void @dataflow_in_loop_TILE_LOOP.1, i256 %gmem_weight, i64 %W_ptr_read, i6 %tile, i9 %C_OUT_read, i10 %C_IN_read, i8 %ho_read, i8 %H_IN_read, i8 %W_IN_read, i256 %x_buf, i16 %void_UpConv_Fused_Row_ap_uint_ap_uint_const_ap_uint_const_ap_uint_const_ap_u_9, i16 %void_UpConv_Fused_Row_ap_uint_ap_uint_const_ap_uint_const_ap_uint_const_ap_u_1, i16 %void_UpConv_Fused_Row_ap_uint_ap_uint_const_ap_uint_const_ap_uint_const_ap_u_8, i16 %void_UpConv_Fused_Row_ap_uint_ap_uint_const_ap_uint_const_ap_uint_const_ap_u, i16 %void_UpConv_Fused_Row_ap_uint_ap_uint_const_ap_uint_const_ap_uint_const_ap_u_7, i16 %void_UpConv_Fused_Row_8_ap_uint_256_ap_uint_256_const_ap_uint_256_const_ap_uint_256_const_ap_uint_256_const_ap_uint_256_decimal16_int_int_int_int_int_row_acc, i16 %void_UpConv_Fused_Row_ap_uint_ap_uint_const_ap_uint_const_ap_uint_const_ap_u_6, i16 %void_UpConv_Fused_Row_8_ap_uint_256_ap_uint_256_const_ap_uint_256_const_ap_uint_256_const_ap_uint_256_const_ap_uint_256_decimal16_int_int_int_int_int_row_acc_0, i16 %void_UpConv_Fused_Row_ap_uint_ap_uint_const_ap_uint_const_ap_uint_const_ap_u_5, i16 %void_UpConv_Fused_Row_8_ap_uint_256_ap_uint_256_const_ap_uint_256_const_ap_uint_256_const_ap_uint_256_const_ap_uint_256_decimal16_int_int_int_int_int_row_acc_1, i16 %void_UpConv_Fused_Row_ap_uint_ap_uint_const_ap_uint_const_ap_uint_const_ap_u_4, i16 %void_UpConv_Fused_Row_8_ap_uint_256_ap_uint_256_const_ap_uint_256_const_ap_uint_256_const_ap_uint_256_const_ap_uint_256_decimal16_int_int_int_int_int_row_acc_2, i16 %void_UpConv_Fused_Row_ap_uint_ap_uint_const_ap_uint_const_ap_uint_const_ap_u_3, i16 %void_UpConv_Fused_Row_8_ap_uint_256_ap_uint_256_const_ap_uint_256_const_ap_uint_256_const_ap_uint_256_const_ap_uint_256_decimal16_int_int_int_int_int_row_acc_3, i16 %void_UpConv_Fused_Row_ap_uint_ap_uint_const_ap_uint_const_ap_uint_const_ap_u_2, i16 %void_UpConv_Fused_Row_8_ap_uint_256_ap_uint_256_const_ap_uint_256_const_ap_uint_256_const_ap_uint_256_const_ap_uint_256_decimal16_int_int_int_int_int_row_acc_4" [../gen2/Hls_Layers_UpConv.tpp:216]   --->   Operation 22 'call' 'call_ln216' <Predicate = (!icmp_ln213)> <Delay = 0.00> <CoreType = "Generic">   --->   Generic Core
ST_3 : Operation 23 [1/1] (0.00ns)   --->   "%br_ln213 = br void %for.cond23" [../gen2/Hls_Layers_UpConv.tpp:213]   --->   Operation 23 'br' 'br_ln213' <Predicate = (!icmp_ln213)> <Delay = 0.00>


============================================================
+ Verbose Summary: Timing violations
============================================================
Target clock period: 3.333ns, clock uncertainty: 0.900ns.

 <State 1>: 0.427ns
The critical path consists of the following:
	multiplexor before 'phi' operation 6 bit ('tile', ../gen2/Hls_Layers_UpConv.tpp:213) with incoming values : ('add_ln213', ../gen2/Hls_Layers_UpConv.tpp:213) [36]  (0.427 ns)

 <State 2>: 2.399ns
The critical path consists of the following:
	'phi' operation 6 bit ('tile', ../gen2/Hls_Layers_UpConv.tpp:213) with incoming values : ('add_ln213', ../gen2/Hls_Layers_UpConv.tpp:213) [36]  (0.000 ns)
	'icmp' operation 1 bit ('icmp_ln213', ../gen2/Hls_Layers_UpConv.tpp:213) [38]  (0.781 ns)
	'call' operation 0 bit ('call_ln216', ../gen2/Hls_Layers_UpConv.tpp:216) to 'dataflow_in_loop_TILE_LOOP.1' [44]  (1.618 ns)

 <State 3>: 0.000ns
The critical path consists of the following:


============================================================
+ Verbose Summary: Binding
============================================================
N/A
* FSMD analyzer results:
  - Output states:
 - Input state : 
  - Chain level:
	State 1
	State 2
	State 3


============================================================
+ Verbose Summary: Datapath Resource usage 
============================================================
N/A
