

================================================================
== Vitis HLS Report for 'dataflow_parent_loop_proc'
================================================================
* Date:           Thu Jun 18 11:21:21 2026

* Version:        2024.2 (Build 5238294 on Nov  8 2024)
* Project:        upconv_core_top
* Solution:       hls (Vivado IP Flow Target)
* Product family: zynquplus
* Target device:  xczu7ev-ffvc1156-2-e


================================================================
== Performance Estimates
================================================================
+ Timing: 
    * Summary: 
    +--------+---------+----------+------------+
    |  Clock |  Target | Estimated| Uncertainty|
    +--------+---------+----------+------------+
    |ap_clk  |  3.33 ns|  3.195 ns|     0.90 ns|
    +--------+---------+----------+------------+

+ Latency: 
    * Summary: 
    +---------+---------+----------+----------+-----+---------+---------+
    |  Latency (cycles) |  Latency (absolute) |    Interval   | Pipeline|
    |   min   |   max   |    min   |    max   | min |   max   |   Type  |
    +---------+---------+----------+----------+-----+---------+---------+
    |      215|  2853295|  0.717 us|  9.510 ms|  215|  2853295|       no|
    +---------+---------+----------+----------+-----+---------+---------+

    + Detail: 
        * Instance: 
        +-----------------------------------------+------------------------------+---------+---------+----------+----------+-----+-------+----------+
        |                                         |                              |  Latency (cycles) |  Latency (absolute) |   Interval  | Pipeline |
        |                 Instance                |            Module            |   min   |   max   |    min   |    max   | min |  max  |   Type   |
        +-----------------------------------------+------------------------------+---------+---------+----------+----------+-----+-------+----------+
        |grp_dataflow_in_loop_TILE_LOOP_1_fu_154  |dataflow_in_loop_TILE_LOOP_1  |       43|    73933|  0.143 us|  0.246 ms|   34|  69484|  dataflow|
        +-----------------------------------------+------------------------------+---------+---------+----------+----------+-----+-------+----------+

        * Loop: 
        +-------------+---------+---------+------------+-----------+-----------+--------+----------+
        |             |  Latency (cycles) |  Iteration |  Initiation Interval  |  Trip  |          |
        |  Loop Name  |   min   |   max   |   Latency  |  achieved |   target  |  Count | Pipelined|
        +-------------+---------+---------+------------+-----------+-----------+--------+----------+
        |- TILE_LOOP  |      214|  2853294|  45 ~ 73935|          -|          -|  6 ~ 41|        no|
        +-------------+---------+---------+------------+-----------+-----------+--------+----------+

============================================================
+ Verbose Summary: Synthesis Manager
============================================================
InlineROM: 1
ExposeGlobal: 0
============================================================
+ Verbose Summary: CDFG Model
============================================================
IsTopModel: 0
ResetActiveHigh: 1
IsCombinational: 2
IsDatapathOnly: 0
HasWiredReturn: 1
HasMFsm: 0
HasVarLatency: 1
IsPipeline: 0
IsRtlPipelined: 0
IsInstanceOverlapped: 0
IsDontTouch: 0
HasImplIP: 0
IsGatedGlobalClock: 0


============================================================
+ Verbose Summary: Schedule
============================================================
* Number of FSM states : 3
* Pipeline : 0
* Dataflow Pipeline: 1
  DF-Pipeline-0: Size = 2, States = { 2 3 }

* FSM state transitions: 
1 --> 2 
2 --> 3 
3 --> 2 

* FSM state operations: 

State 1 <SV = 0> <Delay = 0.42>
ST_1 : Operation 4 [1/1] (0.00ns)   --->   "%W_IN_read = read i8 @_ssdm_op_Read.ap_auto.i8, i8 %W_IN"   --->   Operation 4 'read' 'W_IN_read' <Predicate = true> <Delay = 0.00>
ST_1 : Operation 5 [1/1] (0.00ns)   --->   "%H_IN_read = read i8 @_ssdm_op_Read.ap_auto.i8, i8 %H_IN"   --->   Operation 5 'read' 'H_IN_read' <Predicate = true> <Delay = 0.00>
ST_1 : Operation 6 [1/1] (0.00ns)   --->   "%ho_read = read i8 @_ssdm_op_Read.ap_auto.i8, i8 %ho"   --->   Operation 6 'read' 'ho_read' <Predicate = true> <Delay = 0.00>
ST_1 : Operation 7 [1/1] (0.00ns)   --->   "%C_IN_read = read i10 @_ssdm_op_Read.ap_auto.i10, i10 %C_IN"   --->   Operation 7 'read' 'C_IN_read' <Predicate = true> <Delay = 0.00>
ST_1 : Operation 8 [1/1] (0.00ns)   --->   "%C_OUT_read = read i9 @_ssdm_op_Read.ap_auto.i9, i9 %C_OUT"   --->   Operation 8 'read' 'C_OUT_read' <Predicate = true> <Delay = 0.00>
ST_1 : Operation 9 [1/1] (0.00ns)   --->   "%W_ptr_read = read i64 @_ssdm_op_Read.ap_auto.i64, i64 %W_ptr"   --->   Operation 9 'read' 'W_ptr_read' <Predicate = true> <Delay = 0.00>
ST_1 : Operation 10 [1/1] (0.00ns)   --->   "%lshr_ln186_2_cast_read = read i6 @_ssdm_op_Read.ap_auto.i6, i6 %lshr_ln186_2_cast"   --->   Operation 10 'read' 'lshr_ln186_2_cast_read' <Predicate = true> <Delay = 0.00>
ST_1 : Operation 11 [1/1] (0.00ns)   --->   "%specinterface_ln0 = specinterface void @_ssdm_op_SpecInterface, i256 %gmem_weight, void @empty_161, i32 0, i32 0, void @empty_80, i32 0, i32 0, void @empty_56, void @empty_138, void @empty_80, i32 16, i32 16, i32 64, i32 16, void @empty_80, void @empty_80, i32 4294967295, i32 0, i32 0"   --->   Operation 11 'specinterface' 'specinterface_ln0' <Predicate = true> <Delay = 0.00>
ST_1 : Operation 12 [1/1] (0.42ns)   --->   "%br_ln0 = br void %for.cond23"   --->   Operation 12 'br' 'br_ln0' <Predicate = true> <Delay = 0.42>

State 2 <SV = 1> <Delay = 2.39>
ST_2 : Operation 13 [1/1] (0.00ns)   --->   "%tile = phi i6 %add_ln213, void %codeRepl, i6 0, void %newFuncRoot" [../gen2/Hls_Layers_UpConv.tpp:213]   --->   Operation 13 'phi' 'tile' <Predicate = true> <Delay = 0.00>
ST_2 : Operation 14 [1/1] (0.78ns)   --->   "%add_ln213 = add i6 %tile, i6 1" [../gen2/Hls_Layers_UpConv.tpp:213]   --->   Operation 14 'add' 'add_ln213' <Predicate = true> <Delay = 0.78> <CoreInst = "Adder">   --->   Core 1 'Adder' <Latency = 0> <II = 1> <Delay = 0.78> <FuncUnit> <Opcode : 'add' 'sub'> <InPorts = 2> <OutPorts = 1>
ST_2 : Operation 15 [1/1] (0.78ns)   --->   "%icmp_ln213 = icmp_eq  i6 %tile, i6 %lshr_ln186_2_cast_read" [../gen2/Hls_Layers_UpConv.tpp:213]   --->   Operation 15 'icmp' 'icmp_ln213' <Predicate = true> <Delay = 0.78> <CoreInst = "Cmp">   --->   Core 9 'Cmp' <Latency = 0> <II = 1> <Delay = 0.78> <FuncUnit> <Opcode : 'seteq' 'setne' 'setle' 'setge' 'setlt' 'setgt'> <InPorts = 2> <OutPorts = 1>
ST_2 : Operation 16 [1/1] (0.00ns)   --->   "%specdataflowpipeline_ln213 = specdataflowpipeline void @_ssdm_op_SpecDataflowPipeline, i32 4294967295, i32 0, void @dataflow_parent_loop_str, i6 %tile, i6 %lshr_ln186_2_cast, i32 0" [../gen2/Hls_Layers_UpConv.tpp:213]   --->   Operation 16 'specdataflowpipeline' 'specdataflowpipeline_ln213' <Predicate = true> <Delay = 0.00>
ST_2 : Operation 17 [1/1] (0.00ns)   --->   "%br_ln213 = br i1 %icmp_ln213, void %codeRepl, void %for.end30.exitStub" [../gen2/Hls_Layers_UpConv.tpp:213]   --->   Operation 17 'br' 'br_ln213' <Predicate = true> <Delay = 0.00>
ST_2 : Operation 18 [2/2] (1.61ns)   --->   "%call_ln216 = call void @dataflow_in_loop_TILE_LOOP.1, i256 %gmem_weight, i64 %W_ptr_read, i6 %tile, i9 %C_OUT_read, i10 %C_IN_read, i8 %ho_read, i8 %H_IN_read, i8 %W_IN_read, i256 %x_buf, i16 %void_UpConv_Fused_Row_ap_uint_ap_uint_const_ap_uint_const_ap_uint_const_ap_u_9, i16 %void_UpConv_Fused_Row_ap_uint_ap_uint_const_ap_uint_const_ap_uint_const_ap_u_1, i16 %void_UpConv_Fused_Row_ap_uint_ap_uint_const_ap_uint_const_ap_uint_const_ap_u_8, i16 %void_UpConv_Fused_Row_ap_uint_ap_uint_const_ap_uint_const_ap_uint_const_ap_u, i16 %void_UpConv_Fused_Row_ap_uint_ap_uint_const_ap_uint_const_ap_uint_const_ap_u_7, i16 %void_UpConv_Fused_Row_8_ap_uint_256_ap_uint_256_const_ap_uint_256_const_ap_uint_256_const_ap_uint_256_const_ap_uint_256_decimal16_int_int_int_int_int_row_acc, i16 %void_UpConv_Fused_Row_ap_uint_ap_uint_const_ap_uint_const_ap_uint_const_ap_u_6, i16 %void_UpConv_Fused_Row_8_ap_uint_256_ap_uint_256_const_ap_uint_256_const_ap_uint_256_const_ap_uint_256_const_ap_uint_256_decimal16_int_int_int_int_int_row_acc_0, i16 %void_UpConv_Fused_Row_ap_uint_ap_uint_const_ap_uint_const_ap_uint_const_ap_u_5, i16 %void_UpConv_Fused_Row_8_ap_uint_256_ap_uint_256_const_ap_uint_256_const_ap_uint_256_const_ap_uint_256_const_ap_uint_256_decimal16_int_int_int_int_int_row_acc_1, i16 %void_UpConv_Fused_Row_ap_uint_ap_uint_const_ap_uint_const_ap_uint_const_ap_u_4, i16 %void_UpConv_Fused_Row_8_ap_uint_256_ap_uint_256_const_ap_uint_256_const_ap_uint_256_const_ap_uint_256_const_ap_uint_256_decimal16_int_int_int_int_int_row_acc_2, i16 %void_UpConv_Fused_Row_ap_uint_ap_uint_const_ap_uint_const_ap_uint_const_ap_u_3, i16 %void_UpConv_Fused_Row_8_ap_uint_256_ap_uint_256_const_ap_uint_256_const_ap_uint_256_const_ap_uint_256_const_ap_uint_256_decimal16_int_int_int_int_int_row_acc_3, i16 %void_UpConv_Fused_Row_ap_uint_ap_uint_const_ap_uint_const_ap_uint_const_ap_u_2, i16 %void_UpConv_Fused_Row_8_ap_uint_256_ap_uint_256_const_ap_uint_256_const_ap_uint_256_const_ap_uint_256_const_ap_uint_256_decimal16_int_int_int_int_int_row_acc_4" [../gen2/Hls_Layers_UpConv.tpp:216]   --->   Operation 18 'call' 'call_ln216' <Predicate = (!icmp_ln213)> <Delay = 1.61> <CoreType = "Generic">   --->   Generic Core
ST_2 : Operation 19 [1/1] (0.00ns)   --->   "%ret_ln0 = ret"   --->   Operation 19 'ret' 'ret_ln0' <Predicate = (icmp_ln213)> <Delay = 0.00>

State 3 <SV = 2> <Delay = 0.00>
ST_3 : Operation 20 [1/1] (0.00ns)   --->   "%speclooptripcount_ln214 = speclooptripcount void @_ssdm_op_SpecLoopTripCount, i64 6, i64 41, i64 20" [../gen2/Hls_Layers_UpConv.tpp:214]   --->   Operation 20 'speclooptripcount' 'speclooptripcount_ln214' <Predicate = (!icmp_ln213)> <Delay = 0.00>
ST_3 : Operation 21 [1/1] (0.00ns)   --->   "%specloopname_ln213 = specloopname void @_ssdm_op_SpecLoopName, void @empty_23" [../gen2/Hls_Layers_UpConv.tpp:213]   --->   Operation 21 'specloopname' 'specloopname_ln213' <Predicate = (!icmp_ln213)> <Delay = 0.00>
ST_3 : Operation 22 [1/2] (0.00ns)   --->   "%call_ln216 = call void @dataflow_in_loop_TILE_LOOP.1, i256 %gmem_weight, i64 %W_ptr_read, i6 %tile, i9 %C_OUT_read, i10 %C_IN_read, i8 %ho_read, i8 %H_IN_read, i8 %W_IN_read, i256 %x_buf, i16 %void_UpConv_Fused_Row_ap_uint_ap_uint_const_ap_uint_const_ap_uint_const_ap_u_9, i16 %void_UpConv_Fused_Row_ap_uint_ap_uint_const_ap_uint_const_ap_uint_const_ap_u_1, i16 %void_UpConv_Fused_Row_ap_uint_ap_uint_const_ap_uint_const_ap_uint_const_ap_u_8, i16 %void_UpConv_Fused_Row_ap_uint_ap_uint_const_ap_uint_const_ap_uint_const_ap_u, i16 %void_UpConv_Fused_Row_ap_uint_ap_uint_const_ap_uint_const_ap_uint_const_ap_u_7, i16 %void_UpConv_Fused_Row_8_ap_uint_256_ap_uint_256_const_ap_uint_256_const_ap_uint_256_const_ap_uint_256_const_ap_uint_256_decimal16_int_int_int_int_int_row_acc, i16 %void_UpConv_Fused_Row_ap_uint_ap_uint_const_ap_uint_const_ap_uint_const_ap_u_6, i16 %void_UpConv_Fused_Row_8_ap_uint_256_ap_uint_256_const_ap_uint_256_const_ap_uint_256_const_ap_uint_256_const_ap_uint_256_decimal16_int_int_int_int_int_row_acc_0, i16 %void_UpConv_Fused_Row_ap_uint_ap_uint_const_ap_uint_const_ap_uint_const_ap_u_5, i16 %void_UpConv_Fused_Row_8_ap_uint_256_ap_uint_256_const_ap_uint_256_const_ap_uint_256_const_ap_uint_256_const_ap_uint_256_decimal16_int_int_int_int_int_row_acc_1, i16 %void_UpConv_Fused_Row_ap_uint_ap_uint_const_ap_uint_const_ap_uint_const_ap_u_4, i16 %void_UpConv_Fused_Row_8_ap_uint_256_ap_uint_256_const_ap_uint_256_const_ap_uint_256_const_ap_uint_256_const_ap_uint_256_decimal16_int_int_int_int_int_row_acc_2, i16 %void_UpConv_Fused_Row_ap_uint_ap_uint_const_ap_uint_const_ap_uint_const_ap_u_3, i16 %void_UpConv_Fused_Row_8_ap_uint_256_ap_uint_256_const_ap_uint_256_const_ap_uint_256_const_ap_uint_256_const_ap_uint_256_decimal16_int_int_int_int_int_row_acc_3, i16 %void_UpConv_Fused_Row_ap_uint_ap_uint_const_ap_uint_const_ap_uint_const_ap_u_2, i16 %void_UpConv_Fused_Row_8_ap_uint_256_ap_uint_256_const_ap_uint_256_const_ap_uint_256_const_ap_uint_256_const_ap_uint_256_decimal16_int_int_int_int_int_row_acc_4" [../gen2/Hls_Layers_UpConv.tpp:216]   --->   Operation 22 'call' 'call_ln216' <Predicate = (!icmp_ln213)> <Delay = 0.00> <CoreType = "Generic">   --->   Generic Core
ST_3 : Operation 23 [1/1] (0.00ns)   --->   "%br_ln213 = br void %for.cond23" [../gen2/Hls_Layers_UpConv.tpp:213]   --->   Operation 23 'br' 'br_ln213' <Predicate = (!icmp_ln213)> <Delay = 0.00>


============================================================
+ Verbose Summary: Binding
============================================================
STG Binding: 
---------------- STG Properties BEGIN ----------------
- Is combinational: 0
- Is one-state seq: 0
- Is datapath-only: 0
- Is pipelined: 0
- Is top level: 0
Port [ Return ] is wired: 1; IO mode=ap_ctrl_hs:ce=0
Port [ lshr_ln186_2_cast]:  wired=1; compound=0; hidden=0; nouse=0; global=0; static=0; extern=0; dir=0; type=0; pingpong=0; private_global=0; IO mode=ap_none:ce=0
Port [ gmem_weight]:  wired=1; compound=1; hidden=0; nouse=0; global=0; static=0; extern=0; dir=0; type=4; pingpong=0; private_global=0; IO mode=m_axi:ce=0
Port [ W_ptr]:  wired=1; compound=0; hidden=0; nouse=0; global=0; static=0; extern=0; dir=0; type=0; pingpong=0; private_global=0; IO mode=ap_none:ce=0
Port [ C_OUT]:  wired=1; compound=0; hidden=0; nouse=0; global=0; static=0; extern=0; dir=0; type=0; pingpong=0; private_global=0; IO mode=ap_none:ce=0
Port [ C_IN]:  wired=1; compound=0; hidden=0; nouse=0; global=0; static=0; extern=0; dir=0; type=0; pingpong=0; private_global=0; IO mode=ap_none:ce=0
Port [ ho]:  wired=1; compound=0; hidden=0; nouse=0; global=0; static=0; extern=0; dir=0; type=0; pingpong=0; private_global=0; IO mode=ap_none:ce=0
Port [ H_IN]:  wired=1; compound=0; hidden=0; nouse=0; global=0; static=0; extern=0; dir=0; type=0; pingpong=0; private_global=0; IO mode=ap_none:ce=0
Port [ W_IN]:  wired=1; compound=0; hidden=0; nouse=0; global=0; static=0; extern=0; dir=0; type=0; pingpong=0; private_global=0; IO mode=ap_none:ce=0
Port [ x_buf]:  wired=1; compound=1; hidden=0; nouse=0; global=1; static=1; extern=0; dir=0; type=1; pingpong=0; private_global=0; MemPort=[13]; IO mode=ap_memory:ce=0
Port [ void_UpConv_Fused_Row_ap_uint_ap_uint_const_ap_uint_const_ap_uint_const_ap_u_9]:  wired=1; compound=1; hidden=0; nouse=0; global=1; static=1; extern=0; dir=2; type=1; pingpong=0; private_global=0; MemPort=[01]; IO mode=ap_memory:ce=0
Port [ void_UpConv_Fused_Row_ap_uint_ap_uint_const_ap_uint_const_ap_uint_const_ap_u_1]:  wired=1; compound=1; hidden=0; nouse=0; global=1; static=1; extern=0; dir=2; type=1; pingpong=0; private_global=0; MemPort=[01]; IO mode=ap_memory:ce=0
Port [ void_UpConv_Fused_Row_ap_uint_ap_uint_const_ap_uint_const_ap_uint_const_ap_u_8]:  wired=1; compound=1; hidden=0; nouse=0; global=1; static=1; extern=0; dir=2; type=1; pingpong=0; private_global=0; MemPort=[01]; IO mode=ap_memory:ce=0
Port [ void_UpConv_Fused_Row_ap_uint_ap_uint_const_ap_uint_const_ap_uint_const_ap_u]:  wired=1; compound=1; hidden=0; nouse=0; global=1; static=1; extern=0; dir=2; type=1; pingpong=0; private_global=0; MemPort=[01]; IO mode=ap_memory:ce=0
Port [ void_UpConv_Fused_Row_ap_uint_ap_uint_const_ap_uint_const_ap_uint_const_ap_u_7]:  wired=1; compound=1; hidden=0; nouse=0; global=1; static=1; extern=0; dir=2; type=1; pingpong=0; private_global=0; MemPort=[01]; IO mode=ap_memory:ce=0
Port [ void_UpConv_Fused_Row_8_ap_uint_256_ap_uint_256_const_ap_uint_256_const_ap_uint_256_const_ap_uint_256_const_ap_uint_256_decimal16_int_int_int_int_int_row_acc]:  wired=1; compound=1; hidden=0; nouse=0; global=1; static=1; extern=0; dir=2; type=1; pingpong=0; private_global=0; MemPort=[01]; IO mode=ap_memory:ce=0
Port [ void_UpConv_Fused_Row_ap_uint_ap_uint_const_ap_uint_const_ap_uint_const_ap_u_6]:  wired=1; compound=1; hidden=0; nouse=0; global=1; static=1; extern=0; dir=2; type=1; pingpong=0; private_global=0; MemPort=[01]; IO mode=ap_memory:ce=0
Port [ void_UpConv_Fused_Row_8_ap_uint_256_ap_uint_256_const_ap_uint_256_const_ap_uint_256_const_ap_uint_256_const_ap_uint_256_decimal16_int_int_int_int_int_row_acc_0]:  wired=1; compound=1; hidden=0; nouse=0; global=1; static=1; extern=0; dir=2; type=1; pingpong=0; private_global=0; MemPort=[01]; IO mode=ap_memory:ce=0
Port [ void_UpConv_Fused_Row_ap_uint_ap_uint_const_ap_uint_const_ap_uint_const_ap_u_5]:  wired=1; compound=1; hidden=0; nouse=0; global=1; static=1; extern=0; dir=2; type=1; pingpong=0; private_global=0; MemPort=[01]; IO mode=ap_memory:ce=0
Port [ void_UpConv_Fused_Row_8_ap_uint_256_ap_uint_256_const_ap_uint_256_const_ap_uint_256_const_ap_uint_256_const_ap_uint_256_decimal16_int_int_int_int_int_row_acc_1]:  wired=1; compound=1; hidden=0; nouse=0; global=1; static=1; extern=0; dir=2; type=1; pingpong=0; private_global=0; MemPort=[01]; IO mode=ap_memory:ce=0
Port [ void_UpConv_Fused_Row_ap_uint_ap_uint_const_ap_uint_const_ap_uint_const_ap_u_4]:  wired=1; compound=1; hidden=0; nouse=0; global=1; static=1; extern=0; dir=2; type=1; pingpong=0; private_global=0; MemPort=[01]; IO mode=ap_memory:ce=0
Port [ void_UpConv_Fused_Row_8_ap_uint_256_ap_uint_256_const_ap_uint_256_const_ap_uint_256_const_ap_uint_256_const_ap_uint_256_decimal16_int_int_int_int_int_row_acc_2]:  wired=1; compound=1; hidden=0; nouse=0; global=1; static=1; extern=0; dir=2; type=1; pingpong=0; private_global=0; MemPort=[01]; IO mode=ap_memory:ce=0
Port [ void_UpConv_Fused_Row_ap_uint_ap_uint_const_ap_uint_const_ap_uint_const_ap_u_3]:  wired=1; compound=1; hidden=0; nouse=0; global=1; static=1; extern=0; dir=2; type=1; pingpong=0; private_global=0; MemPort=[01]; IO mode=ap_memory:ce=0
Port [ void_UpConv_Fused_Row_8_ap_uint_256_ap_uint_256_const_ap_uint_256_const_ap_uint_256_const_ap_uint_256_const_ap_uint_256_decimal16_int_int_int_int_int_row_acc_3]:  wired=1; compound=1; hidden=0; nouse=0; global=1; static=1; extern=0; dir=2; type=1; pingpong=0; private_global=0; MemPort=[01]; IO mode=ap_memory:ce=0
Port [ void_UpConv_Fused_Row_ap_uint_ap_uint_const_ap_uint_const_ap_uint_const_ap_u_2]:  wired=1; compound=1; hidden=0; nouse=0; global=1; static=1; extern=0; dir=2; type=1; pingpong=0; private_global=0; MemPort=[01]; IO mode=ap_memory:ce=0
Port [ void_UpConv_Fused_Row_8_ap_uint_256_ap_uint_256_const_ap_uint_256_const_ap_uint_256_const_ap_uint_256_const_ap_uint_256_decimal16_int_int_int_int_int_row_acc_4]:  wired=1; compound=1; hidden=0; nouse=0; global=1; static=1; extern=0; dir=2; type=1; pingpong=0; private_global=0; MemPort=[01]; IO mode=ap_memory:ce=0
---------------- STG Properties END ------------------

---------------- Datapath Model BEGIN ----------------

<LifeTime>
<method=bitvector/>
W_IN_read                  (read                ) [ 0011]
H_IN_read                  (read                ) [ 0011]
ho_read                    (read                ) [ 0011]
C_IN_read                  (read                ) [ 0011]
C_OUT_read                 (read                ) [ 0011]
W_ptr_read                 (read                ) [ 0011]
lshr_ln186_2_cast_read     (read                ) [ 0011]
specinterface_ln0          (specinterface       ) [ 0000]
br_ln0                     (br                  ) [ 0111]
tile                       (phi                 ) [ 0011]
add_ln213                  (add                 ) [ 0111]
icmp_ln213                 (icmp                ) [ 0011]
specdataflowpipeline_ln213 (specdataflowpipeline) [ 0000]
br_ln213                   (br                  ) [ 0000]
ret_ln0                    (ret                 ) [ 0000]
speclooptripcount_ln214    (speclooptripcount   ) [ 0000]
specloopname_ln213         (specloopname        ) [ 0000]
call_ln216                 (call                ) [ 0000]
br_ln213                   (br                  ) [ 0111]
</LifeTime>

<model>

<comp_list>
<comp id="0" class="1000" name="lshr_ln186_2_cast">
<pin_list>
<pin id="1" dir="1" index="0" bw="1" slack="0"/>
</pin_list>
<bind>
<StgValue><ssdm name="lshr_ln186_2_cast"/></StgValue>
</bind>
</comp>

<comp id="2" class="1000" name="gmem_weight">
<pin_list>
<pin id="3" dir="1" index="0" bw="1" slack="0"/>
</pin_list>
<bind>
<StgValue><ssdm name="gmem_weight"/><MemPortTyVec>0 </MemPortTyVec>
</StgValue>
</bind>
</comp>

<comp id="4" class="1000" name="W_ptr">
<pin_list>
<pin id="5" dir="1" index="0" bw="1" slack="0"/>
</pin_list>
<bind>
<StgValue><ssdm name="W_ptr"/></StgValue>
</bind>
</comp>

<comp id="6" class="1000" name="C_OUT">
<pin_list>
<pin id="7" dir="1" index="0" bw="1" slack="0"/>
</pin_list>
<bind>
<StgValue><ssdm name="C_OUT"/></StgValue>
</bind>
</comp>

<comp id="8" class="1000" name="C_IN">
<pin_list>
<pin id="9" dir="1" index="0" bw="1" slack="0"/>
</pin_list>
<bind>
<StgValue><ssdm name="C_IN"/></StgValue>
</bind>
</comp>

<comp id="10" class="1000" name="ho">
<pin_list>
<pin id="11" dir="1" index="0" bw="1" slack="0"/>
</pin_list>
<bind>
<StgValue><ssdm name="ho"/></StgValue>
</bind>
</comp>

<comp id="12" class="1000" name="H_IN">
<pin_list>
<pin id="13" dir="1" index="0" bw="1" slack="0"/>
</pin_list>
<bind>
<StgValue><ssdm name="H_IN"/></StgValue>
</bind>
</comp>

<comp id="14" class="1000" name="W_IN">
<pin_list>
<pin id="15" dir="1" index="0" bw="1" slack="0"/>
</pin_list>
<bind>
<StgValue><ssdm name="W_IN"/></StgValue>
</bind>
</comp>

<comp id="16" class="1000" name="x_buf">
<pin_list>
<pin id="17" dir="1" index="0" bw="1" slack="0"/>
</pin_list>
<bind>
<StgValue><ssdm name="x_buf"/><MemPortTyVec>1 3 </MemPortTyVec>
</StgValue>
</bind>
</comp>

<comp id="18" class="1000" name="void_UpConv_Fused_Row_ap_uint_ap_uint_const_ap_uint_const_ap_uint_const_ap_u_9">
<pin_list>
<pin id="19" dir="1" index="0" bw="1" slack="0"/>
</pin_list>
<bind>
<StgValue><ssdm name="void_UpConv_Fused_Row_ap_uint_ap_uint_const_ap_uint_const_ap_uint_const_ap_u_9"/><MemPortTyVec>0 1 </MemPortTyVec>
</StgValue>
</bind>
</comp>

<comp id="20" class="1000" name="void_UpConv_Fused_Row_ap_uint_ap_uint_const_ap_uint_const_ap_uint_const_ap_u_1">
<pin_list>
<pin id="21" dir="1" index="0" bw="1" slack="0"/>
</pin_list>
<bind>
<StgValue><ssdm name="void_UpConv_Fused_Row_ap_uint_ap_uint_const_ap_uint_const_ap_uint_const_ap_u_1"/><MemPortTyVec>0 1 </MemPortTyVec>
</StgValue>
</bind>
</comp>

<comp id="22" class="1000" name="void_UpConv_Fused_Row_ap_uint_ap_uint_const_ap_uint_const_ap_uint_const_ap_u_8">
<pin_list>
<pin id="23" dir="1" index="0" bw="1" slack="0"/>
</pin_list>
<bind>
<StgValue><ssdm name="void_UpConv_Fused_Row_ap_uint_ap_uint_const_ap_uint_const_ap_uint_const_ap_u_8"/><MemPortTyVec>0 1 </MemPortTyVec>
</StgValue>
</bind>
</comp>

<comp id="24" class="1000" name="void_UpConv_Fused_Row_ap_uint_ap_uint_const_ap_uint_const_ap_uint_const_ap_u">
<pin_list>
<pin id="25" dir="1" index="0" bw="1" slack="0"/>
</pin_list>
<bind>
<StgValue><ssdm name="void_UpConv_Fused_Row_ap_uint_ap_uint_const_ap_uint_const_ap_uint_const_ap_u"/><MemPortTyVec>0 1 </MemPortTyVec>
</StgValue>
</bind>
</comp>

<comp id="26" class="1000" name="void_UpConv_Fused_Row_ap_uint_ap_uint_const_ap_uint_const_ap_uint_const_ap_u_7">
<pin_list>
<pin id="27" dir="1" index="0" bw="1" slack="0"/>
</pin_list>
<bind>
<StgValue><ssdm name="void_UpConv_Fused_Row_ap_uint_ap_uint_const_ap_uint_const_ap_uint_const_ap_u_7"/><MemPortTyVec>0 1 </MemPortTyVec>
</StgValue>
</bind>
</comp>

<comp id="28" class="1000" name="void_UpConv_Fused_Row_8_ap_uint_256_ap_uint_256_const_ap_uint_256_const_ap_uint_256_const_ap_uint_256_const_ap_uint_256_decimal16_int_int_int_int_int_row_acc">
<pin_list>
<pin id="29" dir="1" index="0" bw="1" slack="0"/>
</pin_list>
<bind>
<StgValue><ssdm name="void_UpConv_Fused_Row_8_ap_uint_256_ap_uint_256_const_ap_uint_256_const_ap_uint_256_const_ap_uint_256_const_ap_uint_256_decimal16_int_int_int_int_int_row_acc"/><MemPortTyVec>0 1 </MemPortTyVec>
</StgValue>
</bind>
</comp>

<comp id="30" class="1000" name="void_UpConv_Fused_Row_ap_uint_ap_uint_const_ap_uint_const_ap_uint_const_ap_u_6">
<pin_list>
<pin id="31" dir="1" index="0" bw="1" slack="0"/>
</pin_list>
<bind>
<StgValue><ssdm name="void_UpConv_Fused_Row_ap_uint_ap_uint_const_ap_uint_const_ap_uint_const_ap_u_6"/><MemPortTyVec>0 1 </MemPortTyVec>
</StgValue>
</bind>
</comp>

<comp id="32" class="1000" name="void_UpConv_Fused_Row_8_ap_uint_256_ap_uint_256_const_ap_uint_256_const_ap_uint_256_const_ap_uint_256_const_ap_uint_256_decimal16_int_int_int_int_int_row_acc_0">
<pin_list>
<pin id="33" dir="1" index="0" bw="1" slack="0"/>
</pin_list>
<bind>
<StgValue><ssdm name="void_UpConv_Fused_Row_8_ap_uint_256_ap_uint_256_const_ap_uint_256_const_ap_uint_256_const_ap_uint_256_const_ap_uint_256_decimal16_int_int_int_int_int_row_acc_0"/><MemPortTyVec>0 1 </MemPortTyVec>
</StgValue>
</bind>
</comp>

<comp id="34" class="1000" name="void_UpConv_Fused_Row_ap_uint_ap_uint_const_ap_uint_const_ap_uint_const_ap_u_5">
<pin_list>
<pin id="35" dir="1" index="0" bw="1" slack="0"/>
</pin_list>
<bind>
<StgValue><ssdm name="void_UpConv_Fused_Row_ap_uint_ap_uint_const_ap_uint_const_ap_uint_const_ap_u_5"/><MemPortTyVec>0 1 </MemPortTyVec>
</StgValue>
</bind>
</comp>

<comp id="36" class="1000" name="void_UpConv_Fused_Row_8_ap_uint_256_ap_uint_256_const_ap_uint_256_const_ap_uint_256_const_ap_uint_256_const_ap_uint_256_decimal16_int_int_int_int_int_row_acc_1">
<pin_list>
<pin id="37" dir="1" index="0" bw="1" slack="0"/>
</pin_list>
<bind>
<StgValue><ssdm name="void_UpConv_Fused_Row_8_ap_uint_256_ap_uint_256_const_ap_uint_256_const_ap_uint_256_const_ap_uint_256_const_ap_uint_256_decimal16_int_int_int_int_int_row_acc_1"/><MemPortTyVec>0 1 </MemPortTyVec>
</StgValue>
</bind>
</comp>

<comp id="38" class="1000" name="void_UpConv_Fused_Row_ap_uint_ap_uint_const_ap_uint_const_ap_uint_const_ap_u_4">
<pin_list>
<pin id="39" dir="1" index="0" bw="1" slack="0"/>
</pin_list>
<bind>
<StgValue><ssdm name="void_UpConv_Fused_Row_ap_uint_ap_uint_const_ap_uint_const_ap_uint_const_ap_u_4"/><MemPortTyVec>0 1 </MemPortTyVec>
</StgValue>
</bind>
</comp>

<comp id="40" class="1000" name="void_UpConv_Fused_Row_8_ap_uint_256_ap_uint_256_const_ap_uint_256_const_ap_uint_256_const_ap_uint_256_const_ap_uint_256_decimal16_int_int_int_int_int_row_acc_2">
<pin_list>
<pin id="41" dir="1" index="0" bw="1" slack="0"/>
</pin_list>
<bind>
<StgValue><ssdm name="void_UpConv_Fused_Row_8_ap_uint_256_ap_uint_256_const_ap_uint_256_const_ap_uint_256_const_ap_uint_256_const_ap_uint_256_decimal16_int_int_int_int_int_row_acc_2"/><MemPortTyVec>0 1 </MemPortTyVec>
</StgValue>
</bind>
</comp>

<comp id="42" class="1000" name="void_UpConv_Fused_Row_ap_uint_ap_uint_const_ap_uint_const_ap_uint_const_ap_u_3">
<pin_list>
<pin id="43" dir="1" index="0" bw="1" slack="0"/>
</pin_list>
<bind>
<StgValue><ssdm name="void_UpConv_Fused_Row_ap_uint_ap_uint_const_ap_uint_const_ap_uint_const_ap_u_3"/><MemPortTyVec>0 1 </MemPortTyVec>
</StgValue>
</bind>
</comp>

<comp id="44" class="1000" name="void_UpConv_Fused_Row_8_ap_uint_256_ap_uint_256_const_ap_uint_256_const_ap_uint_256_const_ap_uint_256_const_ap_uint_256_decimal16_int_int_int_int_int_row_acc_3">
<pin_list>
<pin id="45" dir="1" index="0" bw="1" slack="0"/>
</pin_list>
<bind>
<StgValue><ssdm name="void_UpConv_Fused_Row_8_ap_uint_256_ap_uint_256_const_ap_uint_256_const_ap_uint_256_const_ap_uint_256_const_ap_uint_256_decimal16_int_int_int_int_int_row_acc_3"/><MemPortTyVec>0 1 </MemPortTyVec>
</StgValue>
</bind>
</comp>

<comp id="46" class="1000" name="void_UpConv_Fused_Row_ap_uint_ap_uint_const_ap_uint_const_ap_uint_const_ap_u_2">
<pin_list>
<pin id="47" dir="1" index="0" bw="1" slack="0"/>
</pin_list>
<bind>
<StgValue><ssdm name="void_UpConv_Fused_Row_ap_uint_ap_uint_const_ap_uint_const_ap_uint_const_ap_u_2"/><MemPortTyVec>0 1 </MemPortTyVec>
</StgValue>
</bind>
</comp>

<comp id="48" class="1000" name="void_UpConv_Fused_Row_8_ap_uint_256_ap_uint_256_const_ap_uint_256_const_ap_uint_256_const_ap_uint_256_const_ap_uint_256_decimal16_int_int_int_int_int_row_acc_4">
<pin_list>
<pin id="49" dir="1" index="0" bw="1" slack="0"/>
</pin_list>
<bind>
<StgValue><ssdm name="void_UpConv_Fused_Row_8_ap_uint_256_ap_uint_256_const_ap_uint_256_const_ap_uint_256_const_ap_uint_256_const_ap_uint_256_decimal16_int_int_int_int_int_row_acc_4"/><MemPortTyVec>0 1 </MemPortTyVec>
</StgValue>
</bind>
</comp>

<comp id="50" class="1001" name="const_50">
<pin_list>
<pin id="51" dir="1" index="0" bw="1" slack="0"/>
</pin_list>
<bind>
<StgValue><ssdm name="_ssdm_op_Read.ap_auto.i8"/></StgValue>
</bind>
</comp>

<comp id="52" class="1001" name="const_52">
<pin_list>
<pin id="53" dir="1" index="0" bw="1" slack="0"/>
</pin_list>
<bind>
<StgValue><ssdm name="_ssdm_op_Read.ap_auto.i10"/></StgValue>
</bind>
</comp>

<comp id="54" class="1001" name="const_54">
<pin_list>
<pin id="55" dir="1" index="0" bw="1" slack="0"/>
</pin_list>
<bind>
<StgValue><ssdm name="_ssdm_op_Read.ap_auto.i9"/></StgValue>
</bind>
</comp>

<comp id="56" class="1001" name="const_56">
<pin_list>
<pin id="57" dir="1" index="0" bw="1" slack="0"/>
</pin_list>
<bind>
<StgValue><ssdm name="_ssdm_op_Read.ap_auto.i64"/></StgValue>
</bind>
</comp>

<comp id="58" class="1001" name="const_58">
<pin_list>
<pin id="59" dir="1" index="0" bw="1" slack="0"/>
</pin_list>
<bind>
<StgValue><ssdm name="_ssdm_op_Read.ap_auto.i6"/></StgValue>
</bind>
</comp>

<comp id="60" class="1001" name="const_60">
<pin_list>
<pin id="61" dir="1" index="0" bw="1" slack="2147483647"/>
</pin_list>
<bind>
<StgValue><ssdm name="_ssdm_op_SpecInterface"/></StgValue>
</bind>
</comp>

<comp id="62" class="1001" name="const_62">
<pin_list>
<pin id="63" dir="1" index="0" bw="1" slack="2147483647"/>
</pin_list>
<bind>
<StgValue><ssdm name="empty_161"/></StgValue>
</bind>
</comp>

<comp id="64" class="1001" name="const_64">
<pin_list>
<pin id="65" dir="1" index="0" bw="1" slack="2147483647"/>
</pin_list>
<bind>
<StgValue><ssdm name=""/></StgValue>
</bind>
</comp>

<comp id="66" class="1001" name="const_66">
<pin_list>
<pin id="67" dir="1" index="0" bw="1" slack="2147483647"/>
</pin_list>
<bind>
<StgValue><ssdm name="empty_80"/></StgValue>
</bind>
</comp>

<comp id="68" class="1001" name="const_68">
<pin_list>
<pin id="69" dir="1" index="0" bw="1" slack="2147483647"/>
</pin_list>
<bind>
<StgValue><ssdm name="empty_56"/></StgValue>
</bind>
</comp>

<comp id="70" class="1001" name="const_70">
<pin_list>
<pin id="71" dir="1" index="0" bw="1" slack="2147483647"/>
</pin_list>
<bind>
<StgValue><ssdm name="empty_138"/></StgValue>
</bind>
</comp>

<comp id="72" class="1001" name="const_72">
<pin_list>
<pin id="73" dir="1" index="0" bw="1" slack="2147483647"/>
</pin_list>
<bind>
<StgValue><ssdm name=""/></StgValue>
</bind>
</comp>

<comp id="74" class="1001" name="const_74">
<pin_list>
<pin id="75" dir="1" index="0" bw="1" slack="2147483647"/>
</pin_list>
<bind>
<StgValue><ssdm name=""/></StgValue>
</bind>
</comp>

<comp id="76" class="1001" name="const_76">
<pin_list>
<pin id="77" dir="1" index="0" bw="1" slack="2147483647"/>
</pin_list>
<bind>
<StgValue><ssdm name=""/></StgValue>
</bind>
</comp>

<comp id="78" class="1001" name="const_78">
<pin_list>
<pin id="79" dir="1" index="0" bw="1" slack="1"/>
</pin_list>
<bind>
<StgValue><ssdm name=""/></StgValue>
</bind>
</comp>

<comp id="80" class="1001" name="const_80">
<pin_list>
<pin id="81" dir="1" index="0" bw="1" slack="0"/>
</pin_list>
<bind>
<StgValue><ssdm name=""/></StgValue>
</bind>
</comp>

<comp id="82" class="1001" name="const_82">
<pin_list>
<pin id="83" dir="1" index="0" bw="1" slack="2147483647"/>
</pin_list>
<bind>
<StgValue><ssdm name="_ssdm_op_SpecDataflowPipeline"/></StgValue>
</bind>
</comp>

<comp id="84" class="1001" name="const_84">
<pin_list>
<pin id="85" dir="1" index="0" bw="1" slack="2147483647"/>
</pin_list>
<bind>
<StgValue><ssdm name="dataflow_parent_loop_str"/></StgValue>
</bind>
</comp>

<comp id="86" class="1001" name="const_86">
<pin_list>
<pin id="87" dir="1" index="0" bw="1" slack="0"/>
</pin_list>
<bind>
<StgValue><ssdm name="dataflow_in_loop_TILE_LOOP.1"/></StgValue>
</bind>
</comp>

<comp id="88" class="1001" name="const_88">
<pin_list>
<pin id="89" dir="1" index="0" bw="1" slack="2147483647"/>
</pin_list>
<bind>
<StgValue><ssdm name="_ssdm_op_SpecLoopTripCount"/></StgValue>
</bind>
</comp>

<comp id="90" class="1001" name="const_90">
<pin_list>
<pin id="91" dir="1" index="0" bw="1" slack="2147483647"/>
</pin_list>
<bind>
<StgValue><ssdm name=""/></StgValue>
</bind>
</comp>

<comp id="92" class="1001" name="const_92">
<pin_list>
<pin id="93" dir="1" index="0" bw="1" slack="2147483647"/>
</pin_list>
<bind>
<StgValue><ssdm name=""/></StgValue>
</bind>
</comp>

<comp id="94" class="1001" name="const_94">
<pin_list>
<pin id="95" dir="1" index="0" bw="1" slack="2147483647"/>
</pin_list>
<bind>
<StgValue><ssdm name=""/></StgValue>
</bind>
</comp>

<comp id="96" class="1001" name="const_96">
<pin_list>
<pin id="97" dir="1" index="0" bw="1" slack="2147483647"/>
</pin_list>
<bind>
<StgValue><ssdm name="_ssdm_op_SpecLoopName"/></StgValue>
</bind>
</comp>

<comp id="98" class="1001" name="const_98">
<pin_list>
<pin id="99" dir="1" index="0" bw="1" slack="2147483647"/>
</pin_list>
<bind>
<StgValue><ssdm name="empty_23"/></StgValue>
</bind>
</comp>

<comp id="100" class="1004" name="W_IN_read_read_fu_100">
<pin_list>
<pin id="101" dir="0" index="0" bw="8" slack="0"/>
<pin id="102" dir="0" index="1" bw="8" slack="0"/>
<pin id="103" dir="1" index="2" bw="8" slack="1"/>
</pin_list>
<bind>
<opcode="read(1150) " fcode="read"/>
<opset="W_IN_read/1 "/>
</bind>
</comp>

<comp id="106" class="1004" name="H_IN_read_read_fu_106">
<pin_list>
<pin id="107" dir="0" index="0" bw="8" slack="0"/>
<pin id="108" dir="0" index="1" bw="8" slack="0"/>
<pin id="109" dir="1" index="2" bw="8" slack="1"/>
</pin_list>
<bind>
<opcode="read(1150) " fcode="read"/>
<opset="H_IN_read/1 "/>
</bind>
</comp>

<comp id="112" class="1004" name="ho_read_read_fu_112">
<pin_list>
<pin id="113" dir="0" index="0" bw="8" slack="0"/>
<pin id="114" dir="0" index="1" bw="8" slack="0"/>
<pin id="115" dir="1" index="2" bw="8" slack="1"/>
</pin_list>
<bind>
<opcode="read(1150) " fcode="read"/>
<opset="ho_read/1 "/>
</bind>
</comp>

<comp id="118" class="1004" name="C_IN_read_read_fu_118">
<pin_list>
<pin id="119" dir="0" index="0" bw="10" slack="0"/>
<pin id="120" dir="0" index="1" bw="10" slack="0"/>
<pin id="121" dir="1" index="2" bw="10" slack="1"/>
</pin_list>
<bind>
<opcode="read(1150) " fcode="read"/>
<opset="C_IN_read/1 "/>
</bind>
</comp>

<comp id="124" class="1004" name="C_OUT_read_read_fu_124">
<pin_list>
<pin id="125" dir="0" index="0" bw="9" slack="0"/>
<pin id="126" dir="0" index="1" bw="9" slack="0"/>
<pin id="127" dir="1" index="2" bw="9" slack="1"/>
</pin_list>
<bind>
<opcode="read(1150) " fcode="read"/>
<opset="C_OUT_read/1 "/>
</bind>
</comp>

<comp id="130" class="1004" name="W_ptr_read_read_fu_130">
<pin_list>
<pin id="131" dir="0" index="0" bw="64" slack="0"/>
<pin id="132" dir="0" index="1" bw="64" slack="0"/>
<pin id="133" dir="1" index="2" bw="64" slack="1"/>
</pin_list>
<bind>
<opcode="read(1150) " fcode="read"/>
<opset="W_ptr_read/1 "/>
</bind>
</comp>

<comp id="136" class="1004" name="lshr_ln186_2_cast_read_read_fu_136">
<pin_list>
<pin id="137" dir="0" index="0" bw="6" slack="0"/>
<pin id="138" dir="0" index="1" bw="6" slack="0"/>
<pin id="139" dir="1" index="2" bw="6" slack="1"/>
</pin_list>
<bind>
<opcode="read(1150) " fcode="read"/>
<opset="lshr_ln186_2_cast_read/1 "/>
</bind>
</comp>

<comp id="142" class="1005" name="tile_reg_142">
<pin_list>
<pin id="143" dir="0" index="0" bw="6" slack="1"/>
<pin id="144" dir="1" index="1" bw="6" slack="1"/>
</pin_list>
<bind>
<opset="tile (phireg) "/>
</bind>
</comp>

<comp id="146" class="1004" name="tile_phi_fu_146">
<pin_list>
<pin id="147" dir="0" index="0" bw="6" slack="0"/>
<pin id="148" dir="0" index="1" bw="0" slack="2147483647"/>
<pin id="149" dir="0" index="2" bw="1" slack="1"/>
<pin id="150" dir="0" index="3" bw="0" slack="2147483647"/>
<pin id="151" dir="1" index="4" bw="6" slack="0"/>
</pin_list>
<bind>
<opcode="phi(47) " fcode="phi"/>
<opset="tile/2 "/>
</bind>
</comp>

<comp id="154" class="1004" name="grp_dataflow_in_loop_TILE_LOOP_1_fu_154">
<pin_list>
<pin id="155" dir="0" index="0" bw="0" slack="0"/>
<pin id="156" dir="0" index="1" bw="256" slack="0"/>
<pin id="157" dir="0" index="2" bw="64" slack="1"/>
<pin id="158" dir="0" index="3" bw="6" slack="0"/>
<pin id="159" dir="0" index="4" bw="9" slack="1"/>
<pin id="160" dir="0" index="5" bw="10" slack="1"/>
<pin id="161" dir="0" index="6" bw="8" slack="1"/>
<pin id="162" dir="0" index="7" bw="8" slack="1"/>
<pin id="163" dir="0" index="8" bw="8" slack="1"/>
<pin id="164" dir="0" index="9" bw="256" slack="0"/>
<pin id="165" dir="0" index="10" bw="16" slack="0"/>
<pin id="166" dir="0" index="11" bw="16" slack="0"/>
<pin id="167" dir="0" index="12" bw="16" slack="0"/>
<pin id="168" dir="0" index="13" bw="16" slack="0"/>
<pin id="169" dir="0" index="14" bw="16" slack="0"/>
<pin id="170" dir="0" index="15" bw="16" slack="0"/>
<pin id="171" dir="0" index="16" bw="16" slack="0"/>
<pin id="172" dir="0" index="17" bw="16" slack="0"/>
<pin id="173" dir="0" index="18" bw="16" slack="0"/>
<pin id="174" dir="0" index="19" bw="16" slack="0"/>
<pin id="175" dir="0" index="20" bw="16" slack="0"/>
<pin id="176" dir="0" index="21" bw="16" slack="0"/>
<pin id="177" dir="0" index="22" bw="16" slack="0"/>
<pin id="178" dir="0" index="23" bw="16" slack="0"/>
<pin id="179" dir="0" index="24" bw="16" slack="0"/>
<pin id="180" dir="0" index="25" bw="16" slack="0"/>
<pin id="181" dir="1" index="26" bw="0" slack="2147483647"/>
</pin_list>
<bind>
<opcode="call(48) " fcode="call"/>
<opset="call_ln216/2 "/>
</bind>
</comp>

<comp id="202" class="1004" name="add_ln213_fu_202">
<pin_list>
<pin id="203" dir="0" index="0" bw="6" slack="0"/>
<pin id="204" dir="0" index="1" bw="1" slack="0"/>
<pin id="205" dir="1" index="2" bw="6" slack="0"/>
</pin_list>
<bind>
<opcode="add(8) " fcode="add"/>
<opset="add_ln213/2 "/>
</bind>
</comp>

<comp id="208" class="1004" name="icmp_ln213_fu_208">
<pin_list>
<pin id="209" dir="0" index="0" bw="6" slack="0"/>
<pin id="210" dir="0" index="1" bw="6" slack="1"/>
<pin id="211" dir="1" index="2" bw="1" slack="1"/>
</pin_list>
<bind>
<opcode="icmp(45) " fcode="icmp"/>
<opset="icmp_ln213/2 "/>
</bind>
</comp>

<comp id="213" class="1005" name="W_IN_read_reg_213">
<pin_list>
<pin id="214" dir="0" index="0" bw="8" slack="1"/>
<pin id="215" dir="1" index="1" bw="8" slack="1"/>
</pin_list>
<bind>
<opset="W_IN_read "/>
</bind>
</comp>

<comp id="218" class="1005" name="H_IN_read_reg_218">
<pin_list>
<pin id="219" dir="0" index="0" bw="8" slack="1"/>
<pin id="220" dir="1" index="1" bw="8" slack="1"/>
</pin_list>
<bind>
<opset="H_IN_read "/>
</bind>
</comp>

<comp id="223" class="1005" name="ho_read_reg_223">
<pin_list>
<pin id="224" dir="0" index="0" bw="8" slack="1"/>
<pin id="225" dir="1" index="1" bw="8" slack="1"/>
</pin_list>
<bind>
<opset="ho_read "/>
</bind>
</comp>

<comp id="228" class="1005" name="C_IN_read_reg_228">
<pin_list>
<pin id="229" dir="0" index="0" bw="10" slack="1"/>
<pin id="230" dir="1" index="1" bw="10" slack="1"/>
</pin_list>
<bind>
<opset="C_IN_read "/>
</bind>
</comp>

<comp id="233" class="1005" name="C_OUT_read_reg_233">
<pin_list>
<pin id="234" dir="0" index="0" bw="9" slack="1"/>
<pin id="235" dir="1" index="1" bw="9" slack="1"/>
</pin_list>
<bind>
<opset="C_OUT_read "/>
</bind>
</comp>

<comp id="238" class="1005" name="W_ptr_read_reg_238">
<pin_list>
<pin id="239" dir="0" index="0" bw="64" slack="1"/>
<pin id="240" dir="1" index="1" bw="64" slack="1"/>
</pin_list>
<bind>
<opset="W_ptr_read "/>
</bind>
</comp>

<comp id="243" class="1005" name="lshr_ln186_2_cast_read_reg_243">
<pin_list>
<pin id="244" dir="0" index="0" bw="6" slack="1"/>
<pin id="245" dir="1" index="1" bw="6" slack="1"/>
</pin_list>
<bind>
<opset="lshr_ln186_2_cast_read "/>
</bind>
</comp>

<comp id="248" class="1005" name="add_ln213_reg_248">
<pin_list>
<pin id="249" dir="0" index="0" bw="6" slack="0"/>
<pin id="250" dir="1" index="1" bw="6" slack="0"/>
</pin_list>
<bind>
<opset="add_ln213 "/>
</bind>
</comp>

<comp id="253" class="1005" name="icmp_ln213_reg_253">
<pin_list>
<pin id="254" dir="0" index="0" bw="1" slack="1"/>
<pin id="255" dir="1" index="1" bw="1" slack="2147483647"/>
</pin_list>
<bind>
<opset="icmp_ln213 "/>
</bind>
</comp>

</comp_list>

<net_list>
<net id="104"><net_src comp="50" pin="0"/><net_sink comp="100" pin=0"/></net>

<net id="105"><net_src comp="14" pin="0"/><net_sink comp="100" pin=1"/></net>

<net id="110"><net_src comp="50" pin="0"/><net_sink comp="106" pin=0"/></net>

<net id="111"><net_src comp="12" pin="0"/><net_sink comp="106" pin=1"/></net>

<net id="116"><net_src comp="50" pin="0"/><net_sink comp="112" pin=0"/></net>

<net id="117"><net_src comp="10" pin="0"/><net_sink comp="112" pin=1"/></net>

<net id="122"><net_src comp="52" pin="0"/><net_sink comp="118" pin=0"/></net>

<net id="123"><net_src comp="8" pin="0"/><net_sink comp="118" pin=1"/></net>

<net id="128"><net_src comp="54" pin="0"/><net_sink comp="124" pin=0"/></net>

<net id="129"><net_src comp="6" pin="0"/><net_sink comp="124" pin=1"/></net>

<net id="134"><net_src comp="56" pin="0"/><net_sink comp="130" pin=0"/></net>

<net id="135"><net_src comp="4" pin="0"/><net_sink comp="130" pin=1"/></net>

<net id="140"><net_src comp="58" pin="0"/><net_sink comp="136" pin=0"/></net>

<net id="141"><net_src comp="0" pin="0"/><net_sink comp="136" pin=1"/></net>

<net id="145"><net_src comp="78" pin="0"/><net_sink comp="142" pin=0"/></net>

<net id="152"><net_src comp="142" pin="1"/><net_sink comp="146" pin=2"/></net>

<net id="153"><net_src comp="146" pin="4"/><net_sink comp="142" pin=0"/></net>

<net id="182"><net_src comp="86" pin="0"/><net_sink comp="154" pin=0"/></net>

<net id="183"><net_src comp="2" pin="0"/><net_sink comp="154" pin=1"/></net>

<net id="184"><net_src comp="146" pin="4"/><net_sink comp="154" pin=3"/></net>

<net id="185"><net_src comp="16" pin="0"/><net_sink comp="154" pin=9"/></net>

<net id="186"><net_src comp="18" pin="0"/><net_sink comp="154" pin=10"/></net>

<net id="187"><net_src comp="20" pin="0"/><net_sink comp="154" pin=11"/></net>

<net id="188"><net_src comp="22" pin="0"/><net_sink comp="154" pin=12"/></net>

<net id="189"><net_src comp="24" pin="0"/><net_sink comp="154" pin=13"/></net>

<net id="190"><net_src comp="26" pin="0"/><net_sink comp="154" pin=14"/></net>

<net id="191"><net_src comp="28" pin="0"/><net_sink comp="154" pin=15"/></net>

<net id="192"><net_src comp="30" pin="0"/><net_sink comp="154" pin=16"/></net>

<net id="193"><net_src comp="32" pin="0"/><net_sink comp="154" pin=17"/></net>

<net id="194"><net_src comp="34" pin="0"/><net_sink comp="154" pin=18"/></net>

<net id="195"><net_src comp="36" pin="0"/><net_sink comp="154" pin=19"/></net>

<net id="196"><net_src comp="38" pin="0"/><net_sink comp="154" pin=20"/></net>

<net id="197"><net_src comp="40" pin="0"/><net_sink comp="154" pin=21"/></net>

<net id="198"><net_src comp="42" pin="0"/><net_sink comp="154" pin=22"/></net>

<net id="199"><net_src comp="44" pin="0"/><net_sink comp="154" pin=23"/></net>

<net id="200"><net_src comp="46" pin="0"/><net_sink comp="154" pin=24"/></net>

<net id="201"><net_src comp="48" pin="0"/><net_sink comp="154" pin=25"/></net>

<net id="206"><net_src comp="146" pin="4"/><net_sink comp="202" pin=0"/></net>

<net id="207"><net_src comp="80" pin="0"/><net_sink comp="202" pin=1"/></net>

<net id="212"><net_src comp="146" pin="4"/><net_sink comp="208" pin=0"/></net>

<net id="216"><net_src comp="100" pin="2"/><net_sink comp="213" pin=0"/></net>

<net id="217"><net_src comp="213" pin="1"/><net_sink comp="154" pin=8"/></net>

<net id="221"><net_src comp="106" pin="2"/><net_sink comp="218" pin=0"/></net>

<net id="222"><net_src comp="218" pin="1"/><net_sink comp="154" pin=7"/></net>

<net id="226"><net_src comp="112" pin="2"/><net_sink comp="223" pin=0"/></net>

<net id="227"><net_src comp="223" pin="1"/><net_sink comp="154" pin=6"/></net>

<net id="231"><net_src comp="118" pin="2"/><net_sink comp="228" pin=0"/></net>

<net id="232"><net_src comp="228" pin="1"/><net_sink comp="154" pin=5"/></net>

<net id="236"><net_src comp="124" pin="2"/><net_sink comp="233" pin=0"/></net>

<net id="237"><net_src comp="233" pin="1"/><net_sink comp="154" pin=4"/></net>

<net id="241"><net_src comp="130" pin="2"/><net_sink comp="238" pin=0"/></net>

<net id="242"><net_src comp="238" pin="1"/><net_sink comp="154" pin=2"/></net>

<net id="246"><net_src comp="136" pin="2"/><net_sink comp="243" pin=0"/></net>

<net id="247"><net_src comp="243" pin="1"/><net_sink comp="208" pin=1"/></net>

<net id="251"><net_src comp="202" pin="2"/><net_sink comp="248" pin=0"/></net>

<net id="252"><net_src comp="248" pin="1"/><net_sink comp="146" pin=0"/></net>

<net id="256"><net_src comp="208" pin="2"/><net_sink comp="253" pin=0"/></net>

</net_list>

</model> 
---------------- Datapath Model END ------------------

* FSMD analyzer results:
  - Output states:
	Port: void_UpConv_Fused_Row_ap_uint_ap_uint_const_ap_uint_const_ap_uint_const_ap_u_9 | {2 3 }
	Port: void_UpConv_Fused_Row_ap_uint_ap_uint_const_ap_uint_const_ap_uint_const_ap_u_1 | {2 3 }
	Port: void_UpConv_Fused_Row_ap_uint_ap_uint_const_ap_uint_const_ap_uint_const_ap_u_8 | {2 3 }
	Port: void_UpConv_Fused_Row_ap_uint_ap_uint_const_ap_uint_const_ap_uint_const_ap_u | {2 3 }
	Port: void_UpConv_Fused_Row_ap_uint_ap_uint_const_ap_uint_const_ap_uint_const_ap_u_7 | {2 3 }
	Port: void_UpConv_Fused_Row_8_ap_uint_256_ap_uint_256_const_ap_uint_256_const_ap_uint_256_const_ap_uint_256_const_ap_uint_256_decimal16_int_int_int_int_int_row_acc | {2 3 }
	Port: void_UpConv_Fused_Row_ap_uint_ap_uint_const_ap_uint_const_ap_uint_const_ap_u_6 | {2 3 }
	Port: void_UpConv_Fused_Row_8_ap_uint_256_ap_uint_256_const_ap_uint_256_const_ap_uint_256_const_ap_uint_256_const_ap_uint_256_decimal16_int_int_int_int_int_row_acc_0 | {2 3 }
	Port: void_UpConv_Fused_Row_ap_uint_ap_uint_const_ap_uint_const_ap_uint_const_ap_u_5 | {2 3 }
	Port: void_UpConv_Fused_Row_8_ap_uint_256_ap_uint_256_const_ap_uint_256_const_ap_uint_256_const_ap_uint_256_const_ap_uint_256_decimal16_int_int_int_int_int_row_acc_1 | {2 3 }
	Port: void_UpConv_Fused_Row_ap_uint_ap_uint_const_ap_uint_const_ap_uint_const_ap_u_4 | {2 3 }
	Port: void_UpConv_Fused_Row_8_ap_uint_256_ap_uint_256_const_ap_uint_256_const_ap_uint_256_const_ap_uint_256_const_ap_uint_256_decimal16_int_int_int_int_int_row_acc_2 | {2 3 }
	Port: void_UpConv_Fused_Row_ap_uint_ap_uint_const_ap_uint_const_ap_uint_const_ap_u_3 | {2 3 }
	Port: void_UpConv_Fused_Row_8_ap_uint_256_ap_uint_256_const_ap_uint_256_const_ap_uint_256_const_ap_uint_256_const_ap_uint_256_decimal16_int_int_int_int_int_row_acc_3 | {2 3 }
	Port: void_UpConv_Fused_Row_ap_uint_ap_uint_const_ap_uint_const_ap_uint_const_ap_u_2 | {2 3 }
	Port: void_UpConv_Fused_Row_8_ap_uint_256_ap_uint_256_const_ap_uint_256_const_ap_uint_256_const_ap_uint_256_const_ap_uint_256_decimal16_int_int_int_int_int_row_acc_4 | {2 3 }
 - Input state : 
	Port: dataflow_parent_loop_proc : lshr_ln186_2_cast | {1 }
	Port: dataflow_parent_loop_proc : gmem_weight | {2 3 }
	Port: dataflow_parent_loop_proc : W_ptr | {1 }
	Port: dataflow_parent_loop_proc : C_OUT | {1 }
	Port: dataflow_parent_loop_proc : C_IN | {1 }
	Port: dataflow_parent_loop_proc : ho | {1 }
	Port: dataflow_parent_loop_proc : H_IN | {1 }
	Port: dataflow_parent_loop_proc : W_IN | {1 }
	Port: dataflow_parent_loop_proc : x_buf | {2 3 }
	Port: dataflow_parent_loop_proc : void_UpConv_Fused_Row_ap_uint_ap_uint_const_ap_uint_const_ap_uint_const_ap_u_9 | {2 3 }
	Port: dataflow_parent_loop_proc : void_UpConv_Fused_Row_ap_uint_ap_uint_const_ap_uint_const_ap_uint_const_ap_u_1 | {2 3 }
	Port: dataflow_parent_loop_proc : void_UpConv_Fused_Row_ap_uint_ap_uint_const_ap_uint_const_ap_uint_const_ap_u_8 | {2 3 }
	Port: dataflow_parent_loop_proc : void_UpConv_Fused_Row_ap_uint_ap_uint_const_ap_uint_const_ap_uint_const_ap_u | {2 3 }
	Port: dataflow_parent_loop_proc : void_UpConv_Fused_Row_ap_uint_ap_uint_const_ap_uint_const_ap_uint_const_ap_u_7 | {2 3 }
	Port: dataflow_parent_loop_proc : void_UpConv_Fused_Row_8_ap_uint_256_ap_uint_256_const_ap_uint_256_const_ap_uint_256_const_ap_uint_256_const_ap_uint_256_decimal16_int_int_int_int_int_row_acc | {2 3 }
	Port: dataflow_parent_loop_proc : void_UpConv_Fused_Row_ap_uint_ap_uint_const_ap_uint_const_ap_uint_const_ap_u_6 | {2 3 }
	Port: dataflow_parent_loop_proc : void_UpConv_Fused_Row_8_ap_uint_256_ap_uint_256_const_ap_uint_256_const_ap_uint_256_const_ap_uint_256_const_ap_uint_256_decimal16_int_int_int_int_int_row_acc_0 | {2 3 }
	Port: dataflow_parent_loop_proc : void_UpConv_Fused_Row_ap_uint_ap_uint_const_ap_uint_const_ap_uint_const_ap_u_5 | {2 3 }
	Port: dataflow_parent_loop_proc : void_UpConv_Fused_Row_8_ap_uint_256_ap_uint_256_const_ap_uint_256_const_ap_uint_256_const_ap_uint_256_const_ap_uint_256_decimal16_int_int_int_int_int_row_acc_1 | {2 3 }
	Port: dataflow_parent_loop_proc : void_UpConv_Fused_Row_ap_uint_ap_uint_const_ap_uint_const_ap_uint_const_ap_u_4 | {2 3 }
	Port: dataflow_parent_loop_proc : void_UpConv_Fused_Row_8_ap_uint_256_ap_uint_256_const_ap_uint_256_const_ap_uint_256_const_ap_uint_256_const_ap_uint_256_decimal16_int_int_int_int_int_row_acc_2 | {2 3 }
	Port: dataflow_parent_loop_proc : void_UpConv_Fused_Row_ap_uint_ap_uint_const_ap_uint_const_ap_uint_const_ap_u_3 | {2 3 }
	Port: dataflow_parent_loop_proc : void_UpConv_Fused_Row_8_ap_uint_256_ap_uint_256_const_ap_uint_256_const_ap_uint_256_const_ap_uint_256_const_ap_uint_256_decimal16_int_int_int_int_int_row_acc_3 | {2 3 }
	Port: dataflow_parent_loop_proc : void_UpConv_Fused_Row_ap_uint_ap_uint_const_ap_uint_const_ap_uint_const_ap_u_2 | {2 3 }
	Port: dataflow_parent_loop_proc : void_UpConv_Fused_Row_8_ap_uint_256_ap_uint_256_const_ap_uint_256_const_ap_uint_256_const_ap_uint_256_const_ap_uint_256_decimal16_int_int_int_int_int_row_acc_4 | {2 3 }
  - Chain level:
	State 1
	State 2
		add_ln213 : 1
		icmp_ln213 : 1
		specdataflowpipeline_ln213 : 1
		br_ln213 : 2
		call_ln216 : 1
	State 3


============================================================
+ Verbose Summary: Datapath Resource usage 
============================================================

* Functional unit list:
|----------|-----------------------------------------|---------|---------|---------|---------|---------|
| Operation|             Functional Unit             |   DSP   |  Delay  |    FF   |   LUT   |   URAM  |
|----------|-----------------------------------------|---------|---------|---------|---------|---------|
|   call   | grp_dataflow_in_loop_TILE_LOOP_1_fu_154 |   337   | 136.213 |  44701  |  46075  |    32   |
|----------|-----------------------------------------|---------|---------|---------|---------|---------|
|    add   |             add_ln213_fu_202            |    0    |    0    |    0    |    13   |    0    |
|----------|-----------------------------------------|---------|---------|---------|---------|---------|
|   icmp   |            icmp_ln213_fu_208            |    0    |    0    |    0    |    13   |    0    |
|----------|-----------------------------------------|---------|---------|---------|---------|---------|
|          |          W_IN_read_read_fu_100          |    0    |    0    |    0    |    0    |    0    |
|          |          H_IN_read_read_fu_106          |    0    |    0    |    0    |    0    |    0    |
|          |           ho_read_read_fu_112           |    0    |    0    |    0    |    0    |    0    |
|   read   |          C_IN_read_read_fu_118          |    0    |    0    |    0    |    0    |    0    |
|          |          C_OUT_read_read_fu_124         |    0    |    0    |    0    |    0    |    0    |
|          |          W_ptr_read_read_fu_130         |    0    |    0    |    0    |    0    |    0    |
|          |    lshr_ln186_2_cast_read_read_fu_136   |    0    |    0    |    0    |    0    |    0    |
|----------|-----------------------------------------|---------|---------|---------|---------|---------|
|   Total  |                                         |   337   | 136.213 |  44701  |  46101  |    32   |
|----------|-----------------------------------------|---------|---------|---------|---------|---------|

Memories:
N/A

* Register list:
+------------------------------+--------+
|                              |   FF   |
+------------------------------+--------+
|       C_IN_read_reg_228      |   10   |
|      C_OUT_read_reg_233      |    9   |
|       H_IN_read_reg_218      |    8   |
|       W_IN_read_reg_213      |    8   |
|      W_ptr_read_reg_238      |   64   |
|       add_ln213_reg_248      |    6   |
|        ho_read_reg_223       |    8   |
|      icmp_ln213_reg_253      |    1   |
|lshr_ln186_2_cast_read_reg_243|    6   |
|         tile_reg_142         |    6   |
+------------------------------+--------+
|             Total            |   126  |
+------------------------------+--------+

* Multiplexer (MUX) list: 
|--------------|------|------|------|--------||---------||---------||---------|
|     Comp     |  Pin | Size |  BW  | S x BW ||  Delay  ||    FF   ||   LUT   |
|--------------|------|------|------|--------||---------||---------||---------|
| tile_reg_142 |  p0  |   2  |   6  |   12   ||    0    ||    9    |
|--------------|------|------|------|--------||---------||---------||---------|
|     Total    |      |      |      |   12   ||  0.427  ||    0    ||    9    |
|--------------|------|------|------|--------||---------||---------||---------|



* Summary:
+-----------+--------+--------+--------+--------+--------+
|           |   DSP  |  Delay |   FF   |   LUT  |  URAM  |
+-----------+--------+--------+--------+--------+--------+
|  Function |   337  |   136  |  44701 |  46101 |   32   |
|   Memory  |    -   |    -   |    -   |    -   |    -   |
|Multiplexer|    -   |    0   |    0   |    9   |    -   |
|  Register |    -   |    -   |   126  |    -   |    -   |
+-----------+--------+--------+--------+--------+--------+
|   Total   |   337  |   136  |  44827 |  46110 |   32   |
+-----------+--------+--------+--------+--------+--------+
