

================================================================
== Vitis HLS Report for 'uc_compute_tile_8_3'
================================================================
* Date:           Thu Jun 18 11:21:21 2026

* Version:        2024.2 (Build 5238294 on Nov  8 2024)
* Project:        upconv_core_top
* Solution:       hls (Vivado IP Flow Target)
* Product family: zynquplus
* Target device:  xczu7ev-ffvc1156-2-e


================================================================
== Performance Estimates
================================================================
+ Timing: 
    * Summary: 
    +--------+---------+----------+------------+
    |  Clock |  Target | Estimated| Uncertainty|
    +--------+---------+----------+------------+
    |ap_clk  |  3.33 ns|  2.370 ns|     0.90 ns|
    +--------+---------+----------+------------+

+ Latency: 
    * Summary: 
    +---------+---------+-----------+----------+-----+-------+---------+
    |  Latency (cycles) |  Latency (absolute)  |   Interval  | Pipeline|
    |   min   |   max   |    min    |    max   | min |  max  |   Type  |
    +---------+---------+-----------+----------+-----+-------+---------+
    |        9|    69483|  29.997 ns|  0.232 ms|    9|  69483|       no|
    +---------+---------+-----------+----------+-----+-------+---------+

    + Detail: 
        * Instance: 
        N/A

        * Loop: 
        +-----------+---------+---------+-----------+-----------+-----------+------+----------+
        |           |  Latency (cycles) | Iteration |  Initiation Interval  | Trip |          |
        | Loop Name |   min   |   max   |  Latency  |  achieved |   target  | Count| Pipelined|
        +-----------+---------+---------+-----------+-----------+-----------+------+----------+
        |- KH_LOOP  |        6|    69480|  2 ~ 23160|          -|          -|     3|        no|
        +-----------+---------+---------+-----------+-----------+-----------+------+----------+

============================================================
+ Verbose Summary: Synthesis Manager
============================================================
InlineROM: 1
ExposeGlobal: 0
============================================================
+ Verbose Summary: CDFG Model
============================================================
IsTopModel: 0
ResetActiveHigh: 1
IsCombinational: 2
IsDatapathOnly: 0
HasWiredReturn: 1
HasMFsm: 0
HasVarLatency: 1
IsPipeline: 0
IsRtlPipelined: 0
IsInstanceOverlapped: 0
IsDontTouch: 0
HasImplIP: 0
IsGatedGlobalClock: 0


============================================================
+ Verbose Summary: Schedule
============================================================
* Number of FSM states : 7
* Pipeline : 0
* Dataflow Pipeline: 0

* FSM state transitions: 
1 --> 2 
2 --> 3 
3 --> 4 
4 --> 7 5 
5 --> 6 
6 --> 7 
7 --> 4 

* FSM state operations: 

State 1 <SV = 0> <Delay = 2.00>
ST_1 : Operation 8 [1/1] (0.00ns)   --->   "%kh = alloca i32 1" [../gen2/Hls_Layers_UpConv.tpp:101->../gen2/Hls_Layers_UpConv.tpp:220->../gen2/Hls_Layers_UpConv.tpp:216]   --->   Operation 8 'alloca' 'kh' <Predicate = true> <Delay = 0.00>
ST_1 : Operation 9 [1/1] (1.21ns)   --->   "%p_read_4 = read i10 @_ssdm_op_Read.ap_auto.i10, i10 %p_read1"   --->   Operation 9 'read' 'p_read_4' <Predicate = true> <Delay = 1.21> <CoreInst = "FIFO_SRL">   --->   Core 80 'FIFO_SRL' <Latency = 0> <II = 1> <Delay = 1.83> <Storage> <Opcode : 'read' 'write' 'nbread' 'nbwrite'> <Ports = 0> <Width = -1> <Depth = -1> <FIFO>
ST_1 : Operation 10 [1/1] ( I:1.21ns O:1.21ns )   --->   "%W_IN_1 = read i8 @_ssdm_op_Read.ap_fifo.i8P0A, i8 %W_IN"   --->   Operation 10 'read' 'W_IN_1' <Predicate = true> <Delay = 1.21> <CoreInst = "FIFO_SRL">   --->   Core 80 'FIFO_SRL' <Latency = 0> <II = 1> <Delay = 1.83> <Storage> <Opcode : 'read' 'write' 'nbread' 'nbwrite'> <Ports = 0> <Width = 8> <Depth = 3> <FIFO>
ST_1 : Operation 11 [1/1] ( I:1.21ns O:1.21ns )   --->   "%H_IN_1 = read i8 @_ssdm_op_Read.ap_fifo.i8P0A, i8 %H_IN"   --->   Operation 11 'read' 'H_IN_1' <Predicate = true> <Delay = 1.21> <CoreInst = "FIFO_SRL">   --->   Core 80 'FIFO_SRL' <Latency = 0> <II = 1> <Delay = 1.83> <Storage> <Opcode : 'read' 'write' 'nbread' 'nbwrite'> <Ports = 0> <Width = 8> <Depth = 3> <FIFO>
ST_1 : Operation 12 [1/1] ( I:1.21ns O:1.21ns )   --->   "%ho_1 = read i8 @_ssdm_op_Read.ap_fifo.i8P0A, i8 %ho"   --->   Operation 12 'read' 'ho_1' <Predicate = true> <Delay = 1.21> <CoreInst = "FIFO_SRL">   --->   Core 80 'FIFO_SRL' <Latency = 0> <II = 1> <Delay = 1.83> <Storage> <Opcode : 'read' 'write' 'nbread' 'nbwrite'> <Ports = 0> <Width = 8> <Depth = 3> <FIFO>
ST_1 : Operation 13 [1/1] (0.78ns)   --->   "%add_ln183 = add i10 %p_read_4, i10 15" [../gen2/Hls_Layers_UpConv.tpp:183]   --->   Operation 13 'add' 'add_ln183' <Predicate = true> <Delay = 0.78> <CoreInst = "Adder">   --->   Core 1 'Adder' <Latency = 0> <II = 1> <Delay = 0.78> <FuncUnit> <Opcode : 'add' 'sub'> <InPorts = 2> <OutPorts = 1>
ST_1 : Operation 14 [1/1] (0.00ns)   --->   "%CI_WORDS = partselect i6 @_ssdm_op_PartSelect.i6.i10.i32.i32, i10 %add_ln183, i32 4, i32 9" [../gen2/Hls_Layers_UpConv.tpp:183]   --->   Operation 14 'partselect' 'CI_WORDS' <Predicate = true> <Delay = 0.00>
ST_1 : Operation 15 [1/1] (0.42ns)   --->   "%store_ln101 = store i2 0, i2 %kh" [../gen2/Hls_Layers_UpConv.tpp:101->../gen2/Hls_Layers_UpConv.tpp:220->../gen2/Hls_Layers_UpConv.tpp:216]   --->   Operation 15 'store' 'store_ln101' <Predicate = true> <Delay = 0.42>

State 2 <SV = 1> <Delay = 1.65>
ST_2 : Operation 16 [1/1] (0.00ns)   --->   "%zext_ln101 = zext i6 %CI_WORDS" [../gen2/Hls_Layers_UpConv.tpp:101->../gen2/Hls_Layers_UpConv.tpp:220->../gen2/Hls_Layers_UpConv.tpp:216]   --->   Operation 16 'zext' 'zext_ln101' <Predicate = true> <Delay = 0.00>
ST_2 : Operation 17 [1/1] (0.00ns)   --->   "%zext_ln101_1 = zext i8 %W_IN_1" [../gen2/Hls_Layers_UpConv.tpp:101->../gen2/Hls_Layers_UpConv.tpp:220->../gen2/Hls_Layers_UpConv.tpp:216]   --->   Operation 17 'zext' 'zext_ln101_1' <Predicate = true> <Delay = 0.00>
ST_2 : Operation 18 [1/1] (1.65ns)   --->   "%mul_ln101 = mul i13 %zext_ln101_1, i13 %zext_ln101" [../gen2/Hls_Layers_UpConv.tpp:101->../gen2/Hls_Layers_UpConv.tpp:220->../gen2/Hls_Layers_UpConv.tpp:216]   --->   Operation 18 'mul' 'mul_ln101' <Predicate = true> <Delay = 1.65> <CoreInst = "Multiplier">   --->   Core 3 'Multiplier' <Latency = 0> <II = 1> <Delay = 1.65> <FuncUnit> <Opcode : 'mul'> <InPorts = 2> <OutPorts = 1>

State 3 <SV = 2> <Delay = 1.21>
ST_3 : Operation 19 [1/1] (1.21ns)   --->   "%p_read_3 = read i9 @_ssdm_op_Read.ap_auto.i9, i9 %p_read2"   --->   Operation 19 'read' 'p_read_3' <Predicate = true> <Delay = 1.21> <CoreInst = "FIFO_SRL">   --->   Core 80 'FIFO_SRL' <Latency = 0> <II = 1> <Delay = 1.83> <Storage> <Opcode : 'read' 'write' 'nbread' 'nbwrite'> <Ports = 0> <Width = -1> <Depth = -1> <FIFO>
ST_3 : Operation 20 [1/1] (1.21ns)   --->   "%p_read_5 = read i6 @_ssdm_op_Read.ap_auto.i6, i6 %p_read"   --->   Operation 20 'read' 'p_read_5' <Predicate = true> <Delay = 1.21> <CoreInst = "FIFO_SRL">   --->   Core 80 'FIFO_SRL' <Latency = 0> <II = 1> <Delay = 1.83> <Storage> <Opcode : 'read' 'write' 'nbread' 'nbwrite'> <Ports = 0> <Width = -1> <Depth = -1> <FIFO>
ST_3 : Operation 21 [1/1] (0.00ns)   --->   "%empty = trunc i6 %p_read_5"   --->   Operation 21 'trunc' 'empty' <Predicate = true> <Delay = 0.00>
ST_3 : Operation 22 [1/1] (0.00ns)   --->   "%specinterface_ln0 = specinterface void @_ssdm_op_SpecInterface, i8 %W_IN, void @ap_fifo_str, i32 0, i32 0, void @p_str, i32 0, i32 0, void @p_str, void @p_str, void @p_str, i32 2, i32 2, i32 16, i32 16, void @p_str, void @ScalarProp_str, i32 4294967295, i32 0, i32 0"   --->   Operation 22 'specinterface' 'specinterface_ln0' <Predicate = true> <Delay = 0.00>
ST_3 : Operation 23 [1/1] (0.00ns)   --->   "%specinterface_ln0 = specinterface void @_ssdm_op_SpecInterface, i8 %H_IN, void @ap_fifo_str, i32 0, i32 0, void @p_str, i32 0, i32 0, void @p_str, void @p_str, void @p_str, i32 2, i32 2, i32 16, i32 16, void @p_str, void @ScalarProp_str, i32 4294967295, i32 0, i32 0"   --->   Operation 23 'specinterface' 'specinterface_ln0' <Predicate = true> <Delay = 0.00>
ST_3 : Operation 24 [1/1] (0.00ns)   --->   "%specinterface_ln0 = specinterface void @_ssdm_op_SpecInterface, i8 %ho, void @ap_fifo_str, i32 0, i32 0, void @p_str, i32 0, i32 0, void @p_str, void @p_str, void @p_str, i32 2, i32 2, i32 16, i32 16, void @p_str, void @ScalarProp_str, i32 4294967295, i32 0, i32 0"   --->   Operation 24 'specinterface' 'specinterface_ln0' <Predicate = true> <Delay = 0.00>
ST_3 : Operation 25 [1/1] (0.00ns)   --->   "%W_OUT = bitconcatenate i9 @_ssdm_op_BitConcatenate.i9.i8.i1, i8 %W_IN_1, i1 0" [../gen2/Hls_Layers_UpConv.tpp:182]   --->   Operation 25 'bitconcatenate' 'W_OUT' <Predicate = true> <Delay = 0.00>
ST_3 : Operation 26 [1/1] (0.00ns)   --->   "%H_IN_1_cast6 = zext i8 %H_IN_1"   --->   Operation 26 'zext' 'H_IN_1_cast6' <Predicate = true> <Delay = 0.00>
ST_3 : Operation 27 [1/1] (0.00ns)   --->   "%ho_cast_i = zext i8 %ho_1"   --->   Operation 27 'zext' 'ho_cast_i' <Predicate = true> <Delay = 0.00>
ST_3 : Operation 28 [1/1] (0.00ns)   --->   "%specmemcore_ln0 = specmemcore void @_ssdm_op_SpecMemCore, i256 %wbuf_4_i, i64 666, i64 31, i64 18446744073709551615"   --->   Operation 28 'specmemcore' 'specmemcore_ln0' <Predicate = true> <Delay = 0.00>
ST_3 : Operation 29 [1/1] (0.00ns)   --->   "%specmemcore_ln0 = specmemcore void @_ssdm_op_SpecMemCore, i256 %wbuf_1_i_173, i64 666, i64 31, i64 18446744073709551615"   --->   Operation 29 'specmemcore' 'specmemcore_ln0' <Predicate = true> <Delay = 0.00>
ST_3 : Operation 30 [1/1] (0.00ns)   --->   "%specmemcore_ln0 = specmemcore void @_ssdm_op_SpecMemCore, i256 %wbuf_2_i_172, i64 666, i64 31, i64 18446744073709551615"   --->   Operation 30 'specmemcore' 'specmemcore_ln0' <Predicate = true> <Delay = 0.00>
ST_3 : Operation 31 [1/1] (0.00ns)   --->   "%specmemcore_ln0 = specmemcore void @_ssdm_op_SpecMemCore, i256 %wbuf_3_i_171, i64 666, i64 31, i64 18446744073709551615"   --->   Operation 31 'specmemcore' 'specmemcore_ln0' <Predicate = true> <Delay = 0.00>
ST_3 : Operation 32 [1/1] (0.00ns)   --->   "%specmemcore_ln0 = specmemcore void @_ssdm_op_SpecMemCore, i256 %wbuf_3_i, i64 666, i64 31, i64 18446744073709551615"   --->   Operation 32 'specmemcore' 'specmemcore_ln0' <Predicate = true> <Delay = 0.00>
ST_3 : Operation 33 [1/1] (0.00ns)   --->   "%specmemcore_ln0 = specmemcore void @_ssdm_op_SpecMemCore, i256 %wbuf_2_i, i64 666, i64 31, i64 18446744073709551615"   --->   Operation 33 'specmemcore' 'specmemcore_ln0' <Predicate = true> <Delay = 0.00>
ST_3 : Operation 34 [1/1] (0.00ns)   --->   "%specmemcore_ln0 = specmemcore void @_ssdm_op_SpecMemCore, i256 %wbuf_1_i, i64 666, i64 31, i64 18446744073709551615"   --->   Operation 34 'specmemcore' 'specmemcore_ln0' <Predicate = true> <Delay = 0.00>
ST_3 : Operation 35 [1/1] (0.00ns)   --->   "%specmemcore_ln0 = specmemcore void @_ssdm_op_SpecMemCore, i256 %wbuf_i, i64 666, i64 31, i64 18446744073709551615"   --->   Operation 35 'specmemcore' 'specmemcore_ln0' <Predicate = true> <Delay = 0.00>
ST_3 : Operation 36 [1/1] (0.00ns)   --->   "%specmemcore_ln0 = specmemcore void @_ssdm_op_SpecMemCore, i16 %void_UpConv_Fused_Row_ap_uint_ap_uint_const_ap_uint_const_ap_uint_const_ap_u_9, i64 666, i64 31, i64 18446744073709551615"   --->   Operation 36 'specmemcore' 'specmemcore_ln0' <Predicate = true> <Delay = 0.00>
ST_3 : Operation 37 [1/1] (0.00ns)   --->   "%specmemcore_ln0 = specmemcore void @_ssdm_op_SpecMemCore, i16 %void_UpConv_Fused_Row_ap_uint_ap_uint_const_ap_uint_const_ap_uint_const_ap_u_8, i64 666, i64 31, i64 18446744073709551615"   --->   Operation 37 'specmemcore' 'specmemcore_ln0' <Predicate = true> <Delay = 0.00>
ST_3 : Operation 38 [1/1] (0.00ns)   --->   "%specmemcore_ln0 = specmemcore void @_ssdm_op_SpecMemCore, i16 %void_UpConv_Fused_Row_ap_uint_ap_uint_const_ap_uint_const_ap_uint_const_ap_u_7, i64 666, i64 31, i64 18446744073709551615"   --->   Operation 38 'specmemcore' 'specmemcore_ln0' <Predicate = true> <Delay = 0.00>
ST_3 : Operation 39 [1/1] (0.00ns)   --->   "%specmemcore_ln0 = specmemcore void @_ssdm_op_SpecMemCore, i16 %void_UpConv_Fused_Row_ap_uint_ap_uint_const_ap_uint_const_ap_uint_const_ap_u_6, i64 666, i64 31, i64 18446744073709551615"   --->   Operation 39 'specmemcore' 'specmemcore_ln0' <Predicate = true> <Delay = 0.00>
ST_3 : Operation 40 [1/1] (0.00ns)   --->   "%specmemcore_ln0 = specmemcore void @_ssdm_op_SpecMemCore, i16 %void_UpConv_Fused_Row_ap_uint_ap_uint_const_ap_uint_const_ap_uint_const_ap_u_5, i64 666, i64 31, i64 18446744073709551615"   --->   Operation 40 'specmemcore' 'specmemcore_ln0' <Predicate = true> <Delay = 0.00>
ST_3 : Operation 41 [1/1] (0.00ns)   --->   "%specmemcore_ln0 = specmemcore void @_ssdm_op_SpecMemCore, i16 %void_UpConv_Fused_Row_ap_uint_ap_uint_const_ap_uint_const_ap_uint_const_ap_u_4, i64 666, i64 31, i64 18446744073709551615"   --->   Operation 41 'specmemcore' 'specmemcore_ln0' <Predicate = true> <Delay = 0.00>
ST_3 : Operation 42 [1/1] (0.00ns)   --->   "%specmemcore_ln0 = specmemcore void @_ssdm_op_SpecMemCore, i16 %void_UpConv_Fused_Row_ap_uint_ap_uint_const_ap_uint_const_ap_uint_const_ap_u_3, i64 666, i64 31, i64 18446744073709551615"   --->   Operation 42 'specmemcore' 'specmemcore_ln0' <Predicate = true> <Delay = 0.00>
ST_3 : Operation 43 [1/1] (0.00ns)   --->   "%specmemcore_ln0 = specmemcore void @_ssdm_op_SpecMemCore, i16 %void_UpConv_Fused_Row_ap_uint_ap_uint_const_ap_uint_const_ap_uint_const_ap_u_2, i64 666, i64 31, i64 18446744073709551615"   --->   Operation 43 'specmemcore' 'specmemcore_ln0' <Predicate = true> <Delay = 0.00>
ST_3 : Operation 44 [1/1] (0.00ns)   --->   "%specmemcore_ln0 = specmemcore void @_ssdm_op_SpecMemCore, i16 %void_UpConv_Fused_Row_ap_uint_ap_uint_const_ap_uint_const_ap_uint_const_ap_u_1, i64 666, i64 31, i64 18446744073709551615"   --->   Operation 44 'specmemcore' 'specmemcore_ln0' <Predicate = true> <Delay = 0.00>
ST_3 : Operation 45 [1/1] (0.00ns)   --->   "%specmemcore_ln0 = specmemcore void @_ssdm_op_SpecMemCore, i16 %void_UpConv_Fused_Row_ap_uint_ap_uint_const_ap_uint_const_ap_uint_const_ap_u, i64 666, i64 31, i64 18446744073709551615"   --->   Operation 45 'specmemcore' 'specmemcore_ln0' <Predicate = true> <Delay = 0.00>
ST_3 : Operation 46 [1/1] (0.00ns)   --->   "%specmemcore_ln0 = specmemcore void @_ssdm_op_SpecMemCore, i16 %void_UpConv_Fused_Row_8_ap_uint_256_ap_uint_256_const_ap_uint_256_const_ap_uint_256_const_ap_uint_256_const_ap_uint_256_decimal16_int_int_int_int_int_row_acc, i64 666, i64 31, i64 18446744073709551615"   --->   Operation 46 'specmemcore' 'specmemcore_ln0' <Predicate = true> <Delay = 0.00>
ST_3 : Operation 47 [1/1] (0.00ns)   --->   "%specmemcore_ln0 = specmemcore void @_ssdm_op_SpecMemCore, i16 %void_UpConv_Fused_Row_8_ap_uint_256_ap_uint_256_const_ap_uint_256_const_ap_uint_256_const_ap_uint_256_const_ap_uint_256_decimal16_int_int_int_int_int_row_acc_0, i64 666, i64 31, i64 18446744073709551615"   --->   Operation 47 'specmemcore' 'specmemcore_ln0' <Predicate = true> <Delay = 0.00>
ST_3 : Operation 48 [1/1] (0.00ns)   --->   "%specmemcore_ln0 = specmemcore void @_ssdm_op_SpecMemCore, i16 %void_UpConv_Fused_Row_8_ap_uint_256_ap_uint_256_const_ap_uint_256_const_ap_uint_256_const_ap_uint_256_const_ap_uint_256_decimal16_int_int_int_int_int_row_acc_1, i64 666, i64 31, i64 18446744073709551615"   --->   Operation 48 'specmemcore' 'specmemcore_ln0' <Predicate = true> <Delay = 0.00>
ST_3 : Operation 49 [1/1] (0.00ns)   --->   "%specmemcore_ln0 = specmemcore void @_ssdm_op_SpecMemCore, i16 %void_UpConv_Fused_Row_8_ap_uint_256_ap_uint_256_const_ap_uint_256_const_ap_uint_256_const_ap_uint_256_const_ap_uint_256_decimal16_int_int_int_int_int_row_acc_2, i64 666, i64 31, i64 18446744073709551615"   --->   Operation 49 'specmemcore' 'specmemcore_ln0' <Predicate = true> <Delay = 0.00>
ST_3 : Operation 50 [1/1] (0.00ns)   --->   "%specmemcore_ln0 = specmemcore void @_ssdm_op_SpecMemCore, i16 %void_UpConv_Fused_Row_8_ap_uint_256_ap_uint_256_const_ap_uint_256_const_ap_uint_256_const_ap_uint_256_const_ap_uint_256_decimal16_int_int_int_int_int_row_acc_3, i64 666, i64 31, i64 18446744073709551615"   --->   Operation 50 'specmemcore' 'specmemcore_ln0' <Predicate = true> <Delay = 0.00>
ST_3 : Operation 51 [1/1] (0.00ns)   --->   "%specmemcore_ln0 = specmemcore void @_ssdm_op_SpecMemCore, i16 %void_UpConv_Fused_Row_8_ap_uint_256_ap_uint_256_const_ap_uint_256_const_ap_uint_256_const_ap_uint_256_const_ap_uint_256_decimal16_int_int_int_int_int_row_acc_4, i64 666, i64 31, i64 18446744073709551615"   --->   Operation 51 'specmemcore' 'specmemcore_ln0' <Predicate = true> <Delay = 0.00>
ST_3 : Operation 52 [1/1] (0.00ns)   --->   "%specmemcore_ln0 = specmemcore void @_ssdm_op_SpecMemCore, i256 %x_buf, i64 666, i64 31, i64 18446744073709551615"   --->   Operation 52 'specmemcore' 'specmemcore_ln0' <Predicate = true> <Delay = 0.00>
ST_3 : Operation 53 [1/1] (0.00ns)   --->   "%co_base = bitconcatenate i9 @_ssdm_op_BitConcatenate.i9.i6.i3, i6 %p_read_5, i3 0" [../gen2/Hls_Layers_UpConv.tpp:100->../gen2/Hls_Layers_UpConv.tpp:220->../gen2/Hls_Layers_UpConv.tpp:216]   --->   Operation 53 'bitconcatenate' 'co_base' <Predicate = true> <Delay = 0.00>
ST_3 : Operation 54 [1/1] (0.00ns)   --->   "%lshr_ln1 = partselect i5 @_ssdm_op_PartSelect.i5.i6.i32.i32, i6 %p_read_5, i32 1, i32 5" [../gen2/Hls_Layers_UpConv.tpp:100->../gen2/Hls_Layers_UpConv.tpp:220->../gen2/Hls_Layers_UpConv.tpp:216]   --->   Operation 54 'partselect' 'lshr_ln1' <Predicate = true> <Delay = 0.00>
ST_3 : Operation 55 [1/1] (0.76ns)   --->   "%add_i = add i9 %ho_cast_i, i9 1"   --->   Operation 55 'add' 'add_i' <Predicate = true> <Delay = 0.76> <CoreInst = "Adder">   --->   Core 1 'Adder' <Latency = 0> <II = 1> <Delay = 0.76> <FuncUnit> <Opcode : 'add' 'sub'> <InPorts = 2> <OutPorts = 1>
ST_3 : Operation 56 [1/1] (0.00ns)   --->   "%add_cast_i = zext i9 %add_i"   --->   Operation 56 'zext' 'add_cast_i' <Predicate = true> <Delay = 0.00>
ST_3 : Operation 57 [1/1] (0.78ns)   --->   "%sub63_i = add i6 %CI_WORDS, i6 63" [../gen2/Hls_Layers_UpConv.tpp:183]   --->   Operation 57 'add' 'sub63_i' <Predicate = true> <Delay = 0.78> <CoreInst = "Adder">   --->   Core 1 'Adder' <Latency = 0> <II = 1> <Delay = 0.78> <FuncUnit> <Opcode : 'add' 'sub'> <InPorts = 2> <OutPorts = 1>
ST_3 : Operation 58 [1/1] (0.00ns)   --->   "%add77_11_i = bitconcatenate i9 @_ssdm_op_BitConcatenate.i9.i6.i3, i6 %p_read_5, i3 1"   --->   Operation 58 'bitconcatenate' 'add77_11_i' <Predicate = true> <Delay = 0.00>
ST_3 : Operation 59 [1/1] (0.00ns)   --->   "%add77_22_i = bitconcatenate i9 @_ssdm_op_BitConcatenate.i9.i6.i3, i6 %p_read_5, i3 2"   --->   Operation 59 'bitconcatenate' 'add77_22_i' <Predicate = true> <Delay = 0.00>
ST_3 : Operation 60 [1/1] (0.00ns)   --->   "%add77_33_i = bitconcatenate i9 @_ssdm_op_BitConcatenate.i9.i6.i3, i6 %p_read_5, i3 3"   --->   Operation 60 'bitconcatenate' 'add77_33_i' <Predicate = true> <Delay = 0.00>
ST_3 : Operation 61 [1/1] (0.00ns)   --->   "%add77_44_i = bitconcatenate i9 @_ssdm_op_BitConcatenate.i9.i6.i3, i6 %p_read_5, i3 4"   --->   Operation 61 'bitconcatenate' 'add77_44_i' <Predicate = true> <Delay = 0.00>
ST_3 : Operation 62 [1/1] (0.00ns)   --->   "%add77_55_i = bitconcatenate i9 @_ssdm_op_BitConcatenate.i9.i6.i3, i6 %p_read_5, i3 5"   --->   Operation 62 'bitconcatenate' 'add77_55_i' <Predicate = true> <Delay = 0.00>
ST_3 : Operation 63 [1/1] (0.00ns)   --->   "%add77_66_i = bitconcatenate i9 @_ssdm_op_BitConcatenate.i9.i6.i3, i6 %p_read_5, i3 6"   --->   Operation 63 'bitconcatenate' 'add77_66_i' <Predicate = true> <Delay = 0.00>
ST_3 : Operation 64 [1/1] (0.00ns)   --->   "%add77_77_i = bitconcatenate i9 @_ssdm_op_BitConcatenate.i9.i6.i3, i6 %p_read_5, i3 7"   --->   Operation 64 'bitconcatenate' 'add77_77_i' <Predicate = true> <Delay = 0.00>
ST_3 : Operation 65 [1/1] (0.00ns)   --->   "%CI_WORDS_cast = zext i6 %CI_WORDS" [../gen2/Hls_Layers_UpConv.tpp:183]   --->   Operation 65 'zext' 'CI_WORDS_cast' <Predicate = true> <Delay = 0.00>
ST_3 : Operation 66 [1/1] (0.00ns)   --->   "%cast1 = zext i13 %mul_ln101" [../gen2/Hls_Layers_UpConv.tpp:101->../gen2/Hls_Layers_UpConv.tpp:220->../gen2/Hls_Layers_UpConv.tpp:216]   --->   Operation 66 'zext' 'cast1' <Predicate = true> <Delay = 0.00>
ST_3 : Operation 67 [1/1] (0.00ns)   --->   "%p_shl = bitconcatenate i15 @_ssdm_op_BitConcatenate.i15.i13.i2, i13 %mul_ln101, i2 0" [../gen2/Hls_Layers_UpConv.tpp:101->../gen2/Hls_Layers_UpConv.tpp:220->../gen2/Hls_Layers_UpConv.tpp:216]   --->   Operation 67 'bitconcatenate' 'p_shl' <Predicate = true> <Delay = 0.00>
ST_3 : Operation 68 [1/1] (0.84ns)   --->   "%bound = sub i15 %p_shl, i15 %cast1" [../gen2/Hls_Layers_UpConv.tpp:101->../gen2/Hls_Layers_UpConv.tpp:220->../gen2/Hls_Layers_UpConv.tpp:216]   --->   Operation 68 'sub' 'bound' <Predicate = true> <Delay = 0.84> <CoreInst = "Adder">   --->   Core 1 'Adder' <Latency = 0> <II = 1> <Delay = 0.84> <FuncUnit> <Opcode : 'add' 'sub'> <InPorts = 2> <OutPorts = 1>
ST_3 : Operation 69 [1/1] (0.00ns)   --->   "%br_ln101 = br void %for.body.i" [../gen2/Hls_Layers_UpConv.tpp:101->../gen2/Hls_Layers_UpConv.tpp:220->../gen2/Hls_Layers_UpConv.tpp:216]   --->   Operation 69 'br' 'br_ln101' <Predicate = true> <Delay = 0.00>

State 4 <SV = 3> <Delay = 1.79>
ST_4 : Operation 70 [1/1] (0.00ns)   --->   "%kh_1 = load i2 %kh"   --->   Operation 70 'load' 'kh_1' <Predicate = true> <Delay = 0.00>
ST_4 : Operation 71 [1/1] (0.54ns)   --->   "%icmp_ln101 = icmp_eq  i2 %kh_1, i2 3" [../gen2/Hls_Layers_UpConv.tpp:101->../gen2/Hls_Layers_UpConv.tpp:220->../gen2/Hls_Layers_UpConv.tpp:216]   --->   Operation 71 'icmp' 'icmp_ln101' <Predicate = true> <Delay = 0.54> <CoreInst = "Cmp">   --->   Core 9 'Cmp' <Latency = 0> <II = 1> <Delay = 0.54> <FuncUnit> <Opcode : 'seteq' 'setne' 'setle' 'setge' 'setlt' 'setgt'> <InPorts = 2> <OutPorts = 1>
ST_4 : Operation 72 [1/1] (0.00ns)   --->   "%speclooptripcount_ln0 = speclooptripcount void @_ssdm_op_SpecLoopTripCount, i64 3, i64 3, i64 3"   --->   Operation 72 'speclooptripcount' 'speclooptripcount_ln0' <Predicate = true> <Delay = 0.00>
ST_4 : Operation 73 [1/1] (0.54ns)   --->   "%kh_2 = add i2 %kh_1, i2 1" [../gen2/Hls_Layers_UpConv.tpp:101->../gen2/Hls_Layers_UpConv.tpp:220->../gen2/Hls_Layers_UpConv.tpp:216]   --->   Operation 73 'add' 'kh_2' <Predicate = true> <Delay = 0.54> <CoreInst = "Adder">   --->   Core 1 'Adder' <Latency = 0> <II = 1> <Delay = 0.54> <FuncUnit> <Opcode : 'add' 'sub'> <InPorts = 2> <OutPorts = 1>
ST_4 : Operation 74 [1/1] (0.00ns)   --->   "%br_ln101 = br i1 %icmp_ln101, void %for.body.split.i, void %uc_compute_tile<8>3.exit" [../gen2/Hls_Layers_UpConv.tpp:101->../gen2/Hls_Layers_UpConv.tpp:220->../gen2/Hls_Layers_UpConv.tpp:216]   --->   Operation 74 'br' 'br_ln101' <Predicate = true> <Delay = 0.00>
ST_4 : Operation 75 [1/1] (0.00ns)   --->   "%zext_ln101_2 = zext i2 %kh_1" [../gen2/Hls_Layers_UpConv.tpp:101->../gen2/Hls_Layers_UpConv.tpp:220->../gen2/Hls_Layers_UpConv.tpp:216]   --->   Operation 75 'zext' 'zext_ln101_2' <Predicate = (!icmp_ln101)> <Delay = 0.00>
ST_4 : Operation 76 [1/1] (0.00ns)   --->   "%specloopname_ln101 = specloopname void @_ssdm_op_SpecLoopName, void @empty_151" [../gen2/Hls_Layers_UpConv.tpp:101->../gen2/Hls_Layers_UpConv.tpp:220->../gen2/Hls_Layers_UpConv.tpp:216]   --->   Operation 76 'specloopname' 'specloopname_ln101' <Predicate = (!icmp_ln101)> <Delay = 0.00>
ST_4 : Operation 77 [1/1] (0.77ns)   --->   "%hpk = sub i10 %add_cast_i, i10 %zext_ln101_2" [../gen2/Hls_Layers_UpConv.tpp:103->../gen2/Hls_Layers_UpConv.tpp:220->../gen2/Hls_Layers_UpConv.tpp:216]   --->   Operation 77 'sub' 'hpk' <Predicate = (!icmp_ln101)> <Delay = 0.77> <CoreInst = "Adder">   --->   Core 1 'Adder' <Latency = 0> <II = 1> <Delay = 0.77> <FuncUnit> <Opcode : 'add' 'sub'> <InPorts = 2> <OutPorts = 1>
ST_4 : Operation 78 [1/1] (0.00ns)   --->   "%tmp_7 = bitselect i1 @_ssdm_op_BitSelect.i1.i10.i32, i10 %hpk, i32 9" [../gen2/Hls_Layers_UpConv.tpp:104->../gen2/Hls_Layers_UpConv.tpp:220->../gen2/Hls_Layers_UpConv.tpp:216]   --->   Operation 78 'bitselect' 'tmp_7' <Predicate = (!icmp_ln101)> <Delay = 0.00>
ST_4 : Operation 79 [1/1] (0.00ns)   --->   "%trunc_ln104 = trunc i10 %hpk" [../gen2/Hls_Layers_UpConv.tpp:104->../gen2/Hls_Layers_UpConv.tpp:220->../gen2/Hls_Layers_UpConv.tpp:216]   --->   Operation 79 'trunc' 'trunc_ln104' <Predicate = (!icmp_ln101)> <Delay = 0.00>
ST_4 : Operation 80 [1/1] (0.00ns)   --->   "%and_ln = bitconcatenate i32 @_ssdm_op_BitConcatenate.i32.i1.i30.i1, i1 %tmp_7, i30 0, i1 %trunc_ln104" [../gen2/Hls_Layers_UpConv.tpp:104->../gen2/Hls_Layers_UpConv.tpp:220->../gen2/Hls_Layers_UpConv.tpp:216]   --->   Operation 80 'bitconcatenate' 'and_ln' <Predicate = (!icmp_ln101)> <Delay = 0.00>
ST_4 : Operation 81 [1/1] (1.01ns)   --->   "%icmp_ln104 = icmp_eq  i32 %and_ln, i32 0" [../gen2/Hls_Layers_UpConv.tpp:104->../gen2/Hls_Layers_UpConv.tpp:220->../gen2/Hls_Layers_UpConv.tpp:216]   --->   Operation 81 'icmp' 'icmp_ln104' <Predicate = (!icmp_ln101)> <Delay = 1.01> <CoreInst = "Cmp">   --->   Core 9 'Cmp' <Latency = 0> <II = 1> <Delay = 1.01> <FuncUnit> <Opcode : 'seteq' 'setne' 'setle' 'setge' 'setlt' 'setgt'> <InPorts = 2> <OutPorts = 1>
ST_4 : Operation 82 [1/1] (0.00ns)   --->   "%br_ln104 = br i1 %icmp_ln104, void %cleanup116.i, void %if.end.i" [../gen2/Hls_Layers_UpConv.tpp:104->../gen2/Hls_Layers_UpConv.tpp:220->../gen2/Hls_Layers_UpConv.tpp:216]   --->   Operation 82 'br' 'br_ln104' <Predicate = (!icmp_ln101)> <Delay = 0.00>
ST_4 : Operation 83 [1/1] (0.00ns)   --->   "%hi = partselect i9 @_ssdm_op_PartSelect.i9.i10.i32.i32, i10 %hpk, i32 1, i32 9" [../gen2/Hls_Layers_UpConv.tpp:103->../gen2/Hls_Layers_UpConv.tpp:220->../gen2/Hls_Layers_UpConv.tpp:216]   --->   Operation 83 'partselect' 'hi' <Predicate = (!icmp_ln101 & icmp_ln104)> <Delay = 0.00>
ST_4 : Operation 84 [1/1] (0.00ns)   --->   "%x_row = bitselect i1 @_ssdm_op_BitSelect.i1.i10.i32, i10 %hpk, i32 1" [../gen2/Hls_Layers_UpConv.tpp:105->../gen2/Hls_Layers_UpConv.tpp:220->../gen2/Hls_Layers_UpConv.tpp:216]   --->   Operation 84 'bitselect' 'x_row' <Predicate = (!icmp_ln101 & icmp_ln104)> <Delay = 0.00>
ST_4 : Operation 85 [1/1] (0.77ns)   --->   "%icmp_ln106 = icmp_ult  i9 %hi, i9 %H_IN_1_cast6" [../gen2/Hls_Layers_UpConv.tpp:106->../gen2/Hls_Layers_UpConv.tpp:220->../gen2/Hls_Layers_UpConv.tpp:216]   --->   Operation 85 'icmp' 'icmp_ln106' <Predicate = (!icmp_ln101 & icmp_ln104)> <Delay = 0.77> <CoreInst = "Cmp">   --->   Core 9 'Cmp' <Latency = 0> <II = 1> <Delay = 0.77> <FuncUnit> <Opcode : 'seteq' 'setne' 'setle' 'setge' 'setlt' 'setgt'> <InPorts = 2> <OutPorts = 1>
ST_4 : Operation 86 [1/1] (0.00ns)   --->   "%br_ln106 = br i1 %icmp_ln106, void %cleanup116.i, void %KW_LOOP.i" [../gen2/Hls_Layers_UpConv.tpp:106->../gen2/Hls_Layers_UpConv.tpp:220->../gen2/Hls_Layers_UpConv.tpp:216]   --->   Operation 86 'br' 'br_ln106' <Predicate = (!icmp_ln101 & icmp_ln104)> <Delay = 0.00>
ST_4 : Operation 87 [1/1] (0.00ns) (grouped into LUT with out node mul16_i)   --->   "%p_cast_i = select i1 %x_row, i8 255, i8 0" [../gen2/Hls_Layers_UpConv.tpp:105->../gen2/Hls_Layers_UpConv.tpp:220->../gen2/Hls_Layers_UpConv.tpp:216]   --->   Operation 87 'select' 'p_cast_i' <Predicate = (!icmp_ln101 & icmp_ln104 & icmp_ln106)> <Delay = 0.00> <CoreInst = "Sel">   --->   Core 73 'Sel' <Latency = 0> <II = 1> <Delay = 0.17> <FuncUnit> <Opcode : 'select'> <InPorts = 3> <OutPorts = 1>
ST_4 : Operation 88 [1/1] (0.33ns) (out node of the LUT)   --->   "%mul16_i = and i8 %W_IN_1, i8 %p_cast_i" [../gen2/Hls_Layers_UpConv.tpp:105->../gen2/Hls_Layers_UpConv.tpp:220->../gen2/Hls_Layers_UpConv.tpp:216]   --->   Operation 88 'and' 'mul16_i' <Predicate = (!icmp_ln101 & icmp_ln104 & icmp_ln106)> <Delay = 0.33> <CoreInst = "LogicGate">   --->   Core 74 'LogicGate' <Latency = 0> <II = 1> <Delay = 0.33> <FuncUnit> <Opcode : 'and' 'or' 'xor'> <InPorts = 2> <OutPorts = 1>
ST_4 : Operation 89 [1/1] (0.00ns)   --->   "%ret_ln220 = ret" [../gen2/Hls_Layers_UpConv.tpp:220->../gen2/Hls_Layers_UpConv.tpp:216]   --->   Operation 89 'ret' 'ret_ln220' <Predicate = (icmp_ln101)> <Delay = 0.00>

State 5 <SV = 4> <Delay = 1.65>
ST_5 : Operation 90 [1/1] (0.00ns)   --->   "%mul16_i_cast = zext i8 %mul16_i" [../gen2/Hls_Layers_UpConv.tpp:105->../gen2/Hls_Layers_UpConv.tpp:220->../gen2/Hls_Layers_UpConv.tpp:216]   --->   Operation 90 'zext' 'mul16_i_cast' <Predicate = true> <Delay = 0.00>
ST_5 : Operation 91 [1/1] (1.65ns)   --->   "%mul_ln109 = mul i11 %mul16_i_cast, i11 %CI_WORDS_cast" [../gen2/Hls_Layers_UpConv.tpp:109->../gen2/Hls_Layers_UpConv.tpp:220->../gen2/Hls_Layers_UpConv.tpp:216]   --->   Operation 91 'mul' 'mul_ln109' <Predicate = true> <Delay = 1.65> <CoreInst = "Multiplier">   --->   Core 3 'Multiplier' <Latency = 0> <II = 1> <Delay = 1.65> <FuncUnit> <Opcode : 'mul'> <InPorts = 2> <OutPorts = 1>

State 6 <SV = 5> <Delay = 1.94>
ST_6 : Operation 92 [1/1] (0.00ns)   --->   "%empty_212 = trunc i2 %kh_1"   --->   Operation 92 'trunc' 'empty_212' <Predicate = true> <Delay = 0.00>
ST_6 : Operation 93 [1/1] (0.00ns)   --->   "%tmp_9 = bitconcatenate i3 @_ssdm_op_BitConcatenate.i3.i1.i2, i1 %empty_212, i2 0"   --->   Operation 93 'bitconcatenate' 'tmp_9' <Predicate = true> <Delay = 0.00>
ST_6 : Operation 94 [1/1] (0.00ns)   --->   "%empty_213 = zext i2 %kh_1"   --->   Operation 94 'zext' 'empty_213' <Predicate = true> <Delay = 0.00>
ST_6 : Operation 95 [1/1] (0.67ns)   --->   "%empty_214 = sub i3 %tmp_9, i3 %empty_213"   --->   Operation 95 'sub' 'empty_214' <Predicate = true> <Delay = 0.67> <CoreInst = "Adder">   --->   Core 1 'Adder' <Latency = 0> <II = 1> <Delay = 0.67> <FuncUnit> <Opcode : 'add' 'sub'> <InPorts = 2> <OutPorts = 1>
ST_6 : Operation 96 [2/2] (1.26ns)   --->   "%call_ln101 = call void @uc_compute_tile<8>3_Pipeline_KW_LOOP_FLAT_LOOP, i15 %bound, i9 %W_OUT, i6 %sub63_i, i13 %mul_ln101, i3 %empty_214, i11 %mul_ln109, i256 %wbuf_4_i, i256 %wbuf_1_i_173, i256 %wbuf_2_i_172, i256 %wbuf_3_i_171, i256 %wbuf_3_i, i256 %wbuf_2_i, i256 %wbuf_1_i, i256 %wbuf_i, i5 %lshr_ln1, i1 %empty, i9 %co_base, i9 %p_read_3, i9 %add77_11_i, i9 %add77_22_i, i9 %add77_33_i, i9 %add77_44_i, i9 %add77_55_i, i9 %add77_66_i, i9 %add77_77_i, i256 %x_buf, i16 %void_UpConv_Fused_Row_ap_uint_ap_uint_const_ap_uint_const_ap_uint_const_ap_u_9, i16 %void_UpConv_Fused_Row_ap_uint_ap_uint_const_ap_uint_const_ap_uint_const_ap_u_1, i16 %void_UpConv_Fused_Row_ap_uint_ap_uint_const_ap_uint_const_ap_uint_const_ap_u_8, i16 %void_UpConv_Fused_Row_ap_uint_ap_uint_const_ap_uint_const_ap_uint_const_ap_u, i16 %void_UpConv_Fused_Row_ap_uint_ap_uint_const_ap_uint_const_ap_uint_const_ap_u_7, i16 %void_UpConv_Fused_Row_8_ap_uint_256_ap_uint_256_const_ap_uint_256_const_ap_uint_256_const_ap_uint_256_const_ap_uint_256_decimal16_int_int_int_int_int_row_acc, i16 %void_UpConv_Fused_Row_ap_uint_ap_uint_const_ap_uint_const_ap_uint_const_ap_u_6, i16 %void_UpConv_Fused_Row_8_ap_uint_256_ap_uint_256_const_ap_uint_256_const_ap_uint_256_const_ap_uint_256_const_ap_uint_256_decimal16_int_int_int_int_int_row_acc_0, i16 %void_UpConv_Fused_Row_ap_uint_ap_uint_const_ap_uint_const_ap_uint_const_ap_u_5, i16 %void_UpConv_Fused_Row_8_ap_uint_256_ap_uint_256_const_ap_uint_256_const_ap_uint_256_const_ap_uint_256_const_ap_uint_256_decimal16_int_int_int_int_int_row_acc_1, i16 %void_UpConv_Fused_Row_ap_uint_ap_uint_const_ap_uint_const_ap_uint_const_ap_u_4, i16 %void_UpConv_Fused_Row_8_ap_uint_256_ap_uint_256_const_ap_uint_256_const_ap_uint_256_const_ap_uint_256_const_ap_uint_256_decimal16_int_int_int_int_int_row_acc_2, i16 %void_UpConv_Fused_Row_ap_uint_ap_uint_const_ap_uint_const_ap_uint_const_ap_u_3, i16 %void_UpConv_Fused_Row_8_ap_uint_256_ap_uint_256_const_ap_uint_256_const_ap_uint_256_const_ap_uint_256_const_ap_uint_256_decimal16_int_int_int_int_int_row_acc_3, i16 %void_UpConv_Fused_Row_ap_uint_ap_uint_const_ap_uint_const_ap_uint_const_ap_u_2, i16 %void_UpConv_Fused_Row_8_ap_uint_256_ap_uint_256_const_ap_uint_256_const_ap_uint_256_const_ap_uint_256_const_ap_uint_256_decimal16_int_int_int_int_int_row_acc_4" [../gen2/Hls_Layers_UpConv.tpp:101->../gen2/Hls_Layers_UpConv.tpp:220->../gen2/Hls_Layers_UpConv.tpp:216]   --->   Operation 96 'call' 'call_ln101' <Predicate = true> <Delay = 1.26> <CoreType = "Generic">   --->   Generic Core

State 7 <SV = 6> <Delay = 0.42>
ST_7 : Operation 97 [1/2] (0.00ns)   --->   "%call_ln101 = call void @uc_compute_tile<8>3_Pipeline_KW_LOOP_FLAT_LOOP, i15 %bound, i9 %W_OUT, i6 %sub63_i, i13 %mul_ln101, i3 %empty_214, i11 %mul_ln109, i256 %wbuf_4_i, i256 %wbuf_1_i_173, i256 %wbuf_2_i_172, i256 %wbuf_3_i_171, i256 %wbuf_3_i, i256 %wbuf_2_i, i256 %wbuf_1_i, i256 %wbuf_i, i5 %lshr_ln1, i1 %empty, i9 %co_base, i9 %p_read_3, i9 %add77_11_i, i9 %add77_22_i, i9 %add77_33_i, i9 %add77_44_i, i9 %add77_55_i, i9 %add77_66_i, i9 %add77_77_i, i256 %x_buf, i16 %void_UpConv_Fused_Row_ap_uint_ap_uint_const_ap_uint_const_ap_uint_const_ap_u_9, i16 %void_UpConv_Fused_Row_ap_uint_ap_uint_const_ap_uint_const_ap_uint_const_ap_u_1, i16 %void_UpConv_Fused_Row_ap_uint_ap_uint_const_ap_uint_const_ap_uint_const_ap_u_8, i16 %void_UpConv_Fused_Row_ap_uint_ap_uint_const_ap_uint_const_ap_uint_const_ap_u, i16 %void_UpConv_Fused_Row_ap_uint_ap_uint_const_ap_uint_const_ap_uint_const_ap_u_7, i16 %void_UpConv_Fused_Row_8_ap_uint_256_ap_uint_256_const_ap_uint_256_const_ap_uint_256_const_ap_uint_256_const_ap_uint_256_decimal16_int_int_int_int_int_row_acc, i16 %void_UpConv_Fused_Row_ap_uint_ap_uint_const_ap_uint_const_ap_uint_const_ap_u_6, i16 %void_UpConv_Fused_Row_8_ap_uint_256_ap_uint_256_const_ap_uint_256_const_ap_uint_256_const_ap_uint_256_const_ap_uint_256_decimal16_int_int_int_int_int_row_acc_0, i16 %void_UpConv_Fused_Row_ap_uint_ap_uint_const_ap_uint_const_ap_uint_const_ap_u_5, i16 %void_UpConv_Fused_Row_8_ap_uint_256_ap_uint_256_const_ap_uint_256_const_ap_uint_256_const_ap_uint_256_const_ap_uint_256_decimal16_int_int_int_int_int_row_acc_1, i16 %void_UpConv_Fused_Row_ap_uint_ap_uint_const_ap_uint_const_ap_uint_const_ap_u_4, i16 %void_UpConv_Fused_Row_8_ap_uint_256_ap_uint_256_const_ap_uint_256_const_ap_uint_256_const_ap_uint_256_const_ap_uint_256_decimal16_int_int_int_int_int_row_acc_2, i16 %void_UpConv_Fused_Row_ap_uint_ap_uint_const_ap_uint_const_ap_uint_const_ap_u_3, i16 %void_UpConv_Fused_Row_8_ap_uint_256_ap_uint_256_const_ap_uint_256_const_ap_uint_256_const_ap_uint_256_const_ap_uint_256_decimal16_int_int_int_int_int_row_acc_3, i16 %void_UpConv_Fused_Row_ap_uint_ap_uint_const_ap_uint_const_ap_uint_const_ap_u_2, i16 %void_UpConv_Fused_Row_8_ap_uint_256_ap_uint_256_const_ap_uint_256_const_ap_uint_256_const_ap_uint_256_const_ap_uint_256_decimal16_int_int_int_int_int_row_acc_4" [../gen2/Hls_Layers_UpConv.tpp:101->../gen2/Hls_Layers_UpConv.tpp:220->../gen2/Hls_Layers_UpConv.tpp:216]   --->   Operation 97 'call' 'call_ln101' <Predicate = (icmp_ln104 & icmp_ln106)> <Delay = 0.00> <CoreType = "Generic">   --->   Generic Core
ST_7 : Operation 98 [1/1] (0.00ns)   --->   "%br_ln0 = br void %cleanup116.i"   --->   Operation 98 'br' 'br_ln0' <Predicate = (icmp_ln104 & icmp_ln106)> <Delay = 0.00>
ST_7 : Operation 99 [1/1] (0.42ns)   --->   "%store_ln101 = store i2 %kh_2, i2 %kh" [../gen2/Hls_Layers_UpConv.tpp:101->../gen2/Hls_Layers_UpConv.tpp:220->../gen2/Hls_Layers_UpConv.tpp:216]   --->   Operation 99 'store' 'store_ln101' <Predicate = true> <Delay = 0.42>
ST_7 : Operation 100 [1/1] (0.00ns)   --->   "%br_ln101 = br void %for.body.i" [../gen2/Hls_Layers_UpConv.tpp:101->../gen2/Hls_Layers_UpConv.tpp:220->../gen2/Hls_Layers_UpConv.tpp:216]   --->   Operation 100 'br' 'br_ln101' <Predicate = true> <Delay = 0.00>


============================================================
+ Verbose Summary: Timing violations
============================================================
Target clock period: 3.333ns, clock uncertainty: 0.900ns.

 <State 1>: 2.004ns
The critical path consists of the following:
	wire read operation ('p_read_4') on port 'p_read1' [34]  (1.217 ns)
	'add' operation 10 bit ('add_ln183', ../gen2/Hls_Layers_UpConv.tpp:183) [43]  (0.787 ns)

 <State 2>: 1.650ns
The critical path consists of the following:
	'mul' operation 13 bit ('mul_ln101', ../gen2/Hls_Layers_UpConv.tpp:101->../gen2/Hls_Layers_UpConv.tpp:220->../gen2/Hls_Layers_UpConv.tpp:216) [87]  (1.650 ns)

 <State 3>: 1.217ns
The critical path consists of the following:
	wire read operation ('p_read_3') on port 'p_read2' [33]  (1.217 ns)

 <State 4>: 1.792ns
The critical path consists of the following:
	'load' operation 2 bit ('kh') on local variable 'kh', ../gen2/Hls_Layers_UpConv.tpp:101->../gen2/Hls_Layers_UpConv.tpp:220->../gen2/Hls_Layers_UpConv.tpp:216 [95]  (0.000 ns)
	'sub' operation 10 bit ('hpk', ../gen2/Hls_Layers_UpConv.tpp:103->../gen2/Hls_Layers_UpConv.tpp:220->../gen2/Hls_Layers_UpConv.tpp:216) [103]  (0.776 ns)
	'icmp' operation 1 bit ('icmp_ln104', ../gen2/Hls_Layers_UpConv.tpp:104->../gen2/Hls_Layers_UpConv.tpp:220->../gen2/Hls_Layers_UpConv.tpp:216) [107]  (1.016 ns)

 <State 5>: 1.650ns
The critical path consists of the following:
	'mul' operation 11 bit ('mul_ln109', ../gen2/Hls_Layers_UpConv.tpp:109->../gen2/Hls_Layers_UpConv.tpp:220->../gen2/Hls_Layers_UpConv.tpp:216) [122]  (1.650 ns)

 <State 6>: 1.942ns
The critical path consists of the following:
	'sub' operation 3 bit ('empty_214') [118]  (0.673 ns)
	'call' operation 0 bit ('call_ln101', ../gen2/Hls_Layers_UpConv.tpp:101->../gen2/Hls_Layers_UpConv.tpp:220->../gen2/Hls_Layers_UpConv.tpp:216) to 'uc_compute_tile<8>3_Pipeline_KW_LOOP_FLAT_LOOP' [123]  (1.269 ns)

 <State 7>: 0.427ns
The critical path consists of the following:
	'store' operation 0 bit ('store_ln101', ../gen2/Hls_Layers_UpConv.tpp:101->../gen2/Hls_Layers_UpConv.tpp:220->../gen2/Hls_Layers_UpConv.tpp:216) of variable 'kh', ../gen2/Hls_Layers_UpConv.tpp:101->../gen2/Hls_Layers_UpConv.tpp:220->../gen2/Hls_Layers_UpConv.tpp:216 on local variable 'kh', ../gen2/Hls_Layers_UpConv.tpp:101->../gen2/Hls_Layers_UpConv.tpp:220->../gen2/Hls_Layers_UpConv.tpp:216 [126]  (0.427 ns)


============================================================
+ Verbose Summary: Binding
============================================================
N/A
* FSMD analyzer results:
  - Output states:
 - Input state : 
  - Chain level:
	State 1
	State 2
	State 3
	State 4
	State 5
	State 6
	State 7


============================================================
+ Verbose Summary: Datapath Resource usage 
============================================================
N/A
