

================================================================
== Vitis HLS Report for 'uc_load_tile_8_2'
================================================================
* Date:           Thu Jun 18 11:21:23 2026

* Version:        2024.2 (Build 5238294 on Nov  8 2024)
* Project:        upconv_core_top
* Solution:       hls (Vivado IP Flow Target)
* Product family: zynquplus
* Target device:  xczu7ev-ffvc1156-2-e


================================================================
== Performance Estimates
================================================================
+ Timing: 
    * Summary: 
    +--------+---------+----------+------------+
    |  Clock |  Target | Estimated| Uncertainty|
    +--------+---------+----------+------------+
    |ap_clk  |  3.33 ns|  3.195 ns|     0.90 ns|
    +--------+---------+----------+------------+

+ Latency: 
    * Summary: 
    +---------+---------+----------+-----------+-----+------+---------+
    |  Latency (cycles) |  Latency (absolute)  |  Interval  | Pipeline|
    |   min   |   max   |    min   |    max    | min |  max |   Type  |
    +---------+---------+----------+-----------+-----+------+---------+
    |       33|     4449|  0.110 us|  14.829 us|   33|  4449|       no|
    +---------+---------+----------+-----------+-----+------+---------+

    + Detail: 
        * Instance: 
        +---------------------------------------------+----------------------------------+---------+---------+----------+----------+-----+-----+------------------------------------------------+
        |                                             |                                  |  Latency (cycles) |  Latency (absolute) |  Interval |                    Pipeline                    |
        |                   Instance                  |              Module              |   min   |   max   |    min   |    max   | min | max |                      Type                      |
        +---------------------------------------------+----------------------------------+---------+---------+----------+----------+-----+-----+------------------------------------------------+
        |grp_uc_load_tile_8_2_Pipeline_W_FLAT_fu_142  |uc_load_tile_8_2_Pipeline_W_FLAT  |       75|      543|  0.250 us|  1.810 us|   73|  541|  loop auto-rewind stp (delay=0 clock cycles(s))|
        +---------------------------------------------+----------------------------------+---------+---------+----------+----------+-----+-----+------------------------------------------------+

        * Loop: 
        +-------------+---------+---------+----------+-----------+-----------+------+----------+
        |             |  Latency (cycles) | Iteration|  Initiation Interval  | Trip |          |
        |  Loop Name  |   min   |   max   |  Latency |  achieved |   target  | Count| Pipelined|
        +-------------+---------+---------+----------+-----------+-----------+------+----------+
        |- PRELOAD_W  |       32|     4448|   4 ~ 556|          -|          -|     8|        no|
        +-------------+---------+---------+----------+-----------+-----------+------+----------+



================================================================
== Utilization Estimates
================================================================
* Summary: 
+-----------------+---------+------+--------+--------+-----+
|       Name      | BRAM_18K|  DSP |   FF   |   LUT  | URAM|
+-----------------+---------+------+--------+--------+-----+
|DSP              |        -|     -|       -|       -|    -|
|Expression       |        -|     -|       0|     187|    -|
|FIFO             |        -|     -|       -|       -|    -|
|Instance         |        -|     1|     353|     327|    -|
|Memory           |        -|     -|       -|       -|    -|
|Multiplexer      |        -|     -|       0|     224|    -|
|Register         |        -|     -|     251|       -|    -|
+-----------------+---------+------+--------+--------+-----+
|Total            |        0|     1|     604|     738|    0|
+-----------------+---------+------+--------+--------+-----+
|Available        |      624|  1728|  460800|  230400|   96|
+-----------------+---------+------+--------+--------+-----+
|Utilization (%)  |        0|    ~0|      ~0|      ~0|    0|
+-----------------+---------+------+--------+--------+-----+

+ Detail: 
    * Instance: 
    +---------------------------------------------+----------------------------------+---------+----+-----+-----+-----+
    |                   Instance                  |              Module              | BRAM_18K| DSP|  FF | LUT | URAM|
    +---------------------------------------------+----------------------------------+---------+----+-----+-----+-----+
    |mul_15ns_9ns_24_1_1_U46                      |mul_15ns_9ns_24_1_1               |        0|   1|    0|    5|    0|
    |grp_uc_load_tile_8_2_Pipeline_W_FLAT_fu_142  |uc_load_tile_8_2_Pipeline_W_FLAT  |        0|   0|  353|  322|    0|
    +---------------------------------------------+----------------------------------+---------+----+-----+-----+-----+
    |Total                                        |                                  |        0|   1|  353|  327|    0|
    +---------------------------------------------+----------------------------------+---------+----+-----+-----+-----+

    * DSP: 
    N/A

    * Memory: 
    N/A

    * FIFO: 
    N/A

    * Expression: 
    +----------------------------------+----------+----+---+----+------------+------------+
    |           Variable Name          | Operation| DSP| FF| LUT| Bitwidth P0| Bitwidth P1|
    +----------------------------------+----------+----+---+----+------------+------------+
    |add_ln183_fu_168_p2               |         +|   0|  0|  17|          10|           4|
    |add_ln79_1_fu_266_p2              |         +|   0|  0|  12|           4|           1|
    |add_ln79_2_fu_242_p2              |         +|   0|  0|  22|          15|          15|
    |add_ln79_fu_316_p2                |         +|   0|  0|  71|          64|          64|
    |empty_fu_280_p2                   |         +|   0|  0|  16|           9|           9|
    |mul3_i_fu_208_p2                  |         +|   0|  0|  17|          10|          10|
    |ap_block_state14_on_subcall_done  |       and|   0|  0|   2|           1|           1|
    |icmp_ln79_fu_260_p2               |      icmp|   0|  0|  12|           4|           5|
    |icmp_ln81_fu_285_p2               |      icmp|   0|  0|  16|           9|           9|
    |ap_block_state1                   |        or|   0|  0|   2|           1|           1|
    +----------------------------------+----------+----+---+----+------------+------------+
    |Total                             |          |   0|  0| 187|         127|         119|
    +----------------------------------+----------+----+---+----+------------+------------+

    * Multiplexer: 
    +------------------------------+----+-----------+-----+-----------+
    |             Name             | LUT| Input Size| Bits| Total Bits|
    +------------------------------+----+-----------+-----+-----------+
    |ap_NS_fsm                     |  65|         15|    1|         15|
    |ap_done                       |   9|          2|    1|          2|
    |gmem_weight_blk_n_AR          |   9|          2|    1|          2|
    |m_axi_gmem_weight_0_ARADDR    |  14|          3|   64|        192|
    |m_axi_gmem_weight_0_ARBURST   |   9|          2|    2|          4|
    |m_axi_gmem_weight_0_ARCACHE   |   9|          2|    4|          8|
    |m_axi_gmem_weight_0_ARID      |   9|          2|    1|          2|
    |m_axi_gmem_weight_0_ARLEN     |  14|          3|   32|         96|
    |m_axi_gmem_weight_0_ARLOCK    |   9|          2|    2|          4|
    |m_axi_gmem_weight_0_ARPROT    |   9|          2|    3|          6|
    |m_axi_gmem_weight_0_ARQOS     |   9|          2|    4|          8|
    |m_axi_gmem_weight_0_ARREGION  |   9|          2|    4|          8|
    |m_axi_gmem_weight_0_ARSIZE    |   9|          2|    3|          6|
    |m_axi_gmem_weight_0_ARUSER    |   9|          2|    1|          2|
    |m_axi_gmem_weight_0_ARVALID   |  14|          3|    1|          3|
    |m_axi_gmem_weight_0_RREADY    |   9|          2|    1|          2|
    |tc_fu_108                     |   9|          2|    4|          8|
    +------------------------------+----+-----------+-----+-----------+
    |Total                         | 224|         50|  129|        368|
    +------------------------------+----+-----------+-----+-----------+

    * Register: 
    +----------------------------------------------------------+----+----+-----+-----------+
    |                           Name                           | FF | LUT| Bits| Const Bits|
    +----------------------------------------------------------+----+----+-----+-----------+
    |CI_WORDS_reg_373                                          |   6|   0|    6|          0|
    |C_IN_read_reg_352                                         |  10|   0|   10|          0|
    |C_OUT_read_reg_357                                        |   9|   0|    9|          0|
    |W_ptr_read_reg_368                                        |  64|   0|   64|          0|
    |add_ln79_1_reg_401                                        |   4|   0|    4|          0|
    |ap_CS_fsm                                                 |  14|   0|   14|          0|
    |ap_done_reg                                               |   1|   0|    1|          0|
    |co_base_reg_378                                           |   6|   0|    9|          3|
    |empty_reg_411                                             |   9|   0|    9|          0|
    |grp_uc_load_tile_8_2_Pipeline_W_FLAT_fu_142_ap_start_reg  |   1|   0|    1|          0|
    |icmp_ln81_reg_416                                         |   1|   0|    1|          0|
    |mul3_i_reg_383                                            |  10|   0|   10|          0|
    |mul_ln79_reg_420                                          |  24|   0|   24|          0|
    |tc_fu_108                                                 |   4|   0|    4|          0|
    |tile_read_reg_363                                         |   6|   0|    6|          0|
    |trunc_ln2_reg_425                                         |  59|   0|   59|          0|
    |trunc_ln79_reg_406                                        |   3|   0|    3|          0|
    |wide_trip_count_i_reg_388                                 |  10|   0|   64|         54|
    |zext_ln79_reg_393                                         |  10|   0|   24|         14|
    +----------------------------------------------------------+----+----+-----+-----------+
    |Total                                                     | 251|   0|  322|         71|
    +----------------------------------------------------------+----+----+-----+-----------+



================================================================
== Interface
================================================================
* Summary: 
+------------------------------+-----+-----+------------+------------------+--------------+
|           RTL Ports          | Dir | Bits|  Protocol  |   Source Object  |    C Type    |
+------------------------------+-----+-----+------------+------------------+--------------+
|ap_clk                        |   in|    1|  ap_ctrl_hs|  uc_load_tile<8>2|  return value|
|ap_rst                        |   in|    1|  ap_ctrl_hs|  uc_load_tile<8>2|  return value|
|ap_start                      |   in|    1|  ap_ctrl_hs|  uc_load_tile<8>2|  return value|
|ap_done                       |  out|    1|  ap_ctrl_hs|  uc_load_tile<8>2|  return value|
|ap_continue                   |   in|    1|  ap_ctrl_hs|  uc_load_tile<8>2|  return value|
|ap_idle                       |  out|    1|  ap_ctrl_hs|  uc_load_tile<8>2|  return value|
|ap_ready                      |  out|    1|  ap_ctrl_hs|  uc_load_tile<8>2|  return value|
|ap_return_0                   |  out|    6|  ap_ctrl_hs|  uc_load_tile<8>2|  return value|
|ap_return_1                   |  out|    9|  ap_ctrl_hs|  uc_load_tile<8>2|  return value|
|ap_return_2                   |  out|   10|  ap_ctrl_hs|  uc_load_tile<8>2|  return value|
|m_axi_gmem_weight_0_AWVALID   |  out|    1|       m_axi|       gmem_weight|       pointer|
|m_axi_gmem_weight_0_AWREADY   |   in|    1|       m_axi|       gmem_weight|       pointer|
|m_axi_gmem_weight_0_AWADDR    |  out|   64|       m_axi|       gmem_weight|       pointer|
|m_axi_gmem_weight_0_AWID      |  out|    1|       m_axi|       gmem_weight|       pointer|
|m_axi_gmem_weight_0_AWLEN     |  out|   32|       m_axi|       gmem_weight|       pointer|
|m_axi_gmem_weight_0_AWSIZE    |  out|    3|       m_axi|       gmem_weight|       pointer|
|m_axi_gmem_weight_0_AWBURST   |  out|    2|       m_axi|       gmem_weight|       pointer|
|m_axi_gmem_weight_0_AWLOCK    |  out|    2|       m_axi|       gmem_weight|       pointer|
|m_axi_gmem_weight_0_AWCACHE   |  out|    4|       m_axi|       gmem_weight|       pointer|
|m_axi_gmem_weight_0_AWPROT    |  out|    3|       m_axi|       gmem_weight|       pointer|
|m_axi_gmem_weight_0_AWQOS     |  out|    4|       m_axi|       gmem_weight|       pointer|
|m_axi_gmem_weight_0_AWREGION  |  out|    4|       m_axi|       gmem_weight|       pointer|
|m_axi_gmem_weight_0_AWUSER    |  out|    1|       m_axi|       gmem_weight|       pointer|
|m_axi_gmem_weight_0_WVALID    |  out|    1|       m_axi|       gmem_weight|       pointer|
|m_axi_gmem_weight_0_WREADY    |   in|    1|       m_axi|       gmem_weight|       pointer|
|m_axi_gmem_weight_0_WDATA     |  out|  256|       m_axi|       gmem_weight|       pointer|
|m_axi_gmem_weight_0_WSTRB     |  out|   32|       m_axi|       gmem_weight|       pointer|
|m_axi_gmem_weight_0_WLAST     |  out|    1|       m_axi|       gmem_weight|       pointer|
|m_axi_gmem_weight_0_WID       |  out|    1|       m_axi|       gmem_weight|       pointer|
|m_axi_gmem_weight_0_WUSER     |  out|    1|       m_axi|       gmem_weight|       pointer|
|m_axi_gmem_weight_0_ARVALID   |  out|    1|       m_axi|       gmem_weight|       pointer|
|m_axi_gmem_weight_0_ARREADY   |   in|    1|       m_axi|       gmem_weight|       pointer|
|m_axi_gmem_weight_0_ARADDR    |  out|   64|       m_axi|       gmem_weight|       pointer|
|m_axi_gmem_weight_0_ARID      |  out|    1|       m_axi|       gmem_weight|       pointer|
|m_axi_gmem_weight_0_ARLEN     |  out|   32|       m_axi|       gmem_weight|       pointer|
|m_axi_gmem_weight_0_ARSIZE    |  out|    3|       m_axi|       gmem_weight|       pointer|
|m_axi_gmem_weight_0_ARBURST   |  out|    2|       m_axi|       gmem_weight|       pointer|
|m_axi_gmem_weight_0_ARLOCK    |  out|    2|       m_axi|       gmem_weight|       pointer|
|m_axi_gmem_weight_0_ARCACHE   |  out|    4|       m_axi|       gmem_weight|       pointer|
|m_axi_gmem_weight_0_ARPROT    |  out|    3|       m_axi|       gmem_weight|       pointer|
|m_axi_gmem_weight_0_ARQOS     |  out|    4|       m_axi|       gmem_weight|       pointer|
|m_axi_gmem_weight_0_ARREGION  |  out|    4|       m_axi|       gmem_weight|       pointer|
|m_axi_gmem_weight_0_ARUSER    |  out|    1|       m_axi|       gmem_weight|       pointer|
|m_axi_gmem_weight_0_RVALID    |   in|    1|       m_axi|       gmem_weight|       pointer|
|m_axi_gmem_weight_0_RREADY    |  out|    1|       m_axi|       gmem_weight|       pointer|
|m_axi_gmem_weight_0_RDATA     |   in|  256|       m_axi|       gmem_weight|       pointer|
|m_axi_gmem_weight_0_RLAST     |   in|    1|       m_axi|       gmem_weight|       pointer|
|m_axi_gmem_weight_0_RID       |   in|    1|       m_axi|       gmem_weight|       pointer|
|m_axi_gmem_weight_0_RFIFONUM  |   in|   11|       m_axi|       gmem_weight|       pointer|
|m_axi_gmem_weight_0_RUSER     |   in|    1|       m_axi|       gmem_weight|       pointer|
|m_axi_gmem_weight_0_RRESP     |   in|    2|       m_axi|       gmem_weight|       pointer|
|m_axi_gmem_weight_0_BVALID    |   in|    1|       m_axi|       gmem_weight|       pointer|
|m_axi_gmem_weight_0_BREADY    |  out|    1|       m_axi|       gmem_weight|       pointer|
|m_axi_gmem_weight_0_BRESP     |   in|    2|       m_axi|       gmem_weight|       pointer|
|m_axi_gmem_weight_0_BID       |   in|    1|       m_axi|       gmem_weight|       pointer|
|m_axi_gmem_weight_0_BUSER     |   in|    1|       m_axi|       gmem_weight|       pointer|
|W_ptr                         |   in|   64|     ap_none|             W_ptr|        scalar|
|tile                          |   in|    6|     ap_none|              tile|        scalar|
|C_OUT                         |   in|    9|     ap_none|             C_OUT|        scalar|
|C_IN                          |   in|   10|     ap_none|              C_IN|        scalar|
|wbuf_4_i_address0             |  out|   10|   ap_memory|          wbuf_4_i|         array|
|wbuf_4_i_ce0                  |  out|    1|   ap_memory|          wbuf_4_i|         array|
|wbuf_4_i_we0                  |  out|    1|   ap_memory|          wbuf_4_i|         array|
|wbuf_4_i_d0                   |  out|  256|   ap_memory|          wbuf_4_i|         array|
|wbuf_1_i_167_address0         |  out|   10|   ap_memory|      wbuf_1_i_167|         array|
|wbuf_1_i_167_ce0              |  out|    1|   ap_memory|      wbuf_1_i_167|         array|
|wbuf_1_i_167_we0              |  out|    1|   ap_memory|      wbuf_1_i_167|         array|
|wbuf_1_i_167_d0               |  out|  256|   ap_memory|      wbuf_1_i_167|         array|
|wbuf_2_i_166_address0         |  out|   10|   ap_memory|      wbuf_2_i_166|         array|
|wbuf_2_i_166_ce0              |  out|    1|   ap_memory|      wbuf_2_i_166|         array|
|wbuf_2_i_166_we0              |  out|    1|   ap_memory|      wbuf_2_i_166|         array|
|wbuf_2_i_166_d0               |  out|  256|   ap_memory|      wbuf_2_i_166|         array|
|wbuf_3_i_165_address0         |  out|   10|   ap_memory|      wbuf_3_i_165|         array|
|wbuf_3_i_165_ce0              |  out|    1|   ap_memory|      wbuf_3_i_165|         array|
|wbuf_3_i_165_we0              |  out|    1|   ap_memory|      wbuf_3_i_165|         array|
|wbuf_3_i_165_d0               |  out|  256|   ap_memory|      wbuf_3_i_165|         array|
|wbuf_3_i_address0             |  out|   10|   ap_memory|          wbuf_3_i|         array|
|wbuf_3_i_ce0                  |  out|    1|   ap_memory|          wbuf_3_i|         array|
|wbuf_3_i_we0                  |  out|    1|   ap_memory|          wbuf_3_i|         array|
|wbuf_3_i_d0                   |  out|  256|   ap_memory|          wbuf_3_i|         array|
|wbuf_2_i_address0             |  out|   10|   ap_memory|          wbuf_2_i|         array|
|wbuf_2_i_ce0                  |  out|    1|   ap_memory|          wbuf_2_i|         array|
|wbuf_2_i_we0                  |  out|    1|   ap_memory|          wbuf_2_i|         array|
|wbuf_2_i_d0                   |  out|  256|   ap_memory|          wbuf_2_i|         array|
|wbuf_1_i_address0             |  out|   10|   ap_memory|          wbuf_1_i|         array|
|wbuf_1_i_ce0                  |  out|    1|   ap_memory|          wbuf_1_i|         array|
|wbuf_1_i_we0                  |  out|    1|   ap_memory|          wbuf_1_i|         array|
|wbuf_1_i_d0                   |  out|  256|   ap_memory|          wbuf_1_i|         array|
|wbuf_i_address0               |  out|   10|   ap_memory|            wbuf_i|         array|
|wbuf_i_ce0                    |  out|    1|   ap_memory|            wbuf_i|         array|
|wbuf_i_we0                    |  out|    1|   ap_memory|            wbuf_i|         array|
|wbuf_i_d0                     |  out|  256|   ap_memory|            wbuf_i|         array|
+------------------------------+-----+-----+------------+------------------+--------------+

============================================================
+ Verbose Summary: Synthesis Manager
============================================================
InlineROM: 1
ExposeGlobal: 0
============================================================
+ Verbose Summary: CDFG Model
============================================================
IsTopModel: 0
ResetActiveHigh: 1
IsCombinational: 2
IsDatapathOnly: 0
HasWiredReturn: 1
HasMFsm: 0
HasVarLatency: 1
IsPipeline: 0
IsRtlPipelined: 0
IsInstanceOverlapped: 0
IsDontTouch: 0
HasImplIP: 0
IsGatedGlobalClock: 0


============================================================
+ Verbose Summary: Schedule
============================================================
* Number of FSM states : 14
* Pipeline : 0
* Dataflow Pipeline: 0

* FSM state transitions: 
1 --> 2 
2 --> 3 
3 --> 4 
4 --> 5 14 
5 --> 6 
6 --> 7 
7 --> 8 
8 --> 9 
9 --> 10 
10 --> 11 
11 --> 12 
12 --> 13 
13 --> 14 
14 --> 2 

* FSM state operations: 

State 1 <SV = 0> <Delay = 1.61>
ST_1 : Operation 15 [1/1] (0.00ns)   --->   "%tc = alloca i32 1" [../gen2/Hls_Layers_UpConv.tpp:79->../gen2/Hls_Layers_UpConv.tpp:219->../gen2/Hls_Layers_UpConv.tpp:216]   --->   Operation 15 'alloca' 'tc' <Predicate = true> <Delay = 0.00>
ST_1 : Operation 16 [1/1] (0.00ns)   --->   "%C_IN_read = read i10 @_ssdm_op_Read.ap_auto.i10, i10 %C_IN" [../gen2/Hls_Layers_UpConv.tpp:183]   --->   Operation 16 'read' 'C_IN_read' <Predicate = true> <Delay = 0.00>
ST_1 : Operation 17 [1/1] (0.00ns)   --->   "%C_OUT_read = read i9 @_ssdm_op_Read.ap_auto.i9, i9 %C_OUT" [../gen2/Hls_Layers_UpConv.tpp:183]   --->   Operation 17 'read' 'C_OUT_read' <Predicate = true> <Delay = 0.00>
ST_1 : Operation 18 [1/1] (0.00ns)   --->   "%tile_read = read i6 @_ssdm_op_Read.ap_auto.i6, i6 %tile" [../gen2/Hls_Layers_UpConv.tpp:183]   --->   Operation 18 'read' 'tile_read' <Predicate = true> <Delay = 0.00>
ST_1 : Operation 19 [1/1] (0.00ns)   --->   "%W_ptr_read = read i64 @_ssdm_op_Read.ap_auto.i64, i64 %W_ptr" [../gen2/Hls_Layers_UpConv.tpp:183]   --->   Operation 19 'read' 'W_ptr_read' <Predicate = true> <Delay = 0.00>
ST_1 : Operation 20 [1/1] (0.78ns)   --->   "%add_ln183 = add i10 %C_IN_read, i10 15" [../gen2/Hls_Layers_UpConv.tpp:183]   --->   Operation 20 'add' 'add_ln183' <Predicate = true> <Delay = 0.78> <CoreInst = "Adder">   --->   Core 1 'Adder' <Latency = 0> <II = 1> <Delay = 0.78> <FuncUnit> <Opcode : 'add' 'sub'> <InPorts = 2> <OutPorts = 1>
ST_1 : Operation 21 [1/1] (0.00ns)   --->   "%CI_WORDS = partselect i6 @_ssdm_op_PartSelect.i6.i10.i32.i32, i10 %add_ln183, i32 4, i32 9" [../gen2/Hls_Layers_UpConv.tpp:183]   --->   Operation 21 'partselect' 'CI_WORDS' <Predicate = true> <Delay = 0.00>
ST_1 : Operation 22 [1/1] (0.00ns)   --->   "%CI_WORDS_cast_i = zext i6 %CI_WORDS" [../gen2/Hls_Layers_UpConv.tpp:183]   --->   Operation 22 'zext' 'CI_WORDS_cast_i' <Predicate = true> <Delay = 0.00>
ST_1 : Operation 23 [1/1] (0.00ns)   --->   "%specmemcore_ln0 = specmemcore void @_ssdm_op_SpecMemCore, i256 %wbuf_4_i, i64 666, i64 31, i64 18446744073709551615"   --->   Operation 23 'specmemcore' 'specmemcore_ln0' <Predicate = true> <Delay = 0.00>
ST_1 : Operation 24 [1/1] (0.00ns)   --->   "%specmemcore_ln0 = specmemcore void @_ssdm_op_SpecMemCore, i256 %wbuf_1_i_167, i64 666, i64 31, i64 18446744073709551615"   --->   Operation 24 'specmemcore' 'specmemcore_ln0' <Predicate = true> <Delay = 0.00>
ST_1 : Operation 25 [1/1] (0.00ns)   --->   "%specmemcore_ln0 = specmemcore void @_ssdm_op_SpecMemCore, i256 %wbuf_2_i_166, i64 666, i64 31, i64 18446744073709551615"   --->   Operation 25 'specmemcore' 'specmemcore_ln0' <Predicate = true> <Delay = 0.00>
ST_1 : Operation 26 [1/1] (0.00ns)   --->   "%specmemcore_ln0 = specmemcore void @_ssdm_op_SpecMemCore, i256 %wbuf_3_i_165, i64 666, i64 31, i64 18446744073709551615"   --->   Operation 26 'specmemcore' 'specmemcore_ln0' <Predicate = true> <Delay = 0.00>
ST_1 : Operation 27 [1/1] (0.00ns)   --->   "%specmemcore_ln0 = specmemcore void @_ssdm_op_SpecMemCore, i256 %wbuf_3_i, i64 666, i64 31, i64 18446744073709551615"   --->   Operation 27 'specmemcore' 'specmemcore_ln0' <Predicate = true> <Delay = 0.00>
ST_1 : Operation 28 [1/1] (0.00ns)   --->   "%specmemcore_ln0 = specmemcore void @_ssdm_op_SpecMemCore, i256 %wbuf_2_i, i64 666, i64 31, i64 18446744073709551615"   --->   Operation 28 'specmemcore' 'specmemcore_ln0' <Predicate = true> <Delay = 0.00>
ST_1 : Operation 29 [1/1] (0.00ns)   --->   "%specmemcore_ln0 = specmemcore void @_ssdm_op_SpecMemCore, i256 %wbuf_1_i, i64 666, i64 31, i64 18446744073709551615"   --->   Operation 29 'specmemcore' 'specmemcore_ln0' <Predicate = true> <Delay = 0.00>
ST_1 : Operation 30 [1/1] (0.00ns)   --->   "%specmemcore_ln0 = specmemcore void @_ssdm_op_SpecMemCore, i256 %wbuf_i, i64 666, i64 31, i64 18446744073709551615"   --->   Operation 30 'specmemcore' 'specmemcore_ln0' <Predicate = true> <Delay = 0.00>
ST_1 : Operation 31 [1/1] (0.00ns)   --->   "%specinterface_ln0 = specinterface void @_ssdm_op_SpecInterface, i256 %gmem_weight, void @empty_161, i32 0, i32 0, void @empty_80, i32 0, i32 0, void @empty_56, void @empty_138, void @empty_80, i32 16, i32 16, i32 64, i32 16, void @empty_80, void @empty_80, i32 4294967295, i32 0, i32 0"   --->   Operation 31 'specinterface' 'specinterface_ln0' <Predicate = true> <Delay = 0.00>
ST_1 : Operation 32 [1/1] (0.00ns)   --->   "%co_base = bitconcatenate i9 @_ssdm_op_BitConcatenate.i9.i6.i3, i6 %tile_read, i3 0" [../gen2/Hls_Layers_UpConv.tpp:78->../gen2/Hls_Layers_UpConv.tpp:219->../gen2/Hls_Layers_UpConv.tpp:216]   --->   Operation 32 'bitconcatenate' 'co_base' <Predicate = true> <Delay = 0.00>
ST_1 : Operation 33 [1/1] (0.00ns)   --->   "%tmp_1 = bitconcatenate i9 @_ssdm_op_BitConcatenate.i9.i6.i3, i6 %CI_WORDS, i3 0" [../gen2/Hls_Layers_UpConv.tpp:183]   --->   Operation 33 'bitconcatenate' 'tmp_1' <Predicate = true> <Delay = 0.00>
ST_1 : Operation 34 [1/1] (0.00ns)   --->   "%p_shl56 = zext i9 %tmp_1" [../gen2/Hls_Layers_UpConv.tpp:183]   --->   Operation 34 'zext' 'p_shl56' <Predicate = true> <Delay = 0.00>
ST_1 : Operation 35 [1/1] (0.77ns)   --->   "%mul3_i = add i10 %p_shl56, i10 %CI_WORDS_cast_i" [../gen2/Hls_Layers_UpConv.tpp:183]   --->   Operation 35 'add' 'mul3_i' <Predicate = true> <Delay = 0.77> <CoreInst = "Adder">   --->   Core 1 'Adder' <Latency = 0> <II = 1> <Delay = 0.78> <FuncUnit> <Opcode : 'add' 'sub'> <InPorts = 2> <OutPorts = 1>
ST_1 : Operation 36 [1/1] (0.00ns)   --->   "%wide_trip_count_i = zext i10 %mul3_i" [../gen2/Hls_Layers_UpConv.tpp:183]   --->   Operation 36 'zext' 'wide_trip_count_i' <Predicate = true> <Delay = 0.00>
ST_1 : Operation 37 [1/1] (0.00ns)   --->   "%tmp_2 = bitconcatenate i14 @_ssdm_op_BitConcatenate.i14.i6.i8, i6 %CI_WORDS, i8 0" [../gen2/Hls_Layers_UpConv.tpp:79->../gen2/Hls_Layers_UpConv.tpp:219->../gen2/Hls_Layers_UpConv.tpp:216]   --->   Operation 37 'bitconcatenate' 'tmp_2' <Predicate = true> <Delay = 0.00>
ST_1 : Operation 38 [1/1] (0.00ns)   --->   "%zext_ln79_4 = zext i14 %tmp_2" [../gen2/Hls_Layers_UpConv.tpp:79->../gen2/Hls_Layers_UpConv.tpp:219->../gen2/Hls_Layers_UpConv.tpp:216]   --->   Operation 38 'zext' 'zext_ln79_4' <Predicate = true> <Delay = 0.00>
ST_1 : Operation 39 [1/1] (0.00ns)   --->   "%tmp_3 = bitconcatenate i11 @_ssdm_op_BitConcatenate.i11.i6.i5, i6 %CI_WORDS, i5 0" [../gen2/Hls_Layers_UpConv.tpp:79->../gen2/Hls_Layers_UpConv.tpp:219->../gen2/Hls_Layers_UpConv.tpp:216]   --->   Operation 39 'bitconcatenate' 'tmp_3' <Predicate = true> <Delay = 0.00>
ST_1 : Operation 40 [1/1] (0.00ns)   --->   "%zext_ln79_5 = zext i11 %tmp_3" [../gen2/Hls_Layers_UpConv.tpp:79->../gen2/Hls_Layers_UpConv.tpp:219->../gen2/Hls_Layers_UpConv.tpp:216]   --->   Operation 40 'zext' 'zext_ln79_5' <Predicate = true> <Delay = 0.00>
ST_1 : Operation 41 [1/1] (0.83ns)   --->   "%add_ln79_2 = add i15 %zext_ln79_4, i15 %zext_ln79_5" [../gen2/Hls_Layers_UpConv.tpp:79->../gen2/Hls_Layers_UpConv.tpp:219->../gen2/Hls_Layers_UpConv.tpp:216]   --->   Operation 41 'add' 'add_ln79_2' <Predicate = true> <Delay = 0.83> <CoreInst = "Adder">   --->   Core 1 'Adder' <Latency = 0> <II = 1> <Delay = 0.84> <FuncUnit> <Opcode : 'add' 'sub'> <InPorts = 2> <OutPorts = 1>
ST_1 : Operation 42 [1/1] (0.00ns)   --->   "%zext_ln79 = zext i15 %add_ln79_2" [../gen2/Hls_Layers_UpConv.tpp:79->../gen2/Hls_Layers_UpConv.tpp:219->../gen2/Hls_Layers_UpConv.tpp:216]   --->   Operation 42 'zext' 'zext_ln79' <Predicate = true> <Delay = 0.00>
ST_1 : Operation 43 [1/1] (0.42ns)   --->   "%store_ln79 = store i4 0, i4 %tc" [../gen2/Hls_Layers_UpConv.tpp:79->../gen2/Hls_Layers_UpConv.tpp:219->../gen2/Hls_Layers_UpConv.tpp:216]   --->   Operation 43 'store' 'store_ln79' <Predicate = true> <Delay = 0.42>
ST_1 : Operation 44 [1/1] (0.00ns)   --->   "%br_ln79 = br void %for.body.i" [../gen2/Hls_Layers_UpConv.tpp:79->../gen2/Hls_Layers_UpConv.tpp:219->../gen2/Hls_Layers_UpConv.tpp:216]   --->   Operation 44 'br' 'br_ln79' <Predicate = true> <Delay = 0.00>

State 2 <SV = 1> <Delay = 1.55>
ST_2 : Operation 45 [1/1] (0.00ns)   --->   "%tc_1 = load i4 %tc" [../gen2/Hls_Layers_UpConv.tpp:79->../gen2/Hls_Layers_UpConv.tpp:219->../gen2/Hls_Layers_UpConv.tpp:216]   --->   Operation 45 'load' 'tc_1' <Predicate = true> <Delay = 0.00>
ST_2 : Operation 46 [1/1] (0.79ns)   --->   "%icmp_ln79 = icmp_eq  i4 %tc_1, i4 8" [../gen2/Hls_Layers_UpConv.tpp:79->../gen2/Hls_Layers_UpConv.tpp:219->../gen2/Hls_Layers_UpConv.tpp:216]   --->   Operation 46 'icmp' 'icmp_ln79' <Predicate = true> <Delay = 0.79> <CoreInst = "Cmp">   --->   Core 9 'Cmp' <Latency = 0> <II = 1> <Delay = 0.78> <FuncUnit> <Opcode : 'seteq' 'setne' 'setle' 'setge' 'setlt' 'setgt'> <InPorts = 2> <OutPorts = 1>
ST_2 : Operation 47 [1/1] (0.79ns)   --->   "%add_ln79_1 = add i4 %tc_1, i4 1" [../gen2/Hls_Layers_UpConv.tpp:79->../gen2/Hls_Layers_UpConv.tpp:219->../gen2/Hls_Layers_UpConv.tpp:216]   --->   Operation 47 'add' 'add_ln79_1' <Predicate = true> <Delay = 0.79> <CoreInst = "Adder">   --->   Core 1 'Adder' <Latency = 0> <II = 1> <Delay = 0.79> <FuncUnit> <Opcode : 'add' 'sub'> <InPorts = 2> <OutPorts = 1>
ST_2 : Operation 48 [1/1] (0.00ns)   --->   "%br_ln79 = br i1 %icmp_ln79, void %for.body.split.i, void %uc_load_tile<8>2.exit" [../gen2/Hls_Layers_UpConv.tpp:79->../gen2/Hls_Layers_UpConv.tpp:219->../gen2/Hls_Layers_UpConv.tpp:216]   --->   Operation 48 'br' 'br_ln79' <Predicate = true> <Delay = 0.00>
ST_2 : Operation 49 [1/1] (0.00ns)   --->   "%trunc_ln79 = trunc i4 %tc_1" [../gen2/Hls_Layers_UpConv.tpp:79->../gen2/Hls_Layers_UpConv.tpp:219->../gen2/Hls_Layers_UpConv.tpp:216]   --->   Operation 49 'trunc' 'trunc_ln79' <Predicate = (!icmp_ln79)> <Delay = 0.00>
ST_2 : Operation 50 [1/1] (0.00ns)   --->   "%zext_ln79_1 = zext i4 %tc_1" [../gen2/Hls_Layers_UpConv.tpp:79->../gen2/Hls_Layers_UpConv.tpp:219->../gen2/Hls_Layers_UpConv.tpp:216]   --->   Operation 50 'zext' 'zext_ln79_1' <Predicate = (!icmp_ln79)> <Delay = 0.00>
ST_2 : Operation 51 [1/1] (0.77ns)   --->   "%empty = add i9 %co_base, i9 %zext_ln79_1" [../gen2/Hls_Layers_UpConv.tpp:78->../gen2/Hls_Layers_UpConv.tpp:219->../gen2/Hls_Layers_UpConv.tpp:216]   --->   Operation 51 'add' 'empty' <Predicate = (!icmp_ln79)> <Delay = 0.77> <CoreInst = "Adder">   --->   Core 1 'Adder' <Latency = 0> <II = 1> <Delay = 0.77> <FuncUnit> <Opcode : 'add' 'sub'> <InPorts = 2> <OutPorts = 1>
ST_2 : Operation 52 [1/1] (0.77ns)   --->   "%icmp_ln81 = icmp_ult  i9 %empty, i9 %C_OUT_read" [../gen2/Hls_Layers_UpConv.tpp:81->../gen2/Hls_Layers_UpConv.tpp:219->../gen2/Hls_Layers_UpConv.tpp:216]   --->   Operation 52 'icmp' 'icmp_ln81' <Predicate = (!icmp_ln79)> <Delay = 0.77> <CoreInst = "Cmp">   --->   Core 9 'Cmp' <Latency = 0> <II = 1> <Delay = 0.77> <FuncUnit> <Opcode : 'seteq' 'setne' 'setle' 'setge' 'setlt' 'setgt'> <InPorts = 2> <OutPorts = 1>
ST_2 : Operation 53 [1/1] (0.00ns)   --->   "%mrv = insertvalue i25 <undef>, i6 %tile_read" [../gen2/Hls_Layers_UpConv.tpp:219->../gen2/Hls_Layers_UpConv.tpp:216]   --->   Operation 53 'insertvalue' 'mrv' <Predicate = (icmp_ln79)> <Delay = 0.00>
ST_2 : Operation 54 [1/1] (0.00ns)   --->   "%mrv_1 = insertvalue i25 %mrv, i9 %C_OUT_read" [../gen2/Hls_Layers_UpConv.tpp:219->../gen2/Hls_Layers_UpConv.tpp:216]   --->   Operation 54 'insertvalue' 'mrv_1' <Predicate = (icmp_ln79)> <Delay = 0.00>
ST_2 : Operation 55 [1/1] (0.00ns)   --->   "%mrv_2 = insertvalue i25 %mrv_1, i10 %C_IN_read" [../gen2/Hls_Layers_UpConv.tpp:219->../gen2/Hls_Layers_UpConv.tpp:216]   --->   Operation 55 'insertvalue' 'mrv_2' <Predicate = (icmp_ln79)> <Delay = 0.00>
ST_2 : Operation 56 [1/1] (0.00ns)   --->   "%ret_ln219 = ret i25 %mrv_2" [../gen2/Hls_Layers_UpConv.tpp:219->../gen2/Hls_Layers_UpConv.tpp:216]   --->   Operation 56 'ret' 'ret_ln219' <Predicate = (icmp_ln79)> <Delay = 0.00>

State 3 <SV = 2> <Delay = 2.33>
ST_3 : Operation 57 [1/1] (0.00ns)   --->   "%zext_ln79_2 = zext i9 %empty" [../gen2/Hls_Layers_UpConv.tpp:79->../gen2/Hls_Layers_UpConv.tpp:219->../gen2/Hls_Layers_UpConv.tpp:216]   --->   Operation 57 'zext' 'zext_ln79_2' <Predicate = true> <Delay = 0.00>
ST_3 : Operation 58 [1/1] (2.33ns)   --->   "%mul_ln79 = mul i24 %zext_ln79, i24 %zext_ln79_2" [../gen2/Hls_Layers_UpConv.tpp:79->../gen2/Hls_Layers_UpConv.tpp:219->../gen2/Hls_Layers_UpConv.tpp:216]   --->   Operation 58 'mul' 'mul_ln79' <Predicate = true> <Delay = 2.33> <CoreInst = "Multiplier">   --->   Core 3 'Multiplier' <Latency = 0> <II = 1> <Delay = 2.33> <FuncUnit> <Opcode : 'mul'> <InPorts = 2> <OutPorts = 1>

State 4 <SV = 3> <Delay = 1.08>
ST_4 : Operation 59 [1/1] (0.00ns)   --->   "%speclooptripcount_ln79 = speclooptripcount void @_ssdm_op_SpecLoopTripCount, i64 8, i64 8, i64 8" [../gen2/Hls_Layers_UpConv.tpp:79->../gen2/Hls_Layers_UpConv.tpp:219->../gen2/Hls_Layers_UpConv.tpp:216]   --->   Operation 59 'speclooptripcount' 'speclooptripcount_ln79' <Predicate = true> <Delay = 0.00>
ST_4 : Operation 60 [1/1] (0.00ns)   --->   "%specloopname_ln79 = specloopname void @_ssdm_op_SpecLoopName, void @empty_150" [../gen2/Hls_Layers_UpConv.tpp:79->../gen2/Hls_Layers_UpConv.tpp:219->../gen2/Hls_Layers_UpConv.tpp:216]   --->   Operation 60 'specloopname' 'specloopname_ln79' <Predicate = true> <Delay = 0.00>
ST_4 : Operation 61 [1/1] (0.00ns)   --->   "%zext_ln79_3 = zext i24 %mul_ln79" [../gen2/Hls_Layers_UpConv.tpp:79->../gen2/Hls_Layers_UpConv.tpp:219->../gen2/Hls_Layers_UpConv.tpp:216]   --->   Operation 61 'zext' 'zext_ln79_3' <Predicate = true> <Delay = 0.00>
ST_4 : Operation 62 [1/1] (1.08ns)   --->   "%add_ln79 = add i64 %zext_ln79_3, i64 %W_ptr_read" [../gen2/Hls_Layers_UpConv.tpp:79->../gen2/Hls_Layers_UpConv.tpp:219->../gen2/Hls_Layers_UpConv.tpp:216]   --->   Operation 62 'add' 'add_ln79' <Predicate = true> <Delay = 1.08> <CoreInst = "Adder">   --->   Core 1 'Adder' <Latency = 0> <II = 1> <Delay = 1.08> <FuncUnit> <Opcode : 'add' 'sub'> <InPorts = 2> <OutPorts = 1>
ST_4 : Operation 63 [1/1] (0.00ns)   --->   "%br_ln81 = br i1 %icmp_ln81, void %for.inc21.i, void %W_FLAT.i" [../gen2/Hls_Layers_UpConv.tpp:81->../gen2/Hls_Layers_UpConv.tpp:219->../gen2/Hls_Layers_UpConv.tpp:216]   --->   Operation 63 'br' 'br_ln81' <Predicate = true> <Delay = 0.00>
ST_4 : Operation 64 [1/1] (0.00ns)   --->   "%trunc_ln2 = partselect i59 @_ssdm_op_PartSelect.i59.i64.i32.i32, i64 %add_ln79, i32 5, i32 63" [../gen2/Hls_Layers_UpConv.tpp:83->../gen2/Hls_Layers_UpConv.tpp:219->../gen2/Hls_Layers_UpConv.tpp:216]   --->   Operation 64 'partselect' 'trunc_ln2' <Predicate = (icmp_ln81)> <Delay = 0.00>

State 5 <SV = 4> <Delay = 2.43>
ST_5 : Operation 65 [1/1] (0.00ns)   --->   "%sext_ln83 = sext i59 %trunc_ln2" [../gen2/Hls_Layers_UpConv.tpp:83->../gen2/Hls_Layers_UpConv.tpp:219->../gen2/Hls_Layers_UpConv.tpp:216]   --->   Operation 65 'sext' 'sext_ln83' <Predicate = true> <Delay = 0.00>
ST_5 : Operation 66 [1/1] (0.00ns)   --->   "%gmem_weight_addr = getelementptr i256 %gmem_weight, i64 %sext_ln83" [../gen2/Hls_Layers_UpConv.tpp:83->../gen2/Hls_Layers_UpConv.tpp:219->../gen2/Hls_Layers_UpConv.tpp:216]   --->   Operation 66 'getelementptr' 'gmem_weight_addr' <Predicate = true> <Delay = 0.00>
ST_5 : Operation 67 [8/8] (2.43ns)   --->   "%empty_196 = readreq i1 @_ssdm_op_ReadReq.m_axi.p1i256, i64 %gmem_weight_addr, i64 %wide_trip_count_i" [../gen2/Hls_Layers_UpConv.tpp:83->../gen2/Hls_Layers_UpConv.tpp:219->../gen2/Hls_Layers_UpConv.tpp:216]   --->   Operation 67 'readreq' 'empty_196' <Predicate = true> <Delay = 2.43> <CoreInst = "m_axi">   --->   Core 119 'm_axi' <Latency = 6> <II = 1> <Delay = 1.00> <Adapter> <Opcode : 'read' 'write' 'readreq' 'writereq' 'writeresp'>

State 6 <SV = 5> <Delay = 2.43>
ST_6 : Operation 68 [7/8] (2.43ns)   --->   "%empty_196 = readreq i1 @_ssdm_op_ReadReq.m_axi.p1i256, i64 %gmem_weight_addr, i64 %wide_trip_count_i" [../gen2/Hls_Layers_UpConv.tpp:83->../gen2/Hls_Layers_UpConv.tpp:219->../gen2/Hls_Layers_UpConv.tpp:216]   --->   Operation 68 'readreq' 'empty_196' <Predicate = true> <Delay = 2.43> <CoreInst = "m_axi">   --->   Core 119 'm_axi' <Latency = 6> <II = 1> <Delay = 1.00> <Adapter> <Opcode : 'read' 'write' 'readreq' 'writereq' 'writeresp'>

State 7 <SV = 6> <Delay = 2.43>
ST_7 : Operation 69 [6/8] (2.43ns)   --->   "%empty_196 = readreq i1 @_ssdm_op_ReadReq.m_axi.p1i256, i64 %gmem_weight_addr, i64 %wide_trip_count_i" [../gen2/Hls_Layers_UpConv.tpp:83->../gen2/Hls_Layers_UpConv.tpp:219->../gen2/Hls_Layers_UpConv.tpp:216]   --->   Operation 69 'readreq' 'empty_196' <Predicate = true> <Delay = 2.43> <CoreInst = "m_axi">   --->   Core 119 'm_axi' <Latency = 6> <II = 1> <Delay = 1.00> <Adapter> <Opcode : 'read' 'write' 'readreq' 'writereq' 'writeresp'>

State 8 <SV = 7> <Delay = 2.43>
ST_8 : Operation 70 [5/8] (2.43ns)   --->   "%empty_196 = readreq i1 @_ssdm_op_ReadReq.m_axi.p1i256, i64 %gmem_weight_addr, i64 %wide_trip_count_i" [../gen2/Hls_Layers_UpConv.tpp:83->../gen2/Hls_Layers_UpConv.tpp:219->../gen2/Hls_Layers_UpConv.tpp:216]   --->   Operation 70 'readreq' 'empty_196' <Predicate = true> <Delay = 2.43> <CoreInst = "m_axi">   --->   Core 119 'm_axi' <Latency = 6> <II = 1> <Delay = 1.00> <Adapter> <Opcode : 'read' 'write' 'readreq' 'writereq' 'writeresp'>

State 9 <SV = 8> <Delay = 2.43>
ST_9 : Operation 71 [4/8] (2.43ns)   --->   "%empty_196 = readreq i1 @_ssdm_op_ReadReq.m_axi.p1i256, i64 %gmem_weight_addr, i64 %wide_trip_count_i" [../gen2/Hls_Layers_UpConv.tpp:83->../gen2/Hls_Layers_UpConv.tpp:219->../gen2/Hls_Layers_UpConv.tpp:216]   --->   Operation 71 'readreq' 'empty_196' <Predicate = true> <Delay = 2.43> <CoreInst = "m_axi">   --->   Core 119 'm_axi' <Latency = 6> <II = 1> <Delay = 1.00> <Adapter> <Opcode : 'read' 'write' 'readreq' 'writereq' 'writeresp'>

State 10 <SV = 9> <Delay = 2.43>
ST_10 : Operation 72 [3/8] (2.43ns)   --->   "%empty_196 = readreq i1 @_ssdm_op_ReadReq.m_axi.p1i256, i64 %gmem_weight_addr, i64 %wide_trip_count_i" [../gen2/Hls_Layers_UpConv.tpp:83->../gen2/Hls_Layers_UpConv.tpp:219->../gen2/Hls_Layers_UpConv.tpp:216]   --->   Operation 72 'readreq' 'empty_196' <Predicate = true> <Delay = 2.43> <CoreInst = "m_axi">   --->   Core 119 'm_axi' <Latency = 6> <II = 1> <Delay = 1.00> <Adapter> <Opcode : 'read' 'write' 'readreq' 'writereq' 'writeresp'>

State 11 <SV = 10> <Delay = 2.43>
ST_11 : Operation 73 [2/8] (2.43ns)   --->   "%empty_196 = readreq i1 @_ssdm_op_ReadReq.m_axi.p1i256, i64 %gmem_weight_addr, i64 %wide_trip_count_i" [../gen2/Hls_Layers_UpConv.tpp:83->../gen2/Hls_Layers_UpConv.tpp:219->../gen2/Hls_Layers_UpConv.tpp:216]   --->   Operation 73 'readreq' 'empty_196' <Predicate = true> <Delay = 2.43> <CoreInst = "m_axi">   --->   Core 119 'm_axi' <Latency = 6> <II = 1> <Delay = 1.00> <Adapter> <Opcode : 'read' 'write' 'readreq' 'writereq' 'writeresp'>

State 12 <SV = 11> <Delay = 2.43>
ST_12 : Operation 74 [1/8] (2.43ns)   --->   "%empty_196 = readreq i1 @_ssdm_op_ReadReq.m_axi.p1i256, i64 %gmem_weight_addr, i64 %wide_trip_count_i" [../gen2/Hls_Layers_UpConv.tpp:83->../gen2/Hls_Layers_UpConv.tpp:219->../gen2/Hls_Layers_UpConv.tpp:216]   --->   Operation 74 'readreq' 'empty_196' <Predicate = true> <Delay = 2.43> <CoreInst = "m_axi">   --->   Core 119 'm_axi' <Latency = 6> <II = 1> <Delay = 1.00> <Adapter> <Opcode : 'read' 'write' 'readreq' 'writereq' 'writeresp'>

State 13 <SV = 12> <Delay = 1.21>
ST_13 : Operation 75 [2/2] (1.21ns)   --->   "%call_ln183 = call void @uc_load_tile<8>2_Pipeline_W_FLAT, i10 %mul3_i, i6 %CI_WORDS, i256 %gmem_weight, i59 %trunc_ln2, i256 %wbuf_i, i256 %wbuf_1_i, i256 %wbuf_2_i, i256 %wbuf_3_i, i256 %wbuf_3_i_165, i256 %wbuf_2_i_166, i256 %wbuf_1_i_167, i256 %wbuf_4_i, i3 %trunc_ln79" [../gen2/Hls_Layers_UpConv.tpp:183]   --->   Operation 75 'call' 'call_ln183' <Predicate = true> <Delay = 1.21> <CoreType = "Generic">   --->   Generic Core

State 14 <SV = 13> <Delay = 0.42>
ST_14 : Operation 76 [1/2] (0.00ns)   --->   "%call_ln183 = call void @uc_load_tile<8>2_Pipeline_W_FLAT, i10 %mul3_i, i6 %CI_WORDS, i256 %gmem_weight, i59 %trunc_ln2, i256 %wbuf_i, i256 %wbuf_1_i, i256 %wbuf_2_i, i256 %wbuf_3_i, i256 %wbuf_3_i_165, i256 %wbuf_2_i_166, i256 %wbuf_1_i_167, i256 %wbuf_4_i, i3 %trunc_ln79" [../gen2/Hls_Layers_UpConv.tpp:183]   --->   Operation 76 'call' 'call_ln183' <Predicate = (icmp_ln81)> <Delay = 0.00> <CoreType = "Generic">   --->   Generic Core
ST_14 : Operation 77 [1/1] (0.00ns)   --->   "%br_ln0 = br void %for.inc21.i"   --->   Operation 77 'br' 'br_ln0' <Predicate = (icmp_ln81)> <Delay = 0.00>
ST_14 : Operation 78 [1/1] (0.42ns)   --->   "%store_ln79 = store i4 %add_ln79_1, i4 %tc" [../gen2/Hls_Layers_UpConv.tpp:79->../gen2/Hls_Layers_UpConv.tpp:219->../gen2/Hls_Layers_UpConv.tpp:216]   --->   Operation 78 'store' 'store_ln79' <Predicate = true> <Delay = 0.42>
ST_14 : Operation 79 [1/1] (0.00ns)   --->   "%br_ln79 = br void %for.body.i" [../gen2/Hls_Layers_UpConv.tpp:79->../gen2/Hls_Layers_UpConv.tpp:219->../gen2/Hls_Layers_UpConv.tpp:216]   --->   Operation 79 'br' 'br_ln79' <Predicate = true> <Delay = 0.00>


============================================================
+ Verbose Summary: Binding
============================================================
STG Binding: 
---------------- STG Properties BEGIN ----------------
- Is combinational: 0
- Is one-state seq: 0
- Is datapath-only: 0
- Is pipelined: 0
- Is top level: 0
Port [ Return ] is wired: 1; IO mode=ap_ctrl_hs:ce=0
Port [ gmem_weight]:  wired=1; compound=1; hidden=0; nouse=0; global=0; static=0; extern=0; dir=0; type=4; pingpong=0; private_global=0; IO mode=m_axi:ce=0
Port [ W_ptr]:  wired=1; compound=0; hidden=0; nouse=0; global=0; static=0; extern=0; dir=0; type=0; pingpong=0; private_global=0; IO mode=ap_none:ce=0
Port [ tile]:  wired=1; compound=0; hidden=0; nouse=0; global=0; static=0; extern=0; dir=0; type=0; pingpong=0; private_global=0; IO mode=ap_none:ce=0
Port [ C_OUT]:  wired=1; compound=0; hidden=0; nouse=0; global=0; static=0; extern=0; dir=0; type=0; pingpong=0; private_global=0; IO mode=ap_none:ce=0
Port [ C_IN]:  wired=1; compound=0; hidden=0; nouse=0; global=0; static=0; extern=0; dir=0; type=0; pingpong=0; private_global=0; IO mode=ap_none:ce=0
Port [ wbuf_4_i]:  wired=1; compound=1; hidden=0; nouse=0; global=0; static=0; extern=0; dir=1; type=1; pingpong=1; private_global=0; MemPort=[03]; IO mode=ap_memory:ce=0
Port [ wbuf_1_i_167]:  wired=1; compound=1; hidden=0; nouse=0; global=0; static=0; extern=0; dir=1; type=1; pingpong=1; private_global=0; MemPort=[03]; IO mode=ap_memory:ce=0
Port [ wbuf_2_i_166]:  wired=1; compound=1; hidden=0; nouse=0; global=0; static=0; extern=0; dir=1; type=1; pingpong=1; private_global=0; MemPort=[03]; IO mode=ap_memory:ce=0
Port [ wbuf_3_i_165]:  wired=1; compound=1; hidden=0; nouse=0; global=0; static=0; extern=0; dir=1; type=1; pingpong=1; private_global=0; MemPort=[03]; IO mode=ap_memory:ce=0
Port [ wbuf_3_i]:  wired=1; compound=1; hidden=0; nouse=0; global=0; static=0; extern=0; dir=1; type=1; pingpong=1; private_global=0; MemPort=[03]; IO mode=ap_memory:ce=0
Port [ wbuf_2_i]:  wired=1; compound=1; hidden=0; nouse=0; global=0; static=0; extern=0; dir=1; type=1; pingpong=1; private_global=0; MemPort=[03]; IO mode=ap_memory:ce=0
Port [ wbuf_1_i]:  wired=1; compound=1; hidden=0; nouse=0; global=0; static=0; extern=0; dir=1; type=1; pingpong=1; private_global=0; MemPort=[03]; IO mode=ap_memory:ce=0
Port [ wbuf_i]:  wired=1; compound=1; hidden=0; nouse=0; global=0; static=0; extern=0; dir=1; type=1; pingpong=1; private_global=0; MemPort=[03]; IO mode=ap_memory:ce=0
---------------- STG Properties END ------------------

---------------- Datapath Model BEGIN ----------------

<LifeTime>
<method=bitvector/>
tc                     (alloca           ) [ 011111111111111]
C_IN_read              (read             ) [ 001111111111111]
C_OUT_read             (read             ) [ 001111111111111]
tile_read              (read             ) [ 001111111111111]
W_ptr_read             (read             ) [ 001111111111111]
add_ln183              (add              ) [ 000000000000000]
CI_WORDS               (partselect       ) [ 001111111111111]
CI_WORDS_cast_i        (zext             ) [ 000000000000000]
specmemcore_ln0        (specmemcore      ) [ 000000000000000]
specmemcore_ln0        (specmemcore      ) [ 000000000000000]
specmemcore_ln0        (specmemcore      ) [ 000000000000000]
specmemcore_ln0        (specmemcore      ) [ 000000000000000]
specmemcore_ln0        (specmemcore      ) [ 000000000000000]
specmemcore_ln0        (specmemcore      ) [ 000000000000000]
specmemcore_ln0        (specmemcore      ) [ 000000000000000]
specmemcore_ln0        (specmemcore      ) [ 000000000000000]
specinterface_ln0      (specinterface    ) [ 000000000000000]
co_base                (bitconcatenate   ) [ 001111111111111]
tmp_1                  (bitconcatenate   ) [ 000000000000000]
p_shl56                (zext             ) [ 000000000000000]
mul3_i                 (add              ) [ 001111111111111]
wide_trip_count_i      (zext             ) [ 001111111111111]
tmp_2                  (bitconcatenate   ) [ 000000000000000]
zext_ln79_4            (zext             ) [ 000000000000000]
tmp_3                  (bitconcatenate   ) [ 000000000000000]
zext_ln79_5            (zext             ) [ 000000000000000]
add_ln79_2             (add              ) [ 000000000000000]
zext_ln79              (zext             ) [ 001111111111111]
store_ln79             (store            ) [ 000000000000000]
br_ln79                (br               ) [ 000000000000000]
tc_1                   (load             ) [ 000000000000000]
icmp_ln79              (icmp             ) [ 001111111111111]
add_ln79_1             (add              ) [ 000111111111111]
br_ln79                (br               ) [ 000000000000000]
trunc_ln79             (trunc            ) [ 000111111111111]
zext_ln79_1            (zext             ) [ 000000000000000]
empty                  (add              ) [ 000100000000000]
icmp_ln81              (icmp             ) [ 000111111111111]
mrv                    (insertvalue      ) [ 000000000000000]
mrv_1                  (insertvalue      ) [ 000000000000000]
mrv_2                  (insertvalue      ) [ 000000000000000]
ret_ln219              (ret              ) [ 000000000000000]
zext_ln79_2            (zext             ) [ 000000000000000]
mul_ln79               (mul              ) [ 000010000000000]
speclooptripcount_ln79 (speclooptripcount) [ 000000000000000]
specloopname_ln79      (specloopname     ) [ 000000000000000]
zext_ln79_3            (zext             ) [ 000000000000000]
add_ln79               (add              ) [ 000000000000000]
br_ln81                (br               ) [ 000000000000000]
trunc_ln2              (partselect       ) [ 000001111111111]
sext_ln83              (sext             ) [ 000000000000000]
gmem_weight_addr       (getelementptr    ) [ 000000111111100]
empty_196              (readreq          ) [ 000000000000000]
call_ln183             (call             ) [ 000000000000000]
br_ln0                 (br               ) [ 000000000000000]
store_ln79             (store            ) [ 000000000000000]
br_ln79                (br               ) [ 000000000000000]
</LifeTime>

<model>

<comp_list>
<comp id="0" class="1000" name="gmem_weight">
<pin_list>
<pin id="1" dir="1" index="0" bw="1" slack="0"/>
</pin_list>
<bind>
<StgValue><ssdm name="gmem_weight"/><MemPortTyVec>0 </MemPortTyVec>
</StgValue>
</bind>
</comp>

<comp id="2" class="1000" name="W_ptr">
<pin_list>
<pin id="3" dir="1" index="0" bw="1" slack="0"/>
</pin_list>
<bind>
<StgValue><ssdm name="W_ptr"/></StgValue>
</bind>
</comp>

<comp id="4" class="1000" name="tile">
<pin_list>
<pin id="5" dir="1" index="0" bw="1" slack="0"/>
</pin_list>
<bind>
<StgValue><ssdm name="tile"/></StgValue>
</bind>
</comp>

<comp id="6" class="1000" name="C_OUT">
<pin_list>
<pin id="7" dir="1" index="0" bw="1" slack="0"/>
</pin_list>
<bind>
<StgValue><ssdm name="C_OUT"/></StgValue>
</bind>
</comp>

<comp id="8" class="1000" name="C_IN">
<pin_list>
<pin id="9" dir="1" index="0" bw="1" slack="0"/>
</pin_list>
<bind>
<StgValue><ssdm name="C_IN"/></StgValue>
</bind>
</comp>

<comp id="10" class="1000" name="wbuf_4_i">
<pin_list>
<pin id="11" dir="1" index="0" bw="1" slack="0"/>
</pin_list>
<bind>
<StgValue><ssdm name="wbuf_4_i"/><MemPortTyVec>0 3 </MemPortTyVec>
</StgValue>
</bind>
</comp>

<comp id="12" class="1000" name="wbuf_1_i_167">
<pin_list>
<pin id="13" dir="1" index="0" bw="1" slack="0"/>
</pin_list>
<bind>
<StgValue><ssdm name="wbuf_1_i_167"/><MemPortTyVec>0 3 </MemPortTyVec>
</StgValue>
</bind>
</comp>

<comp id="14" class="1000" name="wbuf_2_i_166">
<pin_list>
<pin id="15" dir="1" index="0" bw="1" slack="0"/>
</pin_list>
<bind>
<StgValue><ssdm name="wbuf_2_i_166"/><MemPortTyVec>0 3 </MemPortTyVec>
</StgValue>
</bind>
</comp>

<comp id="16" class="1000" name="wbuf_3_i_165">
<pin_list>
<pin id="17" dir="1" index="0" bw="1" slack="0"/>
</pin_list>
<bind>
<StgValue><ssdm name="wbuf_3_i_165"/><MemPortTyVec>0 3 </MemPortTyVec>
</StgValue>
</bind>
</comp>

<comp id="18" class="1000" name="wbuf_3_i">
<pin_list>
<pin id="19" dir="1" index="0" bw="1" slack="0"/>
</pin_list>
<bind>
<StgValue><ssdm name="wbuf_3_i"/><MemPortTyVec>0 3 </MemPortTyVec>
</StgValue>
</bind>
</comp>

<comp id="20" class="1000" name="wbuf_2_i">
<pin_list>
<pin id="21" dir="1" index="0" bw="1" slack="0"/>
</pin_list>
<bind>
<StgValue><ssdm name="wbuf_2_i"/><MemPortTyVec>0 3 </MemPortTyVec>
</StgValue>
</bind>
</comp>

<comp id="22" class="1000" name="wbuf_1_i">
<pin_list>
<pin id="23" dir="1" index="0" bw="1" slack="0"/>
</pin_list>
<bind>
<StgValue><ssdm name="wbuf_1_i"/><MemPortTyVec>0 3 </MemPortTyVec>
</StgValue>
</bind>
</comp>

<comp id="24" class="1000" name="wbuf_i">
<pin_list>
<pin id="25" dir="1" index="0" bw="1" slack="0"/>
</pin_list>
<bind>
<StgValue><ssdm name="wbuf_i"/><MemPortTyVec>0 3 </MemPortTyVec>
</StgValue>
</bind>
</comp>

<comp id="26" class="1001" name="const_26">
<pin_list>
<pin id="27" dir="1" index="0" bw="1" slack="0"/>
</pin_list>
<bind>
<StgValue><ssdm name=""/></StgValue>
</bind>
</comp>

<comp id="28" class="1001" name="const_28">
<pin_list>
<pin id="29" dir="1" index="0" bw="1" slack="0"/>
</pin_list>
<bind>
<StgValue><ssdm name="_ssdm_op_Read.ap_auto.i10"/></StgValue>
</bind>
</comp>

<comp id="30" class="1001" name="const_30">
<pin_list>
<pin id="31" dir="1" index="0" bw="1" slack="0"/>
</pin_list>
<bind>
<StgValue><ssdm name="_ssdm_op_Read.ap_auto.i9"/></StgValue>
</bind>
</comp>

<comp id="32" class="1001" name="const_32">
<pin_list>
<pin id="33" dir="1" index="0" bw="1" slack="0"/>
</pin_list>
<bind>
<StgValue><ssdm name="_ssdm_op_Read.ap_auto.i6"/></StgValue>
</bind>
</comp>

<comp id="34" class="1001" name="const_34">
<pin_list>
<pin id="35" dir="1" index="0" bw="1" slack="0"/>
</pin_list>
<bind>
<StgValue><ssdm name="_ssdm_op_Read.ap_auto.i64"/></StgValue>
</bind>
</comp>

<comp id="36" class="1001" name="const_36">
<pin_list>
<pin id="37" dir="1" index="0" bw="1" slack="0"/>
</pin_list>
<bind>
<StgValue><ssdm name=""/></StgValue>
</bind>
</comp>

<comp id="38" class="1001" name="const_38">
<pin_list>
<pin id="39" dir="1" index="0" bw="1" slack="0"/>
</pin_list>
<bind>
<StgValue><ssdm name="_ssdm_op_PartSelect.i6.i10.i32.i32"/></StgValue>
</bind>
</comp>

<comp id="40" class="1001" name="const_40">
<pin_list>
<pin id="41" dir="1" index="0" bw="1" slack="0"/>
</pin_list>
<bind>
<StgValue><ssdm name=""/></StgValue>
</bind>
</comp>

<comp id="42" class="1001" name="const_42">
<pin_list>
<pin id="43" dir="1" index="0" bw="1" slack="0"/>
</pin_list>
<bind>
<StgValue><ssdm name=""/></StgValue>
</bind>
</comp>

<comp id="44" class="1001" name="const_44">
<pin_list>
<pin id="45" dir="1" index="0" bw="1" slack="2147483647"/>
</pin_list>
<bind>
<StgValue><ssdm name="_ssdm_op_SpecMemCore"/></StgValue>
</bind>
</comp>

<comp id="46" class="1001" name="const_46">
<pin_list>
<pin id="47" dir="1" index="0" bw="1" slack="2147483647"/>
</pin_list>
<bind>
<StgValue><ssdm name=""/></StgValue>
</bind>
</comp>

<comp id="48" class="1001" name="const_48">
<pin_list>
<pin id="49" dir="1" index="0" bw="1" slack="2147483647"/>
</pin_list>
<bind>
<StgValue><ssdm name=""/></StgValue>
</bind>
</comp>

<comp id="50" class="1001" name="const_50">
<pin_list>
<pin id="51" dir="1" index="0" bw="1" slack="2147483647"/>
</pin_list>
<bind>
<StgValue><ssdm name=""/></StgValue>
</bind>
</comp>

<comp id="52" class="1001" name="const_52">
<pin_list>
<pin id="53" dir="1" index="0" bw="1" slack="2147483647"/>
</pin_list>
<bind>
<StgValue><ssdm name="_ssdm_op_SpecInterface"/></StgValue>
</bind>
</comp>

<comp id="54" class="1001" name="const_54">
<pin_list>
<pin id="55" dir="1" index="0" bw="1" slack="2147483647"/>
</pin_list>
<bind>
<StgValue><ssdm name="empty_161"/></StgValue>
</bind>
</comp>

<comp id="56" class="1001" name="const_56">
<pin_list>
<pin id="57" dir="1" index="0" bw="1" slack="2147483647"/>
</pin_list>
<bind>
<StgValue><ssdm name=""/></StgValue>
</bind>
</comp>

<comp id="58" class="1001" name="const_58">
<pin_list>
<pin id="59" dir="1" index="0" bw="1" slack="2147483647"/>
</pin_list>
<bind>
<StgValue><ssdm name="empty_80"/></StgValue>
</bind>
</comp>

<comp id="60" class="1001" name="const_60">
<pin_list>
<pin id="61" dir="1" index="0" bw="1" slack="2147483647"/>
</pin_list>
<bind>
<StgValue><ssdm name="empty_56"/></StgValue>
</bind>
</comp>

<comp id="62" class="1001" name="const_62">
<pin_list>
<pin id="63" dir="1" index="0" bw="1" slack="2147483647"/>
</pin_list>
<bind>
<StgValue><ssdm name="empty_138"/></StgValue>
</bind>
</comp>

<comp id="64" class="1001" name="const_64">
<pin_list>
<pin id="65" dir="1" index="0" bw="1" slack="2147483647"/>
</pin_list>
<bind>
<StgValue><ssdm name=""/></StgValue>
</bind>
</comp>

<comp id="66" class="1001" name="const_66">
<pin_list>
<pin id="67" dir="1" index="0" bw="1" slack="2147483647"/>
</pin_list>
<bind>
<StgValue><ssdm name=""/></StgValue>
</bind>
</comp>

<comp id="68" class="1001" name="const_68">
<pin_list>
<pin id="69" dir="1" index="0" bw="1" slack="2147483647"/>
</pin_list>
<bind>
<StgValue><ssdm name=""/></StgValue>
</bind>
</comp>

<comp id="70" class="1001" name="const_70">
<pin_list>
<pin id="71" dir="1" index="0" bw="1" slack="0"/>
</pin_list>
<bind>
<StgValue><ssdm name="_ssdm_op_BitConcatenate.i9.i6.i3"/></StgValue>
</bind>
</comp>

<comp id="72" class="1001" name="const_72">
<pin_list>
<pin id="73" dir="1" index="0" bw="1" slack="0"/>
</pin_list>
<bind>
<StgValue><ssdm name=""/></StgValue>
</bind>
</comp>

<comp id="74" class="1001" name="const_74">
<pin_list>
<pin id="75" dir="1" index="0" bw="1" slack="0"/>
</pin_list>
<bind>
<StgValue><ssdm name="_ssdm_op_BitConcatenate.i14.i6.i8"/></StgValue>
</bind>
</comp>

<comp id="76" class="1001" name="const_76">
<pin_list>
<pin id="77" dir="1" index="0" bw="1" slack="0"/>
</pin_list>
<bind>
<StgValue><ssdm name=""/></StgValue>
</bind>
</comp>

<comp id="78" class="1001" name="const_78">
<pin_list>
<pin id="79" dir="1" index="0" bw="1" slack="0"/>
</pin_list>
<bind>
<StgValue><ssdm name="_ssdm_op_BitConcatenate.i11.i6.i5"/></StgValue>
</bind>
</comp>

<comp id="80" class="1001" name="const_80">
<pin_list>
<pin id="81" dir="1" index="0" bw="1" slack="0"/>
</pin_list>
<bind>
<StgValue><ssdm name=""/></StgValue>
</bind>
</comp>

<comp id="82" class="1001" name="const_82">
<pin_list>
<pin id="83" dir="1" index="0" bw="1" slack="0"/>
</pin_list>
<bind>
<StgValue><ssdm name=""/></StgValue>
</bind>
</comp>

<comp id="84" class="1001" name="const_84">
<pin_list>
<pin id="85" dir="1" index="0" bw="1" slack="0"/>
</pin_list>
<bind>
<StgValue><ssdm name=""/></StgValue>
</bind>
</comp>

<comp id="86" class="1001" name="const_86">
<pin_list>
<pin id="87" dir="1" index="0" bw="1" slack="0"/>
</pin_list>
<bind>
<StgValue><ssdm name=""/></StgValue>
</bind>
</comp>

<comp id="88" class="1001" name="const_88">
<pin_list>
<pin id="89" dir="1" index="0" bw="1" slack="0"/>
</pin_list>
<bind>
<StgValue><ssdm name=""/></StgValue>
</bind>
</comp>

<comp id="90" class="1001" name="const_90">
<pin_list>
<pin id="91" dir="1" index="0" bw="1" slack="2147483647"/>
</pin_list>
<bind>
<StgValue><ssdm name="_ssdm_op_SpecLoopTripCount"/></StgValue>
</bind>
</comp>

<comp id="92" class="1001" name="const_92">
<pin_list>
<pin id="93" dir="1" index="0" bw="1" slack="2147483647"/>
</pin_list>
<bind>
<StgValue><ssdm name=""/></StgValue>
</bind>
</comp>

<comp id="94" class="1001" name="const_94">
<pin_list>
<pin id="95" dir="1" index="0" bw="1" slack="2147483647"/>
</pin_list>
<bind>
<StgValue><ssdm name="_ssdm_op_SpecLoopName"/></StgValue>
</bind>
</comp>

<comp id="96" class="1001" name="const_96">
<pin_list>
<pin id="97" dir="1" index="0" bw="1" slack="2147483647"/>
</pin_list>
<bind>
<StgValue><ssdm name="empty_150"/></StgValue>
</bind>
</comp>

<comp id="98" class="1001" name="const_98">
<pin_list>
<pin id="99" dir="1" index="0" bw="1" slack="0"/>
</pin_list>
<bind>
<StgValue><ssdm name="_ssdm_op_PartSelect.i59.i64.i32.i32"/></StgValue>
</bind>
</comp>

<comp id="100" class="1001" name="const_100">
<pin_list>
<pin id="101" dir="1" index="0" bw="1" slack="0"/>
</pin_list>
<bind>
<StgValue><ssdm name=""/></StgValue>
</bind>
</comp>

<comp id="102" class="1001" name="const_102">
<pin_list>
<pin id="103" dir="1" index="0" bw="1" slack="0"/>
</pin_list>
<bind>
<StgValue><ssdm name=""/></StgValue>
</bind>
</comp>

<comp id="104" class="1001" name="const_104">
<pin_list>
<pin id="105" dir="1" index="0" bw="1" slack="0"/>
</pin_list>
<bind>
<StgValue><ssdm name="_ssdm_op_ReadReq.m_axi.p1i256"/></StgValue>
</bind>
</comp>

<comp id="106" class="1001" name="const_106">
<pin_list>
<pin id="107" dir="1" index="0" bw="1" slack="0"/>
</pin_list>
<bind>
<StgValue><ssdm name="uc_load_tile<8>2_Pipeline_W_FLAT"/></StgValue>
</bind>
</comp>

<comp id="108" class="1004" name="tc_fu_108">
<pin_list>
<pin id="109" dir="0" index="0" bw="1" slack="0"/>
<pin id="110" dir="1" index="1" bw="4" slack="0"/>
</pin_list>
<bind>
<opcode="alloca(26) " fcode="alloca"/>
<opset="tc/1 "/>
</bind>
</comp>

<comp id="112" class="1004" name="C_IN_read_read_fu_112">
<pin_list>
<pin id="113" dir="0" index="0" bw="10" slack="0"/>
<pin id="114" dir="0" index="1" bw="10" slack="0"/>
<pin id="115" dir="1" index="2" bw="10" slack="0"/>
</pin_list>
<bind>
<opcode="read(1150) " fcode="read"/>
<opset="C_IN_read/1 "/>
</bind>
</comp>

<comp id="118" class="1004" name="C_OUT_read_read_fu_118">
<pin_list>
<pin id="119" dir="0" index="0" bw="9" slack="0"/>
<pin id="120" dir="0" index="1" bw="9" slack="0"/>
<pin id="121" dir="1" index="2" bw="9" slack="1"/>
</pin_list>
<bind>
<opcode="read(1150) " fcode="read"/>
<opset="C_OUT_read/1 "/>
</bind>
</comp>

<comp id="124" class="1004" name="tile_read_read_fu_124">
<pin_list>
<pin id="125" dir="0" index="0" bw="6" slack="0"/>
<pin id="126" dir="0" index="1" bw="6" slack="0"/>
<pin id="127" dir="1" index="2" bw="6" slack="0"/>
</pin_list>
<bind>
<opcode="read(1150) " fcode="read"/>
<opset="tile_read/1 "/>
</bind>
</comp>

<comp id="130" class="1004" name="W_ptr_read_read_fu_130">
<pin_list>
<pin id="131" dir="0" index="0" bw="64" slack="0"/>
<pin id="132" dir="0" index="1" bw="64" slack="0"/>
<pin id="133" dir="1" index="2" bw="64" slack="3"/>
</pin_list>
<bind>
<opcode="read(1150) " fcode="read"/>
<opset="W_ptr_read/1 "/>
</bind>
</comp>

<comp id="136" class="1004" name="grp_readreq_fu_136">
<pin_list>
<pin id="137" dir="0" index="0" bw="1" slack="0"/>
<pin id="138" dir="0" index="1" bw="256" slack="0"/>
<pin id="139" dir="0" index="2" bw="10" slack="4"/>
<pin id="140" dir="1" index="3" bw="1" slack="2147483647"/>
</pin_list>
<bind>
<opcode="readreq(1154) " fcode="readreq"/>
<opset="empty_196/5 "/>
</bind>
</comp>

<comp id="142" class="1004" name="grp_uc_load_tile_8_2_Pipeline_W_FLAT_fu_142">
<pin_list>
<pin id="143" dir="0" index="0" bw="0" slack="0"/>
<pin id="144" dir="0" index="1" bw="10" slack="12"/>
<pin id="145" dir="0" index="2" bw="6" slack="12"/>
<pin id="146" dir="0" index="3" bw="256" slack="0"/>
<pin id="147" dir="0" index="4" bw="59" slack="9"/>
<pin id="148" dir="0" index="5" bw="256" slack="0"/>
<pin id="149" dir="0" index="6" bw="256" slack="0"/>
<pin id="150" dir="0" index="7" bw="256" slack="0"/>
<pin id="151" dir="0" index="8" bw="256" slack="0"/>
<pin id="152" dir="0" index="9" bw="256" slack="0"/>
<pin id="153" dir="0" index="10" bw="256" slack="0"/>
<pin id="154" dir="0" index="11" bw="256" slack="0"/>
<pin id="155" dir="0" index="12" bw="256" slack="0"/>
<pin id="156" dir="0" index="13" bw="3" slack="11"/>
<pin id="157" dir="1" index="14" bw="0" slack="2147483647"/>
</pin_list>
<bind>
<opcode="call(48) " fcode="call"/>
<opset="call_ln183/13 "/>
</bind>
</comp>

<comp id="168" class="1004" name="add_ln183_fu_168">
<pin_list>
<pin id="169" dir="0" index="0" bw="10" slack="0"/>
<pin id="170" dir="0" index="1" bw="5" slack="0"/>
<pin id="171" dir="1" index="2" bw="10" slack="0"/>
</pin_list>
<bind>
<opcode="add(8) " fcode="add"/>
<opset="add_ln183/1 "/>
</bind>
</comp>

<comp id="174" class="1004" name="CI_WORDS_fu_174">
<pin_list>
<pin id="175" dir="0" index="0" bw="6" slack="0"/>
<pin id="176" dir="0" index="1" bw="10" slack="0"/>
<pin id="177" dir="0" index="2" bw="4" slack="0"/>
<pin id="178" dir="0" index="3" bw="5" slack="0"/>
<pin id="179" dir="1" index="4" bw="6" slack="0"/>
</pin_list>
<bind>
<opcode="partselect(1002) " fcode="partselect"/>
<opset="CI_WORDS/1 "/>
</bind>
</comp>

<comp id="184" class="1004" name="CI_WORDS_cast_i_fu_184">
<pin_list>
<pin id="185" dir="0" index="0" bw="6" slack="0"/>
<pin id="186" dir="1" index="1" bw="10" slack="0"/>
</pin_list>
<bind>
<opcode="zext(34) " fcode="zext"/>
<opset="CI_WORDS_cast_i/1 "/>
</bind>
</comp>

<comp id="188" class="1004" name="co_base_fu_188">
<pin_list>
<pin id="189" dir="0" index="0" bw="9" slack="0"/>
<pin id="190" dir="0" index="1" bw="6" slack="0"/>
<pin id="191" dir="0" index="2" bw="1" slack="0"/>
<pin id="192" dir="1" index="3" bw="9" slack="1"/>
</pin_list>
<bind>
<opcode="bitconcatenate(1004) " fcode="bitconcatenate"/>
<opset="co_base/1 "/>
</bind>
</comp>

<comp id="196" class="1004" name="tmp_1_fu_196">
<pin_list>
<pin id="197" dir="0" index="0" bw="9" slack="0"/>
<pin id="198" dir="0" index="1" bw="6" slack="0"/>
<pin id="199" dir="0" index="2" bw="1" slack="0"/>
<pin id="200" dir="1" index="3" bw="9" slack="0"/>
</pin_list>
<bind>
<opcode="bitconcatenate(1004) " fcode="bitconcatenate"/>
<opset="tmp_1/1 "/>
</bind>
</comp>

<comp id="204" class="1004" name="p_shl56_fu_204">
<pin_list>
<pin id="205" dir="0" index="0" bw="9" slack="0"/>
<pin id="206" dir="1" index="1" bw="10" slack="0"/>
</pin_list>
<bind>
<opcode="zext(34) " fcode="zext"/>
<opset="p_shl56/1 "/>
</bind>
</comp>

<comp id="208" class="1004" name="mul3_i_fu_208">
<pin_list>
<pin id="209" dir="0" index="0" bw="9" slack="0"/>
<pin id="210" dir="0" index="1" bw="6" slack="0"/>
<pin id="211" dir="1" index="2" bw="10" slack="0"/>
</pin_list>
<bind>
<opcode="add(8) " fcode="add"/>
<opset="mul3_i/1 "/>
</bind>
</comp>

<comp id="214" class="1004" name="wide_trip_count_i_fu_214">
<pin_list>
<pin id="215" dir="0" index="0" bw="10" slack="0"/>
<pin id="216" dir="1" index="1" bw="64" slack="4"/>
</pin_list>
<bind>
<opcode="zext(34) " fcode="zext"/>
<opset="wide_trip_count_i/1 "/>
</bind>
</comp>

<comp id="218" class="1004" name="tmp_2_fu_218">
<pin_list>
<pin id="219" dir="0" index="0" bw="14" slack="0"/>
<pin id="220" dir="0" index="1" bw="6" slack="0"/>
<pin id="221" dir="0" index="2" bw="1" slack="0"/>
<pin id="222" dir="1" index="3" bw="14" slack="0"/>
</pin_list>
<bind>
<opcode="bitconcatenate(1004) " fcode="bitconcatenate"/>
<opset="tmp_2/1 "/>
</bind>
</comp>

<comp id="226" class="1004" name="zext_ln79_4_fu_226">
<pin_list>
<pin id="227" dir="0" index="0" bw="14" slack="0"/>
<pin id="228" dir="1" index="1" bw="15" slack="0"/>
</pin_list>
<bind>
<opcode="zext(34) " fcode="zext"/>
<opset="zext_ln79_4/1 "/>
</bind>
</comp>

<comp id="230" class="1004" name="tmp_3_fu_230">
<pin_list>
<pin id="231" dir="0" index="0" bw="11" slack="0"/>
<pin id="232" dir="0" index="1" bw="6" slack="0"/>
<pin id="233" dir="0" index="2" bw="1" slack="0"/>
<pin id="234" dir="1" index="3" bw="11" slack="0"/>
</pin_list>
<bind>
<opcode="bitconcatenate(1004) " fcode="bitconcatenate"/>
<opset="tmp_3/1 "/>
</bind>
</comp>

<comp id="238" class="1004" name="zext_ln79_5_fu_238">
<pin_list>
<pin id="239" dir="0" index="0" bw="11" slack="0"/>
<pin id="240" dir="1" index="1" bw="15" slack="0"/>
</pin_list>
<bind>
<opcode="zext(34) " fcode="zext"/>
<opset="zext_ln79_5/1 "/>
</bind>
</comp>

<comp id="242" class="1004" name="add_ln79_2_fu_242">
<pin_list>
<pin id="243" dir="0" index="0" bw="14" slack="0"/>
<pin id="244" dir="0" index="1" bw="11" slack="0"/>
<pin id="245" dir="1" index="2" bw="15" slack="0"/>
</pin_list>
<bind>
<opcode="add(8) " fcode="add"/>
<opset="add_ln79_2/1 "/>
</bind>
</comp>

<comp id="248" class="1004" name="zext_ln79_fu_248">
<pin_list>
<pin id="249" dir="0" index="0" bw="15" slack="0"/>
<pin id="250" dir="1" index="1" bw="24" slack="2"/>
</pin_list>
<bind>
<opcode="zext(34) " fcode="zext"/>
<opset="zext_ln79/1 "/>
</bind>
</comp>

<comp id="252" class="1004" name="store_ln79_store_fu_252">
<pin_list>
<pin id="253" dir="0" index="0" bw="1" slack="0"/>
<pin id="254" dir="0" index="1" bw="4" slack="0"/>
<pin id="255" dir="1" index="2" bw="0" slack="2147483647"/>
</pin_list>
<bind>
<opcode="store(28) " fcode="store"/>
<opset="store_ln79/1 "/>
</bind>
</comp>

<comp id="257" class="1004" name="tc_1_load_fu_257">
<pin_list>
<pin id="258" dir="0" index="0" bw="4" slack="1"/>
<pin id="259" dir="1" index="1" bw="4" slack="0"/>
</pin_list>
<bind>
<opcode="load(27) " fcode="load"/>
<opset="tc_1/2 "/>
</bind>
</comp>

<comp id="260" class="1004" name="icmp_ln79_fu_260">
<pin_list>
<pin id="261" dir="0" index="0" bw="4" slack="0"/>
<pin id="262" dir="0" index="1" bw="4" slack="0"/>
<pin id="263" dir="1" index="2" bw="1" slack="2147483647"/>
</pin_list>
<bind>
<opcode="icmp(45) " fcode="icmp"/>
<opset="icmp_ln79/2 "/>
</bind>
</comp>

<comp id="266" class="1004" name="add_ln79_1_fu_266">
<pin_list>
<pin id="267" dir="0" index="0" bw="4" slack="0"/>
<pin id="268" dir="0" index="1" bw="1" slack="0"/>
<pin id="269" dir="1" index="2" bw="4" slack="12"/>
</pin_list>
<bind>
<opcode="add(8) " fcode="add"/>
<opset="add_ln79_1/2 "/>
</bind>
</comp>

<comp id="272" class="1004" name="trunc_ln79_fu_272">
<pin_list>
<pin id="273" dir="0" index="0" bw="4" slack="0"/>
<pin id="274" dir="1" index="1" bw="3" slack="11"/>
</pin_list>
<bind>
<opcode="trunc(33) " fcode="trunc"/>
<opset="trunc_ln79/2 "/>
</bind>
</comp>

<comp id="276" class="1004" name="zext_ln79_1_fu_276">
<pin_list>
<pin id="277" dir="0" index="0" bw="4" slack="0"/>
<pin id="278" dir="1" index="1" bw="9" slack="0"/>
</pin_list>
<bind>
<opcode="zext(34) " fcode="zext"/>
<opset="zext_ln79_1/2 "/>
</bind>
</comp>

<comp id="280" class="1004" name="empty_fu_280">
<pin_list>
<pin id="281" dir="0" index="0" bw="9" slack="1"/>
<pin id="282" dir="0" index="1" bw="4" slack="0"/>
<pin id="283" dir="1" index="2" bw="9" slack="0"/>
</pin_list>
<bind>
<opcode="add(8) " fcode="add"/>
<opset="empty/2 "/>
</bind>
</comp>

<comp id="285" class="1004" name="icmp_ln81_fu_285">
<pin_list>
<pin id="286" dir="0" index="0" bw="9" slack="0"/>
<pin id="287" dir="0" index="1" bw="9" slack="1"/>
<pin id="288" dir="1" index="2" bw="1" slack="2"/>
</pin_list>
<bind>
<opcode="icmp(45) " fcode="icmp"/>
<opset="icmp_ln81/2 "/>
</bind>
</comp>

<comp id="290" class="1004" name="mrv_fu_290">
<pin_list>
<pin id="291" dir="0" index="0" bw="25" slack="0"/>
<pin id="292" dir="0" index="1" bw="6" slack="1"/>
<pin id="293" dir="1" index="2" bw="25" slack="0"/>
</pin_list>
<bind>
<opcode="insertvalue(57) " fcode="insertvalue"/>
<opset="mrv/2 "/>
</bind>
</comp>

<comp id="295" class="1004" name="mrv_1_fu_295">
<pin_list>
<pin id="296" dir="0" index="0" bw="25" slack="0"/>
<pin id="297" dir="0" index="1" bw="9" slack="1"/>
<pin id="298" dir="1" index="2" bw="25" slack="0"/>
</pin_list>
<bind>
<opcode="insertvalue(57) " fcode="insertvalue"/>
<opset="mrv_1/2 "/>
</bind>
</comp>

<comp id="300" class="1004" name="mrv_2_fu_300">
<pin_list>
<pin id="301" dir="0" index="0" bw="25" slack="0"/>
<pin id="302" dir="0" index="1" bw="10" slack="1"/>
<pin id="303" dir="1" index="2" bw="25" slack="2147483647"/>
</pin_list>
<bind>
<opcode="insertvalue(57) " fcode="insertvalue"/>
<opset="mrv_2/2 "/>
</bind>
</comp>

<comp id="305" class="1004" name="zext_ln79_2_fu_305">
<pin_list>
<pin id="306" dir="0" index="0" bw="9" slack="1"/>
<pin id="307" dir="1" index="1" bw="24" slack="0"/>
</pin_list>
<bind>
<opcode="zext(34) " fcode="zext"/>
<opset="zext_ln79_2/3 "/>
</bind>
</comp>

<comp id="308" class="1004" name="mul_ln79_fu_308">
<pin_list>
<pin id="309" dir="0" index="0" bw="15" slack="2"/>
<pin id="310" dir="0" index="1" bw="9" slack="0"/>
<pin id="311" dir="1" index="2" bw="24" slack="1"/>
</pin_list>
<bind>
<opcode="mul(12) " fcode="mul"/>
<opset="mul_ln79/3 "/>
</bind>
</comp>

<comp id="313" class="1004" name="zext_ln79_3_fu_313">
<pin_list>
<pin id="314" dir="0" index="0" bw="24" slack="1"/>
<pin id="315" dir="1" index="1" bw="64" slack="0"/>
</pin_list>
<bind>
<opcode="zext(34) " fcode="zext"/>
<opset="zext_ln79_3/4 "/>
</bind>
</comp>

<comp id="316" class="1004" name="add_ln79_fu_316">
<pin_list>
<pin id="317" dir="0" index="0" bw="24" slack="0"/>
<pin id="318" dir="0" index="1" bw="64" slack="3"/>
<pin id="319" dir="1" index="2" bw="64" slack="0"/>
</pin_list>
<bind>
<opcode="add(8) " fcode="add"/>
<opset="add_ln79/4 "/>
</bind>
</comp>

<comp id="321" class="1004" name="trunc_ln2_fu_321">
<pin_list>
<pin id="322" dir="0" index="0" bw="59" slack="0"/>
<pin id="323" dir="0" index="1" bw="64" slack="0"/>
<pin id="324" dir="0" index="2" bw="4" slack="0"/>
<pin id="325" dir="0" index="3" bw="7" slack="0"/>
<pin id="326" dir="1" index="4" bw="59" slack="1"/>
</pin_list>
<bind>
<opcode="partselect(1002) " fcode="partselect"/>
<opset="trunc_ln2/4 "/>
</bind>
</comp>

<comp id="331" class="1004" name="sext_ln83_fu_331">
<pin_list>
<pin id="332" dir="0" index="0" bw="59" slack="1"/>
<pin id="333" dir="1" index="1" bw="64" slack="0"/>
</pin_list>
<bind>
<opcode="sext(35) " fcode="sext"/>
<opset="sext_ln83/5 "/>
</bind>
</comp>

<comp id="334" class="1004" name="gmem_weight_addr_fu_334">
<pin_list>
<pin id="335" dir="0" index="0" bw="64" slack="0"/>
<pin id="336" dir="0" index="1" bw="64" slack="0"/>
<pin id="337" dir="1" index="2" bw="64" slack="0"/>
</pin_list>
<bind>
<opcode="getelementptr(29) " fcode="getelementptr"/>
<opset="gmem_weight_addr/5 "/>
</bind>
</comp>

<comp id="341" class="1004" name="store_ln79_store_fu_341">
<pin_list>
<pin id="342" dir="0" index="0" bw="4" slack="12"/>
<pin id="343" dir="0" index="1" bw="4" slack="13"/>
<pin id="344" dir="1" index="2" bw="0" slack="2147483647"/>
</pin_list>
<bind>
<opcode="store(28) " fcode="store"/>
<opset="store_ln79/14 "/>
</bind>
</comp>

<comp id="345" class="1005" name="tc_reg_345">
<pin_list>
<pin id="346" dir="0" index="0" bw="4" slack="0"/>
<pin id="347" dir="1" index="1" bw="4" slack="0"/>
</pin_list>
<bind>
<opset="tc "/>
</bind>
</comp>

<comp id="352" class="1005" name="C_IN_read_reg_352">
<pin_list>
<pin id="353" dir="0" index="0" bw="10" slack="1"/>
<pin id="354" dir="1" index="1" bw="10" slack="1"/>
</pin_list>
<bind>
<opset="C_IN_read "/>
</bind>
</comp>

<comp id="357" class="1005" name="C_OUT_read_reg_357">
<pin_list>
<pin id="358" dir="0" index="0" bw="9" slack="1"/>
<pin id="359" dir="1" index="1" bw="9" slack="1"/>
</pin_list>
<bind>
<opset="C_OUT_read "/>
</bind>
</comp>

<comp id="363" class="1005" name="tile_read_reg_363">
<pin_list>
<pin id="364" dir="0" index="0" bw="6" slack="1"/>
<pin id="365" dir="1" index="1" bw="6" slack="1"/>
</pin_list>
<bind>
<opset="tile_read "/>
</bind>
</comp>

<comp id="368" class="1005" name="W_ptr_read_reg_368">
<pin_list>
<pin id="369" dir="0" index="0" bw="64" slack="3"/>
<pin id="370" dir="1" index="1" bw="64" slack="3"/>
</pin_list>
<bind>
<opset="W_ptr_read "/>
</bind>
</comp>

<comp id="373" class="1005" name="CI_WORDS_reg_373">
<pin_list>
<pin id="374" dir="0" index="0" bw="6" slack="12"/>
<pin id="375" dir="1" index="1" bw="6" slack="12"/>
</pin_list>
<bind>
<opset="CI_WORDS "/>
</bind>
</comp>

<comp id="378" class="1005" name="co_base_reg_378">
<pin_list>
<pin id="379" dir="0" index="0" bw="9" slack="1"/>
<pin id="380" dir="1" index="1" bw="9" slack="1"/>
</pin_list>
<bind>
<opset="co_base "/>
</bind>
</comp>

<comp id="383" class="1005" name="mul3_i_reg_383">
<pin_list>
<pin id="384" dir="0" index="0" bw="10" slack="12"/>
<pin id="385" dir="1" index="1" bw="10" slack="12"/>
</pin_list>
<bind>
<opset="mul3_i "/>
</bind>
</comp>

<comp id="388" class="1005" name="wide_trip_count_i_reg_388">
<pin_list>
<pin id="389" dir="0" index="0" bw="64" slack="4"/>
<pin id="390" dir="1" index="1" bw="64" slack="4"/>
</pin_list>
<bind>
<opset="wide_trip_count_i "/>
</bind>
</comp>

<comp id="393" class="1005" name="zext_ln79_reg_393">
<pin_list>
<pin id="394" dir="0" index="0" bw="24" slack="2"/>
<pin id="395" dir="1" index="1" bw="24" slack="2"/>
</pin_list>
<bind>
<opset="zext_ln79 "/>
</bind>
</comp>

<comp id="401" class="1005" name="add_ln79_1_reg_401">
<pin_list>
<pin id="402" dir="0" index="0" bw="4" slack="12"/>
<pin id="403" dir="1" index="1" bw="4" slack="12"/>
</pin_list>
<bind>
<opset="add_ln79_1 "/>
</bind>
</comp>

<comp id="406" class="1005" name="trunc_ln79_reg_406">
<pin_list>
<pin id="407" dir="0" index="0" bw="3" slack="11"/>
<pin id="408" dir="1" index="1" bw="3" slack="11"/>
</pin_list>
<bind>
<opset="trunc_ln79 "/>
</bind>
</comp>

<comp id="411" class="1005" name="empty_reg_411">
<pin_list>
<pin id="412" dir="0" index="0" bw="9" slack="1"/>
<pin id="413" dir="1" index="1" bw="9" slack="1"/>
</pin_list>
<bind>
<opset="empty "/>
</bind>
</comp>

<comp id="416" class="1005" name="icmp_ln81_reg_416">
<pin_list>
<pin id="417" dir="0" index="0" bw="1" slack="2"/>
<pin id="418" dir="1" index="1" bw="1" slack="2147483647"/>
</pin_list>
<bind>
<opset="icmp_ln81 "/>
</bind>
</comp>

<comp id="420" class="1005" name="mul_ln79_reg_420">
<pin_list>
<pin id="421" dir="0" index="0" bw="24" slack="1"/>
<pin id="422" dir="1" index="1" bw="24" slack="1"/>
</pin_list>
<bind>
<opset="mul_ln79 "/>
</bind>
</comp>

<comp id="425" class="1005" name="trunc_ln2_reg_425">
<pin_list>
<pin id="426" dir="0" index="0" bw="59" slack="1"/>
<pin id="427" dir="1" index="1" bw="59" slack="1"/>
</pin_list>
<bind>
<opset="trunc_ln2 "/>
</bind>
</comp>

<comp id="431" class="1005" name="gmem_weight_addr_reg_431">
<pin_list>
<pin id="432" dir="0" index="0" bw="256" slack="1"/>
<pin id="433" dir="1" index="1" bw="256" slack="1"/>
</pin_list>
<bind>
<opset="gmem_weight_addr "/>
</bind>
</comp>

</comp_list>

<net_list>
<net id="111"><net_src comp="26" pin="0"/><net_sink comp="108" pin=0"/></net>

<net id="116"><net_src comp="28" pin="0"/><net_sink comp="112" pin=0"/></net>

<net id="117"><net_src comp="8" pin="0"/><net_sink comp="112" pin=1"/></net>

<net id="122"><net_src comp="30" pin="0"/><net_sink comp="118" pin=0"/></net>

<net id="123"><net_src comp="6" pin="0"/><net_sink comp="118" pin=1"/></net>

<net id="128"><net_src comp="32" pin="0"/><net_sink comp="124" pin=0"/></net>

<net id="129"><net_src comp="4" pin="0"/><net_sink comp="124" pin=1"/></net>

<net id="134"><net_src comp="34" pin="0"/><net_sink comp="130" pin=0"/></net>

<net id="135"><net_src comp="2" pin="0"/><net_sink comp="130" pin=1"/></net>

<net id="141"><net_src comp="104" pin="0"/><net_sink comp="136" pin=0"/></net>

<net id="158"><net_src comp="106" pin="0"/><net_sink comp="142" pin=0"/></net>

<net id="159"><net_src comp="0" pin="0"/><net_sink comp="142" pin=3"/></net>

<net id="160"><net_src comp="24" pin="0"/><net_sink comp="142" pin=5"/></net>

<net id="161"><net_src comp="22" pin="0"/><net_sink comp="142" pin=6"/></net>

<net id="162"><net_src comp="20" pin="0"/><net_sink comp="142" pin=7"/></net>

<net id="163"><net_src comp="18" pin="0"/><net_sink comp="142" pin=8"/></net>

<net id="164"><net_src comp="16" pin="0"/><net_sink comp="142" pin=9"/></net>

<net id="165"><net_src comp="14" pin="0"/><net_sink comp="142" pin=10"/></net>

<net id="166"><net_src comp="12" pin="0"/><net_sink comp="142" pin=11"/></net>

<net id="167"><net_src comp="10" pin="0"/><net_sink comp="142" pin=12"/></net>

<net id="172"><net_src comp="112" pin="2"/><net_sink comp="168" pin=0"/></net>

<net id="173"><net_src comp="36" pin="0"/><net_sink comp="168" pin=1"/></net>

<net id="180"><net_src comp="38" pin="0"/><net_sink comp="174" pin=0"/></net>

<net id="181"><net_src comp="168" pin="2"/><net_sink comp="174" pin=1"/></net>

<net id="182"><net_src comp="40" pin="0"/><net_sink comp="174" pin=2"/></net>

<net id="183"><net_src comp="42" pin="0"/><net_sink comp="174" pin=3"/></net>

<net id="187"><net_src comp="174" pin="4"/><net_sink comp="184" pin=0"/></net>

<net id="193"><net_src comp="70" pin="0"/><net_sink comp="188" pin=0"/></net>

<net id="194"><net_src comp="124" pin="2"/><net_sink comp="188" pin=1"/></net>

<net id="195"><net_src comp="72" pin="0"/><net_sink comp="188" pin=2"/></net>

<net id="201"><net_src comp="70" pin="0"/><net_sink comp="196" pin=0"/></net>

<net id="202"><net_src comp="174" pin="4"/><net_sink comp="196" pin=1"/></net>

<net id="203"><net_src comp="72" pin="0"/><net_sink comp="196" pin=2"/></net>

<net id="207"><net_src comp="196" pin="3"/><net_sink comp="204" pin=0"/></net>

<net id="212"><net_src comp="204" pin="1"/><net_sink comp="208" pin=0"/></net>

<net id="213"><net_src comp="184" pin="1"/><net_sink comp="208" pin=1"/></net>

<net id="217"><net_src comp="208" pin="2"/><net_sink comp="214" pin=0"/></net>

<net id="223"><net_src comp="74" pin="0"/><net_sink comp="218" pin=0"/></net>

<net id="224"><net_src comp="174" pin="4"/><net_sink comp="218" pin=1"/></net>

<net id="225"><net_src comp="76" pin="0"/><net_sink comp="218" pin=2"/></net>

<net id="229"><net_src comp="218" pin="3"/><net_sink comp="226" pin=0"/></net>

<net id="235"><net_src comp="78" pin="0"/><net_sink comp="230" pin=0"/></net>

<net id="236"><net_src comp="174" pin="4"/><net_sink comp="230" pin=1"/></net>

<net id="237"><net_src comp="80" pin="0"/><net_sink comp="230" pin=2"/></net>

<net id="241"><net_src comp="230" pin="3"/><net_sink comp="238" pin=0"/></net>

<net id="246"><net_src comp="226" pin="1"/><net_sink comp="242" pin=0"/></net>

<net id="247"><net_src comp="238" pin="1"/><net_sink comp="242" pin=1"/></net>

<net id="251"><net_src comp="242" pin="2"/><net_sink comp="248" pin=0"/></net>

<net id="256"><net_src comp="82" pin="0"/><net_sink comp="252" pin=0"/></net>

<net id="264"><net_src comp="257" pin="1"/><net_sink comp="260" pin=0"/></net>

<net id="265"><net_src comp="84" pin="0"/><net_sink comp="260" pin=1"/></net>

<net id="270"><net_src comp="257" pin="1"/><net_sink comp="266" pin=0"/></net>

<net id="271"><net_src comp="86" pin="0"/><net_sink comp="266" pin=1"/></net>

<net id="275"><net_src comp="257" pin="1"/><net_sink comp="272" pin=0"/></net>

<net id="279"><net_src comp="257" pin="1"/><net_sink comp="276" pin=0"/></net>

<net id="284"><net_src comp="276" pin="1"/><net_sink comp="280" pin=1"/></net>

<net id="289"><net_src comp="280" pin="2"/><net_sink comp="285" pin=0"/></net>

<net id="294"><net_src comp="88" pin="0"/><net_sink comp="290" pin=0"/></net>

<net id="299"><net_src comp="290" pin="2"/><net_sink comp="295" pin=0"/></net>

<net id="304"><net_src comp="295" pin="2"/><net_sink comp="300" pin=0"/></net>

<net id="312"><net_src comp="305" pin="1"/><net_sink comp="308" pin=1"/></net>

<net id="320"><net_src comp="313" pin="1"/><net_sink comp="316" pin=0"/></net>

<net id="327"><net_src comp="98" pin="0"/><net_sink comp="321" pin=0"/></net>

<net id="328"><net_src comp="316" pin="2"/><net_sink comp="321" pin=1"/></net>

<net id="329"><net_src comp="100" pin="0"/><net_sink comp="321" pin=2"/></net>

<net id="330"><net_src comp="102" pin="0"/><net_sink comp="321" pin=3"/></net>

<net id="338"><net_src comp="0" pin="0"/><net_sink comp="334" pin=0"/></net>

<net id="339"><net_src comp="331" pin="1"/><net_sink comp="334" pin=1"/></net>

<net id="340"><net_src comp="334" pin="2"/><net_sink comp="136" pin=1"/></net>

<net id="348"><net_src comp="108" pin="1"/><net_sink comp="345" pin=0"/></net>

<net id="349"><net_src comp="345" pin="1"/><net_sink comp="252" pin=1"/></net>

<net id="350"><net_src comp="345" pin="1"/><net_sink comp="257" pin=0"/></net>

<net id="351"><net_src comp="345" pin="1"/><net_sink comp="341" pin=1"/></net>

<net id="355"><net_src comp="112" pin="2"/><net_sink comp="352" pin=0"/></net>

<net id="356"><net_src comp="352" pin="1"/><net_sink comp="300" pin=1"/></net>

<net id="360"><net_src comp="118" pin="2"/><net_sink comp="357" pin=0"/></net>

<net id="361"><net_src comp="357" pin="1"/><net_sink comp="285" pin=1"/></net>

<net id="362"><net_src comp="357" pin="1"/><net_sink comp="295" pin=1"/></net>

<net id="366"><net_src comp="124" pin="2"/><net_sink comp="363" pin=0"/></net>

<net id="367"><net_src comp="363" pin="1"/><net_sink comp="290" pin=1"/></net>

<net id="371"><net_src comp="130" pin="2"/><net_sink comp="368" pin=0"/></net>

<net id="372"><net_src comp="368" pin="1"/><net_sink comp="316" pin=1"/></net>

<net id="376"><net_src comp="174" pin="4"/><net_sink comp="373" pin=0"/></net>

<net id="377"><net_src comp="373" pin="1"/><net_sink comp="142" pin=2"/></net>

<net id="381"><net_src comp="188" pin="3"/><net_sink comp="378" pin=0"/></net>

<net id="382"><net_src comp="378" pin="1"/><net_sink comp="280" pin=0"/></net>

<net id="386"><net_src comp="208" pin="2"/><net_sink comp="383" pin=0"/></net>

<net id="387"><net_src comp="383" pin="1"/><net_sink comp="142" pin=1"/></net>

<net id="391"><net_src comp="214" pin="1"/><net_sink comp="388" pin=0"/></net>

<net id="392"><net_src comp="388" pin="1"/><net_sink comp="136" pin=2"/></net>

<net id="396"><net_src comp="248" pin="1"/><net_sink comp="393" pin=0"/></net>

<net id="397"><net_src comp="393" pin="1"/><net_sink comp="308" pin=0"/></net>

<net id="404"><net_src comp="266" pin="2"/><net_sink comp="401" pin=0"/></net>

<net id="405"><net_src comp="401" pin="1"/><net_sink comp="341" pin=0"/></net>

<net id="409"><net_src comp="272" pin="1"/><net_sink comp="406" pin=0"/></net>

<net id="410"><net_src comp="406" pin="1"/><net_sink comp="142" pin=13"/></net>

<net id="414"><net_src comp="280" pin="2"/><net_sink comp="411" pin=0"/></net>

<net id="415"><net_src comp="411" pin="1"/><net_sink comp="305" pin=0"/></net>

<net id="419"><net_src comp="285" pin="2"/><net_sink comp="416" pin=0"/></net>

<net id="423"><net_src comp="308" pin="2"/><net_sink comp="420" pin=0"/></net>

<net id="424"><net_src comp="420" pin="1"/><net_sink comp="313" pin=0"/></net>

<net id="428"><net_src comp="321" pin="4"/><net_sink comp="425" pin=0"/></net>

<net id="429"><net_src comp="425" pin="1"/><net_sink comp="331" pin=0"/></net>

<net id="430"><net_src comp="425" pin="1"/><net_sink comp="142" pin=4"/></net>

<net id="434"><net_src comp="334" pin="2"/><net_sink comp="431" pin=0"/></net>

<net id="435"><net_src comp="431" pin="1"/><net_sink comp="136" pin=1"/></net>

</net_list>

</model> 
---------------- Datapath Model END ------------------

* FSMD analyzer results:
  - Output states:
	Port: gmem_weight | {}
	Port: wbuf_4_i | {13 14 }
	Port: wbuf_1_i_167 | {13 14 }
	Port: wbuf_2_i_166 | {13 14 }
	Port: wbuf_3_i_165 | {13 14 }
	Port: wbuf_3_i | {13 14 }
	Port: wbuf_2_i | {13 14 }
	Port: wbuf_1_i | {13 14 }
	Port: wbuf_i | {13 14 }
 - Input state : 
	Port: uc_load_tile<8>2 : gmem_weight | {5 6 7 8 9 10 11 12 13 14 }
	Port: uc_load_tile<8>2 : W_ptr | {1 }
	Port: uc_load_tile<8>2 : tile | {1 }
	Port: uc_load_tile<8>2 : C_OUT | {1 }
	Port: uc_load_tile<8>2 : C_IN | {1 }
  - Chain level:
	State 1
		CI_WORDS : 1
		CI_WORDS_cast_i : 2
		tmp_1 : 2
		p_shl56 : 3
		mul3_i : 4
		wide_trip_count_i : 5
		tmp_2 : 2
		zext_ln79_4 : 3
		tmp_3 : 2
		zext_ln79_5 : 3
		add_ln79_2 : 4
		zext_ln79 : 5
		store_ln79 : 1
	State 2
		icmp_ln79 : 1
		add_ln79_1 : 1
		br_ln79 : 2
		trunc_ln79 : 1
		zext_ln79_1 : 1
		empty : 2
		icmp_ln81 : 3
		mrv_1 : 1
		mrv_2 : 2
		ret_ln219 : 3
	State 3
		mul_ln79 : 1
	State 4
		add_ln79 : 1
		trunc_ln2 : 2
	State 5
		gmem_weight_addr : 1
		empty_196 : 2
	State 6
	State 7
	State 8
	State 9
	State 10
	State 11
	State 12
	State 13
	State 14


============================================================
+ Verbose Summary: Datapath Resource usage 
============================================================

* Functional unit list:
|----------|---------------------------------------------|---------|---------|---------|
| Operation|               Functional Unit               |   DSP   |    FF   |   LUT   |
|----------|---------------------------------------------|---------|---------|---------|
|   call   | grp_uc_load_tile_8_2_Pipeline_W_FLAT_fu_142 |    0    |   441   |   253   |
|----------|---------------------------------------------|---------|---------|---------|
|          |               add_ln183_fu_168              |    0    |    0    |    17   |
|          |                mul3_i_fu_208                |    0    |    0    |    16   |
|    add   |              add_ln79_2_fu_242              |    0    |    0    |    21   |
|          |              add_ln79_1_fu_266              |    0    |    0    |    12   |
|          |                 empty_fu_280                |    0    |    0    |    16   |
|          |               add_ln79_fu_316               |    0    |    0    |    71   |
|----------|---------------------------------------------|---------|---------|---------|
|   icmp   |               icmp_ln79_fu_260              |    0    |    0    |    12   |
|          |               icmp_ln81_fu_285              |    0    |    0    |    16   |
|----------|---------------------------------------------|---------|---------|---------|
|    mul   |               mul_ln79_fu_308               |    1    |    0    |    5    |
|----------|---------------------------------------------|---------|---------|---------|
|          |            C_IN_read_read_fu_112            |    0    |    0    |    0    |
|   read   |            C_OUT_read_read_fu_118           |    0    |    0    |    0    |
|          |            tile_read_read_fu_124            |    0    |    0    |    0    |
|          |            W_ptr_read_read_fu_130           |    0    |    0    |    0    |
|----------|---------------------------------------------|---------|---------|---------|
|  readreq |              grp_readreq_fu_136             |    0    |    0    |    0    |
|----------|---------------------------------------------|---------|---------|---------|
|partselect|               CI_WORDS_fu_174               |    0    |    0    |    0    |
|          |               trunc_ln2_fu_321              |    0    |    0    |    0    |
|----------|---------------------------------------------|---------|---------|---------|
|          |            CI_WORDS_cast_i_fu_184           |    0    |    0    |    0    |
|          |                p_shl56_fu_204               |    0    |    0    |    0    |
|          |           wide_trip_count_i_fu_214          |    0    |    0    |    0    |
|          |              zext_ln79_4_fu_226             |    0    |    0    |    0    |
|   zext   |              zext_ln79_5_fu_238             |    0    |    0    |    0    |
|          |               zext_ln79_fu_248              |    0    |    0    |    0    |
|          |              zext_ln79_1_fu_276             |    0    |    0    |    0    |
|          |              zext_ln79_2_fu_305             |    0    |    0    |    0    |
|          |              zext_ln79_3_fu_313             |    0    |    0    |    0    |
|----------|---------------------------------------------|---------|---------|---------|
|          |                co_base_fu_188               |    0    |    0    |    0    |
|bitconcatenate|                 tmp_1_fu_196                |    0    |    0    |    0    |
|          |                 tmp_2_fu_218                |    0    |    0    |    0    |
|          |                 tmp_3_fu_230                |    0    |    0    |    0    |
|----------|---------------------------------------------|---------|---------|---------|
|   trunc  |              trunc_ln79_fu_272              |    0    |    0    |    0    |
|----------|---------------------------------------------|---------|---------|---------|
|          |                  mrv_fu_290                 |    0    |    0    |    0    |
|insertvalue|                 mrv_1_fu_295                |    0    |    0    |    0    |
|          |                 mrv_2_fu_300                |    0    |    0    |    0    |
|----------|---------------------------------------------|---------|---------|---------|
|   sext   |               sext_ln83_fu_331              |    0    |    0    |    0    |
|----------|---------------------------------------------|---------|---------|---------|
|   Total  |                                             |    1    |   441   |   439   |
|----------|---------------------------------------------|---------|---------|---------|

Memories:
N/A

* Register list:
+-------------------------+--------+
|                         |   FF   |
+-------------------------+--------+
|     CI_WORDS_reg_373    |    6   |
|    C_IN_read_reg_352    |   10   |
|    C_OUT_read_reg_357   |    9   |
|    W_ptr_read_reg_368   |   64   |
|    add_ln79_1_reg_401   |    4   |
|     co_base_reg_378     |    9   |
|      empty_reg_411      |    9   |
| gmem_weight_addr_reg_431|   256  |
|    icmp_ln81_reg_416    |    1   |
|      mul3_i_reg_383     |   10   |
|     mul_ln79_reg_420    |   24   |
|        tc_reg_345       |    4   |
|    tile_read_reg_363    |    6   |
|    trunc_ln2_reg_425    |   59   |
|    trunc_ln79_reg_406   |    3   |
|wide_trip_count_i_reg_388|   64   |
|    zext_ln79_reg_393    |   24   |
+-------------------------+--------+
|          Total          |   562  |
+-------------------------+--------+

* Multiplexer (MUX) list: 
|--------------------|------|------|------|--------||---------||---------||---------|
|        Comp        |  Pin | Size |  BW  | S x BW ||  Delay  ||    FF   ||   LUT   |
|--------------------|------|------|------|--------||---------||---------||---------|
| grp_readreq_fu_136 |  p1  |   2  |  256 |   512  ||    0    ||    9    |
|--------------------|------|------|------|--------||---------||---------||---------|
|        Total       |      |      |      |   512  ||  0.427  ||    0    ||    9    |
|--------------------|------|------|------|--------||---------||---------||---------|



* Summary:
+-----------+--------+--------+--------+--------+
|           |   DSP  |  Delay |   FF   |   LUT  |
+-----------+--------+--------+--------+--------+
|  Function |    1   |    -   |   441  |   439  |
|   Memory  |    -   |    -   |    -   |    -   |
|Multiplexer|    -   |    0   |    0   |    9   |
|  Register |    -   |    -   |   562  |    -   |
+-----------+--------+--------+--------+--------+
|   Total   |    1   |    0   |  1003  |   448  |
+-----------+--------+--------+--------+--------+
