

================================================================
== Vitis HLS Report for 'uc_load_tile_8_2_Pipeline_W_FLAT'
================================================================
* Date:           Thu Jun 18 11:21:20 2026

* Version:        2024.2 (Build 5238294 on Nov  8 2024)
* Project:        upconv_core_top
* Solution:       hls (Vivado IP Flow Target)
* Product family: zynquplus
* Target device:  xczu7ev-ffvc1156-2-e


================================================================
== Performance Estimates
================================================================
+ Timing: 
    * Summary: 
    +--------+---------+----------+------------+
    |  Clock |  Target | Estimated| Uncertainty|
    +--------+---------+----------+------------+
    |ap_clk  |  3.33 ns|  3.195 ns|     0.90 ns|
    +--------+---------+----------+------------+

+ Latency: 
    * Summary: 
    +---------+---------+----------+----------+-----+-----+------------------------------------------------+
    |  Latency (cycles) |  Latency (absolute) |  Interval |                    Pipeline                    |
    |   min   |   max   |    min   |    max   | min | max |                      Type                      |
    +---------+---------+----------+----------+-----+-----+------------------------------------------------+
    |       75|      543|  0.250 us|  1.810 us|   73|  541|  loop auto-rewind stp (delay=0 clock cycles(s))|
    +---------+---------+----------+----------+-----+-----+------------------------------------------------+

    + Detail: 
        * Instance: 
        N/A

        * Loop: 
        +----------+---------+---------+----------+-----------+-----------+----------+----------+
        |          |  Latency (cycles) | Iteration|  Initiation Interval  |   Trip   |          |
        | Loop Name|   min   |   max   |  Latency |  achieved |   target  |   Count  | Pipelined|
        +----------+---------+---------+----------+-----------+-----------+----------+----------+
        |- W_FLAT  |       73|      541|         3|          1|          1|  72 ~ 540|       yes|
        +----------+---------+---------+----------+-----------+-----------+----------+----------+

============================================================
+ Verbose Summary: Synthesis Manager
============================================================
InlineROM: 1
ExposeGlobal: 0
============================================================
+ Verbose Summary: CDFG Model
============================================================
IsTopModel: 0
ResetActiveHigh: 1
IsCombinational: 0
IsDatapathOnly: 0
HasWiredReturn: 1
HasMFsm: 2
HasVarLatency: 1
IsPipeline: 0
IsRtlPipelined: 0
IsInstanceOverlapped: 0
IsDontTouch: 0
HasImplIP: 0
IsGatedGlobalClock: 0

+ Individual pipeline summary: 
  * Pipeline-0: initiation interval (II) = 1, depth = 3


============================================================
+ Verbose Summary: Schedule
============================================================
* Number of FSM states : 3
* Pipeline : 1
  Pipeline-0 : II = 1, D = 3, States = { 1 2 3 }
* Dataflow Pipeline: 0

* FSM state transitions: 
1 --> 2 
2 --> 3 
3 --> 

* FSM state operations: 

State 1 <SV = 0> <Delay = 1.64>
ST_1 : Operation 6 [1/1] (0.00ns)   --->   "%k_cnt = alloca i32 1" [../gen2/Hls_Layers_UpConv.tpp:82->../gen2/Hls_Layers_UpConv.tpp:219->../gen2/Hls_Layers_UpConv.tpp:216]   --->   Operation 6 'alloca' 'k_cnt' <Predicate = true> <Delay = 0.00>
ST_1 : Operation 7 [1/1] (0.00ns)   --->   "%ci_cnt = alloca i32 1" [../gen2/Hls_Layers_UpConv.tpp:82->../gen2/Hls_Layers_UpConv.tpp:219->../gen2/Hls_Layers_UpConv.tpp:216]   --->   Operation 7 'alloca' 'ci_cnt' <Predicate = true> <Delay = 0.00>
ST_1 : Operation 8 [1/1] (0.00ns)   --->   "%kci = alloca i32 1" [../gen2/Hls_Layers_UpConv.tpp:83->../gen2/Hls_Layers_UpConv.tpp:219->../gen2/Hls_Layers_UpConv.tpp:216]   --->   Operation 8 'alloca' 'kci' <Predicate = true> <Delay = 0.00>
ST_1 : Operation 9 [1/1] (0.00ns)   --->   "%tc_read = read i3 @_ssdm_op_Read.ap_auto.i3, i3 %tc"   --->   Operation 9 'read' 'tc_read' <Predicate = true> <Delay = 0.00>
ST_1 : Operation 10 [1/1] (0.00ns)   --->   "%sext_ln83_read = read i59 @_ssdm_op_Read.ap_auto.i59, i59 %sext_ln83"   --->   Operation 10 'read' 'sext_ln83_read' <Predicate = true> <Delay = 0.00>
ST_1 : Operation 11 [1/1] (0.00ns)   --->   "%CI_WORDS_cast4_i_read = read i6 @_ssdm_op_Read.ap_auto.i6, i6 %CI_WORDS_cast4_i"   --->   Operation 11 'read' 'CI_WORDS_cast4_i_read' <Predicate = true> <Delay = 0.00>
ST_1 : Operation 12 [1/1] (0.00ns)   --->   "%mul3_i_read = read i10 @_ssdm_op_Read.ap_auto.i10, i10 %mul3_i"   --->   Operation 12 'read' 'mul3_i_read' <Predicate = true> <Delay = 0.00>
ST_1 : Operation 13 [1/1] (0.00ns)   --->   "%sext_ln83_cast = sext i59 %sext_ln83_read"   --->   Operation 13 'sext' 'sext_ln83_cast' <Predicate = true> <Delay = 0.00>
ST_1 : Operation 14 [1/1] (0.00ns)   --->   "%CI_WORDS_cast4_i_cast = zext i6 %CI_WORDS_cast4_i_read"   --->   Operation 14 'zext' 'CI_WORDS_cast4_i_cast' <Predicate = true> <Delay = 0.00>
ST_1 : Operation 15 [1/1] (0.00ns)   --->   "%specmemcore_ln0 = specmemcore void @_ssdm_op_SpecMemCore, i256 %wbuf_i, i64 666, i64 31, i64 18446744073709551615"   --->   Operation 15 'specmemcore' 'specmemcore_ln0' <Predicate = true> <Delay = 0.00>
ST_1 : Operation 16 [1/1] (0.00ns)   --->   "%specmemcore_ln0 = specmemcore void @_ssdm_op_SpecMemCore, i256 %wbuf_1_i_164, i64 666, i64 31, i64 18446744073709551615"   --->   Operation 16 'specmemcore' 'specmemcore_ln0' <Predicate = true> <Delay = 0.00>
ST_1 : Operation 17 [1/1] (0.00ns)   --->   "%specmemcore_ln0 = specmemcore void @_ssdm_op_SpecMemCore, i256 %wbuf_2_i_163, i64 666, i64 31, i64 18446744073709551615"   --->   Operation 17 'specmemcore' 'specmemcore_ln0' <Predicate = true> <Delay = 0.00>
ST_1 : Operation 18 [1/1] (0.00ns)   --->   "%specmemcore_ln0 = specmemcore void @_ssdm_op_SpecMemCore, i256 %wbuf_3_i_162, i64 666, i64 31, i64 18446744073709551615"   --->   Operation 18 'specmemcore' 'specmemcore_ln0' <Predicate = true> <Delay = 0.00>
ST_1 : Operation 19 [1/1] (0.00ns)   --->   "%specmemcore_ln0 = specmemcore void @_ssdm_op_SpecMemCore, i256 %wbuf_3_i, i64 666, i64 31, i64 18446744073709551615"   --->   Operation 19 'specmemcore' 'specmemcore_ln0' <Predicate = true> <Delay = 0.00>
ST_1 : Operation 20 [1/1] (0.00ns)   --->   "%specmemcore_ln0 = specmemcore void @_ssdm_op_SpecMemCore, i256 %wbuf_2_i, i64 666, i64 31, i64 18446744073709551615"   --->   Operation 20 'specmemcore' 'specmemcore_ln0' <Predicate = true> <Delay = 0.00>
ST_1 : Operation 21 [1/1] (0.00ns)   --->   "%specmemcore_ln0 = specmemcore void @_ssdm_op_SpecMemCore, i256 %wbuf_1_i, i64 666, i64 31, i64 18446744073709551615"   --->   Operation 21 'specmemcore' 'specmemcore_ln0' <Predicate = true> <Delay = 0.00>
ST_1 : Operation 22 [1/1] (0.00ns)   --->   "%specmemcore_ln0 = specmemcore void @_ssdm_op_SpecMemCore, i256 %wbuf_4_i, i64 666, i64 31, i64 18446744073709551615"   --->   Operation 22 'specmemcore' 'specmemcore_ln0' <Predicate = true> <Delay = 0.00>
ST_1 : Operation 23 [1/1] (0.00ns)   --->   "%specinterface_ln0 = specinterface void @_ssdm_op_SpecInterface, i256 %gmem_weight, void @empty_161, i32 0, i32 0, void @empty_80, i32 0, i32 0, void @empty_56, void @empty_138, void @empty_80, i32 16, i32 16, i32 64, i32 16, void @empty_80, void @empty_80, i32 4294967295, i32 0, i32 0"   --->   Operation 23 'specinterface' 'specinterface_ln0' <Predicate = true> <Delay = 0.00>
ST_1 : Operation 24 [1/1] (0.42ns)   --->   "%store_ln83 = store i10 0, i10 %kci" [../gen2/Hls_Layers_UpConv.tpp:83->../gen2/Hls_Layers_UpConv.tpp:219->../gen2/Hls_Layers_UpConv.tpp:216]   --->   Operation 24 'store' 'store_ln83' <Predicate = true> <Delay = 0.42>
ST_1 : Operation 25 [1/1] (0.42ns)   --->   "%store_ln82 = store i32 0, i32 %ci_cnt" [../gen2/Hls_Layers_UpConv.tpp:82->../gen2/Hls_Layers_UpConv.tpp:219->../gen2/Hls_Layers_UpConv.tpp:216]   --->   Operation 25 'store' 'store_ln82' <Predicate = true> <Delay = 0.42>
ST_1 : Operation 26 [1/1] (0.42ns)   --->   "%store_ln82 = store i32 0, i32 %k_cnt" [../gen2/Hls_Layers_UpConv.tpp:82->../gen2/Hls_Layers_UpConv.tpp:219->../gen2/Hls_Layers_UpConv.tpp:216]   --->   Operation 26 'store' 'store_ln82' <Predicate = true> <Delay = 0.42>
ST_1 : Operation 27 [1/1] (0.00ns)   --->   "%br_ln83 = br void %for.body6.i" [../gen2/Hls_Layers_UpConv.tpp:83->../gen2/Hls_Layers_UpConv.tpp:219->../gen2/Hls_Layers_UpConv.tpp:216]   --->   Operation 27 'br' 'br_ln83' <Predicate = true> <Delay = 0.00>
ST_1 : Operation 28 [1/1] (0.00ns)   --->   "%kci_1 = load i10 %kci" [../gen2/Hls_Layers_UpConv.tpp:83->../gen2/Hls_Layers_UpConv.tpp:219->../gen2/Hls_Layers_UpConv.tpp:216]   --->   Operation 28 'load' 'kci_1' <Predicate = true> <Delay = 0.00>
ST_1 : Operation 29 [1/1] (0.78ns)   --->   "%icmp_ln83 = icmp_eq  i10 %kci_1, i10 %mul3_i_read" [../gen2/Hls_Layers_UpConv.tpp:83->../gen2/Hls_Layers_UpConv.tpp:219->../gen2/Hls_Layers_UpConv.tpp:216]   --->   Operation 29 'icmp' 'icmp_ln83' <Predicate = true> <Delay = 0.78> <CoreInst = "Cmp">   --->   Core 9 'Cmp' <Latency = 0> <II = 1> <Delay = 0.78> <FuncUnit> <Opcode : 'seteq' 'setne' 'setle' 'setge' 'setlt' 'setgt'> <InPorts = 2> <OutPorts = 1>
ST_1 : Operation 30 [1/1] (0.78ns)   --->   "%add_ln83 = add i10 %kci_1, i10 1" [../gen2/Hls_Layers_UpConv.tpp:83->../gen2/Hls_Layers_UpConv.tpp:219->../gen2/Hls_Layers_UpConv.tpp:216]   --->   Operation 30 'add' 'add_ln83' <Predicate = true> <Delay = 0.78> <CoreInst = "Adder">   --->   Core 1 'Adder' <Latency = 0> <II = 1> <Delay = 0.78> <FuncUnit> <Opcode : 'add' 'sub'> <InPorts = 2> <OutPorts = 1>
ST_1 : Operation 31 [1/1] (0.00ns)   --->   "%br_ln83 = br i1 %icmp_ln83, void %for.body6.split.i, void %for.inc21.i.loopexit.exitStub" [../gen2/Hls_Layers_UpConv.tpp:83->../gen2/Hls_Layers_UpConv.tpp:219->../gen2/Hls_Layers_UpConv.tpp:216]   --->   Operation 31 'br' 'br_ln83' <Predicate = true> <Delay = 0.00>
ST_1 : Operation 32 [1/1] (0.67ns)   --->   "%switch_ln86 = switch i3 %tc_read, void %arrayidx1511.case.7.i, i3 0, void %arrayidx1511.case.0.i, i3 1, void %arrayidx1511.case.1.i, i3 2, void %arrayidx1511.case.2.i, i3 3, void %arrayidx1511.case.3.i, i3 4, void %arrayidx1511.case.4.i, i3 5, void %arrayidx1511.case.5.i, i3 6, void %arrayidx1511.case.6.i" [../gen2/Hls_Layers_UpConv.tpp:86->../gen2/Hls_Layers_UpConv.tpp:219->../gen2/Hls_Layers_UpConv.tpp:216]   --->   Operation 32 'switch' 'switch_ln86' <Predicate = (!icmp_ln83)> <Delay = 0.67>
ST_1 : Operation 33 [1/1] (0.42ns)   --->   "%store_ln83 = store i10 %add_ln83, i10 %kci" [../gen2/Hls_Layers_UpConv.tpp:83->../gen2/Hls_Layers_UpConv.tpp:219->../gen2/Hls_Layers_UpConv.tpp:216]   --->   Operation 33 'store' 'store_ln83' <Predicate = (!icmp_ln83)> <Delay = 0.42>

State 2 <SV = 1> <Delay = 3.19>
ST_2 : Operation 34 [1/1] (0.00ns)   --->   "%ci_cnt_load = load i32 %ci_cnt" [../gen2/Hls_Layers_UpConv.tpp:83->../gen2/Hls_Layers_UpConv.tpp:219->../gen2/Hls_Layers_UpConv.tpp:216]   --->   Operation 34 'load' 'ci_cnt_load' <Predicate = true> <Delay = 0.00>
ST_2 : Operation 35 [1/1] (0.00ns)   --->   "%gmem_weight_addr = getelementptr i256 %gmem_weight, i64 %sext_ln83_cast" [../gen2/Hls_Layers_UpConv.tpp:83->../gen2/Hls_Layers_UpConv.tpp:219->../gen2/Hls_Layers_UpConv.tpp:216]   --->   Operation 35 'getelementptr' 'gmem_weight_addr' <Predicate = true> <Delay = 0.00>
ST_2 : Operation 36 [1/1] (0.00ns)   --->   "%trunc_ln83 = trunc i32 %ci_cnt_load" [../gen2/Hls_Layers_UpConv.tpp:83->../gen2/Hls_Layers_UpConv.tpp:219->../gen2/Hls_Layers_UpConv.tpp:216]   --->   Operation 36 'trunc' 'trunc_ln83' <Predicate = true> <Delay = 0.00>
ST_2 : Operation 37 [1/1] (2.43ns)   --->   "%gmem_weight_addr_read = read i256 @_ssdm_op_Read.m_axi.p1i256, i256 %gmem_weight_addr" [../gen2/Hls_Layers_UpConv.tpp:86->../gen2/Hls_Layers_UpConv.tpp:219->../gen2/Hls_Layers_UpConv.tpp:216]   --->   Operation 37 'read' 'gmem_weight_addr_read' <Predicate = true> <Delay = 2.43> <CoreInst = "m_axi">   --->   Core 119 'm_axi' <Latency = 3> <II = 1> <Delay = 1.00> <Adapter> <Opcode : 'read' 'write' 'readreq' 'writereq' 'writeresp'>
ST_2 : Operation 38 [1/1] (0.00ns)   --->   "%ci_cnt_load_1 = load i32 %ci_cnt" [../gen2/Hls_Layers_UpConv.tpp:87->../gen2/Hls_Layers_UpConv.tpp:219->../gen2/Hls_Layers_UpConv.tpp:216]   --->   Operation 38 'load' 'ci_cnt_load_1' <Predicate = true> <Delay = 0.00>
ST_2 : Operation 39 [1/1] (1.01ns)   --->   "%ci_cnt_1 = add i32 %ci_cnt_load_1, i32 1" [../gen2/Hls_Layers_UpConv.tpp:87->../gen2/Hls_Layers_UpConv.tpp:219->../gen2/Hls_Layers_UpConv.tpp:216]   --->   Operation 39 'add' 'ci_cnt_1' <Predicate = true> <Delay = 1.01> <CoreInst = "Adder">   --->   Core 1 'Adder' <Latency = 0> <II = 1> <Delay = 1.01> <FuncUnit> <Opcode : 'add' 'sub'> <InPorts = 2> <OutPorts = 1>
ST_2 : Operation 40 [1/1] (1.01ns)   --->   "%icmp_ln88 = icmp_slt  i32 %ci_cnt_1, i32 %CI_WORDS_cast4_i_cast" [../gen2/Hls_Layers_UpConv.tpp:88->../gen2/Hls_Layers_UpConv.tpp:219->../gen2/Hls_Layers_UpConv.tpp:216]   --->   Operation 40 'icmp' 'icmp_ln88' <Predicate = true> <Delay = 1.01> <CoreInst = "Cmp">   --->   Core 9 'Cmp' <Latency = 0> <II = 1> <Delay = 1.01> <FuncUnit> <Opcode : 'seteq' 'setne' 'setle' 'setge' 'setlt' 'setgt'> <InPorts = 2> <OutPorts = 1>
ST_2 : Operation 41 [1/1] (0.28ns)   --->   "%xor_ln88 = xor i1 %icmp_ln88, i1 1" [../gen2/Hls_Layers_UpConv.tpp:88->../gen2/Hls_Layers_UpConv.tpp:219->../gen2/Hls_Layers_UpConv.tpp:216]   --->   Operation 41 'xor' 'xor_ln88' <Predicate = true> <Delay = 0.28> <CoreInst = "LogicGate">   --->   Core 74 'LogicGate' <Latency = 0> <II = 1> <Delay = 0.28> <FuncUnit> <Opcode : 'and' 'or' 'xor'> <InPorts = 2> <OutPorts = 1>
ST_2 : Operation 42 [1/1] (0.44ns)   --->   "%ci_cnt_2 = select i1 %xor_ln88, i32 0, i32 %ci_cnt_1" [../gen2/Hls_Layers_UpConv.tpp:88->../gen2/Hls_Layers_UpConv.tpp:219->../gen2/Hls_Layers_UpConv.tpp:216]   --->   Operation 42 'select' 'ci_cnt_2' <Predicate = true> <Delay = 0.44> <CoreInst = "Sel">   --->   Core 73 'Sel' <Latency = 0> <II = 1> <Delay = 0.44> <FuncUnit> <Opcode : 'select'> <InPorts = 3> <OutPorts = 1>
ST_2 : Operation 43 [1/1] (0.42ns)   --->   "%store_ln82 = store i32 %ci_cnt_2, i32 %ci_cnt" [../gen2/Hls_Layers_UpConv.tpp:82->../gen2/Hls_Layers_UpConv.tpp:219->../gen2/Hls_Layers_UpConv.tpp:216]   --->   Operation 43 'store' 'store_ln82' <Predicate = true> <Delay = 0.42>
ST_2 : Operation 84 [1/1] (0.42ns)   --->   "%ret_ln0 = ret"   --->   Operation 84 'ret' 'ret_ln0' <Predicate = (icmp_ln83)> <Delay = 0.42>

State 3 <SV = 2> <Delay = 2.19>
ST_3 : Operation 44 [1/1] (0.00ns)   --->   "%k_cnt_load = load i32 %k_cnt" [../gen2/Hls_Layers_UpConv.tpp:86->../gen2/Hls_Layers_UpConv.tpp:219->../gen2/Hls_Layers_UpConv.tpp:216]   --->   Operation 44 'load' 'k_cnt_load' <Predicate = true> <Delay = 0.00>
ST_3 : Operation 45 [1/1] (0.00ns)   --->   "%specpipeline_ln84 = specpipeline void @_ssdm_op_SpecPipeline, i32 1, i32 0, i32 0, i32 0, void @empty_80" [../gen2/Hls_Layers_UpConv.tpp:84->../gen2/Hls_Layers_UpConv.tpp:219->../gen2/Hls_Layers_UpConv.tpp:216]   --->   Operation 45 'specpipeline' 'specpipeline_ln84' <Predicate = true> <Delay = 0.00>
ST_3 : Operation 46 [1/1] (0.00ns)   --->   "%speclooptripcount_ln85 = speclooptripcount void @_ssdm_op_SpecLoopTripCount, i64 72, i64 540, i64 252" [../gen2/Hls_Layers_UpConv.tpp:85->../gen2/Hls_Layers_UpConv.tpp:219->../gen2/Hls_Layers_UpConv.tpp:216]   --->   Operation 46 'speclooptripcount' 'speclooptripcount_ln85' <Predicate = true> <Delay = 0.00>
ST_3 : Operation 47 [1/1] (0.00ns)   --->   "%specloopname_ln83 = specloopname void @_ssdm_op_SpecLoopName, void @empty_21" [../gen2/Hls_Layers_UpConv.tpp:83->../gen2/Hls_Layers_UpConv.tpp:219->../gen2/Hls_Layers_UpConv.tpp:216]   --->   Operation 47 'specloopname' 'specloopname_ln83' <Predicate = true> <Delay = 0.00>
ST_3 : Operation 48 [1/1] (0.00ns)   --->   "%trunc_ln86 = trunc i32 %k_cnt_load" [../gen2/Hls_Layers_UpConv.tpp:86->../gen2/Hls_Layers_UpConv.tpp:219->../gen2/Hls_Layers_UpConv.tpp:216]   --->   Operation 48 'trunc' 'trunc_ln86' <Predicate = true> <Delay = 0.00>
ST_3 : Operation 49 [1/1] (0.00ns)   --->   "%p_shl = bitconcatenate i10 @_ssdm_op_BitConcatenate.i10.i4.i6, i4 %trunc_ln86, i6 0" [../gen2/Hls_Layers_UpConv.tpp:86->../gen2/Hls_Layers_UpConv.tpp:219->../gen2/Hls_Layers_UpConv.tpp:216]   --->   Operation 49 'bitconcatenate' 'p_shl' <Predicate = true> <Delay = 0.00>
ST_3 : Operation 50 [1/1] (0.00ns)   --->   "%trunc_ln86_1 = trunc i32 %k_cnt_load" [../gen2/Hls_Layers_UpConv.tpp:86->../gen2/Hls_Layers_UpConv.tpp:219->../gen2/Hls_Layers_UpConv.tpp:216]   --->   Operation 50 'trunc' 'trunc_ln86_1' <Predicate = true> <Delay = 0.00>
ST_3 : Operation 51 [1/1] (0.00ns)   --->   "%p_shl9 = bitconcatenate i10 @_ssdm_op_BitConcatenate.i10.i8.i2, i8 %trunc_ln86_1, i2 0" [../gen2/Hls_Layers_UpConv.tpp:86->../gen2/Hls_Layers_UpConv.tpp:219->../gen2/Hls_Layers_UpConv.tpp:216]   --->   Operation 51 'bitconcatenate' 'p_shl9' <Predicate = true> <Delay = 0.00>
ST_3 : Operation 52 [1/1] (0.00ns) (grouped into TernaryAdder)   --->   "%sub_ln86 = sub i10 %p_shl, i10 %p_shl9" [../gen2/Hls_Layers_UpConv.tpp:86->../gen2/Hls_Layers_UpConv.tpp:219->../gen2/Hls_Layers_UpConv.tpp:216]   --->   Operation 52 'sub' 'sub_ln86' <Predicate = true> <Delay = 0.00> <CoreInst = "TAddSub">   --->   Core 10 'TAddSub' <Latency = 0> <II = 1> <Delay = 0.48> <IPBlock> <Opcode : '' 'add' 'sub'> <InPorts = 3> <OutPorts = 1> <Sync> <CReg>
ST_3 : Operation 53 [1/1] (0.96ns) (root node of TernaryAdder)   --->   "%add_ln86 = add i10 %sub_ln86, i10 %trunc_ln83" [../gen2/Hls_Layers_UpConv.tpp:86->../gen2/Hls_Layers_UpConv.tpp:219->../gen2/Hls_Layers_UpConv.tpp:216]   --->   Operation 53 'add' 'add_ln86' <Predicate = true> <Delay = 0.96> <CoreInst = "TAddSub">   --->   Core 10 'TAddSub' <Latency = 0> <II = 1> <Delay = 0.48> <IPBlock> <Opcode : '' 'add' 'sub'> <InPorts = 3> <OutPorts = 1> <Sync> <CReg>
ST_3 : Operation 54 [1/1] (0.00ns)   --->   "%zext_ln86 = zext i10 %add_ln86" [../gen2/Hls_Layers_UpConv.tpp:86->../gen2/Hls_Layers_UpConv.tpp:219->../gen2/Hls_Layers_UpConv.tpp:216]   --->   Operation 54 'zext' 'zext_ln86' <Predicate = true> <Delay = 0.00>
ST_3 : Operation 55 [1/1] (0.00ns)   --->   "%wbuf_4_i_addr = getelementptr i256 %wbuf_4_i, i64 0, i64 %zext_ln86" [../gen2/Hls_Layers_UpConv.tpp:86->../gen2/Hls_Layers_UpConv.tpp:219->../gen2/Hls_Layers_UpConv.tpp:216]   --->   Operation 55 'getelementptr' 'wbuf_4_i_addr' <Predicate = true> <Delay = 0.00>
ST_3 : Operation 56 [1/1] (0.00ns)   --->   "%wbuf_1_i_addr = getelementptr i256 %wbuf_1_i, i64 0, i64 %zext_ln86" [../gen2/Hls_Layers_UpConv.tpp:86->../gen2/Hls_Layers_UpConv.tpp:219->../gen2/Hls_Layers_UpConv.tpp:216]   --->   Operation 56 'getelementptr' 'wbuf_1_i_addr' <Predicate = true> <Delay = 0.00>
ST_3 : Operation 57 [1/1] (0.00ns)   --->   "%wbuf_2_i_addr = getelementptr i256 %wbuf_2_i, i64 0, i64 %zext_ln86" [../gen2/Hls_Layers_UpConv.tpp:86->../gen2/Hls_Layers_UpConv.tpp:219->../gen2/Hls_Layers_UpConv.tpp:216]   --->   Operation 57 'getelementptr' 'wbuf_2_i_addr' <Predicate = true> <Delay = 0.00>
ST_3 : Operation 58 [1/1] (0.00ns)   --->   "%wbuf_3_i_addr = getelementptr i256 %wbuf_3_i, i64 0, i64 %zext_ln86" [../gen2/Hls_Layers_UpConv.tpp:86->../gen2/Hls_Layers_UpConv.tpp:219->../gen2/Hls_Layers_UpConv.tpp:216]   --->   Operation 58 'getelementptr' 'wbuf_3_i_addr' <Predicate = true> <Delay = 0.00>
ST_3 : Operation 59 [1/1] (0.00ns)   --->   "%wbuf_3_i_addr_193 = getelementptr i256 %wbuf_3_i_162, i64 0, i64 %zext_ln86" [../gen2/Hls_Layers_UpConv.tpp:86->../gen2/Hls_Layers_UpConv.tpp:219->../gen2/Hls_Layers_UpConv.tpp:216]   --->   Operation 59 'getelementptr' 'wbuf_3_i_addr_193' <Predicate = true> <Delay = 0.00>
ST_3 : Operation 60 [1/1] (0.00ns)   --->   "%wbuf_2_i_addr_194 = getelementptr i256 %wbuf_2_i_163, i64 0, i64 %zext_ln86" [../gen2/Hls_Layers_UpConv.tpp:86->../gen2/Hls_Layers_UpConv.tpp:219->../gen2/Hls_Layers_UpConv.tpp:216]   --->   Operation 60 'getelementptr' 'wbuf_2_i_addr_194' <Predicate = true> <Delay = 0.00>
ST_3 : Operation 61 [1/1] (0.00ns)   --->   "%wbuf_1_i_addr_195 = getelementptr i256 %wbuf_1_i_164, i64 0, i64 %zext_ln86" [../gen2/Hls_Layers_UpConv.tpp:86->../gen2/Hls_Layers_UpConv.tpp:219->../gen2/Hls_Layers_UpConv.tpp:216]   --->   Operation 61 'getelementptr' 'wbuf_1_i_addr_195' <Predicate = true> <Delay = 0.00>
ST_3 : Operation 62 [1/1] (0.00ns)   --->   "%wbuf_i_addr = getelementptr i256 %wbuf_i, i64 0, i64 %zext_ln86" [../gen2/Hls_Layers_UpConv.tpp:86->../gen2/Hls_Layers_UpConv.tpp:219->../gen2/Hls_Layers_UpConv.tpp:216]   --->   Operation 62 'getelementptr' 'wbuf_i_addr' <Predicate = true> <Delay = 0.00>
ST_3 : Operation 63 [1/1] ( I:1.23ns O:1.23ns )   --->   "%store_ln86 = store i256 %gmem_weight_addr_read, i10 %wbuf_1_i_addr_195" [../gen2/Hls_Layers_UpConv.tpp:86->../gen2/Hls_Layers_UpConv.tpp:219->../gen2/Hls_Layers_UpConv.tpp:216]   --->   Operation 63 'store' 'store_ln86' <Predicate = (tc_read == 6)> <Delay = 1.23> <CoreInst = "RAM_T2P_URAM">   --->   Core 99 'RAM_T2P_URAM' <Latency = 1> <II = 1> <Delay = 1.23> <Storage> <Opcode : 'load' 'store'> <Ports = 2> <Width = 256> <Depth = 540> <RAM>
ST_3 : Operation 64 [1/1] (0.00ns)   --->   "%br_ln86 = br void %arrayidx1511.exit.i" [../gen2/Hls_Layers_UpConv.tpp:86->../gen2/Hls_Layers_UpConv.tpp:219->../gen2/Hls_Layers_UpConv.tpp:216]   --->   Operation 64 'br' 'br_ln86' <Predicate = (tc_read == 6)> <Delay = 0.00>
ST_3 : Operation 65 [1/1] ( I:1.23ns O:1.23ns )   --->   "%store_ln86 = store i256 %gmem_weight_addr_read, i10 %wbuf_2_i_addr_194" [../gen2/Hls_Layers_UpConv.tpp:86->../gen2/Hls_Layers_UpConv.tpp:219->../gen2/Hls_Layers_UpConv.tpp:216]   --->   Operation 65 'store' 'store_ln86' <Predicate = (tc_read == 5)> <Delay = 1.23> <CoreInst = "RAM_T2P_URAM">   --->   Core 99 'RAM_T2P_URAM' <Latency = 1> <II = 1> <Delay = 1.23> <Storage> <Opcode : 'load' 'store'> <Ports = 2> <Width = 256> <Depth = 540> <RAM>
ST_3 : Operation 66 [1/1] (0.00ns)   --->   "%br_ln86 = br void %arrayidx1511.exit.i" [../gen2/Hls_Layers_UpConv.tpp:86->../gen2/Hls_Layers_UpConv.tpp:219->../gen2/Hls_Layers_UpConv.tpp:216]   --->   Operation 66 'br' 'br_ln86' <Predicate = (tc_read == 5)> <Delay = 0.00>
ST_3 : Operation 67 [1/1] ( I:1.23ns O:1.23ns )   --->   "%store_ln86 = store i256 %gmem_weight_addr_read, i10 %wbuf_3_i_addr_193" [../gen2/Hls_Layers_UpConv.tpp:86->../gen2/Hls_Layers_UpConv.tpp:219->../gen2/Hls_Layers_UpConv.tpp:216]   --->   Operation 67 'store' 'store_ln86' <Predicate = (tc_read == 4)> <Delay = 1.23> <CoreInst = "RAM_T2P_URAM">   --->   Core 99 'RAM_T2P_URAM' <Latency = 1> <II = 1> <Delay = 1.23> <Storage> <Opcode : 'load' 'store'> <Ports = 2> <Width = 256> <Depth = 540> <RAM>
ST_3 : Operation 68 [1/1] (0.00ns)   --->   "%br_ln86 = br void %arrayidx1511.exit.i" [../gen2/Hls_Layers_UpConv.tpp:86->../gen2/Hls_Layers_UpConv.tpp:219->../gen2/Hls_Layers_UpConv.tpp:216]   --->   Operation 68 'br' 'br_ln86' <Predicate = (tc_read == 4)> <Delay = 0.00>
ST_3 : Operation 69 [1/1] ( I:1.23ns O:1.23ns )   --->   "%store_ln86 = store i256 %gmem_weight_addr_read, i10 %wbuf_3_i_addr" [../gen2/Hls_Layers_UpConv.tpp:86->../gen2/Hls_Layers_UpConv.tpp:219->../gen2/Hls_Layers_UpConv.tpp:216]   --->   Operation 69 'store' 'store_ln86' <Predicate = (tc_read == 3)> <Delay = 1.23> <CoreInst = "RAM_T2P_URAM">   --->   Core 99 'RAM_T2P_URAM' <Latency = 1> <II = 1> <Delay = 1.23> <Storage> <Opcode : 'load' 'store'> <Ports = 2> <Width = 256> <Depth = 540> <RAM>
ST_3 : Operation 70 [1/1] (0.00ns)   --->   "%br_ln86 = br void %arrayidx1511.exit.i" [../gen2/Hls_Layers_UpConv.tpp:86->../gen2/Hls_Layers_UpConv.tpp:219->../gen2/Hls_Layers_UpConv.tpp:216]   --->   Operation 70 'br' 'br_ln86' <Predicate = (tc_read == 3)> <Delay = 0.00>
ST_3 : Operation 71 [1/1] ( I:1.23ns O:1.23ns )   --->   "%store_ln86 = store i256 %gmem_weight_addr_read, i10 %wbuf_2_i_addr" [../gen2/Hls_Layers_UpConv.tpp:86->../gen2/Hls_Layers_UpConv.tpp:219->../gen2/Hls_Layers_UpConv.tpp:216]   --->   Operation 71 'store' 'store_ln86' <Predicate = (tc_read == 2)> <Delay = 1.23> <CoreInst = "RAM_T2P_URAM">   --->   Core 99 'RAM_T2P_URAM' <Latency = 1> <II = 1> <Delay = 1.23> <Storage> <Opcode : 'load' 'store'> <Ports = 2> <Width = 256> <Depth = 540> <RAM>
ST_3 : Operation 72 [1/1] (0.00ns)   --->   "%br_ln86 = br void %arrayidx1511.exit.i" [../gen2/Hls_Layers_UpConv.tpp:86->../gen2/Hls_Layers_UpConv.tpp:219->../gen2/Hls_Layers_UpConv.tpp:216]   --->   Operation 72 'br' 'br_ln86' <Predicate = (tc_read == 2)> <Delay = 0.00>
ST_3 : Operation 73 [1/1] ( I:1.23ns O:1.23ns )   --->   "%store_ln86 = store i256 %gmem_weight_addr_read, i10 %wbuf_1_i_addr" [../gen2/Hls_Layers_UpConv.tpp:86->../gen2/Hls_Layers_UpConv.tpp:219->../gen2/Hls_Layers_UpConv.tpp:216]   --->   Operation 73 'store' 'store_ln86' <Predicate = (tc_read == 1)> <Delay = 1.23> <CoreInst = "RAM_T2P_URAM">   --->   Core 99 'RAM_T2P_URAM' <Latency = 1> <II = 1> <Delay = 1.23> <Storage> <Opcode : 'load' 'store'> <Ports = 2> <Width = 256> <Depth = 540> <RAM>
ST_3 : Operation 74 [1/1] (0.00ns)   --->   "%br_ln86 = br void %arrayidx1511.exit.i" [../gen2/Hls_Layers_UpConv.tpp:86->../gen2/Hls_Layers_UpConv.tpp:219->../gen2/Hls_Layers_UpConv.tpp:216]   --->   Operation 74 'br' 'br_ln86' <Predicate = (tc_read == 1)> <Delay = 0.00>
ST_3 : Operation 75 [1/1] ( I:1.23ns O:1.23ns )   --->   "%store_ln86 = store i256 %gmem_weight_addr_read, i10 %wbuf_4_i_addr" [../gen2/Hls_Layers_UpConv.tpp:86->../gen2/Hls_Layers_UpConv.tpp:219->../gen2/Hls_Layers_UpConv.tpp:216]   --->   Operation 75 'store' 'store_ln86' <Predicate = (tc_read == 0)> <Delay = 1.23> <CoreInst = "RAM_T2P_URAM">   --->   Core 99 'RAM_T2P_URAM' <Latency = 1> <II = 1> <Delay = 1.23> <Storage> <Opcode : 'load' 'store'> <Ports = 2> <Width = 256> <Depth = 540> <RAM>
ST_3 : Operation 76 [1/1] (0.00ns)   --->   "%br_ln86 = br void %arrayidx1511.exit.i" [../gen2/Hls_Layers_UpConv.tpp:86->../gen2/Hls_Layers_UpConv.tpp:219->../gen2/Hls_Layers_UpConv.tpp:216]   --->   Operation 76 'br' 'br_ln86' <Predicate = (tc_read == 0)> <Delay = 0.00>
ST_3 : Operation 77 [1/1] ( I:1.23ns O:1.23ns )   --->   "%store_ln86 = store i256 %gmem_weight_addr_read, i10 %wbuf_i_addr" [../gen2/Hls_Layers_UpConv.tpp:86->../gen2/Hls_Layers_UpConv.tpp:219->../gen2/Hls_Layers_UpConv.tpp:216]   --->   Operation 77 'store' 'store_ln86' <Predicate = (tc_read == 7)> <Delay = 1.23> <CoreInst = "RAM_T2P_URAM">   --->   Core 99 'RAM_T2P_URAM' <Latency = 1> <II = 1> <Delay = 1.23> <Storage> <Opcode : 'load' 'store'> <Ports = 2> <Width = 256> <Depth = 540> <RAM>
ST_3 : Operation 78 [1/1] (0.00ns)   --->   "%br_ln86 = br void %arrayidx1511.exit.i" [../gen2/Hls_Layers_UpConv.tpp:86->../gen2/Hls_Layers_UpConv.tpp:219->../gen2/Hls_Layers_UpConv.tpp:216]   --->   Operation 78 'br' 'br_ln86' <Predicate = (tc_read == 7)> <Delay = 0.00>
ST_3 : Operation 79 [1/1] (0.00ns)   --->   "%k_cnt_load_1 = load i32 %k_cnt" [../gen2/Hls_Layers_UpConv.tpp:88->../gen2/Hls_Layers_UpConv.tpp:219->../gen2/Hls_Layers_UpConv.tpp:216]   --->   Operation 79 'load' 'k_cnt_load_1' <Predicate = true> <Delay = 0.00>
ST_3 : Operation 80 [1/1] (1.01ns)   --->   "%add_ln88 = add i32 %k_cnt_load_1, i32 1" [../gen2/Hls_Layers_UpConv.tpp:88->../gen2/Hls_Layers_UpConv.tpp:219->../gen2/Hls_Layers_UpConv.tpp:216]   --->   Operation 80 'add' 'add_ln88' <Predicate = (xor_ln88)> <Delay = 1.01> <CoreInst = "Adder">   --->   Core 1 'Adder' <Latency = 0> <II = 1> <Delay = 1.01> <FuncUnit> <Opcode : 'add' 'sub'> <InPorts = 2> <OutPorts = 1>
ST_3 : Operation 81 [1/1] (0.44ns)   --->   "%k_cnt_1 = select i1 %xor_ln88, i32 %add_ln88, i32 %k_cnt_load_1" [../gen2/Hls_Layers_UpConv.tpp:88->../gen2/Hls_Layers_UpConv.tpp:219->../gen2/Hls_Layers_UpConv.tpp:216]   --->   Operation 81 'select' 'k_cnt_1' <Predicate = true> <Delay = 0.44> <CoreInst = "Sel">   --->   Core 73 'Sel' <Latency = 0> <II = 1> <Delay = 0.44> <FuncUnit> <Opcode : 'select'> <InPorts = 3> <OutPorts = 1>
ST_3 : Operation 82 [1/1] (0.42ns)   --->   "%store_ln82 = store i32 %k_cnt_1, i32 %k_cnt" [../gen2/Hls_Layers_UpConv.tpp:82->../gen2/Hls_Layers_UpConv.tpp:219->../gen2/Hls_Layers_UpConv.tpp:216]   --->   Operation 82 'store' 'store_ln82' <Predicate = true> <Delay = 0.42>
ST_3 : Operation 83 [1/1] (0.00ns)   --->   "%br_ln83 = br void %for.body6.i" [../gen2/Hls_Layers_UpConv.tpp:83->../gen2/Hls_Layers_UpConv.tpp:219->../gen2/Hls_Layers_UpConv.tpp:216]   --->   Operation 83 'br' 'br_ln83' <Predicate = true> <Delay = 0.00>


============================================================
+ Verbose Summary: Timing violations
============================================================
Target clock period: 3.333ns, clock uncertainty: 0.900ns.

 <State 1>: 1.641ns
The critical path consists of the following:
	'store' operation 0 bit ('store_ln83', ../gen2/Hls_Layers_UpConv.tpp:83->../gen2/Hls_Layers_UpConv.tpp:219->../gen2/Hls_Layers_UpConv.tpp:216) of constant 0 on local variable 'kci', ../gen2/Hls_Layers_UpConv.tpp:83->../gen2/Hls_Layers_UpConv.tpp:219->../gen2/Hls_Layers_UpConv.tpp:216 [32]  (0.427 ns)
	'load' operation 10 bit ('kci', ../gen2/Hls_Layers_UpConv.tpp:83->../gen2/Hls_Layers_UpConv.tpp:219->../gen2/Hls_Layers_UpConv.tpp:216) on local variable 'kci', ../gen2/Hls_Layers_UpConv.tpp:83->../gen2/Hls_Layers_UpConv.tpp:219->../gen2/Hls_Layers_UpConv.tpp:216 [37]  (0.000 ns)
	'icmp' operation 1 bit ('icmp_ln83', ../gen2/Hls_Layers_UpConv.tpp:83->../gen2/Hls_Layers_UpConv.tpp:219->../gen2/Hls_Layers_UpConv.tpp:216) [38]  (0.787 ns)
	'store' operation 0 bit ('store_ln83', ../gen2/Hls_Layers_UpConv.tpp:83->../gen2/Hls_Layers_UpConv.tpp:219->../gen2/Hls_Layers_UpConv.tpp:216) of variable 'add_ln83', ../gen2/Hls_Layers_UpConv.tpp:83->../gen2/Hls_Layers_UpConv.tpp:219->../gen2/Hls_Layers_UpConv.tpp:216 on local variable 'kci', ../gen2/Hls_Layers_UpConv.tpp:83->../gen2/Hls_Layers_UpConv.tpp:219->../gen2/Hls_Layers_UpConv.tpp:216 [99]  (0.427 ns)

 <State 2>: 3.195ns
The critical path consists of the following:
	'load' operation 32 bit ('ci_cnt_load_1', ../gen2/Hls_Layers_UpConv.tpp:87->../gen2/Hls_Layers_UpConv.tpp:219->../gen2/Hls_Layers_UpConv.tpp:216) on local variable 'ci_cnt', ../gen2/Hls_Layers_UpConv.tpp:82->../gen2/Hls_Layers_UpConv.tpp:219->../gen2/Hls_Layers_UpConv.tpp:216 [92]  (0.000 ns)
	'add' operation 32 bit ('ci_cnt', ../gen2/Hls_Layers_UpConv.tpp:87->../gen2/Hls_Layers_UpConv.tpp:219->../gen2/Hls_Layers_UpConv.tpp:216) [93]  (1.016 ns)
	'icmp' operation 1 bit ('icmp_ln88', ../gen2/Hls_Layers_UpConv.tpp:88->../gen2/Hls_Layers_UpConv.tpp:219->../gen2/Hls_Layers_UpConv.tpp:216) [94]  (1.016 ns)
	'xor' operation 1 bit ('xor_ln88', ../gen2/Hls_Layers_UpConv.tpp:88->../gen2/Hls_Layers_UpConv.tpp:219->../gen2/Hls_Layers_UpConv.tpp:216) [95]  (0.287 ns)
	'select' operation 32 bit ('ci_cnt', ../gen2/Hls_Layers_UpConv.tpp:88->../gen2/Hls_Layers_UpConv.tpp:219->../gen2/Hls_Layers_UpConv.tpp:216) [98]  (0.449 ns)
	'store' operation 0 bit ('store_ln82', ../gen2/Hls_Layers_UpConv.tpp:82->../gen2/Hls_Layers_UpConv.tpp:219->../gen2/Hls_Layers_UpConv.tpp:216) of variable 'ci_cnt', ../gen2/Hls_Layers_UpConv.tpp:88->../gen2/Hls_Layers_UpConv.tpp:219->../gen2/Hls_Layers_UpConv.tpp:216 on local variable 'ci_cnt', ../gen2/Hls_Layers_UpConv.tpp:82->../gen2/Hls_Layers_UpConv.tpp:219->../gen2/Hls_Layers_UpConv.tpp:216 [100]  (0.427 ns)

 <State 3>: 2.197ns
The critical path consists of the following:
	'load' operation 32 bit ('k_cnt_load', ../gen2/Hls_Layers_UpConv.tpp:86->../gen2/Hls_Layers_UpConv.tpp:219->../gen2/Hls_Layers_UpConv.tpp:216) on local variable 'k_cnt', ../gen2/Hls_Layers_UpConv.tpp:82->../gen2/Hls_Layers_UpConv.tpp:219->../gen2/Hls_Layers_UpConv.tpp:216 [42]  (0.000 ns)
	'sub' operation 10 bit ('sub_ln86', ../gen2/Hls_Layers_UpConv.tpp:86->../gen2/Hls_Layers_UpConv.tpp:219->../gen2/Hls_Layers_UpConv.tpp:216) [53]  (0.000 ns)
	'add' operation 10 bit ('add_ln86', ../gen2/Hls_Layers_UpConv.tpp:86->../gen2/Hls_Layers_UpConv.tpp:219->../gen2/Hls_Layers_UpConv.tpp:216) [54]  (0.960 ns)
	'getelementptr' operation 10 bit ('wbuf_i_addr', ../gen2/Hls_Layers_UpConv.tpp:86->../gen2/Hls_Layers_UpConv.tpp:219->../gen2/Hls_Layers_UpConv.tpp:216) [63]  (0.000 ns)
	'store' operation 0 bit ('store_ln86', ../gen2/Hls_Layers_UpConv.tpp:86->../gen2/Hls_Layers_UpConv.tpp:219->../gen2/Hls_Layers_UpConv.tpp:216) of variable 'gmem_weight_addr_read', ../gen2/Hls_Layers_UpConv.tpp:86->../gen2/Hls_Layers_UpConv.tpp:219->../gen2/Hls_Layers_UpConv.tpp:216 on array 'wbuf_i' [88]  (1.237 ns)


============================================================
+ Verbose Summary: Binding
============================================================
N/A
* FSMD analyzer results:
  - Output states:
 - Input state : 
  - Chain level:
	State 1
	State 2
	State 3


============================================================
+ Verbose Summary: Datapath Resource usage 
============================================================
N/A
