

================================================================
== Vitis HLS Report for 'uc_load_tile_8_2'
================================================================
* Date:           Thu Jun 18 11:21:20 2026

* Version:        2024.2 (Build 5238294 on Nov  8 2024)
* Project:        upconv_core_top
* Solution:       hls (Vivado IP Flow Target)
* Product family: zynquplus
* Target device:  xczu7ev-ffvc1156-2-e


================================================================
== Performance Estimates
================================================================
+ Timing: 
    * Summary: 
    +--------+---------+----------+------------+
    |  Clock |  Target | Estimated| Uncertainty|
    +--------+---------+----------+------------+
    |ap_clk  |  3.33 ns|  3.195 ns|     0.90 ns|
    +--------+---------+----------+------------+

+ Latency: 
    * Summary: 
    +---------+---------+----------+-----------+-----+------+---------+
    |  Latency (cycles) |  Latency (absolute)  |  Interval  | Pipeline|
    |   min   |   max   |    min   |    max    | min |  max |   Type  |
    +---------+---------+----------+-----------+-----+------+---------+
    |       33|     4449|  0.110 us|  14.829 us|   33|  4449|       no|
    +---------+---------+----------+-----------+-----+------+---------+

    + Detail: 
        * Instance: 
        N/A

        * Loop: 
        +-------------+---------+---------+----------+-----------+-----------+------+----------+
        |             |  Latency (cycles) | Iteration|  Initiation Interval  | Trip |          |
        |  Loop Name  |   min   |   max   |  Latency |  achieved |   target  | Count| Pipelined|
        +-------------+---------+---------+----------+-----------+-----------+------+----------+
        |- PRELOAD_W  |       32|     4448|   4 ~ 556|          -|          -|     8|        no|
        +-------------+---------+---------+----------+-----------+-----------+------+----------+

============================================================
+ Verbose Summary: Synthesis Manager
============================================================
InlineROM: 1
ExposeGlobal: 0
============================================================
+ Verbose Summary: CDFG Model
============================================================
IsTopModel: 0
ResetActiveHigh: 1
IsCombinational: 2
IsDatapathOnly: 0
HasWiredReturn: 1
HasMFsm: 0
HasVarLatency: 1
IsPipeline: 0
IsRtlPipelined: 0
IsInstanceOverlapped: 0
IsDontTouch: 0
HasImplIP: 0
IsGatedGlobalClock: 0


============================================================
+ Verbose Summary: Schedule
============================================================
* Number of FSM states : 14
* Pipeline : 0
* Dataflow Pipeline: 0

* FSM state transitions: 
1 --> 2 
2 --> 3 
3 --> 4 
4 --> 5 14 
5 --> 6 
6 --> 7 
7 --> 8 
8 --> 9 
9 --> 10 
10 --> 11 
11 --> 12 
12 --> 13 
13 --> 14 
14 --> 2 

* FSM state operations: 

State 1 <SV = 0> <Delay = 1.61>
ST_1 : Operation 15 [1/1] (0.00ns)   --->   "%tc = alloca i32 1" [../gen2/Hls_Layers_UpConv.tpp:79->../gen2/Hls_Layers_UpConv.tpp:219->../gen2/Hls_Layers_UpConv.tpp:216]   --->   Operation 15 'alloca' 'tc' <Predicate = true> <Delay = 0.00>
ST_1 : Operation 16 [1/1] (0.00ns)   --->   "%C_IN_read = read i10 @_ssdm_op_Read.ap_auto.i10, i10 %C_IN" [../gen2/Hls_Layers_UpConv.tpp:183]   --->   Operation 16 'read' 'C_IN_read' <Predicate = true> <Delay = 0.00>
ST_1 : Operation 17 [1/1] (0.00ns)   --->   "%C_OUT_read = read i9 @_ssdm_op_Read.ap_auto.i9, i9 %C_OUT" [../gen2/Hls_Layers_UpConv.tpp:183]   --->   Operation 17 'read' 'C_OUT_read' <Predicate = true> <Delay = 0.00>
ST_1 : Operation 18 [1/1] (0.00ns)   --->   "%tile_read = read i6 @_ssdm_op_Read.ap_auto.i6, i6 %tile" [../gen2/Hls_Layers_UpConv.tpp:183]   --->   Operation 18 'read' 'tile_read' <Predicate = true> <Delay = 0.00>
ST_1 : Operation 19 [1/1] (0.00ns)   --->   "%W_ptr_read = read i64 @_ssdm_op_Read.ap_auto.i64, i64 %W_ptr" [../gen2/Hls_Layers_UpConv.tpp:183]   --->   Operation 19 'read' 'W_ptr_read' <Predicate = true> <Delay = 0.00>
ST_1 : Operation 20 [1/1] (0.78ns)   --->   "%add_ln183 = add i10 %C_IN_read, i10 15" [../gen2/Hls_Layers_UpConv.tpp:183]   --->   Operation 20 'add' 'add_ln183' <Predicate = true> <Delay = 0.78> <CoreInst = "Adder">   --->   Core 1 'Adder' <Latency = 0> <II = 1> <Delay = 0.78> <FuncUnit> <Opcode : 'add' 'sub'> <InPorts = 2> <OutPorts = 1>
ST_1 : Operation 21 [1/1] (0.00ns)   --->   "%CI_WORDS = partselect i6 @_ssdm_op_PartSelect.i6.i10.i32.i32, i10 %add_ln183, i32 4, i32 9" [../gen2/Hls_Layers_UpConv.tpp:183]   --->   Operation 21 'partselect' 'CI_WORDS' <Predicate = true> <Delay = 0.00>
ST_1 : Operation 22 [1/1] (0.00ns)   --->   "%CI_WORDS_cast_i = zext i6 %CI_WORDS" [../gen2/Hls_Layers_UpConv.tpp:183]   --->   Operation 22 'zext' 'CI_WORDS_cast_i' <Predicate = true> <Delay = 0.00>
ST_1 : Operation 23 [1/1] (0.00ns)   --->   "%specmemcore_ln0 = specmemcore void @_ssdm_op_SpecMemCore, i256 %wbuf_4_i, i64 666, i64 31, i64 18446744073709551615"   --->   Operation 23 'specmemcore' 'specmemcore_ln0' <Predicate = true> <Delay = 0.00>
ST_1 : Operation 24 [1/1] (0.00ns)   --->   "%specmemcore_ln0 = specmemcore void @_ssdm_op_SpecMemCore, i256 %wbuf_1_i_167, i64 666, i64 31, i64 18446744073709551615"   --->   Operation 24 'specmemcore' 'specmemcore_ln0' <Predicate = true> <Delay = 0.00>
ST_1 : Operation 25 [1/1] (0.00ns)   --->   "%specmemcore_ln0 = specmemcore void @_ssdm_op_SpecMemCore, i256 %wbuf_2_i_166, i64 666, i64 31, i64 18446744073709551615"   --->   Operation 25 'specmemcore' 'specmemcore_ln0' <Predicate = true> <Delay = 0.00>
ST_1 : Operation 26 [1/1] (0.00ns)   --->   "%specmemcore_ln0 = specmemcore void @_ssdm_op_SpecMemCore, i256 %wbuf_3_i_165, i64 666, i64 31, i64 18446744073709551615"   --->   Operation 26 'specmemcore' 'specmemcore_ln0' <Predicate = true> <Delay = 0.00>
ST_1 : Operation 27 [1/1] (0.00ns)   --->   "%specmemcore_ln0 = specmemcore void @_ssdm_op_SpecMemCore, i256 %wbuf_3_i, i64 666, i64 31, i64 18446744073709551615"   --->   Operation 27 'specmemcore' 'specmemcore_ln0' <Predicate = true> <Delay = 0.00>
ST_1 : Operation 28 [1/1] (0.00ns)   --->   "%specmemcore_ln0 = specmemcore void @_ssdm_op_SpecMemCore, i256 %wbuf_2_i, i64 666, i64 31, i64 18446744073709551615"   --->   Operation 28 'specmemcore' 'specmemcore_ln0' <Predicate = true> <Delay = 0.00>
ST_1 : Operation 29 [1/1] (0.00ns)   --->   "%specmemcore_ln0 = specmemcore void @_ssdm_op_SpecMemCore, i256 %wbuf_1_i, i64 666, i64 31, i64 18446744073709551615"   --->   Operation 29 'specmemcore' 'specmemcore_ln0' <Predicate = true> <Delay = 0.00>
ST_1 : Operation 30 [1/1] (0.00ns)   --->   "%specmemcore_ln0 = specmemcore void @_ssdm_op_SpecMemCore, i256 %wbuf_i, i64 666, i64 31, i64 18446744073709551615"   --->   Operation 30 'specmemcore' 'specmemcore_ln0' <Predicate = true> <Delay = 0.00>
ST_1 : Operation 31 [1/1] (0.00ns)   --->   "%specinterface_ln0 = specinterface void @_ssdm_op_SpecInterface, i256 %gmem_weight, void @empty_161, i32 0, i32 0, void @empty_80, i32 0, i32 0, void @empty_56, void @empty_138, void @empty_80, i32 16, i32 16, i32 64, i32 16, void @empty_80, void @empty_80, i32 4294967295, i32 0, i32 0"   --->   Operation 31 'specinterface' 'specinterface_ln0' <Predicate = true> <Delay = 0.00>
ST_1 : Operation 32 [1/1] (0.00ns)   --->   "%co_base = bitconcatenate i9 @_ssdm_op_BitConcatenate.i9.i6.i3, i6 %tile_read, i3 0" [../gen2/Hls_Layers_UpConv.tpp:78->../gen2/Hls_Layers_UpConv.tpp:219->../gen2/Hls_Layers_UpConv.tpp:216]   --->   Operation 32 'bitconcatenate' 'co_base' <Predicate = true> <Delay = 0.00>
ST_1 : Operation 33 [1/1] (0.00ns)   --->   "%tmp_1 = bitconcatenate i9 @_ssdm_op_BitConcatenate.i9.i6.i3, i6 %CI_WORDS, i3 0" [../gen2/Hls_Layers_UpConv.tpp:183]   --->   Operation 33 'bitconcatenate' 'tmp_1' <Predicate = true> <Delay = 0.00>
ST_1 : Operation 34 [1/1] (0.00ns)   --->   "%p_shl56 = zext i9 %tmp_1" [../gen2/Hls_Layers_UpConv.tpp:183]   --->   Operation 34 'zext' 'p_shl56' <Predicate = true> <Delay = 0.00>
ST_1 : Operation 35 [1/1] (0.77ns)   --->   "%mul3_i = add i10 %p_shl56, i10 %CI_WORDS_cast_i" [../gen2/Hls_Layers_UpConv.tpp:183]   --->   Operation 35 'add' 'mul3_i' <Predicate = true> <Delay = 0.77> <CoreInst = "Adder">   --->   Core 1 'Adder' <Latency = 0> <II = 1> <Delay = 0.77> <FuncUnit> <Opcode : 'add' 'sub'> <InPorts = 2> <OutPorts = 1>
ST_1 : Operation 36 [1/1] (0.00ns)   --->   "%wide_trip_count_i = zext i10 %mul3_i" [../gen2/Hls_Layers_UpConv.tpp:183]   --->   Operation 36 'zext' 'wide_trip_count_i' <Predicate = true> <Delay = 0.00>
ST_1 : Operation 37 [1/1] (0.00ns)   --->   "%tmp_2 = bitconcatenate i14 @_ssdm_op_BitConcatenate.i14.i6.i8, i6 %CI_WORDS, i8 0" [../gen2/Hls_Layers_UpConv.tpp:79->../gen2/Hls_Layers_UpConv.tpp:219->../gen2/Hls_Layers_UpConv.tpp:216]   --->   Operation 37 'bitconcatenate' 'tmp_2' <Predicate = true> <Delay = 0.00>
ST_1 : Operation 38 [1/1] (0.00ns)   --->   "%zext_ln79_4 = zext i14 %tmp_2" [../gen2/Hls_Layers_UpConv.tpp:79->../gen2/Hls_Layers_UpConv.tpp:219->../gen2/Hls_Layers_UpConv.tpp:216]   --->   Operation 38 'zext' 'zext_ln79_4' <Predicate = true> <Delay = 0.00>
ST_1 : Operation 39 [1/1] (0.00ns)   --->   "%tmp_3 = bitconcatenate i11 @_ssdm_op_BitConcatenate.i11.i6.i5, i6 %CI_WORDS, i5 0" [../gen2/Hls_Layers_UpConv.tpp:79->../gen2/Hls_Layers_UpConv.tpp:219->../gen2/Hls_Layers_UpConv.tpp:216]   --->   Operation 39 'bitconcatenate' 'tmp_3' <Predicate = true> <Delay = 0.00>
ST_1 : Operation 40 [1/1] (0.00ns)   --->   "%zext_ln79_5 = zext i11 %tmp_3" [../gen2/Hls_Layers_UpConv.tpp:79->../gen2/Hls_Layers_UpConv.tpp:219->../gen2/Hls_Layers_UpConv.tpp:216]   --->   Operation 40 'zext' 'zext_ln79_5' <Predicate = true> <Delay = 0.00>
ST_1 : Operation 41 [1/1] (0.83ns)   --->   "%add_ln79_2 = add i15 %zext_ln79_4, i15 %zext_ln79_5" [../gen2/Hls_Layers_UpConv.tpp:79->../gen2/Hls_Layers_UpConv.tpp:219->../gen2/Hls_Layers_UpConv.tpp:216]   --->   Operation 41 'add' 'add_ln79_2' <Predicate = true> <Delay = 0.83> <CoreInst = "Adder">   --->   Core 1 'Adder' <Latency = 0> <II = 1> <Delay = 0.83> <FuncUnit> <Opcode : 'add' 'sub'> <InPorts = 2> <OutPorts = 1>
ST_1 : Operation 42 [1/1] (0.00ns)   --->   "%zext_ln79 = zext i15 %add_ln79_2" [../gen2/Hls_Layers_UpConv.tpp:79->../gen2/Hls_Layers_UpConv.tpp:219->../gen2/Hls_Layers_UpConv.tpp:216]   --->   Operation 42 'zext' 'zext_ln79' <Predicate = true> <Delay = 0.00>
ST_1 : Operation 43 [1/1] (0.42ns)   --->   "%store_ln79 = store i4 0, i4 %tc" [../gen2/Hls_Layers_UpConv.tpp:79->../gen2/Hls_Layers_UpConv.tpp:219->../gen2/Hls_Layers_UpConv.tpp:216]   --->   Operation 43 'store' 'store_ln79' <Predicate = true> <Delay = 0.42>
ST_1 : Operation 44 [1/1] (0.00ns)   --->   "%br_ln79 = br void %for.body.i" [../gen2/Hls_Layers_UpConv.tpp:79->../gen2/Hls_Layers_UpConv.tpp:219->../gen2/Hls_Layers_UpConv.tpp:216]   --->   Operation 44 'br' 'br_ln79' <Predicate = true> <Delay = 0.00>

State 2 <SV = 1> <Delay = 1.55>
ST_2 : Operation 45 [1/1] (0.00ns)   --->   "%tc_1 = load i4 %tc" [../gen2/Hls_Layers_UpConv.tpp:79->../gen2/Hls_Layers_UpConv.tpp:219->../gen2/Hls_Layers_UpConv.tpp:216]   --->   Operation 45 'load' 'tc_1' <Predicate = true> <Delay = 0.00>
ST_2 : Operation 46 [1/1] (0.79ns)   --->   "%icmp_ln79 = icmp_eq  i4 %tc_1, i4 8" [../gen2/Hls_Layers_UpConv.tpp:79->../gen2/Hls_Layers_UpConv.tpp:219->../gen2/Hls_Layers_UpConv.tpp:216]   --->   Operation 46 'icmp' 'icmp_ln79' <Predicate = true> <Delay = 0.79> <CoreInst = "Cmp">   --->   Core 9 'Cmp' <Latency = 0> <II = 1> <Delay = 0.79> <FuncUnit> <Opcode : 'seteq' 'setne' 'setle' 'setge' 'setlt' 'setgt'> <InPorts = 2> <OutPorts = 1>
ST_2 : Operation 47 [1/1] (0.79ns)   --->   "%add_ln79_1 = add i4 %tc_1, i4 1" [../gen2/Hls_Layers_UpConv.tpp:79->../gen2/Hls_Layers_UpConv.tpp:219->../gen2/Hls_Layers_UpConv.tpp:216]   --->   Operation 47 'add' 'add_ln79_1' <Predicate = true> <Delay = 0.79> <CoreInst = "Adder">   --->   Core 1 'Adder' <Latency = 0> <II = 1> <Delay = 0.79> <FuncUnit> <Opcode : 'add' 'sub'> <InPorts = 2> <OutPorts = 1>
ST_2 : Operation 48 [1/1] (0.00ns)   --->   "%br_ln79 = br i1 %icmp_ln79, void %for.body.split.i, void %uc_load_tile<8>2.exit" [../gen2/Hls_Layers_UpConv.tpp:79->../gen2/Hls_Layers_UpConv.tpp:219->../gen2/Hls_Layers_UpConv.tpp:216]   --->   Operation 48 'br' 'br_ln79' <Predicate = true> <Delay = 0.00>
ST_2 : Operation 49 [1/1] (0.00ns)   --->   "%trunc_ln79 = trunc i4 %tc_1" [../gen2/Hls_Layers_UpConv.tpp:79->../gen2/Hls_Layers_UpConv.tpp:219->../gen2/Hls_Layers_UpConv.tpp:216]   --->   Operation 49 'trunc' 'trunc_ln79' <Predicate = (!icmp_ln79)> <Delay = 0.00>
ST_2 : Operation 50 [1/1] (0.00ns)   --->   "%zext_ln79_1 = zext i4 %tc_1" [../gen2/Hls_Layers_UpConv.tpp:79->../gen2/Hls_Layers_UpConv.tpp:219->../gen2/Hls_Layers_UpConv.tpp:216]   --->   Operation 50 'zext' 'zext_ln79_1' <Predicate = (!icmp_ln79)> <Delay = 0.00>
ST_2 : Operation 51 [1/1] (0.77ns)   --->   "%empty = add i9 %co_base, i9 %zext_ln79_1" [../gen2/Hls_Layers_UpConv.tpp:78->../gen2/Hls_Layers_UpConv.tpp:219->../gen2/Hls_Layers_UpConv.tpp:216]   --->   Operation 51 'add' 'empty' <Predicate = (!icmp_ln79)> <Delay = 0.77> <CoreInst = "Adder">   --->   Core 1 'Adder' <Latency = 0> <II = 1> <Delay = 0.77> <FuncUnit> <Opcode : 'add' 'sub'> <InPorts = 2> <OutPorts = 1>
ST_2 : Operation 52 [1/1] (0.77ns)   --->   "%icmp_ln81 = icmp_ult  i9 %empty, i9 %C_OUT_read" [../gen2/Hls_Layers_UpConv.tpp:81->../gen2/Hls_Layers_UpConv.tpp:219->../gen2/Hls_Layers_UpConv.tpp:216]   --->   Operation 52 'icmp' 'icmp_ln81' <Predicate = (!icmp_ln79)> <Delay = 0.77> <CoreInst = "Cmp">   --->   Core 9 'Cmp' <Latency = 0> <II = 1> <Delay = 0.77> <FuncUnit> <Opcode : 'seteq' 'setne' 'setle' 'setge' 'setlt' 'setgt'> <InPorts = 2> <OutPorts = 1>
ST_2 : Operation 53 [1/1] (0.00ns)   --->   "%mrv = insertvalue i25 <undef>, i6 %tile_read" [../gen2/Hls_Layers_UpConv.tpp:219->../gen2/Hls_Layers_UpConv.tpp:216]   --->   Operation 53 'insertvalue' 'mrv' <Predicate = (icmp_ln79)> <Delay = 0.00>
ST_2 : Operation 54 [1/1] (0.00ns)   --->   "%mrv_1 = insertvalue i25 %mrv, i9 %C_OUT_read" [../gen2/Hls_Layers_UpConv.tpp:219->../gen2/Hls_Layers_UpConv.tpp:216]   --->   Operation 54 'insertvalue' 'mrv_1' <Predicate = (icmp_ln79)> <Delay = 0.00>
ST_2 : Operation 55 [1/1] (0.00ns)   --->   "%mrv_2 = insertvalue i25 %mrv_1, i10 %C_IN_read" [../gen2/Hls_Layers_UpConv.tpp:219->../gen2/Hls_Layers_UpConv.tpp:216]   --->   Operation 55 'insertvalue' 'mrv_2' <Predicate = (icmp_ln79)> <Delay = 0.00>
ST_2 : Operation 56 [1/1] (0.00ns)   --->   "%ret_ln219 = ret i25 %mrv_2" [../gen2/Hls_Layers_UpConv.tpp:219->../gen2/Hls_Layers_UpConv.tpp:216]   --->   Operation 56 'ret' 'ret_ln219' <Predicate = (icmp_ln79)> <Delay = 0.00>

State 3 <SV = 2> <Delay = 2.33>
ST_3 : Operation 57 [1/1] (0.00ns)   --->   "%zext_ln79_2 = zext i9 %empty" [../gen2/Hls_Layers_UpConv.tpp:79->../gen2/Hls_Layers_UpConv.tpp:219->../gen2/Hls_Layers_UpConv.tpp:216]   --->   Operation 57 'zext' 'zext_ln79_2' <Predicate = true> <Delay = 0.00>
ST_3 : Operation 58 [1/1] (2.33ns)   --->   "%mul_ln79 = mul i24 %zext_ln79, i24 %zext_ln79_2" [../gen2/Hls_Layers_UpConv.tpp:79->../gen2/Hls_Layers_UpConv.tpp:219->../gen2/Hls_Layers_UpConv.tpp:216]   --->   Operation 58 'mul' 'mul_ln79' <Predicate = true> <Delay = 2.33> <CoreInst = "Multiplier">   --->   Core 3 'Multiplier' <Latency = 0> <II = 1> <Delay = 2.33> <FuncUnit> <Opcode : 'mul'> <InPorts = 2> <OutPorts = 1>

State 4 <SV = 3> <Delay = 1.08>
ST_4 : Operation 59 [1/1] (0.00ns)   --->   "%speclooptripcount_ln79 = speclooptripcount void @_ssdm_op_SpecLoopTripCount, i64 8, i64 8, i64 8" [../gen2/Hls_Layers_UpConv.tpp:79->../gen2/Hls_Layers_UpConv.tpp:219->../gen2/Hls_Layers_UpConv.tpp:216]   --->   Operation 59 'speclooptripcount' 'speclooptripcount_ln79' <Predicate = true> <Delay = 0.00>
ST_4 : Operation 60 [1/1] (0.00ns)   --->   "%specloopname_ln79 = specloopname void @_ssdm_op_SpecLoopName, void @empty_150" [../gen2/Hls_Layers_UpConv.tpp:79->../gen2/Hls_Layers_UpConv.tpp:219->../gen2/Hls_Layers_UpConv.tpp:216]   --->   Operation 60 'specloopname' 'specloopname_ln79' <Predicate = true> <Delay = 0.00>
ST_4 : Operation 61 [1/1] (0.00ns)   --->   "%zext_ln79_3 = zext i24 %mul_ln79" [../gen2/Hls_Layers_UpConv.tpp:79->../gen2/Hls_Layers_UpConv.tpp:219->../gen2/Hls_Layers_UpConv.tpp:216]   --->   Operation 61 'zext' 'zext_ln79_3' <Predicate = true> <Delay = 0.00>
ST_4 : Operation 62 [1/1] (1.08ns)   --->   "%add_ln79 = add i64 %zext_ln79_3, i64 %W_ptr_read" [../gen2/Hls_Layers_UpConv.tpp:79->../gen2/Hls_Layers_UpConv.tpp:219->../gen2/Hls_Layers_UpConv.tpp:216]   --->   Operation 62 'add' 'add_ln79' <Predicate = true> <Delay = 1.08> <CoreInst = "Adder">   --->   Core 1 'Adder' <Latency = 0> <II = 1> <Delay = 1.08> <FuncUnit> <Opcode : 'add' 'sub'> <InPorts = 2> <OutPorts = 1>
ST_4 : Operation 63 [1/1] (0.00ns)   --->   "%br_ln81 = br i1 %icmp_ln81, void %for.inc21.i, void %W_FLAT.i" [../gen2/Hls_Layers_UpConv.tpp:81->../gen2/Hls_Layers_UpConv.tpp:219->../gen2/Hls_Layers_UpConv.tpp:216]   --->   Operation 63 'br' 'br_ln81' <Predicate = true> <Delay = 0.00>
ST_4 : Operation 64 [1/1] (0.00ns)   --->   "%trunc_ln2 = partselect i59 @_ssdm_op_PartSelect.i59.i64.i32.i32, i64 %add_ln79, i32 5, i32 63" [../gen2/Hls_Layers_UpConv.tpp:83->../gen2/Hls_Layers_UpConv.tpp:219->../gen2/Hls_Layers_UpConv.tpp:216]   --->   Operation 64 'partselect' 'trunc_ln2' <Predicate = (icmp_ln81)> <Delay = 0.00>

State 5 <SV = 4> <Delay = 2.43>
ST_5 : Operation 65 [1/1] (0.00ns)   --->   "%sext_ln83 = sext i59 %trunc_ln2" [../gen2/Hls_Layers_UpConv.tpp:83->../gen2/Hls_Layers_UpConv.tpp:219->../gen2/Hls_Layers_UpConv.tpp:216]   --->   Operation 65 'sext' 'sext_ln83' <Predicate = true> <Delay = 0.00>
ST_5 : Operation 66 [1/1] (0.00ns)   --->   "%gmem_weight_addr = getelementptr i256 %gmem_weight, i64 %sext_ln83" [../gen2/Hls_Layers_UpConv.tpp:83->../gen2/Hls_Layers_UpConv.tpp:219->../gen2/Hls_Layers_UpConv.tpp:216]   --->   Operation 66 'getelementptr' 'gmem_weight_addr' <Predicate = true> <Delay = 0.00>
ST_5 : Operation 67 [8/8] (2.43ns)   --->   "%empty_196 = readreq i1 @_ssdm_op_ReadReq.m_axi.p1i256, i256 %gmem_weight_addr, i64 %wide_trip_count_i" [../gen2/Hls_Layers_UpConv.tpp:83->../gen2/Hls_Layers_UpConv.tpp:219->../gen2/Hls_Layers_UpConv.tpp:216]   --->   Operation 67 'readreq' 'empty_196' <Predicate = true> <Delay = 2.43> <CoreInst = "m_axi">   --->   Core 119 'm_axi' <Latency = 6> <II = 1> <Delay = 1.00> <Adapter> <Opcode : 'read' 'write' 'readreq' 'writereq' 'writeresp'>

State 6 <SV = 5> <Delay = 2.43>
ST_6 : Operation 68 [7/8] (2.43ns)   --->   "%empty_196 = readreq i1 @_ssdm_op_ReadReq.m_axi.p1i256, i256 %gmem_weight_addr, i64 %wide_trip_count_i" [../gen2/Hls_Layers_UpConv.tpp:83->../gen2/Hls_Layers_UpConv.tpp:219->../gen2/Hls_Layers_UpConv.tpp:216]   --->   Operation 68 'readreq' 'empty_196' <Predicate = true> <Delay = 2.43> <CoreInst = "m_axi">   --->   Core 119 'm_axi' <Latency = 6> <II = 1> <Delay = 1.00> <Adapter> <Opcode : 'read' 'write' 'readreq' 'writereq' 'writeresp'>

State 7 <SV = 6> <Delay = 2.43>
ST_7 : Operation 69 [6/8] (2.43ns)   --->   "%empty_196 = readreq i1 @_ssdm_op_ReadReq.m_axi.p1i256, i256 %gmem_weight_addr, i64 %wide_trip_count_i" [../gen2/Hls_Layers_UpConv.tpp:83->../gen2/Hls_Layers_UpConv.tpp:219->../gen2/Hls_Layers_UpConv.tpp:216]   --->   Operation 69 'readreq' 'empty_196' <Predicate = true> <Delay = 2.43> <CoreInst = "m_axi">   --->   Core 119 'm_axi' <Latency = 6> <II = 1> <Delay = 1.00> <Adapter> <Opcode : 'read' 'write' 'readreq' 'writereq' 'writeresp'>

State 8 <SV = 7> <Delay = 2.43>
ST_8 : Operation 70 [5/8] (2.43ns)   --->   "%empty_196 = readreq i1 @_ssdm_op_ReadReq.m_axi.p1i256, i256 %gmem_weight_addr, i64 %wide_trip_count_i" [../gen2/Hls_Layers_UpConv.tpp:83->../gen2/Hls_Layers_UpConv.tpp:219->../gen2/Hls_Layers_UpConv.tpp:216]   --->   Operation 70 'readreq' 'empty_196' <Predicate = true> <Delay = 2.43> <CoreInst = "m_axi">   --->   Core 119 'm_axi' <Latency = 6> <II = 1> <Delay = 1.00> <Adapter> <Opcode : 'read' 'write' 'readreq' 'writereq' 'writeresp'>

State 9 <SV = 8> <Delay = 2.43>
ST_9 : Operation 71 [4/8] (2.43ns)   --->   "%empty_196 = readreq i1 @_ssdm_op_ReadReq.m_axi.p1i256, i256 %gmem_weight_addr, i64 %wide_trip_count_i" [../gen2/Hls_Layers_UpConv.tpp:83->../gen2/Hls_Layers_UpConv.tpp:219->../gen2/Hls_Layers_UpConv.tpp:216]   --->   Operation 71 'readreq' 'empty_196' <Predicate = true> <Delay = 2.43> <CoreInst = "m_axi">   --->   Core 119 'm_axi' <Latency = 6> <II = 1> <Delay = 1.00> <Adapter> <Opcode : 'read' 'write' 'readreq' 'writereq' 'writeresp'>

State 10 <SV = 9> <Delay = 2.43>
ST_10 : Operation 72 [3/8] (2.43ns)   --->   "%empty_196 = readreq i1 @_ssdm_op_ReadReq.m_axi.p1i256, i256 %gmem_weight_addr, i64 %wide_trip_count_i" [../gen2/Hls_Layers_UpConv.tpp:83->../gen2/Hls_Layers_UpConv.tpp:219->../gen2/Hls_Layers_UpConv.tpp:216]   --->   Operation 72 'readreq' 'empty_196' <Predicate = true> <Delay = 2.43> <CoreInst = "m_axi">   --->   Core 119 'm_axi' <Latency = 6> <II = 1> <Delay = 1.00> <Adapter> <Opcode : 'read' 'write' 'readreq' 'writereq' 'writeresp'>

State 11 <SV = 10> <Delay = 2.43>
ST_11 : Operation 73 [2/8] (2.43ns)   --->   "%empty_196 = readreq i1 @_ssdm_op_ReadReq.m_axi.p1i256, i256 %gmem_weight_addr, i64 %wide_trip_count_i" [../gen2/Hls_Layers_UpConv.tpp:83->../gen2/Hls_Layers_UpConv.tpp:219->../gen2/Hls_Layers_UpConv.tpp:216]   --->   Operation 73 'readreq' 'empty_196' <Predicate = true> <Delay = 2.43> <CoreInst = "m_axi">   --->   Core 119 'm_axi' <Latency = 6> <II = 1> <Delay = 1.00> <Adapter> <Opcode : 'read' 'write' 'readreq' 'writereq' 'writeresp'>

State 12 <SV = 11> <Delay = 2.43>
ST_12 : Operation 74 [1/8] (2.43ns)   --->   "%empty_196 = readreq i1 @_ssdm_op_ReadReq.m_axi.p1i256, i256 %gmem_weight_addr, i64 %wide_trip_count_i" [../gen2/Hls_Layers_UpConv.tpp:83->../gen2/Hls_Layers_UpConv.tpp:219->../gen2/Hls_Layers_UpConv.tpp:216]   --->   Operation 74 'readreq' 'empty_196' <Predicate = true> <Delay = 2.43> <CoreInst = "m_axi">   --->   Core 119 'm_axi' <Latency = 6> <II = 1> <Delay = 1.00> <Adapter> <Opcode : 'read' 'write' 'readreq' 'writereq' 'writeresp'>

State 13 <SV = 12> <Delay = 1.21>
ST_13 : Operation 75 [2/2] (1.21ns)   --->   "%call_ln183 = call void @uc_load_tile<8>2_Pipeline_W_FLAT, i10 %mul3_i, i6 %CI_WORDS, i256 %gmem_weight, i59 %trunc_ln2, i256 %wbuf_i, i256 %wbuf_1_i, i256 %wbuf_2_i, i256 %wbuf_3_i, i256 %wbuf_3_i_165, i256 %wbuf_2_i_166, i256 %wbuf_1_i_167, i256 %wbuf_4_i, i3 %trunc_ln79" [../gen2/Hls_Layers_UpConv.tpp:183]   --->   Operation 75 'call' 'call_ln183' <Predicate = true> <Delay = 1.21> <CoreType = "Generic">   --->   Generic Core

State 14 <SV = 13> <Delay = 0.42>
ST_14 : Operation 76 [1/2] (0.00ns)   --->   "%call_ln183 = call void @uc_load_tile<8>2_Pipeline_W_FLAT, i10 %mul3_i, i6 %CI_WORDS, i256 %gmem_weight, i59 %trunc_ln2, i256 %wbuf_i, i256 %wbuf_1_i, i256 %wbuf_2_i, i256 %wbuf_3_i, i256 %wbuf_3_i_165, i256 %wbuf_2_i_166, i256 %wbuf_1_i_167, i256 %wbuf_4_i, i3 %trunc_ln79" [../gen2/Hls_Layers_UpConv.tpp:183]   --->   Operation 76 'call' 'call_ln183' <Predicate = (icmp_ln81)> <Delay = 0.00> <CoreType = "Generic">   --->   Generic Core
ST_14 : Operation 77 [1/1] (0.00ns)   --->   "%br_ln0 = br void %for.inc21.i"   --->   Operation 77 'br' 'br_ln0' <Predicate = (icmp_ln81)> <Delay = 0.00>
ST_14 : Operation 78 [1/1] (0.42ns)   --->   "%store_ln79 = store i4 %add_ln79_1, i4 %tc" [../gen2/Hls_Layers_UpConv.tpp:79->../gen2/Hls_Layers_UpConv.tpp:219->../gen2/Hls_Layers_UpConv.tpp:216]   --->   Operation 78 'store' 'store_ln79' <Predicate = true> <Delay = 0.42>
ST_14 : Operation 79 [1/1] (0.00ns)   --->   "%br_ln79 = br void %for.body.i" [../gen2/Hls_Layers_UpConv.tpp:79->../gen2/Hls_Layers_UpConv.tpp:219->../gen2/Hls_Layers_UpConv.tpp:216]   --->   Operation 79 'br' 'br_ln79' <Predicate = true> <Delay = 0.00>


============================================================
+ Verbose Summary: Timing violations
============================================================
Target clock period: 3.333ns, clock uncertainty: 0.900ns.

 <State 1>: 1.618ns
The critical path consists of the following:
	wire read operation ('C_IN_read', ../gen2/Hls_Layers_UpConv.tpp:183) on port 'C_IN' (../gen2/Hls_Layers_UpConv.tpp:183) [15]  (0.000 ns)
	'add' operation 10 bit ('add_ln183', ../gen2/Hls_Layers_UpConv.tpp:183) [19]  (0.787 ns)
	'add' operation 15 bit ('add_ln79_2', ../gen2/Hls_Layers_UpConv.tpp:79->../gen2/Hls_Layers_UpConv.tpp:219->../gen2/Hls_Layers_UpConv.tpp:216) [40]  (0.831 ns)

 <State 2>: 1.552ns
The critical path consists of the following:
	'load' operation 4 bit ('tc', ../gen2/Hls_Layers_UpConv.tpp:79->../gen2/Hls_Layers_UpConv.tpp:219->../gen2/Hls_Layers_UpConv.tpp:216) on local variable 'tc', ../gen2/Hls_Layers_UpConv.tpp:79->../gen2/Hls_Layers_UpConv.tpp:219->../gen2/Hls_Layers_UpConv.tpp:216 [45]  (0.000 ns)
	'add' operation 9 bit ('empty', ../gen2/Hls_Layers_UpConv.tpp:78->../gen2/Hls_Layers_UpConv.tpp:219->../gen2/Hls_Layers_UpConv.tpp:216) [54]  (0.776 ns)
	'icmp' operation 1 bit ('icmp_ln81', ../gen2/Hls_Layers_UpConv.tpp:81->../gen2/Hls_Layers_UpConv.tpp:219->../gen2/Hls_Layers_UpConv.tpp:216) [59]  (0.776 ns)

 <State 3>: 2.332ns
The critical path consists of the following:
	'mul' operation 24 bit ('mul_ln79', ../gen2/Hls_Layers_UpConv.tpp:79->../gen2/Hls_Layers_UpConv.tpp:219->../gen2/Hls_Layers_UpConv.tpp:216) [56]  (2.332 ns)

 <State 4>: 1.085ns
The critical path consists of the following:
	'add' operation 64 bit ('add_ln79', ../gen2/Hls_Layers_UpConv.tpp:79->../gen2/Hls_Layers_UpConv.tpp:219->../gen2/Hls_Layers_UpConv.tpp:216) [58]  (1.085 ns)

 <State 5>: 2.433ns
The critical path consists of the following:
	'getelementptr' operation 256 bit ('gmem_weight_addr', ../gen2/Hls_Layers_UpConv.tpp:83->../gen2/Hls_Layers_UpConv.tpp:219->../gen2/Hls_Layers_UpConv.tpp:216) [64]  (0.000 ns)
	bus request operation ('empty_196', ../gen2/Hls_Layers_UpConv.tpp:83->../gen2/Hls_Layers_UpConv.tpp:219->../gen2/Hls_Layers_UpConv.tpp:216) on port 'gmem_weight' (../gen2/Hls_Layers_UpConv.tpp:83->../gen2/Hls_Layers_UpConv.tpp:219->../gen2/Hls_Layers_UpConv.tpp:216) [65]  (2.433 ns)

 <State 6>: 2.433ns
The critical path consists of the following:
	bus request operation ('empty_196', ../gen2/Hls_Layers_UpConv.tpp:83->../gen2/Hls_Layers_UpConv.tpp:219->../gen2/Hls_Layers_UpConv.tpp:216) on port 'gmem_weight' (../gen2/Hls_Layers_UpConv.tpp:83->../gen2/Hls_Layers_UpConv.tpp:219->../gen2/Hls_Layers_UpConv.tpp:216) [65]  (2.433 ns)

 <State 7>: 2.433ns
The critical path consists of the following:
	bus request operation ('empty_196', ../gen2/Hls_Layers_UpConv.tpp:83->../gen2/Hls_Layers_UpConv.tpp:219->../gen2/Hls_Layers_UpConv.tpp:216) on port 'gmem_weight' (../gen2/Hls_Layers_UpConv.tpp:83->../gen2/Hls_Layers_UpConv.tpp:219->../gen2/Hls_Layers_UpConv.tpp:216) [65]  (2.433 ns)

 <State 8>: 2.433ns
The critical path consists of the following:
	bus request operation ('empty_196', ../gen2/Hls_Layers_UpConv.tpp:83->../gen2/Hls_Layers_UpConv.tpp:219->../gen2/Hls_Layers_UpConv.tpp:216) on port 'gmem_weight' (../gen2/Hls_Layers_UpConv.tpp:83->../gen2/Hls_Layers_UpConv.tpp:219->../gen2/Hls_Layers_UpConv.tpp:216) [65]  (2.433 ns)

 <State 9>: 2.433ns
The critical path consists of the following:
	bus request operation ('empty_196', ../gen2/Hls_Layers_UpConv.tpp:83->../gen2/Hls_Layers_UpConv.tpp:219->../gen2/Hls_Layers_UpConv.tpp:216) on port 'gmem_weight' (../gen2/Hls_Layers_UpConv.tpp:83->../gen2/Hls_Layers_UpConv.tpp:219->../gen2/Hls_Layers_UpConv.tpp:216) [65]  (2.433 ns)

 <State 10>: 2.433ns
The critical path consists of the following:
	bus request operation ('empty_196', ../gen2/Hls_Layers_UpConv.tpp:83->../gen2/Hls_Layers_UpConv.tpp:219->../gen2/Hls_Layers_UpConv.tpp:216) on port 'gmem_weight' (../gen2/Hls_Layers_UpConv.tpp:83->../gen2/Hls_Layers_UpConv.tpp:219->../gen2/Hls_Layers_UpConv.tpp:216) [65]  (2.433 ns)

 <State 11>: 2.433ns
The critical path consists of the following:
	bus request operation ('empty_196', ../gen2/Hls_Layers_UpConv.tpp:83->../gen2/Hls_Layers_UpConv.tpp:219->../gen2/Hls_Layers_UpConv.tpp:216) on port 'gmem_weight' (../gen2/Hls_Layers_UpConv.tpp:83->../gen2/Hls_Layers_UpConv.tpp:219->../gen2/Hls_Layers_UpConv.tpp:216) [65]  (2.433 ns)

 <State 12>: 2.433ns
The critical path consists of the following:
	bus request operation ('empty_196', ../gen2/Hls_Layers_UpConv.tpp:83->../gen2/Hls_Layers_UpConv.tpp:219->../gen2/Hls_Layers_UpConv.tpp:216) on port 'gmem_weight' (../gen2/Hls_Layers_UpConv.tpp:83->../gen2/Hls_Layers_UpConv.tpp:219->../gen2/Hls_Layers_UpConv.tpp:216) [65]  (2.433 ns)

 <State 13>: 1.214ns
The critical path consists of the following:
	'call' operation 0 bit ('call_ln183', ../gen2/Hls_Layers_UpConv.tpp:183) to 'uc_load_tile<8>2_Pipeline_W_FLAT' [66]  (1.214 ns)

 <State 14>: 0.427ns
The critical path consists of the following:
	'store' operation 0 bit ('store_ln79', ../gen2/Hls_Layers_UpConv.tpp:79->../gen2/Hls_Layers_UpConv.tpp:219->../gen2/Hls_Layers_UpConv.tpp:216) of variable 'add_ln79_1', ../gen2/Hls_Layers_UpConv.tpp:79->../gen2/Hls_Layers_UpConv.tpp:219->../gen2/Hls_Layers_UpConv.tpp:216 on local variable 'tc', ../gen2/Hls_Layers_UpConv.tpp:79->../gen2/Hls_Layers_UpConv.tpp:219->../gen2/Hls_Layers_UpConv.tpp:216 [69]  (0.427 ns)


============================================================
+ Verbose Summary: Binding
============================================================
N/A
* FSMD analyzer results:
  - Output states:
 - Input state : 
  - Chain level:
	State 1
	State 2
	State 3
	State 4
	State 5
	State 6
	State 7
	State 8
	State 9
	State 10
	State 11
	State 12
	State 13
	State 14


============================================================
+ Verbose Summary: Datapath Resource usage 
============================================================
N/A
