

================================================================
== Vitis HLS Report for 'upconv_core_top_Pipeline_LOAD_ROW0_VITIS_LOOP_58_1'
================================================================
* Date:           Thu Jun 18 11:21:20 2026

* Version:        2024.2 (Build 5238294 on Nov  8 2024)
* Project:        upconv_core_top
* Solution:       hls (Vivado IP Flow Target)
* Product family: zynquplus
* Target device:  xczu7ev-ffvc1156-2-e


================================================================
== Performance Estimates
================================================================
+ Timing: 
    * Summary: 
    +--------+---------+----------+------------+
    |  Clock |  Target | Estimated| Uncertainty|
    +--------+---------+----------+------------+
    |ap_clk  |  3.33 ns|  2.433 ns|     0.90 ns|
    +--------+---------+----------+------------+

+ Latency: 
    * Summary: 
    +---------+---------+----------+-----------+-----+------+------------------------------------------------+
    |  Latency (cycles) |  Latency (absolute)  |  Interval  |                    Pipeline                    |
    |   min   |   max   |    min   |    max    | min |  max |                      Type                      |
    +---------+---------+----------+-----------+-----+------+------------------------------------------------+
    |      133|     7685|  0.443 us|  25.614 us|  129|  7681|  loop auto-rewind stp (delay=0 clock cycles(s))|
    +---------+---------+----------+-----------+-----+------+------------------------------------------------+

    + Detail: 
        * Instance: 
        N/A

        * Loop: 
        +-----------------------------+---------+---------+----------+-----------+-----------+------------+----------+
        |                             |  Latency (cycles) | Iteration|  Initiation Interval  |    Trip    |          |
        |          Loop Name          |   min   |   max   |  Latency |  achieved |   target  |    Count   | Pipelined|
        +-----------------------------+---------+---------+----------+-----------+-----------+------------+----------+
        |- LOAD_ROW0_VITIS_LOOP_58_1  |      131|     7683|         5|          1|          1|  128 ~ 7680|       yes|
        +-----------------------------+---------+---------+----------+-----------+-----------+------------+----------+

============================================================
+ Verbose Summary: Synthesis Manager
============================================================
InlineROM: 1
ExposeGlobal: 0
============================================================
+ Verbose Summary: CDFG Model
============================================================
IsTopModel: 0
ResetActiveHigh: 1
IsCombinational: 0
IsDatapathOnly: 0
HasWiredReturn: 1
HasMFsm: 2
HasVarLatency: 1
IsPipeline: 0
IsRtlPipelined: 0
IsInstanceOverlapped: 0
IsDontTouch: 0
HasImplIP: 0
IsGatedGlobalClock: 0

+ Individual pipeline summary: 
  * Pipeline-0: initiation interval (II) = 1, depth = 5


============================================================
+ Verbose Summary: Schedule
============================================================
* Number of FSM states : 5
* Pipeline : 1
  Pipeline-0 : II = 1, D = 5, States = { 1 2 3 4 5 }
* Dataflow Pipeline: 0

* FSM state transitions: 
1 --> 2 
2 --> 3 
3 --> 4 
4 --> 5 
5 --> 

* FSM state operations: 

State 1 <SV = 0> <Delay = 1.67>
ST_1 : Operation 8 [1/1] (0.00ns)   --->   "%ciw = alloca i32 1" [../gen2/upconv_core_top.cpp:58]   --->   Operation 8 'alloca' 'ciw' <Predicate = true> <Delay = 0.00>
ST_1 : Operation 9 [1/1] (0.00ns)   --->   "%wi = alloca i32 1" [../gen2/upconv_core_top.cpp:56]   --->   Operation 9 'alloca' 'wi' <Predicate = true> <Delay = 0.00>
ST_1 : Operation 10 [1/1] (0.00ns)   --->   "%indvar_flatten = alloca i32 1"   --->   Operation 10 'alloca' 'indvar_flatten' <Predicate = true> <Delay = 0.00>
ST_1 : Operation 11 [1/1] (0.00ns)   --->   "%ci_words_cast_read = read i6 @_ssdm_op_Read.ap_auto.i6, i6 %ci_words_cast"   --->   Operation 11 'read' 'ci_words_cast_read' <Predicate = true> <Delay = 0.00>
ST_1 : Operation 12 [1/1] (0.00ns)   --->   "%ci_words_read = read i6 @_ssdm_op_Read.ap_auto.i6, i6 %ci_words"   --->   Operation 12 'read' 'ci_words_read' <Predicate = true> <Delay = 0.00>
ST_1 : Operation 13 [1/1] (0.00ns)   --->   "%sext_ln56_read = read i59 @_ssdm_op_Read.ap_auto.i59, i59 %sext_ln56"   --->   Operation 13 'read' 'sext_ln56_read' <Predicate = true> <Delay = 0.00>
ST_1 : Operation 14 [1/1] (0.00ns)   --->   "%mul_ln56_read = read i13 @_ssdm_op_Read.ap_auto.i13, i13 %mul_ln56"   --->   Operation 14 'read' 'mul_ln56_read' <Predicate = true> <Delay = 0.00>
ST_1 : Operation 15 [1/1] (0.00ns)   --->   "%ci_words_cast_cast = zext i6 %ci_words_cast_read"   --->   Operation 15 'zext' 'ci_words_cast_cast' <Predicate = true> <Delay = 0.00>
ST_1 : Operation 16 [1/1] (0.00ns)   --->   "%sext_ln56_cast = sext i59 %sext_ln56_read"   --->   Operation 16 'sext' 'sext_ln56_cast' <Predicate = true> <Delay = 0.00>
ST_1 : Operation 17 [1/1] (0.00ns)   --->   "%specmemcore_ln0 = specmemcore void @_ssdm_op_SpecMemCore, i256 %x_buf, i64 666, i64 31, i64 18446744073709551615"   --->   Operation 17 'specmemcore' 'specmemcore_ln0' <Predicate = true> <Delay = 0.00>
ST_1 : Operation 18 [1/1] (0.00ns)   --->   "%specinterface_ln0 = specinterface void @_ssdm_op_SpecInterface, i256 %gmem_in, void @empty_161, i32 0, i32 0, void @empty_80, i32 0, i32 0, void @empty_118, void @empty_138, void @empty_80, i32 16, i32 16, i32 64, i32 16, void @empty_80, void @empty_80, i32 4294967295, i32 0, i32 0"   --->   Operation 18 'specinterface' 'specinterface_ln0' <Predicate = true> <Delay = 0.00>
ST_1 : Operation 19 [1/1] (0.42ns)   --->   "%store_ln0 = store i13 0, i13 %indvar_flatten"   --->   Operation 19 'store' 'store_ln0' <Predicate = true> <Delay = 0.42>
ST_1 : Operation 20 [1/1] (0.42ns)   --->   "%store_ln56 = store i8 0, i8 %wi" [../gen2/upconv_core_top.cpp:56]   --->   Operation 20 'store' 'store_ln56' <Predicate = true> <Delay = 0.42>
ST_1 : Operation 21 [1/1] (0.42ns)   --->   "%store_ln58 = store i6 0, i6 %ciw" [../gen2/upconv_core_top.cpp:58]   --->   Operation 21 'store' 'store_ln58' <Predicate = true> <Delay = 0.42>
ST_1 : Operation 22 [1/1] (0.00ns)   --->   "%br_ln0 = br void %for.inc"   --->   Operation 22 'br' 'br_ln0' <Predicate = true> <Delay = 0.00>
ST_1 : Operation 23 [1/1] (0.00ns)   --->   "%indvar_flatten_load = load i13 %indvar_flatten" [../gen2/upconv_core_top.cpp:56]   --->   Operation 23 'load' 'indvar_flatten_load' <Predicate = true> <Delay = 0.00>
ST_1 : Operation 24 [1/1] (0.00ns)   --->   "%specbitsmap_ln0 = specbitsmap void @_ssdm_op_SpecBitsMap, i256 %gmem_in"   --->   Operation 24 'specbitsmap' 'specbitsmap_ln0' <Predicate = true> <Delay = 0.00>
ST_1 : Operation 25 [1/1] (0.82ns)   --->   "%icmp_ln56 = icmp_eq  i13 %indvar_flatten_load, i13 %mul_ln56_read" [../gen2/upconv_core_top.cpp:56]   --->   Operation 25 'icmp' 'icmp_ln56' <Predicate = true> <Delay = 0.82> <CoreInst = "Cmp">   --->   Core 9 'Cmp' <Latency = 0> <II = 1> <Delay = 0.82> <FuncUnit> <Opcode : 'seteq' 'setne' 'setle' 'setge' 'setlt' 'setgt'> <InPorts = 2> <OutPorts = 1>
ST_1 : Operation 26 [1/1] (0.82ns)   --->   "%add_ln56_1 = add i13 %indvar_flatten_load, i13 1" [../gen2/upconv_core_top.cpp:56]   --->   Operation 26 'add' 'add_ln56_1' <Predicate = true> <Delay = 0.82> <CoreInst = "Adder">   --->   Core 1 'Adder' <Latency = 0> <II = 1> <Delay = 0.82> <FuncUnit> <Opcode : 'add' 'sub'> <InPorts = 2> <OutPorts = 1>
ST_1 : Operation 27 [1/1] (0.00ns)   --->   "%br_ln56 = br i1 %icmp_ln56, void %for.inc27.loopexit, void %for.end29.exitStub" [../gen2/upconv_core_top.cpp:56]   --->   Operation 27 'br' 'br_ln56' <Predicate = true> <Delay = 0.00>
ST_1 : Operation 28 [1/1] (0.42ns)   --->   "%store_ln56 = store i13 %add_ln56_1, i13 %indvar_flatten" [../gen2/upconv_core_top.cpp:56]   --->   Operation 28 'store' 'store_ln56' <Predicate = (!icmp_ln56)> <Delay = 0.42>

State 2 <SV = 1> <Delay = 2.37>
ST_2 : Operation 29 [1/1] (0.00ns)   --->   "%ciw_load = load i6 %ciw" [../gen2/upconv_core_top.cpp:58]   --->   Operation 29 'load' 'ciw_load' <Predicate = true> <Delay = 0.00>
ST_2 : Operation 30 [1/1] (0.00ns)   --->   "%wi_load = load i8 %wi" [../gen2/upconv_core_top.cpp:56]   --->   Operation 30 'load' 'wi_load' <Predicate = true> <Delay = 0.00>
ST_2 : Operation 31 [1/1] (0.76ns)   --->   "%add_ln56 = add i8 %wi_load, i8 1" [../gen2/upconv_core_top.cpp:56]   --->   Operation 31 'add' 'add_ln56' <Predicate = true> <Delay = 0.76> <CoreInst = "Adder">   --->   Core 1 'Adder' <Latency = 0> <II = 1> <Delay = 0.76> <FuncUnit> <Opcode : 'add' 'sub'> <InPorts = 2> <OutPorts = 1>
ST_2 : Operation 32 [1/1] (0.78ns)   --->   "%icmp_ln58 = icmp_eq  i6 %ciw_load, i6 %ci_words_read" [../gen2/upconv_core_top.cpp:58]   --->   Operation 32 'icmp' 'icmp_ln58' <Predicate = true> <Delay = 0.78> <CoreInst = "Cmp">   --->   Core 9 'Cmp' <Latency = 0> <II = 1> <Delay = 0.78> <FuncUnit> <Opcode : 'seteq' 'setne' 'setle' 'setge' 'setlt' 'setgt'> <InPorts = 2> <OutPorts = 1>
ST_2 : Operation 33 [1/1] (0.38ns)   --->   "%select_ln56 = select i1 %icmp_ln58, i6 0, i6 %ciw_load" [../gen2/upconv_core_top.cpp:56]   --->   Operation 33 'select' 'select_ln56' <Predicate = true> <Delay = 0.38> <CoreInst = "Sel">   --->   Core 73 'Sel' <Latency = 0> <II = 1> <Delay = 0.38> <FuncUnit> <Opcode : 'select'> <InPorts = 3> <OutPorts = 1>
ST_2 : Operation 34 [1/1] (0.39ns)   --->   "%select_ln56_1 = select i1 %icmp_ln58, i8 %add_ln56, i8 %wi_load" [../gen2/upconv_core_top.cpp:56]   --->   Operation 34 'select' 'select_ln56_1' <Predicate = true> <Delay = 0.39> <CoreInst = "Sel">   --->   Core 73 'Sel' <Latency = 0> <II = 1> <Delay = 0.39> <FuncUnit> <Opcode : 'select'> <InPorts = 3> <OutPorts = 1>
ST_2 : Operation 35 [1/1] (0.00ns)   --->   "%wi_cast = zext i8 %select_ln56_1" [../gen2/upconv_core_top.cpp:56]   --->   Operation 35 'zext' 'wi_cast' <Predicate = true> <Delay = 0.00>
ST_2 : Operation 36 [3/3] (0.99ns) (grouped into DSP with root node add_ln61)   --->   "%mul_ln58 = mul i11 %ci_words_cast_cast, i11 %wi_cast" [../gen2/upconv_core_top.cpp:58]   --->   Operation 36 'mul' 'mul_ln58' <Predicate = true> <Delay = 0.99> <CoreInst = "DSP48">   --->   Core 124 'DSP48' <Latency = 3> <II = 1> <Delay = 0.53> <IPBlock> <Opcode : '' 'add' 'sub' 'mul' 'select'> <InPorts = 0> <OutPorts = 1> <Sync> <CReg>
ST_2 : Operation 37 [1/1] (0.78ns)   --->   "%add_ln58 = add i6 %select_ln56, i6 1" [../gen2/upconv_core_top.cpp:58]   --->   Operation 37 'add' 'add_ln58' <Predicate = true> <Delay = 0.78> <CoreInst = "Adder">   --->   Core 1 'Adder' <Latency = 0> <II = 1> <Delay = 0.78> <FuncUnit> <Opcode : 'add' 'sub'> <InPorts = 2> <OutPorts = 1>
ST_2 : Operation 38 [1/1] (0.42ns)   --->   "%store_ln56 = store i8 %select_ln56_1, i8 %wi" [../gen2/upconv_core_top.cpp:56]   --->   Operation 38 'store' 'store_ln56' <Predicate = true> <Delay = 0.42>
ST_2 : Operation 39 [1/1] (0.42ns)   --->   "%store_ln58 = store i6 %add_ln58, i6 %ciw" [../gen2/upconv_core_top.cpp:58]   --->   Operation 39 'store' 'store_ln58' <Predicate = true> <Delay = 0.42>

State 3 <SV = 2> <Delay = 0.99>
ST_3 : Operation 40 [2/3] (0.99ns) (grouped into DSP with root node add_ln61)   --->   "%mul_ln58 = mul i11 %ci_words_cast_cast, i11 %wi_cast" [../gen2/upconv_core_top.cpp:58]   --->   Operation 40 'mul' 'mul_ln58' <Predicate = true> <Delay = 0.99> <CoreInst = "DSP48">   --->   Core 124 'DSP48' <Latency = 3> <II = 1> <Delay = 0.53> <IPBlock> <Opcode : '' 'add' 'sub' 'mul' 'select'> <InPorts = 0> <OutPorts = 1> <Sync> <CReg>

State 4 <SV = 3> <Delay = 2.43>
ST_4 : Operation 41 [1/1] (0.00ns)   --->   "%gmem_in_addr = getelementptr i256 %gmem_in, i64 %sext_ln56_cast" [../gen2/upconv_core_top.cpp:56]   --->   Operation 41 'getelementptr' 'gmem_in_addr' <Predicate = true> <Delay = 0.00>
ST_4 : Operation 42 [1/3] (0.00ns) (grouped into DSP with root node add_ln61)   --->   "%mul_ln58 = mul i11 %ci_words_cast_cast, i11 %wi_cast" [../gen2/upconv_core_top.cpp:58]   --->   Operation 42 'mul' 'mul_ln58' <Predicate = true> <Delay = 0.00> <CoreInst = "DSP48">   --->   Core 124 'DSP48' <Latency = 3> <II = 1> <Delay = 0.53> <IPBlock> <Opcode : '' 'add' 'sub' 'mul' 'select'> <InPorts = 0> <OutPorts = 1> <Sync> <CReg>
ST_4 : Operation 43 [1/1] (0.00ns)   --->   "%zext_ln58 = zext i6 %select_ln56" [../gen2/upconv_core_top.cpp:58]   --->   Operation 43 'zext' 'zext_ln58' <Predicate = true> <Delay = 0.00>
ST_4 : Operation 44 [2/2] (0.64ns) (root node of the DSP)   --->   "%add_ln61 = add i11 %mul_ln58, i11 %zext_ln58" [../gen2/upconv_core_top.cpp:61]   --->   Operation 44 'add' 'add_ln61' <Predicate = true> <Delay = 0.64> <CoreInst = "DSP48">   --->   Core 124 'DSP48' <Latency = 3> <II = 1> <Delay = 0.53> <IPBlock> <Opcode : '' 'add' 'sub' 'mul' 'select'> <InPorts = 0> <OutPorts = 1> <Sync> <CReg>
ST_4 : Operation 45 [1/1] (2.43ns)   --->   "%gmem_in_addr_read = read i256 @_ssdm_op_Read.m_axi.p1i256, i256 %gmem_in_addr" [../gen2/upconv_core_top.cpp:61]   --->   Operation 45 'read' 'gmem_in_addr_read' <Predicate = true> <Delay = 2.43> <CoreInst = "m_axi">   --->   Core 119 'm_axi' <Latency = 3> <II = 1> <Delay = 1.00> <Adapter> <Opcode : 'read' 'write' 'readreq' 'writereq' 'writeresp'>
ST_4 : Operation 54 [1/1] (0.42ns)   --->   "%ret_ln0 = ret"   --->   Operation 54 'ret' 'ret_ln0' <Predicate = (icmp_ln56)> <Delay = 0.42>

State 5 <SV = 4> <Delay = 1.88>
ST_5 : Operation 46 [1/1] (0.00ns)   --->   "%specloopname_ln0 = specloopname void @_ssdm_op_SpecLoopName, void @LOAD_ROW0_VITIS_LOOP_58_1_str"   --->   Operation 46 'specloopname' 'specloopname_ln0' <Predicate = true> <Delay = 0.00>
ST_5 : Operation 47 [1/1] (0.00ns)   --->   "%speclooptripcount_ln0 = speclooptripcount void @_ssdm_op_SpecLoopTripCount, i64 128, i64 7680, i64 1680"   --->   Operation 47 'speclooptripcount' 'speclooptripcount_ln0' <Predicate = true> <Delay = 0.00>
ST_5 : Operation 48 [1/1] (0.00ns)   --->   "%specpipeline_ln59 = specpipeline void @_ssdm_op_SpecPipeline, i32 1, i32 0, i32 0, i32 0, void @empty_80" [../gen2/upconv_core_top.cpp:59]   --->   Operation 48 'specpipeline' 'specpipeline_ln59' <Predicate = true> <Delay = 0.00>
ST_5 : Operation 49 [1/2] (0.64ns) (root node of the DSP)   --->   "%add_ln61 = add i11 %mul_ln58, i11 %zext_ln58" [../gen2/upconv_core_top.cpp:61]   --->   Operation 49 'add' 'add_ln61' <Predicate = true> <Delay = 0.64> <CoreInst = "DSP48">   --->   Core 124 'DSP48' <Latency = 3> <II = 1> <Delay = 0.53> <IPBlock> <Opcode : '' 'add' 'sub' 'mul' 'select'> <InPorts = 0> <OutPorts = 1> <Sync> <CReg>
ST_5 : Operation 50 [1/1] (0.00ns)   --->   "%zext_ln61 = zext i11 %add_ln61" [../gen2/upconv_core_top.cpp:61]   --->   Operation 50 'zext' 'zext_ln61' <Predicate = true> <Delay = 0.00>
ST_5 : Operation 51 [1/1] (0.00ns)   --->   "%x_buf_addr = getelementptr i256 %x_buf, i64 0, i64 %zext_ln61" [../gen2/upconv_core_top.cpp:61]   --->   Operation 51 'getelementptr' 'x_buf_addr' <Predicate = true> <Delay = 0.00>
ST_5 : Operation 52 [1/1] ( I:1.23ns O:1.23ns )   --->   "%store_ln61 = store i256 %gmem_in_addr_read, i11 %x_buf_addr" [../gen2/upconv_core_top.cpp:61]   --->   Operation 52 'store' 'store_ln61' <Predicate = true> <Delay = 1.23> <CoreInst = "RAM_T2P_URAM">   --->   Core 99 'RAM_T2P_URAM' <Latency = 1> <II = 1> <Delay = 1.23> <Storage> <Opcode : 'load' 'store'> <Ports = 2> <Width = 256> <Depth = 2048> <RAM>
ST_5 : Operation 53 [1/1] (0.00ns)   --->   "%br_ln58 = br void %for.inc" [../gen2/upconv_core_top.cpp:58]   --->   Operation 53 'br' 'br_ln58' <Predicate = true> <Delay = 0.00>


============================================================
+ Verbose Summary: Timing violations
============================================================
Target clock period: 3.333ns, clock uncertainty: 0.900ns.

 <State 1>: 1.674ns
The critical path consists of the following:
	'store' operation 0 bit ('store_ln0') of constant 0 on local variable 'indvar_flatten' [18]  (0.427 ns)
	'load' operation 13 bit ('indvar_flatten_load', ../gen2/upconv_core_top.cpp:56) on local variable 'indvar_flatten' [23]  (0.000 ns)
	'icmp' operation 1 bit ('icmp_ln56', ../gen2/upconv_core_top.cpp:56) [25]  (0.820 ns)
	'store' operation 0 bit ('store_ln56', ../gen2/upconv_core_top.cpp:56) of variable 'add_ln56_1', ../gen2/upconv_core_top.cpp:56 on local variable 'indvar_flatten' [48]  (0.427 ns)

 <State 2>: 2.373ns
The critical path consists of the following:
	'load' operation 6 bit ('ciw_load', ../gen2/upconv_core_top.cpp:58) on local variable 'ciw', ../gen2/upconv_core_top.cpp:58 [29]  (0.000 ns)
	'icmp' operation 1 bit ('icmp_ln58', ../gen2/upconv_core_top.cpp:58) [35]  (0.781 ns)
	'select' operation 6 bit ('select_ln56', ../gen2/upconv_core_top.cpp:56) [36]  (0.384 ns)
	'add' operation 6 bit ('add_ln58', ../gen2/upconv_core_top.cpp:58) [47]  (0.781 ns)
	'store' operation 0 bit ('store_ln58', ../gen2/upconv_core_top.cpp:58) of variable 'add_ln58', ../gen2/upconv_core_top.cpp:58 on local variable 'ciw', ../gen2/upconv_core_top.cpp:58 [50]  (0.427 ns)

 <State 3>: 0.996ns
The critical path consists of the following:
	'mul' operation 11 bit of DSP[42] ('mul_ln58', ../gen2/upconv_core_top.cpp:58) [39]  (0.996 ns)

 <State 4>: 2.433ns
The critical path consists of the following:
	'getelementptr' operation 256 bit ('gmem_in_addr', ../gen2/upconv_core_top.cpp:56) [31]  (0.000 ns)
	bus read operation ('gmem_in_addr_read', ../gen2/upconv_core_top.cpp:61) on port 'gmem_in' (../gen2/upconv_core_top.cpp:61) [45]  (2.433 ns)

 <State 5>: 1.882ns
The critical path consists of the following:
	'add' operation 11 bit of DSP[42] ('add_ln61', ../gen2/upconv_core_top.cpp:61) [42]  (0.645 ns)
	'getelementptr' operation 11 bit ('x_buf_addr', ../gen2/upconv_core_top.cpp:61) [44]  (0.000 ns)
	'store' operation 0 bit ('store_ln61', ../gen2/upconv_core_top.cpp:61) of variable 'gmem_in_addr_read', ../gen2/upconv_core_top.cpp:61 on array 'x_buf' [46]  (1.237 ns)


============================================================
+ Verbose Summary: Binding
============================================================
N/A
* FSMD analyzer results:
  - Output states:
 - Input state : 
  - Chain level:
	State 1
	State 2
	State 3
	State 4
	State 5


============================================================
+ Verbose Summary: Datapath Resource usage 
============================================================
N/A
