

================================================================
== Vitis HLS Report for 'upconv_core_top_Pipeline_LOAD_ROW_VITIS_LOOP_72_2'
================================================================
* Date:           Thu Jun 18 11:21:22 2026

* Version:        2024.2 (Build 5238294 on Nov  8 2024)
* Project:        upconv_core_top
* Solution:       hls (Vivado IP Flow Target)
* Product family: zynquplus
* Target device:  xczu7ev-ffvc1156-2-e


================================================================
== Performance Estimates
================================================================
+ Timing: 
    * Summary: 
    +--------+---------+----------+------------+
    |  Clock |  Target | Estimated| Uncertainty|
    +--------+---------+----------+------------+
    |ap_clk  |  3.33 ns|  2.692 ns|     0.90 ns|
    +--------+---------+----------+------------+

+ Latency: 
    * Summary: 
    +---------+---------+----------+-----------+-----+------+------------------------------------------------+
    |  Latency (cycles) |  Latency (absolute)  |  Interval  |                    Pipeline                    |
    |   min   |   max   |    min   |    max    | min |  max |                      Type                      |
    +---------+---------+----------+-----------+-----+------+------------------------------------------------+
    |      134|     7686|  0.447 us|  25.617 us|  129|  7681|  loop auto-rewind stp (delay=0 clock cycles(s))|
    +---------+---------+----------+-----------+-----+------+------------------------------------------------+

    + Detail: 
        * Instance: 
        N/A

        * Loop: 
        +----------------------------+---------+---------+----------+-----------+-----------+------------+----------+
        |                            |  Latency (cycles) | Iteration|  Initiation Interval  |    Trip    |          |
        |          Loop Name         |   min   |   max   |  Latency |  achieved |   target  |    Count   | Pipelined|
        +----------------------------+---------+---------+----------+-----------+-----------+------------+----------+
        |- LOAD_ROW_VITIS_LOOP_72_2  |      132|     7684|         6|          1|          1|  128 ~ 7680|       yes|
        +----------------------------+---------+---------+----------+-----------+-----------+------------+----------+

============================================================
+ Verbose Summary: Synthesis Manager
============================================================
InlineROM: 1
ExposeGlobal: 0
============================================================
+ Verbose Summary: CDFG Model
============================================================
IsTopModel: 0
ResetActiveHigh: 1
IsCombinational: 0
IsDatapathOnly: 0
HasWiredReturn: 1
HasMFsm: 2
HasVarLatency: 1
IsPipeline: 0
IsRtlPipelined: 0
IsInstanceOverlapped: 0
IsDontTouch: 0
HasImplIP: 0
IsGatedGlobalClock: 0

+ Individual pipeline summary: 
  * Pipeline-0: initiation interval (II) = 1, depth = 6


============================================================
+ Verbose Summary: Schedule
============================================================
* Number of FSM states : 6
* Pipeline : 1
  Pipeline-0 : II = 1, D = 6, States = { 1 2 3 4 5 6 }
* Dataflow Pipeline: 0

* FSM state transitions: 
1 --> 2 
2 --> 3 
3 --> 4 
4 --> 5 
5 --> 6 
6 --> 

* FSM state operations: 

State 1 <SV = 0> <Delay = 1.67>
ST_1 : Operation 9 [1/1] (0.00ns)   --->   "%ciw = alloca i32 1" [../gen2/upconv_core_top.cpp:72]   --->   Operation 9 'alloca' 'ciw' <Predicate = true> <Delay = 0.00>
ST_1 : Operation 10 [1/1] (0.00ns)   --->   "%wi = alloca i32 1" [../gen2/upconv_core_top.cpp:70]   --->   Operation 10 'alloca' 'wi' <Predicate = true> <Delay = 0.00>
ST_1 : Operation 11 [1/1] (0.00ns)   --->   "%indvar_flatten6 = alloca i32 1"   --->   Operation 11 'alloca' 'indvar_flatten6' <Predicate = true> <Delay = 0.00>
ST_1 : Operation 12 [1/1] (0.00ns)   --->   "%ci_words_cast_read = read i6 @_ssdm_op_Read.ap_auto.i6, i6 %ci_words_cast"   --->   Operation 12 'read' 'ci_words_cast_read' <Predicate = true> <Delay = 0.00>
ST_1 : Operation 13 [1/1] (0.00ns)   --->   "%mul50_read = read i8 @_ssdm_op_Read.ap_auto.i8, i8 %mul50"   --->   Operation 13 'read' 'mul50_read' <Predicate = true> <Delay = 0.00>
ST_1 : Operation 14 [1/1] (0.00ns)   --->   "%ci_words_read = read i6 @_ssdm_op_Read.ap_auto.i6, i6 %ci_words"   --->   Operation 14 'read' 'ci_words_read' <Predicate = true> <Delay = 0.00>
ST_1 : Operation 15 [1/1] (0.00ns)   --->   "%sext_ln70_read = read i59 @_ssdm_op_Read.ap_auto.i59, i59 %sext_ln70"   --->   Operation 15 'read' 'sext_ln70_read' <Predicate = true> <Delay = 0.00>
ST_1 : Operation 16 [1/1] (0.00ns)   --->   "%mul_ln56_read = read i13 @_ssdm_op_Read.ap_auto.i13, i13 %mul_ln56"   --->   Operation 16 'read' 'mul_ln56_read' <Predicate = true> <Delay = 0.00>
ST_1 : Operation 17 [1/1] (0.00ns)   --->   "%ci_words_cast_cast = zext i6 %ci_words_cast_read"   --->   Operation 17 'zext' 'ci_words_cast_cast' <Predicate = true> <Delay = 0.00>
ST_1 : Operation 18 [1/1] (0.00ns)   --->   "%sext_ln70_cast = sext i59 %sext_ln70_read"   --->   Operation 18 'sext' 'sext_ln70_cast' <Predicate = true> <Delay = 0.00>
ST_1 : Operation 19 [1/1] (0.00ns)   --->   "%specmemcore_ln0 = specmemcore void @_ssdm_op_SpecMemCore, i256 %x_buf, i64 666, i64 31, i64 18446744073709551615"   --->   Operation 19 'specmemcore' 'specmemcore_ln0' <Predicate = true> <Delay = 0.00>
ST_1 : Operation 20 [1/1] (0.00ns)   --->   "%specinterface_ln0 = specinterface void @_ssdm_op_SpecInterface, i256 %gmem_in, void @empty_161, i32 0, i32 0, void @empty_80, i32 0, i32 0, void @empty_118, void @empty_138, void @empty_80, i32 16, i32 16, i32 64, i32 16, void @empty_80, void @empty_80, i32 4294967295, i32 0, i32 0"   --->   Operation 20 'specinterface' 'specinterface_ln0' <Predicate = true> <Delay = 0.00>
ST_1 : Operation 21 [1/1] (0.42ns)   --->   "%store_ln0 = store i13 0, i13 %indvar_flatten6"   --->   Operation 21 'store' 'store_ln0' <Predicate = true> <Delay = 0.42>
ST_1 : Operation 22 [1/1] (0.42ns)   --->   "%store_ln70 = store i8 0, i8 %wi" [../gen2/upconv_core_top.cpp:70]   --->   Operation 22 'store' 'store_ln70' <Predicate = true> <Delay = 0.42>
ST_1 : Operation 23 [1/1] (0.42ns)   --->   "%store_ln72 = store i6 0, i6 %ciw" [../gen2/upconv_core_top.cpp:72]   --->   Operation 23 'store' 'store_ln72' <Predicate = true> <Delay = 0.42>
ST_1 : Operation 24 [1/1] (0.00ns)   --->   "%br_ln0 = br void %for.inc56"   --->   Operation 24 'br' 'br_ln0' <Predicate = true> <Delay = 0.00>
ST_1 : Operation 25 [1/1] (0.00ns)   --->   "%indvar_flatten6_load = load i13 %indvar_flatten6" [../gen2/upconv_core_top.cpp:70]   --->   Operation 25 'load' 'indvar_flatten6_load' <Predicate = true> <Delay = 0.00>
ST_1 : Operation 26 [1/1] (0.00ns)   --->   "%specbitsmap_ln0 = specbitsmap void @_ssdm_op_SpecBitsMap, i256 %gmem_in"   --->   Operation 26 'specbitsmap' 'specbitsmap_ln0' <Predicate = true> <Delay = 0.00>
ST_1 : Operation 27 [1/1] (0.82ns)   --->   "%icmp_ln70 = icmp_eq  i13 %indvar_flatten6_load, i13 %mul_ln56_read" [../gen2/upconv_core_top.cpp:70]   --->   Operation 27 'icmp' 'icmp_ln70' <Predicate = true> <Delay = 0.82> <CoreInst = "Cmp">   --->   Core 9 'Cmp' <Latency = 0> <II = 1> <Delay = 0.82> <FuncUnit> <Opcode : 'seteq' 'setne' 'setle' 'setge' 'setlt' 'setgt'> <InPorts = 2> <OutPorts = 1>
ST_1 : Operation 28 [1/1] (0.82ns)   --->   "%add_ln70_1 = add i13 %indvar_flatten6_load, i13 1" [../gen2/upconv_core_top.cpp:70]   --->   Operation 28 'add' 'add_ln70_1' <Predicate = true> <Delay = 0.82> <CoreInst = "Adder">   --->   Core 1 'Adder' <Latency = 0> <II = 1> <Delay = 0.82> <FuncUnit> <Opcode : 'add' 'sub'> <InPorts = 2> <OutPorts = 1>
ST_1 : Operation 29 [1/1] (0.00ns)   --->   "%br_ln70 = br i1 %icmp_ln70, void %for.inc59.loopexit, void %for.inc64.exitStub" [../gen2/upconv_core_top.cpp:70]   --->   Operation 29 'br' 'br_ln70' <Predicate = true> <Delay = 0.00>
ST_1 : Operation 30 [1/1] (0.42ns)   --->   "%store_ln70 = store i13 %add_ln70_1, i13 %indvar_flatten6" [../gen2/upconv_core_top.cpp:70]   --->   Operation 30 'store' 'store_ln70' <Predicate = (!icmp_ln70)> <Delay = 0.42>

State 2 <SV = 1> <Delay = 2.37>
ST_2 : Operation 31 [1/1] (0.00ns)   --->   "%ciw_load = load i6 %ciw" [../gen2/upconv_core_top.cpp:72]   --->   Operation 31 'load' 'ciw_load' <Predicate = true> <Delay = 0.00>
ST_2 : Operation 32 [1/1] (0.00ns)   --->   "%wi_load = load i8 %wi" [../gen2/upconv_core_top.cpp:70]   --->   Operation 32 'load' 'wi_load' <Predicate = true> <Delay = 0.00>
ST_2 : Operation 33 [1/1] (0.76ns)   --->   "%add_ln70 = add i8 %wi_load, i8 1" [../gen2/upconv_core_top.cpp:70]   --->   Operation 33 'add' 'add_ln70' <Predicate = true> <Delay = 0.76> <CoreInst = "Adder">   --->   Core 1 'Adder' <Latency = 0> <II = 1> <Delay = 0.76> <FuncUnit> <Opcode : 'add' 'sub'> <InPorts = 2> <OutPorts = 1>
ST_2 : Operation 34 [1/1] (0.78ns)   --->   "%icmp_ln72 = icmp_eq  i6 %ciw_load, i6 %ci_words_read" [../gen2/upconv_core_top.cpp:72]   --->   Operation 34 'icmp' 'icmp_ln72' <Predicate = true> <Delay = 0.78> <CoreInst = "Cmp">   --->   Core 9 'Cmp' <Latency = 0> <II = 1> <Delay = 0.78> <FuncUnit> <Opcode : 'seteq' 'setne' 'setle' 'setge' 'setlt' 'setgt'> <InPorts = 2> <OutPorts = 1>
ST_2 : Operation 35 [1/1] (0.38ns)   --->   "%select_ln70 = select i1 %icmp_ln72, i6 0, i6 %ciw_load" [../gen2/upconv_core_top.cpp:70]   --->   Operation 35 'select' 'select_ln70' <Predicate = true> <Delay = 0.38> <CoreInst = "Sel">   --->   Core 73 'Sel' <Latency = 0> <II = 1> <Delay = 0.38> <FuncUnit> <Opcode : 'select'> <InPorts = 3> <OutPorts = 1>
ST_2 : Operation 36 [1/1] (0.39ns)   --->   "%select_ln70_1 = select i1 %icmp_ln72, i8 %add_ln70, i8 %wi_load" [../gen2/upconv_core_top.cpp:70]   --->   Operation 36 'select' 'select_ln70_1' <Predicate = true> <Delay = 0.39> <CoreInst = "Sel">   --->   Core 73 'Sel' <Latency = 0> <II = 1> <Delay = 0.39> <FuncUnit> <Opcode : 'select'> <InPorts = 3> <OutPorts = 1>
ST_2 : Operation 37 [1/1] (0.78ns)   --->   "%add_ln72 = add i6 %select_ln70, i6 1" [../gen2/upconv_core_top.cpp:72]   --->   Operation 37 'add' 'add_ln72' <Predicate = true> <Delay = 0.78> <CoreInst = "Adder">   --->   Core 1 'Adder' <Latency = 0> <II = 1> <Delay = 0.78> <FuncUnit> <Opcode : 'add' 'sub'> <InPorts = 2> <OutPorts = 1>
ST_2 : Operation 38 [1/1] (0.42ns)   --->   "%store_ln70 = store i8 %select_ln70_1, i8 %wi" [../gen2/upconv_core_top.cpp:70]   --->   Operation 38 'store' 'store_ln70' <Predicate = true> <Delay = 0.42>
ST_2 : Operation 39 [1/1] (0.42ns)   --->   "%store_ln72 = store i6 %add_ln72, i6 %ciw" [../gen2/upconv_core_top.cpp:72]   --->   Operation 39 'store' 'store_ln72' <Predicate = true> <Delay = 0.42>

State 3 <SV = 2> <Delay = 2.69>
ST_3 : Operation 40 [1/1] (1.69ns) (grouped into DSP with root node add_ln75)   --->   "%empty = add i8 %select_ln70_1, i8 %mul50_read" [../gen2/upconv_core_top.cpp:70]   --->   Operation 40 'add' 'empty' <Predicate = true> <Delay = 1.69> <CoreInst = "DSP48">   --->   Core 124 'DSP48' <Latency = 3> <II = 1> <Delay = 0.53> <IPBlock> <Opcode : '' 'add' 'sub' 'mul' 'select'> <InPorts = 0> <OutPorts = 1> <Sync> <CReg>
ST_3 : Operation 41 [1/1] (0.00ns) (grouped into DSP with root node add_ln75)   --->   "%p_cast1 = zext i8 %empty" [../gen2/upconv_core_top.cpp:70]   --->   Operation 41 'zext' 'p_cast1' <Predicate = true> <Delay = 0.00>
ST_3 : Operation 42 [3/3] (0.99ns) (grouped into DSP with root node add_ln75)   --->   "%mul_ln72 = mul i11 %ci_words_cast_cast, i11 %p_cast1" [../gen2/upconv_core_top.cpp:72]   --->   Operation 42 'mul' 'mul_ln72' <Predicate = true> <Delay = 0.99> <CoreInst = "DSP48">   --->   Core 124 'DSP48' <Latency = 3> <II = 1> <Delay = 0.53> <IPBlock> <Opcode : '' 'add' 'sub' 'mul' 'select'> <InPorts = 0> <OutPorts = 1> <Sync> <CReg>

State 4 <SV = 3> <Delay = 0.99>
ST_4 : Operation 43 [2/3] (0.99ns) (grouped into DSP with root node add_ln75)   --->   "%mul_ln72 = mul i11 %ci_words_cast_cast, i11 %p_cast1" [../gen2/upconv_core_top.cpp:72]   --->   Operation 43 'mul' 'mul_ln72' <Predicate = true> <Delay = 0.99> <CoreInst = "DSP48">   --->   Core 124 'DSP48' <Latency = 3> <II = 1> <Delay = 0.53> <IPBlock> <Opcode : '' 'add' 'sub' 'mul' 'select'> <InPorts = 0> <OutPorts = 1> <Sync> <CReg>

State 5 <SV = 4> <Delay = 2.43>
ST_5 : Operation 44 [1/1] (0.00ns)   --->   "%gmem_in_addr = getelementptr i256 %gmem_in, i64 %sext_ln70_cast" [../gen2/upconv_core_top.cpp:70]   --->   Operation 44 'getelementptr' 'gmem_in_addr' <Predicate = true> <Delay = 0.00>
ST_5 : Operation 45 [1/3] (0.00ns) (grouped into DSP with root node add_ln75)   --->   "%mul_ln72 = mul i11 %ci_words_cast_cast, i11 %p_cast1" [../gen2/upconv_core_top.cpp:72]   --->   Operation 45 'mul' 'mul_ln72' <Predicate = true> <Delay = 0.00> <CoreInst = "DSP48">   --->   Core 124 'DSP48' <Latency = 3> <II = 1> <Delay = 0.53> <IPBlock> <Opcode : '' 'add' 'sub' 'mul' 'select'> <InPorts = 0> <OutPorts = 1> <Sync> <CReg>
ST_5 : Operation 46 [1/1] (0.00ns)   --->   "%zext_ln72 = zext i6 %select_ln70" [../gen2/upconv_core_top.cpp:72]   --->   Operation 46 'zext' 'zext_ln72' <Predicate = true> <Delay = 0.00>
ST_5 : Operation 47 [2/2] (0.64ns) (root node of the DSP)   --->   "%add_ln75 = add i11 %mul_ln72, i11 %zext_ln72" [../gen2/upconv_core_top.cpp:75]   --->   Operation 47 'add' 'add_ln75' <Predicate = true> <Delay = 0.64> <CoreInst = "DSP48">   --->   Core 124 'DSP48' <Latency = 3> <II = 1> <Delay = 0.53> <IPBlock> <Opcode : '' 'add' 'sub' 'mul' 'select'> <InPorts = 0> <OutPorts = 1> <Sync> <CReg>
ST_5 : Operation 48 [1/1] (2.43ns)   --->   "%gmem_in_addr_read = read i256 @_ssdm_op_Read.m_axi.p1i256, i256 %gmem_in_addr" [../gen2/upconv_core_top.cpp:75]   --->   Operation 48 'read' 'gmem_in_addr_read' <Predicate = true> <Delay = 2.43> <CoreInst = "m_axi">   --->   Core 119 'm_axi' <Latency = 3> <II = 1> <Delay = 1.00> <Adapter> <Opcode : 'read' 'write' 'readreq' 'writereq' 'writeresp'>
ST_5 : Operation 57 [1/1] (0.42ns)   --->   "%ret_ln0 = ret"   --->   Operation 57 'ret' 'ret_ln0' <Predicate = (icmp_ln70)> <Delay = 0.42>

State 6 <SV = 5> <Delay = 1.88>
ST_6 : Operation 49 [1/1] (0.00ns)   --->   "%specloopname_ln0 = specloopname void @_ssdm_op_SpecLoopName, void @LOAD_ROW_VITIS_LOOP_72_2_str"   --->   Operation 49 'specloopname' 'specloopname_ln0' <Predicate = true> <Delay = 0.00>
ST_6 : Operation 50 [1/1] (0.00ns)   --->   "%speclooptripcount_ln0 = speclooptripcount void @_ssdm_op_SpecLoopTripCount, i64 128, i64 7680, i64 1680"   --->   Operation 50 'speclooptripcount' 'speclooptripcount_ln0' <Predicate = true> <Delay = 0.00>
ST_6 : Operation 51 [1/1] (0.00ns)   --->   "%specpipeline_ln73 = specpipeline void @_ssdm_op_SpecPipeline, i32 1, i32 0, i32 0, i32 0, void @empty_80" [../gen2/upconv_core_top.cpp:73]   --->   Operation 51 'specpipeline' 'specpipeline_ln73' <Predicate = true> <Delay = 0.00>
ST_6 : Operation 52 [1/2] (0.64ns) (root node of the DSP)   --->   "%add_ln75 = add i11 %mul_ln72, i11 %zext_ln72" [../gen2/upconv_core_top.cpp:75]   --->   Operation 52 'add' 'add_ln75' <Predicate = true> <Delay = 0.64> <CoreInst = "DSP48">   --->   Core 124 'DSP48' <Latency = 3> <II = 1> <Delay = 0.53> <IPBlock> <Opcode : '' 'add' 'sub' 'mul' 'select'> <InPorts = 0> <OutPorts = 1> <Sync> <CReg>
ST_6 : Operation 53 [1/1] (0.00ns)   --->   "%zext_ln75 = zext i11 %add_ln75" [../gen2/upconv_core_top.cpp:75]   --->   Operation 53 'zext' 'zext_ln75' <Predicate = true> <Delay = 0.00>
ST_6 : Operation 54 [1/1] (0.00ns)   --->   "%x_buf_addr = getelementptr i256 %x_buf, i64 0, i64 %zext_ln75" [../gen2/upconv_core_top.cpp:75]   --->   Operation 54 'getelementptr' 'x_buf_addr' <Predicate = true> <Delay = 0.00>
ST_6 : Operation 55 [1/1] ( I:1.23ns O:1.23ns )   --->   "%store_ln75 = store i256 %gmem_in_addr_read, i11 %x_buf_addr" [../gen2/upconv_core_top.cpp:75]   --->   Operation 55 'store' 'store_ln75' <Predicate = true> <Delay = 1.23> <CoreInst = "RAM_T2P_URAM">   --->   Core 99 'RAM_T2P_URAM' <Latency = 1> <II = 1> <Delay = 1.23> <Storage> <Opcode : 'load' 'store'> <Ports = 2> <Width = 256> <Depth = 2048> <RAM>
ST_6 : Operation 56 [1/1] (0.00ns)   --->   "%br_ln72 = br void %for.inc56" [../gen2/upconv_core_top.cpp:72]   --->   Operation 56 'br' 'br_ln72' <Predicate = true> <Delay = 0.00>


============================================================
+ Verbose Summary: Timing violations
============================================================
Target clock period: 3.333ns, clock uncertainty: 0.900ns.

 <State 1>: 1.674ns
The critical path consists of the following:
	'store' operation 0 bit ('store_ln0') of constant 0 on local variable 'indvar_flatten6' [20]  (0.427 ns)
	'load' operation 13 bit ('indvar_flatten6_load', ../gen2/upconv_core_top.cpp:70) on local variable 'indvar_flatten6' [25]  (0.000 ns)
	'icmp' operation 1 bit ('icmp_ln70', ../gen2/upconv_core_top.cpp:70) [27]  (0.820 ns)
	'store' operation 0 bit ('store_ln70', ../gen2/upconv_core_top.cpp:70) of variable 'add_ln70_1', ../gen2/upconv_core_top.cpp:70 on local variable 'indvar_flatten6' [51]  (0.427 ns)

 <State 2>: 2.373ns
The critical path consists of the following:
	'load' operation 6 bit ('ciw_load', ../gen2/upconv_core_top.cpp:72) on local variable 'ciw', ../gen2/upconv_core_top.cpp:72 [31]  (0.000 ns)
	'icmp' operation 1 bit ('icmp_ln72', ../gen2/upconv_core_top.cpp:72) [37]  (0.781 ns)
	'select' operation 6 bit ('select_ln70', ../gen2/upconv_core_top.cpp:70) [38]  (0.384 ns)
	'add' operation 6 bit ('add_ln72', ../gen2/upconv_core_top.cpp:72) [50]  (0.781 ns)
	'store' operation 0 bit ('store_ln72', ../gen2/upconv_core_top.cpp:72) of variable 'add_ln72', ../gen2/upconv_core_top.cpp:72 on local variable 'ciw', ../gen2/upconv_core_top.cpp:72 [53]  (0.427 ns)

 <State 3>: 2.692ns
The critical path consists of the following:
	'add' operation 8 bit of DSP[45] ('empty', ../gen2/upconv_core_top.cpp:70) [40]  (1.696 ns)
	'mul' operation 11 bit of DSP[45] ('mul_ln72', ../gen2/upconv_core_top.cpp:72) [42]  (0.996 ns)

 <State 4>: 0.996ns
The critical path consists of the following:
	'mul' operation 11 bit of DSP[45] ('mul_ln72', ../gen2/upconv_core_top.cpp:72) [42]  (0.996 ns)

 <State 5>: 2.433ns
The critical path consists of the following:
	'getelementptr' operation 256 bit ('gmem_in_addr', ../gen2/upconv_core_top.cpp:70) [33]  (0.000 ns)
	bus read operation ('gmem_in_addr_read', ../gen2/upconv_core_top.cpp:75) on port 'gmem_in' (../gen2/upconv_core_top.cpp:75) [48]  (2.433 ns)

 <State 6>: 1.882ns
The critical path consists of the following:
	'add' operation 11 bit of DSP[45] ('add_ln75', ../gen2/upconv_core_top.cpp:75) [45]  (0.645 ns)
	'getelementptr' operation 11 bit ('x_buf_addr', ../gen2/upconv_core_top.cpp:75) [47]  (0.000 ns)
	'store' operation 0 bit ('store_ln75', ../gen2/upconv_core_top.cpp:75) of variable 'gmem_in_addr_read', ../gen2/upconv_core_top.cpp:75 on array 'x_buf' [49]  (1.237 ns)


============================================================
+ Verbose Summary: Binding
============================================================
N/A
* FSMD analyzer results:
  - Output states:
 - Input state : 
  - Chain level:
	State 1
	State 2
	State 3
	State 4
	State 5
	State 6


============================================================
+ Verbose Summary: Datapath Resource usage 
============================================================
N/A
