

================================================================
== Vitis HLS Report for 'UpConv_Fused_Row_8_Pipeline_RESET_ROW_ACC'
================================================================
* Date:           Thu Jun 18 11:21:20 2026

* Version:        2024.2 (Build 5238294 on Nov  8 2024)
* Project:        upconv_core_top
* Solution:       hls (Vivado IP Flow Target)
* Product family: zynquplus
* Target device:  xczu7ev-ffvc1156-2-e


================================================================
== Performance Estimates
================================================================
+ Timing: 
    * Summary: 
    +--------+---------+----------+------------+
    |  Clock |  Target | Estimated| Uncertainty|
    +--------+---------+----------+------------+
    |ap_clk  |  3.33 ns|  2.061 ns|     0.90 ns|
    +--------+---------+----------+------------+

+ Latency: 
    * Summary: 
    +---------+---------+----------+----------+-----+------+------------------------------------------------+
    |  Latency (cycles) |  Latency (absolute) |  Interval  |                    Pipeline                    |
    |   min   |   max   |    min   |    max   | min |  max |                      Type                      |
    +---------+---------+----------+----------+-----+------+------------------------------------------------+
    |      130|     1026|  0.433 us|  3.420 us|  129|  1025|  loop auto-rewind stp (delay=0 clock cycles(s))|
    +---------+---------+----------+----------+-----+------+------------------------------------------------+

    + Detail: 
        * Instance: 
        N/A

        * Loop: 
        +-----------------+---------+---------+----------+-----------+-----------+------------+----------+
        |                 |  Latency (cycles) | Iteration|  Initiation Interval  |    Trip    |          |
        |    Loop Name    |   min   |   max   |  Latency |  achieved |   target  |    Count   | Pipelined|
        +-----------------+---------+---------+----------+-----------+-----------+------------+----------+
        |- RESET_ROW_ACC  |      128|     1024|         2|          1|          1|  128 ~ 1024|       yes|
        +-----------------+---------+---------+----------+-----------+-----------+------------+----------+

============================================================
+ Verbose Summary: Synthesis Manager
============================================================
InlineROM: 1
ExposeGlobal: 0
============================================================
+ Verbose Summary: CDFG Model
============================================================
IsTopModel: 0
ResetActiveHigh: 1
IsCombinational: 0
IsDatapathOnly: 0
HasWiredReturn: 1
HasMFsm: 2
HasVarLatency: 1
IsPipeline: 0
IsRtlPipelined: 0
IsInstanceOverlapped: 0
IsDontTouch: 0
HasImplIP: 0
IsGatedGlobalClock: 0

+ Individual pipeline summary: 
  * Pipeline-0: initiation interval (II) = 1, depth = 2


============================================================
+ Verbose Summary: Schedule
============================================================
* Number of FSM states : 2
* Pipeline : 1
  Pipeline-0 : II = 1, D = 2, States = { 1 2 }
* Dataflow Pipeline: 0

* FSM state transitions: 
1 --> 2 
2 --> 

* FSM state operations: 

State 1 <SV = 0> <Delay = 1.67>
ST_1 : Operation 5 [1/1] (0.00ns)   --->   "%rw = alloca i32 1" [../gen2/Hls_Layers_UpConv.tpp:199]   --->   Operation 5 'alloca' 'rw' <Predicate = true> <Delay = 0.00>
ST_1 : Operation 6 [1/1] (0.00ns)   --->   "%rcw = alloca i32 1" [../gen2/Hls_Layers_UpConv.tpp:199]   --->   Operation 6 'alloca' 'rcw' <Predicate = true> <Delay = 0.00>
ST_1 : Operation 7 [1/1] (0.00ns)   --->   "%m = alloca i32 1" [../gen2/Hls_Layers_UpConv.tpp:200]   --->   Operation 7 'alloca' 'm' <Predicate = true> <Delay = 0.00>
ST_1 : Operation 8 [1/1] (0.00ns)   --->   "%sub16_cast_read = read i5 @_ssdm_op_Read.ap_auto.i5, i5 %sub16_cast"   --->   Operation 8 'read' 'sub16_cast_read' <Predicate = true> <Delay = 0.00>
ST_1 : Operation 9 [1/1] (0.00ns)   --->   "%shl_ln_read = read i13 @_ssdm_op_Read.ap_auto.i13, i13 %shl_ln"   --->   Operation 9 'read' 'shl_ln_read' <Predicate = true> <Delay = 0.00>
ST_1 : Operation 10 [1/1] (0.00ns)   --->   "%sub16_cast_cast = zext i5 %sub16_cast_read"   --->   Operation 10 'zext' 'sub16_cast_cast' <Predicate = true> <Delay = 0.00>
ST_1 : Operation 11 [1/1] (0.00ns)   --->   "%specmemcore_ln0 = specmemcore void @_ssdm_op_SpecMemCore, i16 %void_UpConv_Fused_Row_ap_uint_ap_uint_const_ap_uint_const_ap_uint_const_ap_u_9, i64 666, i64 31, i64 18446744073709551615"   --->   Operation 11 'specmemcore' 'specmemcore_ln0' <Predicate = true> <Delay = 0.00>
ST_1 : Operation 12 [1/1] (0.00ns)   --->   "%specmemcore_ln0 = specmemcore void @_ssdm_op_SpecMemCore, i16 %void_UpConv_Fused_Row_ap_uint_ap_uint_const_ap_uint_const_ap_uint_const_ap_u_8, i64 666, i64 31, i64 18446744073709551615"   --->   Operation 12 'specmemcore' 'specmemcore_ln0' <Predicate = true> <Delay = 0.00>
ST_1 : Operation 13 [1/1] (0.00ns)   --->   "%specmemcore_ln0 = specmemcore void @_ssdm_op_SpecMemCore, i16 %void_UpConv_Fused_Row_ap_uint_ap_uint_const_ap_uint_const_ap_uint_const_ap_u_7, i64 666, i64 31, i64 18446744073709551615"   --->   Operation 13 'specmemcore' 'specmemcore_ln0' <Predicate = true> <Delay = 0.00>
ST_1 : Operation 14 [1/1] (0.00ns)   --->   "%specmemcore_ln0 = specmemcore void @_ssdm_op_SpecMemCore, i16 %void_UpConv_Fused_Row_ap_uint_ap_uint_const_ap_uint_const_ap_uint_const_ap_u_6, i64 666, i64 31, i64 18446744073709551615"   --->   Operation 14 'specmemcore' 'specmemcore_ln0' <Predicate = true> <Delay = 0.00>
ST_1 : Operation 15 [1/1] (0.00ns)   --->   "%specmemcore_ln0 = specmemcore void @_ssdm_op_SpecMemCore, i16 %void_UpConv_Fused_Row_ap_uint_ap_uint_const_ap_uint_const_ap_uint_const_ap_u_5, i64 666, i64 31, i64 18446744073709551615"   --->   Operation 15 'specmemcore' 'specmemcore_ln0' <Predicate = true> <Delay = 0.00>
ST_1 : Operation 16 [1/1] (0.00ns)   --->   "%specmemcore_ln0 = specmemcore void @_ssdm_op_SpecMemCore, i16 %void_UpConv_Fused_Row_ap_uint_ap_uint_const_ap_uint_const_ap_uint_const_ap_u_4, i64 666, i64 31, i64 18446744073709551615"   --->   Operation 16 'specmemcore' 'specmemcore_ln0' <Predicate = true> <Delay = 0.00>
ST_1 : Operation 17 [1/1] (0.00ns)   --->   "%specmemcore_ln0 = specmemcore void @_ssdm_op_SpecMemCore, i16 %void_UpConv_Fused_Row_ap_uint_ap_uint_const_ap_uint_const_ap_uint_const_ap_u_3, i64 666, i64 31, i64 18446744073709551615"   --->   Operation 17 'specmemcore' 'specmemcore_ln0' <Predicate = true> <Delay = 0.00>
ST_1 : Operation 18 [1/1] (0.00ns)   --->   "%specmemcore_ln0 = specmemcore void @_ssdm_op_SpecMemCore, i16 %void_UpConv_Fused_Row_ap_uint_ap_uint_const_ap_uint_const_ap_uint_const_ap_u_2, i64 666, i64 31, i64 18446744073709551615"   --->   Operation 18 'specmemcore' 'specmemcore_ln0' <Predicate = true> <Delay = 0.00>
ST_1 : Operation 19 [1/1] (0.00ns)   --->   "%specmemcore_ln0 = specmemcore void @_ssdm_op_SpecMemCore, i16 %void_UpConv_Fused_Row_ap_uint_ap_uint_const_ap_uint_const_ap_uint_const_ap_u_1, i64 666, i64 31, i64 18446744073709551615"   --->   Operation 19 'specmemcore' 'specmemcore_ln0' <Predicate = true> <Delay = 0.00>
ST_1 : Operation 20 [1/1] (0.00ns)   --->   "%specmemcore_ln0 = specmemcore void @_ssdm_op_SpecMemCore, i16 %void_UpConv_Fused_Row_ap_uint_ap_uint_const_ap_uint_const_ap_uint_const_ap_u, i64 666, i64 31, i64 18446744073709551615"   --->   Operation 20 'specmemcore' 'specmemcore_ln0' <Predicate = true> <Delay = 0.00>
ST_1 : Operation 21 [1/1] (0.00ns)   --->   "%specmemcore_ln0 = specmemcore void @_ssdm_op_SpecMemCore, i16 %void_UpConv_Fused_Row_8_ap_uint_256_ap_uint_256_const_ap_uint_256_const_ap_uint_256_const_ap_uint_256_const_ap_uint_256_decimal16_int_int_int_int_int_row_acc, i64 666, i64 31, i64 18446744073709551615"   --->   Operation 21 'specmemcore' 'specmemcore_ln0' <Predicate = true> <Delay = 0.00>
ST_1 : Operation 22 [1/1] (0.00ns)   --->   "%specmemcore_ln0 = specmemcore void @_ssdm_op_SpecMemCore, i16 %void_UpConv_Fused_Row_8_ap_uint_256_ap_uint_256_const_ap_uint_256_const_ap_uint_256_const_ap_uint_256_const_ap_uint_256_decimal16_int_int_int_int_int_row_acc_0, i64 666, i64 31, i64 18446744073709551615"   --->   Operation 22 'specmemcore' 'specmemcore_ln0' <Predicate = true> <Delay = 0.00>
ST_1 : Operation 23 [1/1] (0.00ns)   --->   "%specmemcore_ln0 = specmemcore void @_ssdm_op_SpecMemCore, i16 %void_UpConv_Fused_Row_8_ap_uint_256_ap_uint_256_const_ap_uint_256_const_ap_uint_256_const_ap_uint_256_const_ap_uint_256_decimal16_int_int_int_int_int_row_acc_1, i64 666, i64 31, i64 18446744073709551615"   --->   Operation 23 'specmemcore' 'specmemcore_ln0' <Predicate = true> <Delay = 0.00>
ST_1 : Operation 24 [1/1] (0.00ns)   --->   "%specmemcore_ln0 = specmemcore void @_ssdm_op_SpecMemCore, i16 %void_UpConv_Fused_Row_8_ap_uint_256_ap_uint_256_const_ap_uint_256_const_ap_uint_256_const_ap_uint_256_const_ap_uint_256_decimal16_int_int_int_int_int_row_acc_2, i64 666, i64 31, i64 18446744073709551615"   --->   Operation 24 'specmemcore' 'specmemcore_ln0' <Predicate = true> <Delay = 0.00>
ST_1 : Operation 25 [1/1] (0.00ns)   --->   "%specmemcore_ln0 = specmemcore void @_ssdm_op_SpecMemCore, i16 %void_UpConv_Fused_Row_8_ap_uint_256_ap_uint_256_const_ap_uint_256_const_ap_uint_256_const_ap_uint_256_const_ap_uint_256_decimal16_int_int_int_int_int_row_acc_3, i64 666, i64 31, i64 18446744073709551615"   --->   Operation 25 'specmemcore' 'specmemcore_ln0' <Predicate = true> <Delay = 0.00>
ST_1 : Operation 26 [1/1] (0.00ns)   --->   "%specmemcore_ln0 = specmemcore void @_ssdm_op_SpecMemCore, i16 %void_UpConv_Fused_Row_8_ap_uint_256_ap_uint_256_const_ap_uint_256_const_ap_uint_256_const_ap_uint_256_const_ap_uint_256_decimal16_int_int_int_int_int_row_acc_4, i64 666, i64 31, i64 18446744073709551615"   --->   Operation 26 'specmemcore' 'specmemcore_ln0' <Predicate = true> <Delay = 0.00>
ST_1 : Operation 27 [1/1] (0.42ns)   --->   "%store_ln200 = store i13 0, i13 %m" [../gen2/Hls_Layers_UpConv.tpp:200]   --->   Operation 27 'store' 'store_ln200' <Predicate = true> <Delay = 0.42>
ST_1 : Operation 28 [1/1] (0.42ns)   --->   "%store_ln199 = store i32 0, i32 %rcw" [../gen2/Hls_Layers_UpConv.tpp:199]   --->   Operation 28 'store' 'store_ln199' <Predicate = true> <Delay = 0.42>
ST_1 : Operation 29 [1/1] (0.42ns)   --->   "%store_ln199 = store i32 0, i32 %rw" [../gen2/Hls_Layers_UpConv.tpp:199]   --->   Operation 29 'store' 'store_ln199' <Predicate = true> <Delay = 0.42>
ST_1 : Operation 30 [1/1] (0.00ns)   --->   "%br_ln0 = br void %VITIS_LOOP_203_1"   --->   Operation 30 'br' 'br_ln0' <Predicate = true> <Delay = 0.00>
ST_1 : Operation 31 [1/1] (0.00ns)   --->   "%m_1 = load i13 %m" [../gen2/Hls_Layers_UpConv.tpp:200]   --->   Operation 31 'load' 'm_1' <Predicate = true> <Delay = 0.00>
ST_1 : Operation 32 [1/1] (0.82ns)   --->   "%icmp_ln200 = icmp_eq  i13 %m_1, i13 %shl_ln_read" [../gen2/Hls_Layers_UpConv.tpp:200]   --->   Operation 32 'icmp' 'icmp_ln200' <Predicate = true> <Delay = 0.82> <CoreInst = "Cmp">   --->   Core 9 'Cmp' <Latency = 0> <II = 1> <Delay = 0.82> <FuncUnit> <Opcode : 'seteq' 'setne' 'setle' 'setge' 'setlt' 'setgt'> <InPorts = 2> <OutPorts = 1>
ST_1 : Operation 33 [1/1] (0.82ns)   --->   "%m_2 = add i13 %m_1, i13 1" [../gen2/Hls_Layers_UpConv.tpp:200]   --->   Operation 33 'add' 'm_2' <Predicate = true> <Delay = 0.82> <CoreInst = "Adder">   --->   Core 1 'Adder' <Latency = 0> <II = 1> <Delay = 0.82> <FuncUnit> <Opcode : 'add' 'sub'> <InPorts = 2> <OutPorts = 1>
ST_1 : Operation 34 [1/1] (0.00ns)   --->   "%br_ln200 = br i1 %icmp_ln200, void %VITIS_LOOP_203_1.split, void %for.cond23.preheader.exitStub" [../gen2/Hls_Layers_UpConv.tpp:200]   --->   Operation 34 'br' 'br_ln200' <Predicate = true> <Delay = 0.00>
ST_1 : Operation 35 [1/1] (0.42ns)   --->   "%store_ln200 = store i13 %m_2, i13 %m" [../gen2/Hls_Layers_UpConv.tpp:200]   --->   Operation 35 'store' 'store_ln200' <Predicate = (!icmp_ln200)> <Delay = 0.42>
ST_1 : Operation 89 [1/1] (0.42ns)   --->   "%ret_ln0 = ret"   --->   Operation 89 'ret' 'ret_ln0' <Predicate = (icmp_ln200)> <Delay = 0.42>

State 2 <SV = 1> <Delay = 2.06>
ST_2 : Operation 36 [1/1] (0.00ns)   --->   "%rw_load = load i32 %rw" [../gen2/Hls_Layers_UpConv.tpp:205]   --->   Operation 36 'load' 'rw_load' <Predicate = true> <Delay = 0.00>
ST_2 : Operation 37 [1/1] (0.00ns)   --->   "%rcw_load = load i32 %rcw" [../gen2/Hls_Layers_UpConv.tpp:200]   --->   Operation 37 'load' 'rcw_load' <Predicate = true> <Delay = 0.00>
ST_2 : Operation 38 [1/1] (0.00ns)   --->   "%trunc_ln200 = trunc i32 %rcw_load" [../gen2/Hls_Layers_UpConv.tpp:200]   --->   Operation 38 'trunc' 'trunc_ln200' <Predicate = true> <Delay = 0.00>
ST_2 : Operation 39 [1/1] (0.00ns)   --->   "%specpipeline_ln201 = specpipeline void @_ssdm_op_SpecPipeline, i32 1, i32 0, i32 0, i32 0, void @empty_80" [../gen2/Hls_Layers_UpConv.tpp:201]   --->   Operation 39 'specpipeline' 'specpipeline_ln201' <Predicate = true> <Delay = 0.00>
ST_2 : Operation 40 [1/1] (0.00ns)   --->   "%speclooptripcount_ln202 = speclooptripcount void @_ssdm_op_SpecLoopTripCount, i64 128, i64 1024, i64 420" [../gen2/Hls_Layers_UpConv.tpp:202]   --->   Operation 40 'speclooptripcount' 'speclooptripcount_ln202' <Predicate = true> <Delay = 0.00>
ST_2 : Operation 41 [1/1] (0.00ns)   --->   "%specloopname_ln200 = specloopname void @_ssdm_op_SpecLoopName, void @empty_22" [../gen2/Hls_Layers_UpConv.tpp:200]   --->   Operation 41 'specloopname' 'specloopname_ln200' <Predicate = true> <Delay = 0.00>
ST_2 : Operation 42 [1/1] (0.00ns)   --->   "%trunc_ln205 = trunc i32 %rw_load" [../gen2/Hls_Layers_UpConv.tpp:205]   --->   Operation 42 'trunc' 'trunc_ln205' <Predicate = true> <Delay = 0.00>
ST_2 : Operation 43 [1/1] (0.00ns)   --->   "%p_shl = bitconcatenate i13 @_ssdm_op_BitConcatenate.i13.i8.i5, i8 %trunc_ln205, i5 0" [../gen2/Hls_Layers_UpConv.tpp:205]   --->   Operation 43 'bitconcatenate' 'p_shl' <Predicate = true> <Delay = 0.00>
ST_2 : Operation 44 [1/1] (0.00ns)   --->   "%trunc_ln205_1 = trunc i32 %rw_load" [../gen2/Hls_Layers_UpConv.tpp:205]   --->   Operation 44 'trunc' 'trunc_ln205_1' <Predicate = true> <Delay = 0.00>
ST_2 : Operation 45 [1/1] (0.00ns)   --->   "%p_shl8 = bitconcatenate i13 @_ssdm_op_BitConcatenate.i13.i12.i1, i12 %trunc_ln205_1, i1 0" [../gen2/Hls_Layers_UpConv.tpp:205]   --->   Operation 45 'bitconcatenate' 'p_shl8' <Predicate = true> <Delay = 0.00>
ST_2 : Operation 46 [1/1] (0.00ns) (grouped into TernaryAdder)   --->   "%sub_ln205 = sub i13 %p_shl, i13 %p_shl8" [../gen2/Hls_Layers_UpConv.tpp:205]   --->   Operation 46 'sub' 'sub_ln205' <Predicate = true> <Delay = 0.00> <CoreInst = "TAddSub">   --->   Core 10 'TAddSub' <Latency = 0> <II = 1> <Delay = 0.41> <IPBlock> <Opcode : '' 'add' 'sub'> <InPorts = 3> <OutPorts = 1> <Sync> <CReg>
ST_2 : Operation 47 [1/1] (0.82ns) (root node of TernaryAdder)   --->   "%add_ln205 = add i13 %sub_ln205, i13 %trunc_ln200" [../gen2/Hls_Layers_UpConv.tpp:205]   --->   Operation 47 'add' 'add_ln205' <Predicate = true> <Delay = 0.82> <CoreInst = "TAddSub">   --->   Core 10 'TAddSub' <Latency = 0> <II = 1> <Delay = 0.41> <IPBlock> <Opcode : '' 'add' 'sub'> <InPorts = 3> <OutPorts = 1> <Sync> <CReg>
ST_2 : Operation 48 [1/1] (0.00ns)   --->   "%zext_ln205 = zext i13 %add_ln205" [../gen2/Hls_Layers_UpConv.tpp:205]   --->   Operation 48 'zext' 'zext_ln205' <Predicate = true> <Delay = 0.00>
ST_2 : Operation 49 [1/1] (0.00ns)   --->   "%void_UpConv_Fused_Row_8_ap_uint_256_ap_uint_256_const_ap_uint_256_const_ap_uint_256_const_ap_uint_256_const_ap_uint_256_decimal16_int_int_int_int_int_row_acc = getelementptr i16 %void_UpConv_Fused_Row_8_ap_uint_256_ap_uint_256_const_ap_uint_256_const_ap_uint_256_const_ap_uint_256_const_ap_uint_256_decimal16_int_int_int_int_int_row_acc, i64 0, i64 %zext_ln205" [../gen2/Hls_Layers_UpConv.tpp:205]   --->   Operation 49 'getelementptr' 'void_UpConv_Fused_Row_8_ap_uint_256_ap_uint_256_const_ap_uint_256_const_ap_uint_256_const_ap_uint_256_const_ap_uint_256_decimal16_int_int_int_int_int_row_acc' <Predicate = true> <Delay = 0.00>
ST_2 : Operation 50 [1/1] (0.00ns)   --->   "%void_UpConv_Fused_Row_8_ap_uint_256_ap_uint_256_const_ap_uint_256_const_ap_uint_256_const_ap_uint_256_const_ap_uint_256_decimal16_int_int_int_int_int_row_acc_394 = getelementptr i16 %void_UpConv_Fused_Row_8_ap_uint_256_ap_uint_256_const_ap_uint_256_const_ap_uint_256_const_ap_uint_256_const_ap_uint_256_decimal16_int_int_int_int_int_row_acc_0, i64 0, i64 %zext_ln205" [../gen2/Hls_Layers_UpConv.tpp:205]   --->   Operation 50 'getelementptr' 'void_UpConv_Fused_Row_8_ap_uint_256_ap_uint_256_const_ap_uint_256_const_ap_uint_256_const_ap_uint_256_const_ap_uint_256_decimal16_int_int_int_int_int_row_acc_394' <Predicate = true> <Delay = 0.00>
ST_2 : Operation 51 [1/1] (0.00ns)   --->   "%void_UpConv_Fused_Row_8_ap_uint_256_ap_uint_256_const_ap_uint_256_const_ap_uint_256_const_ap_uint_256_const_ap_uint_256_decimal16_int_int_int_int_int_row_acc_395 = getelementptr i16 %void_UpConv_Fused_Row_8_ap_uint_256_ap_uint_256_const_ap_uint_256_const_ap_uint_256_const_ap_uint_256_const_ap_uint_256_decimal16_int_int_int_int_int_row_acc_1, i64 0, i64 %zext_ln205" [../gen2/Hls_Layers_UpConv.tpp:205]   --->   Operation 51 'getelementptr' 'void_UpConv_Fused_Row_8_ap_uint_256_ap_uint_256_const_ap_uint_256_const_ap_uint_256_const_ap_uint_256_const_ap_uint_256_decimal16_int_int_int_int_int_row_acc_395' <Predicate = true> <Delay = 0.00>
ST_2 : Operation 52 [1/1] (0.00ns)   --->   "%void_UpConv_Fused_Row_8_ap_uint_256_ap_uint_256_const_ap_uint_256_const_ap_uint_256_const_ap_uint_256_const_ap_uint_256_decimal16_int_int_int_int_int_row_acc_396 = getelementptr i16 %void_UpConv_Fused_Row_8_ap_uint_256_ap_uint_256_const_ap_uint_256_const_ap_uint_256_const_ap_uint_256_const_ap_uint_256_decimal16_int_int_int_int_int_row_acc_2, i64 0, i64 %zext_ln205" [../gen2/Hls_Layers_UpConv.tpp:205]   --->   Operation 52 'getelementptr' 'void_UpConv_Fused_Row_8_ap_uint_256_ap_uint_256_const_ap_uint_256_const_ap_uint_256_const_ap_uint_256_const_ap_uint_256_decimal16_int_int_int_int_int_row_acc_396' <Predicate = true> <Delay = 0.00>
ST_2 : Operation 53 [1/1] (0.00ns)   --->   "%void_UpConv_Fused_Row_8_ap_uint_256_ap_uint_256_const_ap_uint_256_const_ap_uint_256_const_ap_uint_256_const_ap_uint_256_decimal16_int_int_int_int_int_row_acc_397 = getelementptr i16 %void_UpConv_Fused_Row_8_ap_uint_256_ap_uint_256_const_ap_uint_256_const_ap_uint_256_const_ap_uint_256_const_ap_uint_256_decimal16_int_int_int_int_int_row_acc_3, i64 0, i64 %zext_ln205" [../gen2/Hls_Layers_UpConv.tpp:205]   --->   Operation 53 'getelementptr' 'void_UpConv_Fused_Row_8_ap_uint_256_ap_uint_256_const_ap_uint_256_const_ap_uint_256_const_ap_uint_256_const_ap_uint_256_decimal16_int_int_int_int_int_row_acc_397' <Predicate = true> <Delay = 0.00>
ST_2 : Operation 54 [1/1] (0.00ns)   --->   "%void_UpConv_Fused_Row_8_ap_uint_256_ap_uint_256_const_ap_uint_256_const_ap_uint_256_const_ap_uint_256_const_ap_uint_256_decimal16_int_int_int_int_int_row_acc_398 = getelementptr i16 %void_UpConv_Fused_Row_8_ap_uint_256_ap_uint_256_const_ap_uint_256_const_ap_uint_256_const_ap_uint_256_const_ap_uint_256_decimal16_int_int_int_int_int_row_acc_4, i64 0, i64 %zext_ln205" [../gen2/Hls_Layers_UpConv.tpp:205]   --->   Operation 54 'getelementptr' 'void_UpConv_Fused_Row_8_ap_uint_256_ap_uint_256_const_ap_uint_256_const_ap_uint_256_const_ap_uint_256_const_ap_uint_256_decimal16_int_int_int_int_int_row_acc_398' <Predicate = true> <Delay = 0.00>
ST_2 : Operation 55 [1/1] (0.00ns)   --->   "%void_UpConv_Fused_Row_ap_uint_ap_uint_const_ap_uint_const_ap_uint_const_ap_u_30 = getelementptr i16 %void_UpConv_Fused_Row_ap_uint_ap_uint_const_ap_uint_const_ap_uint_const_ap_u_9, i64 0, i64 %zext_ln205" [../gen2/Hls_Layers_UpConv.tpp:205]   --->   Operation 55 'getelementptr' 'void_UpConv_Fused_Row_ap_uint_ap_uint_const_ap_uint_const_ap_uint_const_ap_u_30' <Predicate = true> <Delay = 0.00>
ST_2 : Operation 56 [1/1] (0.00ns)   --->   "%void_UpConv_Fused_Row_ap_uint_ap_uint_const_ap_uint_const_ap_uint_const_ap_u_31 = getelementptr i16 %void_UpConv_Fused_Row_ap_uint_ap_uint_const_ap_uint_const_ap_uint_const_ap_u_8, i64 0, i64 %zext_ln205" [../gen2/Hls_Layers_UpConv.tpp:205]   --->   Operation 56 'getelementptr' 'void_UpConv_Fused_Row_ap_uint_ap_uint_const_ap_uint_const_ap_uint_const_ap_u_31' <Predicate = true> <Delay = 0.00>
ST_2 : Operation 57 [1/1] (0.00ns)   --->   "%void_UpConv_Fused_Row_ap_uint_ap_uint_const_ap_uint_const_ap_uint_const_ap_u_32 = getelementptr i16 %void_UpConv_Fused_Row_ap_uint_ap_uint_const_ap_uint_const_ap_uint_const_ap_u_7, i64 0, i64 %zext_ln205" [../gen2/Hls_Layers_UpConv.tpp:205]   --->   Operation 57 'getelementptr' 'void_UpConv_Fused_Row_ap_uint_ap_uint_const_ap_uint_const_ap_uint_const_ap_u_32' <Predicate = true> <Delay = 0.00>
ST_2 : Operation 58 [1/1] (0.00ns)   --->   "%void_UpConv_Fused_Row_ap_uint_ap_uint_const_ap_uint_const_ap_uint_const_ap_u_33 = getelementptr i16 %void_UpConv_Fused_Row_ap_uint_ap_uint_const_ap_uint_const_ap_uint_const_ap_u_6, i64 0, i64 %zext_ln205" [../gen2/Hls_Layers_UpConv.tpp:205]   --->   Operation 58 'getelementptr' 'void_UpConv_Fused_Row_ap_uint_ap_uint_const_ap_uint_const_ap_uint_const_ap_u_33' <Predicate = true> <Delay = 0.00>
ST_2 : Operation 59 [1/1] (0.00ns)   --->   "%void_UpConv_Fused_Row_ap_uint_ap_uint_const_ap_uint_const_ap_uint_const_ap_u_34 = getelementptr i16 %void_UpConv_Fused_Row_ap_uint_ap_uint_const_ap_uint_const_ap_uint_const_ap_u_5, i64 0, i64 %zext_ln205" [../gen2/Hls_Layers_UpConv.tpp:205]   --->   Operation 59 'getelementptr' 'void_UpConv_Fused_Row_ap_uint_ap_uint_const_ap_uint_const_ap_uint_const_ap_u_34' <Predicate = true> <Delay = 0.00>
ST_2 : Operation 60 [1/1] (0.00ns)   --->   "%void_UpConv_Fused_Row_ap_uint_ap_uint_const_ap_uint_const_ap_uint_const_ap_u_35 = getelementptr i16 %void_UpConv_Fused_Row_ap_uint_ap_uint_const_ap_uint_const_ap_uint_const_ap_u_4, i64 0, i64 %zext_ln205" [../gen2/Hls_Layers_UpConv.tpp:205]   --->   Operation 60 'getelementptr' 'void_UpConv_Fused_Row_ap_uint_ap_uint_const_ap_uint_const_ap_uint_const_ap_u_35' <Predicate = true> <Delay = 0.00>
ST_2 : Operation 61 [1/1] (0.00ns)   --->   "%void_UpConv_Fused_Row_ap_uint_ap_uint_const_ap_uint_const_ap_uint_const_ap_u_36 = getelementptr i16 %void_UpConv_Fused_Row_ap_uint_ap_uint_const_ap_uint_const_ap_uint_const_ap_u_3, i64 0, i64 %zext_ln205" [../gen2/Hls_Layers_UpConv.tpp:205]   --->   Operation 61 'getelementptr' 'void_UpConv_Fused_Row_ap_uint_ap_uint_const_ap_uint_const_ap_uint_const_ap_u_36' <Predicate = true> <Delay = 0.00>
ST_2 : Operation 62 [1/1] (0.00ns)   --->   "%void_UpConv_Fused_Row_ap_uint_ap_uint_const_ap_uint_const_ap_uint_const_ap_u_37 = getelementptr i16 %void_UpConv_Fused_Row_ap_uint_ap_uint_const_ap_uint_const_ap_uint_const_ap_u_2, i64 0, i64 %zext_ln205" [../gen2/Hls_Layers_UpConv.tpp:205]   --->   Operation 62 'getelementptr' 'void_UpConv_Fused_Row_ap_uint_ap_uint_const_ap_uint_const_ap_uint_const_ap_u_37' <Predicate = true> <Delay = 0.00>
ST_2 : Operation 63 [1/1] (0.00ns)   --->   "%void_UpConv_Fused_Row_ap_uint_ap_uint_const_ap_uint_const_ap_uint_const_ap_u_38 = getelementptr i16 %void_UpConv_Fused_Row_ap_uint_ap_uint_const_ap_uint_const_ap_uint_const_ap_u_1, i64 0, i64 %zext_ln205" [../gen2/Hls_Layers_UpConv.tpp:205]   --->   Operation 63 'getelementptr' 'void_UpConv_Fused_Row_ap_uint_ap_uint_const_ap_uint_const_ap_uint_const_ap_u_38' <Predicate = true> <Delay = 0.00>
ST_2 : Operation 64 [1/1] (0.00ns)   --->   "%void_UpConv_Fused_Row_ap_uint_ap_uint_const_ap_uint_const_ap_uint_const_ap_u_39 = getelementptr i16 %void_UpConv_Fused_Row_ap_uint_ap_uint_const_ap_uint_const_ap_uint_const_ap_u, i64 0, i64 %zext_ln205" [../gen2/Hls_Layers_UpConv.tpp:205]   --->   Operation 64 'getelementptr' 'void_UpConv_Fused_Row_ap_uint_ap_uint_const_ap_uint_const_ap_uint_const_ap_u_39' <Predicate = true> <Delay = 0.00>
ST_2 : Operation 65 [1/1] ( I:1.23ns O:1.23ns )   --->   "%store_ln205 = store i16 0, i13 %void_UpConv_Fused_Row_ap_uint_ap_uint_const_ap_uint_const_ap_uint_const_ap_u_30" [../gen2/Hls_Layers_UpConv.tpp:205]   --->   Operation 65 'store' 'store_ln205' <Predicate = true> <Delay = 1.23> <CoreInst = "RAM_T2P_URAM">   --->   Core 99 'RAM_T2P_URAM' <Latency = 1> <II = 1> <Delay = 1.23> <Storage> <Opcode : 'load' 'store'> <Ports = 2> <Width = 16> <Depth = 7680> <RAM>
ST_2 : Operation 66 [1/1] ( I:1.23ns O:1.23ns )   --->   "%store_ln205 = store i16 0, i13 %void_UpConv_Fused_Row_ap_uint_ap_uint_const_ap_uint_const_ap_uint_const_ap_u_31" [../gen2/Hls_Layers_UpConv.tpp:205]   --->   Operation 66 'store' 'store_ln205' <Predicate = true> <Delay = 1.23> <CoreInst = "RAM_T2P_URAM">   --->   Core 99 'RAM_T2P_URAM' <Latency = 1> <II = 1> <Delay = 1.23> <Storage> <Opcode : 'load' 'store'> <Ports = 2> <Width = 16> <Depth = 7680> <RAM>
ST_2 : Operation 67 [1/1] ( I:1.23ns O:1.23ns )   --->   "%store_ln205 = store i16 0, i13 %void_UpConv_Fused_Row_ap_uint_ap_uint_const_ap_uint_const_ap_uint_const_ap_u_32" [../gen2/Hls_Layers_UpConv.tpp:205]   --->   Operation 67 'store' 'store_ln205' <Predicate = true> <Delay = 1.23> <CoreInst = "RAM_T2P_URAM">   --->   Core 99 'RAM_T2P_URAM' <Latency = 1> <II = 1> <Delay = 1.23> <Storage> <Opcode : 'load' 'store'> <Ports = 2> <Width = 16> <Depth = 7680> <RAM>
ST_2 : Operation 68 [1/1] ( I:1.23ns O:1.23ns )   --->   "%store_ln205 = store i16 0, i13 %void_UpConv_Fused_Row_ap_uint_ap_uint_const_ap_uint_const_ap_uint_const_ap_u_33" [../gen2/Hls_Layers_UpConv.tpp:205]   --->   Operation 68 'store' 'store_ln205' <Predicate = true> <Delay = 1.23> <CoreInst = "RAM_T2P_URAM">   --->   Core 99 'RAM_T2P_URAM' <Latency = 1> <II = 1> <Delay = 1.23> <Storage> <Opcode : 'load' 'store'> <Ports = 2> <Width = 16> <Depth = 7680> <RAM>
ST_2 : Operation 69 [1/1] ( I:1.23ns O:1.23ns )   --->   "%store_ln205 = store i16 0, i13 %void_UpConv_Fused_Row_ap_uint_ap_uint_const_ap_uint_const_ap_uint_const_ap_u_34" [../gen2/Hls_Layers_UpConv.tpp:205]   --->   Operation 69 'store' 'store_ln205' <Predicate = true> <Delay = 1.23> <CoreInst = "RAM_T2P_URAM">   --->   Core 99 'RAM_T2P_URAM' <Latency = 1> <II = 1> <Delay = 1.23> <Storage> <Opcode : 'load' 'store'> <Ports = 2> <Width = 16> <Depth = 7680> <RAM>
ST_2 : Operation 70 [1/1] ( I:1.23ns O:1.23ns )   --->   "%store_ln205 = store i16 0, i13 %void_UpConv_Fused_Row_ap_uint_ap_uint_const_ap_uint_const_ap_uint_const_ap_u_35" [../gen2/Hls_Layers_UpConv.tpp:205]   --->   Operation 70 'store' 'store_ln205' <Predicate = true> <Delay = 1.23> <CoreInst = "RAM_T2P_URAM">   --->   Core 99 'RAM_T2P_URAM' <Latency = 1> <II = 1> <Delay = 1.23> <Storage> <Opcode : 'load' 'store'> <Ports = 2> <Width = 16> <Depth = 7680> <RAM>
ST_2 : Operation 71 [1/1] ( I:1.23ns O:1.23ns )   --->   "%store_ln205 = store i16 0, i13 %void_UpConv_Fused_Row_ap_uint_ap_uint_const_ap_uint_const_ap_uint_const_ap_u_36" [../gen2/Hls_Layers_UpConv.tpp:205]   --->   Operation 71 'store' 'store_ln205' <Predicate = true> <Delay = 1.23> <CoreInst = "RAM_T2P_URAM">   --->   Core 99 'RAM_T2P_URAM' <Latency = 1> <II = 1> <Delay = 1.23> <Storage> <Opcode : 'load' 'store'> <Ports = 2> <Width = 16> <Depth = 7680> <RAM>
ST_2 : Operation 72 [1/1] ( I:1.23ns O:1.23ns )   --->   "%store_ln205 = store i16 0, i13 %void_UpConv_Fused_Row_ap_uint_ap_uint_const_ap_uint_const_ap_uint_const_ap_u_37" [../gen2/Hls_Layers_UpConv.tpp:205]   --->   Operation 72 'store' 'store_ln205' <Predicate = true> <Delay = 1.23> <CoreInst = "RAM_T2P_URAM">   --->   Core 99 'RAM_T2P_URAM' <Latency = 1> <II = 1> <Delay = 1.23> <Storage> <Opcode : 'load' 'store'> <Ports = 2> <Width = 16> <Depth = 7680> <RAM>
ST_2 : Operation 73 [1/1] ( I:1.23ns O:1.23ns )   --->   "%store_ln205 = store i16 0, i13 %void_UpConv_Fused_Row_ap_uint_ap_uint_const_ap_uint_const_ap_uint_const_ap_u_38" [../gen2/Hls_Layers_UpConv.tpp:205]   --->   Operation 73 'store' 'store_ln205' <Predicate = true> <Delay = 1.23> <CoreInst = "RAM_T2P_URAM">   --->   Core 99 'RAM_T2P_URAM' <Latency = 1> <II = 1> <Delay = 1.23> <Storage> <Opcode : 'load' 'store'> <Ports = 2> <Width = 16> <Depth = 7680> <RAM>
ST_2 : Operation 74 [1/1] ( I:1.23ns O:1.23ns )   --->   "%store_ln205 = store i16 0, i13 %void_UpConv_Fused_Row_ap_uint_ap_uint_const_ap_uint_const_ap_uint_const_ap_u_39" [../gen2/Hls_Layers_UpConv.tpp:205]   --->   Operation 74 'store' 'store_ln205' <Predicate = true> <Delay = 1.23> <CoreInst = "RAM_T2P_URAM">   --->   Core 99 'RAM_T2P_URAM' <Latency = 1> <II = 1> <Delay = 1.23> <Storage> <Opcode : 'load' 'store'> <Ports = 2> <Width = 16> <Depth = 7680> <RAM>
ST_2 : Operation 75 [1/1] ( I:1.23ns O:1.23ns )   --->   "%store_ln205 = store i16 0, i13 %void_UpConv_Fused_Row_8_ap_uint_256_ap_uint_256_const_ap_uint_256_const_ap_uint_256_const_ap_uint_256_const_ap_uint_256_decimal16_int_int_int_int_int_row_acc" [../gen2/Hls_Layers_UpConv.tpp:205]   --->   Operation 75 'store' 'store_ln205' <Predicate = true> <Delay = 1.23> <CoreInst = "RAM_T2P_URAM">   --->   Core 99 'RAM_T2P_URAM' <Latency = 1> <II = 1> <Delay = 1.23> <Storage> <Opcode : 'load' 'store'> <Ports = 2> <Width = 16> <Depth = 7680> <RAM>
ST_2 : Operation 76 [1/1] ( I:1.23ns O:1.23ns )   --->   "%store_ln205 = store i16 0, i13 %void_UpConv_Fused_Row_8_ap_uint_256_ap_uint_256_const_ap_uint_256_const_ap_uint_256_const_ap_uint_256_const_ap_uint_256_decimal16_int_int_int_int_int_row_acc_394" [../gen2/Hls_Layers_UpConv.tpp:205]   --->   Operation 76 'store' 'store_ln205' <Predicate = true> <Delay = 1.23> <CoreInst = "RAM_T2P_URAM">   --->   Core 99 'RAM_T2P_URAM' <Latency = 1> <II = 1> <Delay = 1.23> <Storage> <Opcode : 'load' 'store'> <Ports = 2> <Width = 16> <Depth = 7680> <RAM>
ST_2 : Operation 77 [1/1] ( I:1.23ns O:1.23ns )   --->   "%store_ln205 = store i16 0, i13 %void_UpConv_Fused_Row_8_ap_uint_256_ap_uint_256_const_ap_uint_256_const_ap_uint_256_const_ap_uint_256_const_ap_uint_256_decimal16_int_int_int_int_int_row_acc_395" [../gen2/Hls_Layers_UpConv.tpp:205]   --->   Operation 77 'store' 'store_ln205' <Predicate = true> <Delay = 1.23> <CoreInst = "RAM_T2P_URAM">   --->   Core 99 'RAM_T2P_URAM' <Latency = 1> <II = 1> <Delay = 1.23> <Storage> <Opcode : 'load' 'store'> <Ports = 2> <Width = 16> <Depth = 7680> <RAM>
ST_2 : Operation 78 [1/1] ( I:1.23ns O:1.23ns )   --->   "%store_ln205 = store i16 0, i13 %void_UpConv_Fused_Row_8_ap_uint_256_ap_uint_256_const_ap_uint_256_const_ap_uint_256_const_ap_uint_256_const_ap_uint_256_decimal16_int_int_int_int_int_row_acc_396" [../gen2/Hls_Layers_UpConv.tpp:205]   --->   Operation 78 'store' 'store_ln205' <Predicate = true> <Delay = 1.23> <CoreInst = "RAM_T2P_URAM">   --->   Core 99 'RAM_T2P_URAM' <Latency = 1> <II = 1> <Delay = 1.23> <Storage> <Opcode : 'load' 'store'> <Ports = 2> <Width = 16> <Depth = 7680> <RAM>
ST_2 : Operation 79 [1/1] ( I:1.23ns O:1.23ns )   --->   "%store_ln205 = store i16 0, i13 %void_UpConv_Fused_Row_8_ap_uint_256_ap_uint_256_const_ap_uint_256_const_ap_uint_256_const_ap_uint_256_const_ap_uint_256_decimal16_int_int_int_int_int_row_acc_397" [../gen2/Hls_Layers_UpConv.tpp:205]   --->   Operation 79 'store' 'store_ln205' <Predicate = true> <Delay = 1.23> <CoreInst = "RAM_T2P_URAM">   --->   Core 99 'RAM_T2P_URAM' <Latency = 1> <II = 1> <Delay = 1.23> <Storage> <Opcode : 'load' 'store'> <Ports = 2> <Width = 16> <Depth = 7680> <RAM>
ST_2 : Operation 80 [1/1] ( I:1.23ns O:1.23ns )   --->   "%store_ln205 = store i16 0, i13 %void_UpConv_Fused_Row_8_ap_uint_256_ap_uint_256_const_ap_uint_256_const_ap_uint_256_const_ap_uint_256_const_ap_uint_256_decimal16_int_int_int_int_int_row_acc_398" [../gen2/Hls_Layers_UpConv.tpp:205]   --->   Operation 80 'store' 'store_ln205' <Predicate = true> <Delay = 1.23> <CoreInst = "RAM_T2P_URAM">   --->   Core 99 'RAM_T2P_URAM' <Latency = 1> <II = 1> <Delay = 1.23> <Storage> <Opcode : 'load' 'store'> <Ports = 2> <Width = 16> <Depth = 7680> <RAM>
ST_2 : Operation 81 [1/1] (1.01ns)   --->   "%icmp_ln207 = icmp_eq  i32 %rcw_load, i32 %sub16_cast_cast" [../gen2/Hls_Layers_UpConv.tpp:207]   --->   Operation 81 'icmp' 'icmp_ln207' <Predicate = true> <Delay = 1.01> <CoreInst = "Cmp">   --->   Core 9 'Cmp' <Latency = 0> <II = 1> <Delay = 1.01> <FuncUnit> <Opcode : 'seteq' 'setne' 'setle' 'setge' 'setlt' 'setgt'> <InPorts = 2> <OutPorts = 1>
ST_2 : Operation 82 [1/1] (1.01ns)   --->   "%rw_1 = add i32 %rw_load, i32 1" [../gen2/Hls_Layers_UpConv.tpp:207]   --->   Operation 82 'add' 'rw_1' <Predicate = true> <Delay = 1.01> <CoreInst = "Adder">   --->   Core 1 'Adder' <Latency = 0> <II = 1> <Delay = 1.01> <FuncUnit> <Opcode : 'add' 'sub'> <InPorts = 2> <OutPorts = 1>
ST_2 : Operation 83 [1/1] (1.01ns)   --->   "%rcw_1 = add i32 %rcw_load, i32 1" [../gen2/Hls_Layers_UpConv.tpp:207]   --->   Operation 83 'add' 'rcw_1' <Predicate = true> <Delay = 1.01> <CoreInst = "Adder">   --->   Core 1 'Adder' <Latency = 0> <II = 1> <Delay = 1.01> <FuncUnit> <Opcode : 'add' 'sub'> <InPorts = 2> <OutPorts = 1>
ST_2 : Operation 84 [1/1] (0.44ns)   --->   "%rw_2 = select i1 %icmp_ln207, i32 %rw_1, i32 %rw_load" [../gen2/Hls_Layers_UpConv.tpp:207]   --->   Operation 84 'select' 'rw_2' <Predicate = true> <Delay = 0.44> <CoreInst = "Sel">   --->   Core 73 'Sel' <Latency = 0> <II = 1> <Delay = 0.44> <FuncUnit> <Opcode : 'select'> <InPorts = 3> <OutPorts = 1>
ST_2 : Operation 85 [1/1] (0.44ns)   --->   "%rcw_2 = select i1 %icmp_ln207, i32 0, i32 %rcw_1" [../gen2/Hls_Layers_UpConv.tpp:207]   --->   Operation 85 'select' 'rcw_2' <Predicate = true> <Delay = 0.44> <CoreInst = "Sel">   --->   Core 73 'Sel' <Latency = 0> <II = 1> <Delay = 0.44> <FuncUnit> <Opcode : 'select'> <InPorts = 3> <OutPorts = 1>
ST_2 : Operation 86 [1/1] (0.42ns)   --->   "%store_ln199 = store i32 %rcw_2, i32 %rcw" [../gen2/Hls_Layers_UpConv.tpp:199]   --->   Operation 86 'store' 'store_ln199' <Predicate = true> <Delay = 0.42>
ST_2 : Operation 87 [1/1] (0.42ns)   --->   "%store_ln199 = store i32 %rw_2, i32 %rw" [../gen2/Hls_Layers_UpConv.tpp:199]   --->   Operation 87 'store' 'store_ln199' <Predicate = true> <Delay = 0.42>
ST_2 : Operation 88 [1/1] (0.00ns)   --->   "%br_ln200 = br void %VITIS_LOOP_203_1" [../gen2/Hls_Layers_UpConv.tpp:200]   --->   Operation 88 'br' 'br_ln200' <Predicate = true> <Delay = 0.00>


============================================================
+ Verbose Summary: Timing violations
============================================================
Target clock period: 3.333ns, clock uncertainty: 0.900ns.

 <State 1>: 1.674ns
The critical path consists of the following:
	'store' operation 0 bit ('store_ln200', ../gen2/Hls_Layers_UpConv.tpp:200) of constant 0 on local variable 'm', ../gen2/Hls_Layers_UpConv.tpp:200 [41]  (0.427 ns)
	'load' operation 13 bit ('m', ../gen2/Hls_Layers_UpConv.tpp:200) on local variable 'm', ../gen2/Hls_Layers_UpConv.tpp:200 [46]  (0.000 ns)
	'icmp' operation 1 bit ('icmp_ln200', ../gen2/Hls_Layers_UpConv.tpp:200) [47]  (0.820 ns)
	'store' operation 0 bit ('store_ln200', ../gen2/Hls_Layers_UpConv.tpp:200) of variable 'm', ../gen2/Hls_Layers_UpConv.tpp:200 on local variable 'm', ../gen2/Hls_Layers_UpConv.tpp:200 [101]  (0.427 ns)

 <State 2>: 2.061ns
The critical path consists of the following:
	'load' operation 32 bit ('rw_load', ../gen2/Hls_Layers_UpConv.tpp:205) on local variable 'rw', ../gen2/Hls_Layers_UpConv.tpp:199 [51]  (0.000 ns)
	'sub' operation 13 bit ('sub_ln205', ../gen2/Hls_Layers_UpConv.tpp:205) [61]  (0.000 ns)
	'add' operation 13 bit ('add_ln205', ../gen2/Hls_Layers_UpConv.tpp:205) [62]  (0.824 ns)
	'getelementptr' operation 13 bit ('void_UpConv_Fused_Row_ap_uint_ap_uint_const_ap_uint_const_ap_uint_const_ap_u_30', ../gen2/Hls_Layers_UpConv.tpp:205) [70]  (0.000 ns)
	'store' operation 0 bit ('store_ln205', ../gen2/Hls_Layers_UpConv.tpp:205) of constant 0 on array 'void_UpConv_Fused_Row_ap_uint_ap_uint_const_ap_uint_const_ap_uint_const_ap_u_9' [80]  (1.237 ns)


============================================================
+ Verbose Summary: Binding
============================================================
N/A
* FSMD analyzer results:
  - Output states:
 - Input state : 
  - Chain level:
	State 1
	State 2


============================================================
+ Verbose Summary: Datapath Resource usage 
============================================================
N/A
