/home/hoinguyen/Documents/Vitis/UpConv_HLS/upconv_core/upconv_core_top/hls/.autopilot/db/upconv_core_top.pp.0.cpp:2262:5: warning: Added loop label VITIS_LOOP_676_1:   [xilinx-label-all-loops]
    for (unsigned i = low; i != high+1; ++i) {
    ^~~
    VITIS_LOOP_676_1: 
/home/hoinguyen/Documents/Vitis/UpConv_HLS/upconv_core/upconv_core_top/hls/.autopilot/db/upconv_core_top.pp.0.cpp:2262:5: note: FIX-IT applied suggested code changes
/home/hoinguyen/Documents/Vitis/UpConv_HLS/upconv_core/upconv_core_top/hls/.autopilot/db/upconv_core_top.pp.0.cpp:2276:5: warning: Added loop label VITIS_LOOP_690_1:   [xilinx-label-all-loops]
    for (unsigned i = low; i != high+1; ++i) {
    ^~~
    VITIS_LOOP_690_1: 
/home/hoinguyen/Documents/Vitis/UpConv_HLS/upconv_core/upconv_core_top/hls/.autopilot/db/upconv_core_top.pp.0.cpp:2276:5: note: FIX-IT applied suggested code changes
/home/hoinguyen/Documents/Vitis/UpConv_HLS/upconv_core/upconv_core_top/hls/.autopilot/db/upconv_core_top.pp.0.cpp:2290:5: warning: Added loop label VITIS_LOOP_704_1:   [xilinx-label-all-loops]
    for (unsigned i = low; i != high+1; ++i) {
    ^~~
    VITIS_LOOP_704_1: 
/home/hoinguyen/Documents/Vitis/UpConv_HLS/upconv_core/upconv_core_top/hls/.autopilot/db/upconv_core_top.pp.0.cpp:2290:5: note: FIX-IT applied suggested code changes
/home/hoinguyen/Documents/Vitis/UpConv_HLS/upconv_core/upconv_core_top/hls/.autopilot/db/upconv_core_top.pp.0.cpp:3924:7: warning: Added loop label VITIS_LOOP_1248_1:   [xilinx-label-all-loops]
      for (i = 0; i < __N - 1; ++i) {
      ^~~
      VITIS_LOOP_1248_1: 
/home/hoinguyen/Documents/Vitis/UpConv_HLS/upconv_core/upconv_core_top/hls/.autopilot/db/upconv_core_top.pp.0.cpp:3924:7: note: FIX-IT applied suggested code changes
/home/hoinguyen/Documents/Vitis/UpConv_HLS/upconv_core/upconv_core_top/hls/.autopilot/db/upconv_core_top.pp.0.cpp:15777:72: error: Invalid Directive: for current device, ROM_1P + LUTRAM is invalid combination for BIND_STORAGE's option 'type + impl' [clang-diagnostic-error]
#pragma HLS BIND_STORAGE variable=fourth_order_double::sin_cos_K0 type=ROM_1P impl=LUTRAM
                                                                       ^
/home/hoinguyen/Documents/Vitis/UpConv_HLS/upconv_core/upconv_core_top/hls/.autopilot/db/upconv_core_top.pp.0.cpp:15778:72: error: Invalid Directive: for current device, ROM_1P + LUTRAM is invalid combination for BIND_STORAGE's option 'type + impl' [clang-diagnostic-error]
#pragma HLS BIND_STORAGE variable=fourth_order_double::sin_cos_K1 type=ROM_1P impl=LUTRAM
                                                                       ^
/home/hoinguyen/Documents/Vitis/UpConv_HLS/upconv_core/upconv_core_top/hls/.autopilot/db/upconv_core_top.pp.0.cpp:15779:72: error: Invalid Directive: for current device, ROM_1P + LUTRAM is invalid combination for BIND_STORAGE's option 'type + impl' [clang-diagnostic-error]
#pragma HLS BIND_STORAGE variable=fourth_order_double::sin_cos_K2 type=ROM_1P impl=LUTRAM
                                                                       ^
/home/hoinguyen/Documents/Vitis/UpConv_HLS/upconv_core/upconv_core_top/hls/.autopilot/db/upconv_core_top.pp.0.cpp:15780:72: error: Invalid Directive: for current device, ROM_1P + LUTRAM is invalid combination for BIND_STORAGE's option 'type + impl' [clang-diagnostic-error]
#pragma HLS BIND_STORAGE variable=fourth_order_double::sin_cos_K3 type=ROM_1P impl=LUTRAM
                                                                       ^
/home/hoinguyen/Documents/Vitis/UpConv_HLS/upconv_core/upconv_core_top/hls/.autopilot/db/upconv_core_top.pp.0.cpp:15781:72: error: Invalid Directive: for current device, ROM_1P + LUTRAM is invalid combination for BIND_STORAGE's option 'type + impl' [clang-diagnostic-error]
#pragma HLS BIND_STORAGE variable=fourth_order_double::sin_cos_K4 type=ROM_1P impl=LUTRAM
                                                                       ^
/home/hoinguyen/Documents/Vitis/UpConv_HLS/upconv_core/upconv_core_top/hls/.autopilot/db/upconv_core_top.pp.0.cpp:15811:68: error: Invalid Directive: for current device, ROM_1P + LUTRAM is invalid combination for BIND_STORAGE's option 'type + impl' [clang-diagnostic-error]
#pragma HLS BIND_STORAGE variable=fourth_order_double::cos_K0 type=ROM_1P impl=LUTRAM
                                                                   ^
/home/hoinguyen/Documents/Vitis/UpConv_HLS/upconv_core/upconv_core_top/hls/.autopilot/db/upconv_core_top.pp.0.cpp:15812:68: error: Invalid Directive: for current device, ROM_1P + LUTRAM is invalid combination for BIND_STORAGE's option 'type + impl' [clang-diagnostic-error]
#pragma HLS BIND_STORAGE variable=fourth_order_double::cos_K1 type=ROM_1P impl=LUTRAM
                                                                   ^
/home/hoinguyen/Documents/Vitis/UpConv_HLS/upconv_core/upconv_core_top/hls/.autopilot/db/upconv_core_top.pp.0.cpp:15813:68: error: Invalid Directive: for current device, ROM_1P + LUTRAM is invalid combination for BIND_STORAGE's option 'type + impl' [clang-diagnostic-error]
#pragma HLS BIND_STORAGE variable=fourth_order_double::cos_K2 type=ROM_1P impl=LUTRAM
                                                                   ^
/home/hoinguyen/Documents/Vitis/UpConv_HLS/upconv_core/upconv_core_top/hls/.autopilot/db/upconv_core_top.pp.0.cpp:15814:68: error: Invalid Directive: for current device, ROM_1P + LUTRAM is invalid combination for BIND_STORAGE's option 'type + impl' [clang-diagnostic-error]
#pragma HLS BIND_STORAGE variable=fourth_order_double::cos_K3 type=ROM_1P impl=LUTRAM
                                                                   ^
/home/hoinguyen/Documents/Vitis/UpConv_HLS/upconv_core/upconv_core_top/hls/.autopilot/db/upconv_core_top.pp.0.cpp:15815:68: error: Invalid Directive: for current device, ROM_1P + LUTRAM is invalid combination for BIND_STORAGE's option 'type + impl' [clang-diagnostic-error]
#pragma HLS BIND_STORAGE variable=fourth_order_double::cos_K4 type=ROM_1P impl=LUTRAM
                                                                   ^
/home/hoinguyen/Documents/Vitis/UpConv_HLS/upconv_core/upconv_core_top/hls/.autopilot/db/upconv_core_top.pp.0.cpp:15816:68: error: Invalid Directive: for current device, ROM_1P + LUTRAM is invalid combination for BIND_STORAGE's option 'type + impl' [clang-diagnostic-error]
#pragma HLS BIND_STORAGE variable=fourth_order_double::sin_K0 type=ROM_1P impl=LUTRAM
                                                                   ^
/home/hoinguyen/Documents/Vitis/UpConv_HLS/upconv_core/upconv_core_top/hls/.autopilot/db/upconv_core_top.pp.0.cpp:15817:68: error: Invalid Directive: for current device, ROM_1P + LUTRAM is invalid combination for BIND_STORAGE's option 'type + impl' [clang-diagnostic-error]
#pragma HLS BIND_STORAGE variable=fourth_order_double::sin_K1 type=ROM_1P impl=LUTRAM
                                                                   ^
/home/hoinguyen/Documents/Vitis/UpConv_HLS/upconv_core/upconv_core_top/hls/.autopilot/db/upconv_core_top.pp.0.cpp:15818:68: error: Invalid Directive: for current device, ROM_1P + LUTRAM is invalid combination for BIND_STORAGE's option 'type + impl' [clang-diagnostic-error]
#pragma HLS BIND_STORAGE variable=fourth_order_double::sin_K2 type=ROM_1P impl=LUTRAM
                                                                   ^
/home/hoinguyen/Documents/Vitis/UpConv_HLS/upconv_core/upconv_core_top/hls/.autopilot/db/upconv_core_top.pp.0.cpp:15819:68: error: Invalid Directive: for current device, ROM_1P + LUTRAM is invalid combination for BIND_STORAGE's option 'type + impl' [clang-diagnostic-error]
#pragma HLS BIND_STORAGE variable=fourth_order_double::sin_K3 type=ROM_1P impl=LUTRAM
                                                                   ^
/home/hoinguyen/Documents/Vitis/UpConv_HLS/upconv_core/upconv_core_top/hls/.autopilot/db/upconv_core_top.pp.0.cpp:15820:68: error: Invalid Directive: for current device, ROM_1P + LUTRAM is invalid combination for BIND_STORAGE's option 'type + impl' [clang-diagnostic-error]
#pragma HLS BIND_STORAGE variable=fourth_order_double::sin_K4 type=ROM_1P impl=LUTRAM
                                                                   ^
/home/hoinguyen/Documents/Vitis/UpConv_HLS/upconv_core/upconv_core_top/hls/.autopilot/db/upconv_core_top.pp.0.cpp:15870:71: error: Invalid Directive: for current device, ROM_1P + LUTRAM is invalid combination for BIND_STORAGE's option 'type + impl' [clang-diagnostic-error]
#pragma HLS BIND_STORAGE variable=second_order_float::sin_cos_K0 type=ROM_1P impl=LUTRAM
                                                                      ^
/home/hoinguyen/Documents/Vitis/UpConv_HLS/upconv_core/upconv_core_top/hls/.autopilot/db/upconv_core_top.pp.0.cpp:15871:71: error: Invalid Directive: for current device, ROM_1P + LUTRAM is invalid combination for BIND_STORAGE's option 'type + impl' [clang-diagnostic-error]
#pragma HLS BIND_STORAGE variable=second_order_float::sin_cos_K1 type=ROM_1P impl=LUTRAM
                                                                      ^
/home/hoinguyen/Documents/Vitis/UpConv_HLS/upconv_core/upconv_core_top/hls/.autopilot/db/upconv_core_top.pp.0.cpp:15872:71: error: Invalid Directive: for current device, ROM_1P + LUTRAM is invalid combination for BIND_STORAGE's option 'type + impl' [clang-diagnostic-error]
#pragma HLS BIND_STORAGE variable=second_order_float::sin_cos_K2 type=ROM_1P impl=LUTRAM
                                                                      ^
/home/hoinguyen/Documents/Vitis/UpConv_HLS/upconv_core/upconv_core_top/hls/.autopilot/db/upconv_core_top.pp.0.cpp:15899:67: error: Invalid Directive: for current device, ROM_1P + LUTRAM is invalid combination for BIND_STORAGE's option 'type + impl' [clang-diagnostic-error]
#pragma HLS BIND_STORAGE variable=second_order_float::cos_K0 type=ROM_1P impl=LUTRAM
                                                                  ^
/home/hoinguyen/Documents/Vitis/UpConv_HLS/upconv_core/upconv_core_top/hls/.autopilot/db/upconv_core_top.pp.0.cpp:15900:67: error: Invalid Directive: for current device, ROM_1P + LUTRAM is invalid combination for BIND_STORAGE's option 'type + impl' [clang-diagnostic-error]
#pragma HLS BIND_STORAGE variable=second_order_float::cos_K1 type=ROM_1P impl=LUTRAM
                                                                  ^
/home/hoinguyen/Documents/Vitis/UpConv_HLS/upconv_core/upconv_core_top/hls/.autopilot/db/upconv_core_top.pp.0.cpp:15901:67: error: Invalid Directive: for current device, ROM_1P + LUTRAM is invalid combination for BIND_STORAGE's option 'type + impl' [clang-diagnostic-error]
#pragma HLS BIND_STORAGE variable=second_order_float::cos_K2 type=ROM_1P impl=LUTRAM
                                                                  ^
/home/hoinguyen/Documents/Vitis/UpConv_HLS/upconv_core/upconv_core_top/hls/.autopilot/db/upconv_core_top.pp.0.cpp:15902:67: error: Invalid Directive: for current device, ROM_1P + LUTRAM is invalid combination for BIND_STORAGE's option 'type + impl' [clang-diagnostic-error]
#pragma HLS BIND_STORAGE variable=second_order_float::sin_K0 type=ROM_1P impl=LUTRAM
                                                                  ^
/home/hoinguyen/Documents/Vitis/UpConv_HLS/upconv_core/upconv_core_top/hls/.autopilot/db/upconv_core_top.pp.0.cpp:15903:67: error: Invalid Directive: for current device, ROM_1P + LUTRAM is invalid combination for BIND_STORAGE's option 'type + impl' [clang-diagnostic-error]
#pragma HLS BIND_STORAGE variable=second_order_float::sin_K1 type=ROM_1P impl=LUTRAM
                                                                  ^
/home/hoinguyen/Documents/Vitis/UpConv_HLS/upconv_core/upconv_core_top/hls/.autopilot/db/upconv_core_top.pp.0.cpp:15904:67: error: Invalid Directive: for current device, ROM_1P + LUTRAM is invalid combination for BIND_STORAGE's option 'type + impl' [clang-diagnostic-error]
#pragma HLS BIND_STORAGE variable=second_order_float::sin_K2 type=ROM_1P impl=LUTRAM
                                                                  ^
/home/hoinguyen/Documents/Vitis/UpConv_HLS/upconv_core/upconv_core_top/hls/.autopilot/db/upconv_core_top.pp.0.cpp:15940:73: error: Invalid Directive: for current device, ROM_1P + LUTRAM is invalid combination for BIND_STORAGE's option 'type + impl' [clang-diagnostic-error]
#pragma HLS BIND_STORAGE variable=first_order_fixed_16::sin_cos_K0 type=ROM_1P impl=LUTRAM
                                                                        ^
/home/hoinguyen/Documents/Vitis/UpConv_HLS/upconv_core/upconv_core_top/hls/.autopilot/db/upconv_core_top.pp.0.cpp:15941:73: error: Invalid Directive: for current device, ROM_1P + LUTRAM is invalid combination for BIND_STORAGE's option 'type + impl' [clang-diagnostic-error]
#pragma HLS BIND_STORAGE variable=first_order_fixed_16::sin_cos_K1 type=ROM_1P impl=LUTRAM
                                                                        ^
/home/hoinguyen/Documents/Vitis/UpConv_HLS/upconv_core/upconv_core_top/hls/.autopilot/db/upconv_core_top.pp.0.cpp:16215:5: warning: Added loop label VITIS_LOOP_61_1:   [xilinx-label-all-loops]
    for (int n=0; n<Nmax; n++){
    ^~~
    VITIS_LOOP_61_1: 
/home/hoinguyen/Documents/Vitis/UpConv_HLS/upconv_core/upconv_core_top/hls/.autopilot/db/upconv_core_top.pp.0.cpp:16215:5: note: FIX-IT applied suggested code changes
/home/hoinguyen/Documents/Vitis/UpConv_HLS/upconv_core/upconv_core_top/hls/.autopilot/db/upconv_core_top.pp.0.cpp:16261:5: warning: Added loop label VITIS_LOOP_117_1:   [xilinx-label-all-loops]
    for (int n=0; n<Nmax; n++){
    ^~~
    VITIS_LOOP_117_1: 
/home/hoinguyen/Documents/Vitis/UpConv_HLS/upconv_core/upconv_core_top/hls/.autopilot/db/upconv_core_top.pp.0.cpp:16261:5: note: FIX-IT applied suggested code changes
/home/hoinguyen/Documents/Vitis/UpConv_HLS/upconv_core/upconv_core_top/hls/.autopilot/db/upconv_core_top.pp.0.cpp:16424:9: warning: Added loop label VITIS_LOOP_289_1:   [xilinx-label-all-loops]
        for(int i=0;i<W-1;i++){
        ^~~
        VITIS_LOOP_289_1: 
/home/hoinguyen/Documents/Vitis/UpConv_HLS/upconv_core/upconv_core_top/hls/.autopilot/db/upconv_core_top.pp.0.cpp:16424:9: note: FIX-IT applied suggested code changes
/home/hoinguyen/Documents/Vitis/UpConv_HLS/upconv_core/upconv_core_top/hls/.autopilot/db/upconv_core_top.pp.0.cpp:16576:9: warning: Added loop label VITIS_LOOP_449_1:   [xilinx-label-all-loops]
        for(int i=0;i<W-1;i++){
        ^~~
        VITIS_LOOP_449_1: 
/home/hoinguyen/Documents/Vitis/UpConv_HLS/upconv_core/upconv_core_top/hls/.autopilot/db/upconv_core_top.pp.0.cpp:16576:9: note: FIX-IT applied suggested code changes
/home/hoinguyen/Documents/Vitis/UpConv_HLS/upconv_core/upconv_core_top/hls/.autopilot/db/upconv_core_top.pp.0.cpp:16756:5: warning: Added loop label VITIS_LOOP_629_1:   [xilinx-label-all-loops]
    for(int i=0;i<W+1;i++){
    ^~~
    VITIS_LOOP_629_1: 
/home/hoinguyen/Documents/Vitis/UpConv_HLS/upconv_core/upconv_core_top/hls/.autopilot/db/upconv_core_top.pp.0.cpp:16756:5: note: FIX-IT applied suggested code changes
/home/hoinguyen/Documents/Vitis/UpConv_HLS/upconv_core/upconv_core_top/hls/.autopilot/db/upconv_core_top.pp.0.cpp:16760:5: warning: Added loop label VITIS_LOOP_633_2:   [xilinx-label-all-loops]
    for(int i=0;i<W+1;i++){
    ^~~
    VITIS_LOOP_633_2: 
/home/hoinguyen/Documents/Vitis/UpConv_HLS/upconv_core/upconv_core_top/hls/.autopilot/db/upconv_core_top.pp.0.cpp:16760:5: note: FIX-IT applied suggested code changes
/home/hoinguyen/Documents/Vitis/UpConv_HLS/upconv_core/upconv_core_top/hls/.autopilot/db/upconv_core_top.pp.0.cpp:16870:5: warning: Added loop label VITIS_LOOP_743_1:   [xilinx-label-all-loops]
    for (int n=0; n<Nmax; n++){
    ^~~
    VITIS_LOOP_743_1: 
/home/hoinguyen/Documents/Vitis/UpConv_HLS/upconv_core/upconv_core_top/hls/.autopilot/db/upconv_core_top.pp.0.cpp:16870:5: note: FIX-IT applied suggested code changes
/home/hoinguyen/Documents/Vitis/UpConv_HLS/upconv_core/upconv_core_top/hls/.autopilot/db/upconv_core_top.pp.0.cpp:16960:7: warning: Added loop label VITIS_LOOP_840_1:   [xilinx-label-all-loops]
      for(int i=0;i<W-1;i++){
      ^~~
      VITIS_LOOP_840_1: 
/home/hoinguyen/Documents/Vitis/UpConv_HLS/upconv_core/upconv_core_top/hls/.autopilot/db/upconv_core_top.pp.0.cpp:16960:7: note: FIX-IT applied suggested code changes
/home/hoinguyen/Documents/Vitis/UpConv_HLS/upconv_core/upconv_core_top/hls/.autopilot/db/upconv_core_top.pp.0.cpp:16979:7: warning: Added loop label VITIS_LOOP_859_2:   [xilinx-label-all-loops]
      for(int i=0;i<W-1;i++){
      ^~~
      VITIS_LOOP_859_2: 
/home/hoinguyen/Documents/Vitis/UpConv_HLS/upconv_core/upconv_core_top/hls/.autopilot/db/upconv_core_top.pp.0.cpp:16979:7: note: FIX-IT applied suggested code changes
/home/hoinguyen/Documents/Vitis/UpConv_HLS/upconv_core/upconv_core_top/hls/.autopilot/db/upconv_core_top.pp.0.cpp:17269:5: warning: Added loop label VITIS_LOOP_1173_1:   [xilinx-label-all-loops]
    for(int i=0; i<Nmax; i++) {
    ^~~
    VITIS_LOOP_1173_1: 
/home/hoinguyen/Documents/Vitis/UpConv_HLS/upconv_core/upconv_core_top/hls/.autopilot/db/upconv_core_top.pp.0.cpp:17269:5: note: FIX-IT applied suggested code changes
/home/hoinguyen/Documents/Vitis/UpConv_HLS/upconv_core/upconv_core_top/hls/.autopilot/db/upconv_core_top.pp.0.cpp:17352:5: warning: Added loop label VITIS_LOOP_1256_1:   [xilinx-label-all-loops]
    for(int i=0; i<Nmax; i++) {
    ^~~
    VITIS_LOOP_1256_1: 
/home/hoinguyen/Documents/Vitis/UpConv_HLS/upconv_core/upconv_core_top/hls/.autopilot/db/upconv_core_top.pp.0.cpp:17352:5: note: FIX-IT applied suggested code changes
/home/hoinguyen/Documents/Vitis/UpConv_HLS/upconv_core/upconv_core_top/hls/.autopilot/db/upconv_core_top.pp.0.cpp:17758:13: warning: Added loop label VITIS_LOOP_68_1:   [xilinx-label-all-loops]
            for (int j = 3; j >= I_+1; j--) {
            ^~~
            VITIS_LOOP_68_1: 
/home/hoinguyen/Documents/Vitis/UpConv_HLS/upconv_core/upconv_core_top/hls/.autopilot/db/upconv_core_top.pp.0.cpp:17758:13: note: FIX-IT applied suggested code changes
/home/hoinguyen/Documents/Vitis/UpConv_HLS/upconv_core/upconv_core_top/hls/.autopilot/db/upconv_core_top.pp.0.cpp:17764:17: warning: Added loop label VITIS_LOOP_74_2:   [xilinx-label-all-loops]
                for (int j = 3; j >= I_+1; j--){
                ^~~
                VITIS_LOOP_74_2: 
/home/hoinguyen/Documents/Vitis/UpConv_HLS/upconv_core/upconv_core_top/hls/.autopilot/db/upconv_core_top.pp.0.cpp:17764:17: note: FIX-IT applied suggested code changes
/home/hoinguyen/Documents/Vitis/UpConv_HLS/upconv_core/upconv_core_top/hls/.autopilot/db/upconv_core_top.pp.0.cpp:17768:17: warning: Added loop label VITIS_LOOP_78_3:   [xilinx-label-all-loops]
                for (int j = I_; j >= 0; j--){
                ^~~
                VITIS_LOOP_78_3: 
/home/hoinguyen/Documents/Vitis/UpConv_HLS/upconv_core/upconv_core_top/hls/.autopilot/db/upconv_core_top.pp.0.cpp:17768:17: note: FIX-IT applied suggested code changes
/home/hoinguyen/Documents/Vitis/UpConv_HLS/upconv_core/upconv_core_top/hls/.autopilot/db/upconv_core_top.pp.0.cpp:17816:13: warning: Added loop label VITIS_LOOP_145_4:   [xilinx-label-all-loops]
            for (int j = 9; j >= I_+4; j--) {
            ^~~
            VITIS_LOOP_145_4: 
/home/hoinguyen/Documents/Vitis/UpConv_HLS/upconv_core/upconv_core_top/hls/.autopilot/db/upconv_core_top.pp.0.cpp:17816:13: note: FIX-IT applied suggested code changes
/home/hoinguyen/Documents/Vitis/UpConv_HLS/upconv_core/upconv_core_top/hls/.autopilot/db/upconv_core_top.pp.0.cpp:17822:17: warning: Added loop label VITIS_LOOP_151_5:   [xilinx-label-all-loops]
                for (int j = 9; j >= I_+4; j--){
                ^~~
                VITIS_LOOP_151_5: 
/home/hoinguyen/Documents/Vitis/UpConv_HLS/upconv_core/upconv_core_top/hls/.autopilot/db/upconv_core_top.pp.0.cpp:17822:17: note: FIX-IT applied suggested code changes
/home/hoinguyen/Documents/Vitis/UpConv_HLS/upconv_core/upconv_core_top/hls/.autopilot/db/upconv_core_top.pp.0.cpp:17826:17: warning: Added loop label VITIS_LOOP_155_6:   [xilinx-label-all-loops]
                for (int j = I_+3; j >= 0; j--){
                ^~~
                VITIS_LOOP_155_6: 
/home/hoinguyen/Documents/Vitis/UpConv_HLS/upconv_core/upconv_core_top/hls/.autopilot/db/upconv_core_top.pp.0.cpp:17826:17: note: FIX-IT applied suggested code changes
/home/hoinguyen/Documents/Vitis/UpConv_HLS/upconv_core/upconv_core_top/hls/.autopilot/db/upconv_core_top.pp.0.cpp:17841:9: warning: Added loop label VITIS_LOOP_170_7:   [xilinx-label-all-loops]
        for (int j = 14; j < 22; j++){
        ^~~
        VITIS_LOOP_170_7: 
/home/hoinguyen/Documents/Vitis/UpConv_HLS/upconv_core/upconv_core_top/hls/.autopilot/db/upconv_core_top.pp.0.cpp:17841:9: note: FIX-IT applied suggested code changes
/home/hoinguyen/Documents/Vitis/UpConv_HLS/upconv_core/upconv_core_top/hls/.autopilot/db/upconv_core_top.pp.0.cpp:17849:17: warning: Added loop label VITIS_LOOP_178_8:   [xilinx-label-all-loops]
                for (int j = 0; j < 22; j++){
                ^~~
                VITIS_LOOP_178_8: 
/home/hoinguyen/Documents/Vitis/UpConv_HLS/upconv_core/upconv_core_top/hls/.autopilot/db/upconv_core_top.pp.0.cpp:17849:17: note: FIX-IT applied suggested code changes
/home/hoinguyen/Documents/Vitis/UpConv_HLS/upconv_core/upconv_core_top/hls/.autopilot/db/upconv_core_top.pp.0.cpp:17914:13: warning: Added loop label VITIS_LOOP_243_9:   [xilinx-label-all-loops]
            for (int j = 21; j >= I_+10; j--) {
            ^~~
            VITIS_LOOP_243_9: 
/home/hoinguyen/Documents/Vitis/UpConv_HLS/upconv_core/upconv_core_top/hls/.autopilot/db/upconv_core_top.pp.0.cpp:17914:13: note: FIX-IT applied suggested code changes
/home/hoinguyen/Documents/Vitis/UpConv_HLS/upconv_core/upconv_core_top/hls/.autopilot/db/upconv_core_top.pp.0.cpp:17920:17: warning: Added loop label VITIS_LOOP_249_10:   [xilinx-label-all-loops]
                for (int j = 21; j >= I_+10; j--) {
                ^~~
                VITIS_LOOP_249_10: 
/home/hoinguyen/Documents/Vitis/UpConv_HLS/upconv_core/upconv_core_top/hls/.autopilot/db/upconv_core_top.pp.0.cpp:17920:17: note: FIX-IT applied suggested code changes
/home/hoinguyen/Documents/Vitis/UpConv_HLS/upconv_core/upconv_core_top/hls/.autopilot/db/upconv_core_top.pp.0.cpp:17924:17: warning: Added loop label VITIS_LOOP_253_11:   [xilinx-label-all-loops]
                for (int j = I_+9; j >= 0; j--) {
                ^~~
                VITIS_LOOP_253_11: 
/home/hoinguyen/Documents/Vitis/UpConv_HLS/upconv_core/upconv_core_top/hls/.autopilot/db/upconv_core_top.pp.0.cpp:17924:17: note: FIX-IT applied suggested code changes
/home/hoinguyen/Documents/Vitis/UpConv_HLS/upconv_core/upconv_core_top/hls/.autopilot/db/upconv_core_top.pp.0.cpp:17939:9: warning: Added loop label VITIS_LOOP_268_12:   [xilinx-label-all-loops]
        for (int j = 27; j < 46; j++){
        ^~~
        VITIS_LOOP_268_12: 
/home/hoinguyen/Documents/Vitis/UpConv_HLS/upconv_core/upconv_core_top/hls/.autopilot/db/upconv_core_top.pp.0.cpp:17939:9: note: FIX-IT applied suggested code changes
/home/hoinguyen/Documents/Vitis/UpConv_HLS/upconv_core/upconv_core_top/hls/.autopilot/db/upconv_core_top.pp.0.cpp:17947:17: warning: Added loop label VITIS_LOOP_276_13:   [xilinx-label-all-loops]
                for (int j = 0; j < 46; j++) {
                ^~~
                VITIS_LOOP_276_13: 
/home/hoinguyen/Documents/Vitis/UpConv_HLS/upconv_core/upconv_core_top/hls/.autopilot/db/upconv_core_top.pp.0.cpp:17947:17: note: FIX-IT applied suggested code changes
/home/hoinguyen/Documents/Vitis/UpConv_HLS/upconv_core/upconv_core_top/hls/.autopilot/db/upconv_core_top.pp.0.cpp:18176:13: warning: Added loop label VITIS_LOOP_505_14:   [xilinx-label-all-loops]
            for (int j = 45; j >= I_+22; j--) {
            ^~~
            VITIS_LOOP_505_14: 
/home/hoinguyen/Documents/Vitis/UpConv_HLS/upconv_core/upconv_core_top/hls/.autopilot/db/upconv_core_top.pp.0.cpp:18176:13: note: FIX-IT applied suggested code changes
/home/hoinguyen/Documents/Vitis/UpConv_HLS/upconv_core/upconv_core_top/hls/.autopilot/db/upconv_core_top.pp.0.cpp:18182:17: warning: Added loop label VITIS_LOOP_511_15:   [xilinx-label-all-loops]
                for (int j = 45; j >= I_+22; j--){
                ^~~
                VITIS_LOOP_511_15: 
/home/hoinguyen/Documents/Vitis/UpConv_HLS/upconv_core/upconv_core_top/hls/.autopilot/db/upconv_core_top.pp.0.cpp:18182:17: note: FIX-IT applied suggested code changes
/home/hoinguyen/Documents/Vitis/UpConv_HLS/upconv_core/upconv_core_top/hls/.autopilot/db/upconv_core_top.pp.0.cpp:18186:17: warning: Added loop label VITIS_LOOP_515_16:   [xilinx-label-all-loops]
                for (int j = I_+21; j >= 0; j--) {
                ^~~
                VITIS_LOOP_515_16: 
/home/hoinguyen/Documents/Vitis/UpConv_HLS/upconv_core/upconv_core_top/hls/.autopilot/db/upconv_core_top.pp.0.cpp:18186:17: note: FIX-IT applied suggested code changes
/home/hoinguyen/Documents/Vitis/UpConv_HLS/upconv_core/upconv_core_top/hls/.autopilot/db/upconv_core_top.pp.0.cpp:18196:9: warning: Added loop label VITIS_LOOP_525_17:   [xilinx-label-all-loops]
        for (int j = 32-F_; j < 32+I_; j++){
        ^~~
        VITIS_LOOP_525_17: 
/home/hoinguyen/Documents/Vitis/UpConv_HLS/upconv_core/upconv_core_top/hls/.autopilot/db/upconv_core_top.pp.0.cpp:18196:9: note: FIX-IT applied suggested code changes
/home/hoinguyen/Documents/Vitis/UpConv_HLS/upconv_core/upconv_core_top/hls/.autopilot/db/upconv_core_top.pp.0.cpp:18200:9: warning: Added loop label VITIS_LOOP_529_18:   [xilinx-label-all-loops]
        for (int j = 32+I_; j <= 64; j++){
        ^~~
        VITIS_LOOP_529_18: 
/home/hoinguyen/Documents/Vitis/UpConv_HLS/upconv_core/upconv_core_top/hls/.autopilot/db/upconv_core_top.pp.0.cpp:18200:9: note: FIX-IT applied suggested code changes
/home/hoinguyen/Documents/Vitis/UpConv_HLS/upconv_core/upconv_core_top/hls/.autopilot/db/upconv_core_top.pp.0.cpp:18210:9: warning: Added loop label VITIS_LOOP_539_19:   [xilinx-label-all-loops]
        for (int j = 37; j < 64; j++) {
        ^~~
        VITIS_LOOP_539_19: 
/home/hoinguyen/Documents/Vitis/UpConv_HLS/upconv_core/upconv_core_top/hls/.autopilot/db/upconv_core_top.pp.0.cpp:18210:9: note: FIX-IT applied suggested code changes
/home/hoinguyen/Documents/Vitis/UpConv_HLS/upconv_core/upconv_core_top/hls/.autopilot/db/upconv_core_top.pp.0.cpp:18218:17: warning: Added loop label VITIS_LOOP_547_20:   [xilinx-label-all-loops]
                for (int j = 0; j < 64; j++){
                ^~~
                VITIS_LOOP_547_20: 
/home/hoinguyen/Documents/Vitis/UpConv_HLS/upconv_core/upconv_core_top/hls/.autopilot/db/upconv_core_top.pp.0.cpp:18218:17: note: FIX-IT applied suggested code changes
/home/hoinguyen/Documents/Vitis/UpConv_HLS/upconv_core/upconv_core_top/hls/.autopilot/db/upconv_core_top.pp.0.cpp:18579:13: warning: Added loop label VITIS_LOOP_908_21:   [xilinx-label-all-loops]
            for (int j = 63; j >= I_+31; j--) {
            ^~~
            VITIS_LOOP_908_21: 
/home/hoinguyen/Documents/Vitis/UpConv_HLS/upconv_core/upconv_core_top/hls/.autopilot/db/upconv_core_top.pp.0.cpp:18579:13: note: FIX-IT applied suggested code changes
/home/hoinguyen/Documents/Vitis/UpConv_HLS/upconv_core/upconv_core_top/hls/.autopilot/db/upconv_core_top.pp.0.cpp:18585:17: warning: Added loop label VITIS_LOOP_914_22:   [xilinx-label-all-loops]
                for (int j = 63; j >= I_+31; j--) {
                ^~~
                VITIS_LOOP_914_22: 
/home/hoinguyen/Documents/Vitis/UpConv_HLS/upconv_core/upconv_core_top/hls/.autopilot/db/upconv_core_top.pp.0.cpp:18585:17: note: FIX-IT applied suggested code changes
/home/hoinguyen/Documents/Vitis/UpConv_HLS/upconv_core/upconv_core_top/hls/.autopilot/db/upconv_core_top.pp.0.cpp:18589:17: warning: Added loop label VITIS_LOOP_918_23:   [xilinx-label-all-loops]
                for (int j = I_+30; j >= 0; j--) {
                ^~~
                VITIS_LOOP_918_23: 
/home/hoinguyen/Documents/Vitis/UpConv_HLS/upconv_core/upconv_core_top/hls/.autopilot/db/upconv_core_top.pp.0.cpp:18589:17: note: FIX-IT applied suggested code changes
/home/hoinguyen/Documents/Vitis/UpConv_HLS/upconv_core/upconv_core_top/hls/.autopilot/db/upconv_core_top.pp.0.cpp:18705:13: warning: Added loop label VITIS_LOOP_1034_1:   [xilinx-label-all-loops]
            for (int j = 4; j >= I_+1; j--) {
            ^~~
            VITIS_LOOP_1034_1: 
/home/hoinguyen/Documents/Vitis/UpConv_HLS/upconv_core/upconv_core_top/hls/.autopilot/db/upconv_core_top.pp.0.cpp:18705:13: note: FIX-IT applied suggested code changes
/home/hoinguyen/Documents/Vitis/UpConv_HLS/upconv_core/upconv_core_top/hls/.autopilot/db/upconv_core_top.pp.0.cpp:18711:17: warning: Added loop label VITIS_LOOP_1040_2:   [xilinx-label-all-loops]
                for (int j = 4; j >= I_+1; j--) {
                ^~~
                VITIS_LOOP_1040_2: 
/home/hoinguyen/Documents/Vitis/UpConv_HLS/upconv_core/upconv_core_top/hls/.autopilot/db/upconv_core_top.pp.0.cpp:18711:17: note: FIX-IT applied suggested code changes
/home/hoinguyen/Documents/Vitis/UpConv_HLS/upconv_core/upconv_core_top/hls/.autopilot/db/upconv_core_top.pp.0.cpp:18715:17: warning: Added loop label VITIS_LOOP_1044_3:   [xilinx-label-all-loops]
                for (int j = I_; j >= 0; j--) {
                ^~~
                VITIS_LOOP_1044_3: 
/home/hoinguyen/Documents/Vitis/UpConv_HLS/upconv_core/upconv_core_top/hls/.autopilot/db/upconv_core_top.pp.0.cpp:18715:17: note: FIX-IT applied suggested code changes
/home/hoinguyen/Documents/Vitis/UpConv_HLS/upconv_core/upconv_core_top/hls/.autopilot/db/upconv_core_top.pp.0.cpp:18802:13: warning: Added loop label VITIS_LOOP_1131_4:   [xilinx-label-all-loops]
            for (int j = 10; j >= I_+4; j--) {
            ^~~
            VITIS_LOOP_1131_4: 
/home/hoinguyen/Documents/Vitis/UpConv_HLS/upconv_core/upconv_core_top/hls/.autopilot/db/upconv_core_top.pp.0.cpp:18802:13: note: FIX-IT applied suggested code changes
/home/hoinguyen/Documents/Vitis/UpConv_HLS/upconv_core/upconv_core_top/hls/.autopilot/db/upconv_core_top.pp.0.cpp:18808:17: warning: Added loop label VITIS_LOOP_1137_5:   [xilinx-label-all-loops]
                for (int j = 10; j >= I_+4; j--) {
                ^~~
                VITIS_LOOP_1137_5: 
/home/hoinguyen/Documents/Vitis/UpConv_HLS/upconv_core/upconv_core_top/hls/.autopilot/db/upconv_core_top.pp.0.cpp:18808:17: note: FIX-IT applied suggested code changes
/home/hoinguyen/Documents/Vitis/UpConv_HLS/upconv_core/upconv_core_top/hls/.autopilot/db/upconv_core_top.pp.0.cpp:18812:17: warning: Added loop label VITIS_LOOP_1141_6:   [xilinx-label-all-loops]
                for (int j = I_+3; j >= 0; j--) {
                ^~~
                VITIS_LOOP_1141_6: 
/home/hoinguyen/Documents/Vitis/UpConv_HLS/upconv_core/upconv_core_top/hls/.autopilot/db/upconv_core_top.pp.0.cpp:18812:17: note: FIX-IT applied suggested code changes
/home/hoinguyen/Documents/Vitis/UpConv_HLS/upconv_core/upconv_core_top/hls/.autopilot/db/upconv_core_top.pp.0.cpp:18831:9: warning: Added loop label VITIS_LOOP_1160_7:   [xilinx-label-all-loops]
        for (int j = wf+3; j < w-1; j++) {
        ^~~
        VITIS_LOOP_1160_7: 
/home/hoinguyen/Documents/Vitis/UpConv_HLS/upconv_core/upconv_core_top/hls/.autopilot/db/upconv_core_top.pp.0.cpp:18831:9: note: FIX-IT applied suggested code changes
/home/hoinguyen/Documents/Vitis/UpConv_HLS/upconv_core/upconv_core_top/hls/.autopilot/db/upconv_core_top.pp.0.cpp:18838:17: warning: Added loop label VITIS_LOOP_1167_8:   [xilinx-label-all-loops]
                for (int j = 0; j < 22; j++) {
                ^~~
                VITIS_LOOP_1167_8: 
/home/hoinguyen/Documents/Vitis/UpConv_HLS/upconv_core/upconv_core_top/hls/.autopilot/db/upconv_core_top.pp.0.cpp:18838:17: note: FIX-IT applied suggested code changes
/home/hoinguyen/Documents/Vitis/UpConv_HLS/upconv_core/upconv_core_top/hls/.autopilot/db/upconv_core_top.pp.0.cpp:18954:13: warning: Added loop label VITIS_LOOP_1283_9:   [xilinx-label-all-loops]
            for (int j = 22; j >= I_+10; j--) {
            ^~~
            VITIS_LOOP_1283_9: 
/home/hoinguyen/Documents/Vitis/UpConv_HLS/upconv_core/upconv_core_top/hls/.autopilot/db/upconv_core_top.pp.0.cpp:18954:13: note: FIX-IT applied suggested code changes
/home/hoinguyen/Documents/Vitis/UpConv_HLS/upconv_core/upconv_core_top/hls/.autopilot/db/upconv_core_top.pp.0.cpp:18960:17: warning: Added loop label VITIS_LOOP_1289_10:   [xilinx-label-all-loops]
                for (int j = 22; j >= I_+10; j--){
                ^~~
                VITIS_LOOP_1289_10: 
/home/hoinguyen/Documents/Vitis/UpConv_HLS/upconv_core/upconv_core_top/hls/.autopilot/db/upconv_core_top.pp.0.cpp:18960:17: note: FIX-IT applied suggested code changes
/home/hoinguyen/Documents/Vitis/UpConv_HLS/upconv_core/upconv_core_top/hls/.autopilot/db/upconv_core_top.pp.0.cpp:18964:17: warning: Added loop label VITIS_LOOP_1293_11:   [xilinx-label-all-loops]
                for (int j = I_+9; j >= 0; j--) {
                ^~~
                VITIS_LOOP_1293_11: 
/home/hoinguyen/Documents/Vitis/UpConv_HLS/upconv_core/upconv_core_top/hls/.autopilot/db/upconv_core_top.pp.0.cpp:18964:17: note: FIX-IT applied suggested code changes
/home/hoinguyen/Documents/Vitis/UpConv_HLS/upconv_core/upconv_core_top/hls/.autopilot/db/upconv_core_top.pp.0.cpp:18984:9: warning: Added loop label VITIS_LOOP_1313_12:   [xilinx-label-all-loops]
        for (int j = wf+4; j < w-1; j++){
        ^~~
        VITIS_LOOP_1313_12: 
/home/hoinguyen/Documents/Vitis/UpConv_HLS/upconv_core/upconv_core_top/hls/.autopilot/db/upconv_core_top.pp.0.cpp:18984:9: note: FIX-IT applied suggested code changes
/home/hoinguyen/Documents/Vitis/UpConv_HLS/upconv_core/upconv_core_top/hls/.autopilot/db/upconv_core_top.pp.0.cpp:18991:17: warning: Added loop label VITIS_LOOP_1320_13:   [xilinx-label-all-loops]
                for (int j = 0; j < 46; j++) {
                ^~~
                VITIS_LOOP_1320_13: 
/home/hoinguyen/Documents/Vitis/UpConv_HLS/upconv_core/upconv_core_top/hls/.autopilot/db/upconv_core_top.pp.0.cpp:18991:17: note: FIX-IT applied suggested code changes
/home/hoinguyen/Documents/Vitis/UpConv_HLS/upconv_core/upconv_core_top/hls/.autopilot/db/upconv_core_top.pp.0.cpp:19253:13: warning: Added loop label VITIS_LOOP_1582_14:   [xilinx-label-all-loops]
            for (int j = 46; j >= I_+22; j--) {
            ^~~
            VITIS_LOOP_1582_14: 
/home/hoinguyen/Documents/Vitis/UpConv_HLS/upconv_core/upconv_core_top/hls/.autopilot/db/upconv_core_top.pp.0.cpp:19253:13: note: FIX-IT applied suggested code changes
/home/hoinguyen/Documents/Vitis/UpConv_HLS/upconv_core/upconv_core_top/hls/.autopilot/db/upconv_core_top.pp.0.cpp:19259:17: warning: Added loop label VITIS_LOOP_1588_15:   [xilinx-label-all-loops]
                for (int j = 46; j >= I_+22; j--) {
                ^~~
                VITIS_LOOP_1588_15: 
/home/hoinguyen/Documents/Vitis/UpConv_HLS/upconv_core/upconv_core_top/hls/.autopilot/db/upconv_core_top.pp.0.cpp:19259:17: note: FIX-IT applied suggested code changes
/home/hoinguyen/Documents/Vitis/UpConv_HLS/upconv_core/upconv_core_top/hls/.autopilot/db/upconv_core_top.pp.0.cpp:19263:17: warning: Added loop label VITIS_LOOP_1592_16:   [xilinx-label-all-loops]
                for (int j = I_+21; j >= 0; j--) {
                ^~~
                VITIS_LOOP_1592_16: 
/home/hoinguyen/Documents/Vitis/UpConv_HLS/upconv_core/upconv_core_top/hls/.autopilot/db/upconv_core_top.pp.0.cpp:19263:17: note: FIX-IT applied suggested code changes
/home/hoinguyen/Documents/Vitis/UpConv_HLS/upconv_core/upconv_core_top/hls/.autopilot/db/upconv_core_top.pp.0.cpp:19287:9: warning: Added loop label VITIS_LOOP_1616_17:   [xilinx-label-all-loops]
        for (int j = wf+5; j < w-1; j++){
        ^~~
        VITIS_LOOP_1616_17: 
/home/hoinguyen/Documents/Vitis/UpConv_HLS/upconv_core/upconv_core_top/hls/.autopilot/db/upconv_core_top.pp.0.cpp:19287:9: note: FIX-IT applied suggested code changes
/home/hoinguyen/Documents/Vitis/UpConv_HLS/upconv_core/upconv_core_top/hls/.autopilot/db/upconv_core_top.pp.0.cpp:19294:17: warning: Added loop label VITIS_LOOP_1623_18:   [xilinx-label-all-loops]
                for (int j = 0; j < 64; j++) {
                ^~~
                VITIS_LOOP_1623_18: 
/home/hoinguyen/Documents/Vitis/UpConv_HLS/upconv_core/upconv_core_top/hls/.autopilot/db/upconv_core_top.pp.0.cpp:19294:17: note: FIX-IT applied suggested code changes
/home/hoinguyen/Documents/Vitis/UpConv_HLS/upconv_core/upconv_core_top/hls/.autopilot/db/upconv_core_top.pp.0.cpp:19724:13: warning: Added loop label VITIS_LOOP_2053_19:   [xilinx-label-all-loops]
            for (int j = 64; j >= I_+31; j--) {
            ^~~
            VITIS_LOOP_2053_19: 
/home/hoinguyen/Documents/Vitis/UpConv_HLS/upconv_core/upconv_core_top/hls/.autopilot/db/upconv_core_top.pp.0.cpp:19724:13: note: FIX-IT applied suggested code changes
/home/hoinguyen/Documents/Vitis/UpConv_HLS/upconv_core/upconv_core_top/hls/.autopilot/db/upconv_core_top.pp.0.cpp:19730:17: warning: Added loop label VITIS_LOOP_2059_20:   [xilinx-label-all-loops]
                for (int j = 64; j >= I_+31; j--) {
                ^~~
                VITIS_LOOP_2059_20: 
/home/hoinguyen/Documents/Vitis/UpConv_HLS/upconv_core/upconv_core_top/hls/.autopilot/db/upconv_core_top.pp.0.cpp:19730:17: note: FIX-IT applied suggested code changes
/home/hoinguyen/Documents/Vitis/UpConv_HLS/upconv_core/upconv_core_top/hls/.autopilot/db/upconv_core_top.pp.0.cpp:19734:17: warning: Added loop label VITIS_LOOP_2063_21:   [xilinx-label-all-loops]
                for (int j = I_+30; j >= 0; j--) {
                ^~~
                VITIS_LOOP_2063_21: 
/home/hoinguyen/Documents/Vitis/UpConv_HLS/upconv_core/upconv_core_top/hls/.autopilot/db/upconv_core_top.pp.0.cpp:19734:17: note: FIX-IT applied suggested code changes
/home/hoinguyen/Documents/Vitis/UpConv_HLS/upconv_core/upconv_core_top/hls/.autopilot/db/upconv_core_top.pp.0.cpp:19864:13: warning: Added loop label VITIS_LOOP_2193_1:   [xilinx-label-all-loops]
            for(int j=3; j>=I+1; j--) {
            ^~~
            VITIS_LOOP_2193_1: 
/home/hoinguyen/Documents/Vitis/UpConv_HLS/upconv_core/upconv_core_top/hls/.autopilot/db/upconv_core_top.pp.0.cpp:19864:13: note: FIX-IT applied suggested code changes
/home/hoinguyen/Documents/Vitis/UpConv_HLS/upconv_core/upconv_core_top/hls/.autopilot/db/upconv_core_top.pp.0.cpp:19871:17: warning: Added loop label VITIS_LOOP_2200_2:   [xilinx-label-all-loops]
                for(int j=3; j>=I+1; j--) {
                ^~~
                VITIS_LOOP_2200_2: 
/home/hoinguyen/Documents/Vitis/UpConv_HLS/upconv_core/upconv_core_top/hls/.autopilot/db/upconv_core_top.pp.0.cpp:19871:17: note: FIX-IT applied suggested code changes
/home/hoinguyen/Documents/Vitis/UpConv_HLS/upconv_core/upconv_core_top/hls/.autopilot/db/upconv_core_top.pp.0.cpp:19875:17: warning: Added loop label VITIS_LOOP_2204_3:   [xilinx-label-all-loops]
                for(int j=I; j>=0; j--) {
                ^~~
                VITIS_LOOP_2204_3: 
/home/hoinguyen/Documents/Vitis/UpConv_HLS/upconv_core/upconv_core_top/hls/.autopilot/db/upconv_core_top.pp.0.cpp:19875:17: note: FIX-IT applied suggested code changes
/home/hoinguyen/Documents/Vitis/UpConv_HLS/upconv_core/upconv_core_top/hls/.autopilot/db/upconv_core_top.pp.0.cpp:19922:13: warning: Added loop label VITIS_LOOP_2251_4:   [xilinx-label-all-loops]
            for(int j=7; j>=3+I; j--) {
            ^~~
            VITIS_LOOP_2251_4: 
/home/hoinguyen/Documents/Vitis/UpConv_HLS/upconv_core/upconv_core_top/hls/.autopilot/db/upconv_core_top.pp.0.cpp:19922:13: note: FIX-IT applied suggested code changes
/home/hoinguyen/Documents/Vitis/UpConv_HLS/upconv_core/upconv_core_top/hls/.autopilot/db/upconv_core_top.pp.0.cpp:19929:17: warning: Added loop label VITIS_LOOP_2258_5:   [xilinx-label-all-loops]
                for(int j=7; j>=3+I; j--) {
                ^~~
                VITIS_LOOP_2258_5: 
/home/hoinguyen/Documents/Vitis/UpConv_HLS/upconv_core/upconv_core_top/hls/.autopilot/db/upconv_core_top.pp.0.cpp:19929:17: note: FIX-IT applied suggested code changes
/home/hoinguyen/Documents/Vitis/UpConv_HLS/upconv_core/upconv_core_top/hls/.autopilot/db/upconv_core_top.pp.0.cpp:19933:17: warning: Added loop label VITIS_LOOP_2262_6:   [xilinx-label-all-loops]
                for(int j=I+2; j>=0; j--) {
                ^~~
                VITIS_LOOP_2262_6: 
/home/hoinguyen/Documents/Vitis/UpConv_HLS/upconv_core/upconv_core_top/hls/.autopilot/db/upconv_core_top.pp.0.cpp:19933:17: note: FIX-IT applied suggested code changes
/home/hoinguyen/Documents/Vitis/UpConv_HLS/upconv_core/upconv_core_top/hls/.autopilot/db/upconv_core_top.pp.0.cpp:19951:9: warning: Added loop label VITIS_LOOP_2280_7:   [xilinx-label-all-loops]
        for(int j=11; j<16; j++) {
        ^~~
        VITIS_LOOP_2280_7: 
/home/hoinguyen/Documents/Vitis/UpConv_HLS/upconv_core/upconv_core_top/hls/.autopilot/db/upconv_core_top.pp.0.cpp:19951:9: note: FIX-IT applied suggested code changes
/home/hoinguyen/Documents/Vitis/UpConv_HLS/upconv_core/upconv_core_top/hls/.autopilot/db/upconv_core_top.pp.0.cpp:20006:13: warning: Added loop label VITIS_LOOP_2335_8:   [xilinx-label-all-loops]
            for(int j=15; j>=7+I; j--) {
            ^~~
            VITIS_LOOP_2335_8: 
/home/hoinguyen/Documents/Vitis/UpConv_HLS/upconv_core/upconv_core_top/hls/.autopilot/db/upconv_core_top.pp.0.cpp:20006:13: note: FIX-IT applied suggested code changes
/home/hoinguyen/Documents/Vitis/UpConv_HLS/upconv_core/upconv_core_top/hls/.autopilot/db/upconv_core_top.pp.0.cpp:20013:17: warning: Added loop label VITIS_LOOP_2342_9:   [xilinx-label-all-loops]
                for(int j=15; j>=7+I; j--) {
                ^~~
                VITIS_LOOP_2342_9: 
/home/hoinguyen/Documents/Vitis/UpConv_HLS/upconv_core/upconv_core_top/hls/.autopilot/db/upconv_core_top.pp.0.cpp:20013:17: note: FIX-IT applied suggested code changes
/home/hoinguyen/Documents/Vitis/UpConv_HLS/upconv_core/upconv_core_top/hls/.autopilot/db/upconv_core_top.pp.0.cpp:20017:17: warning: Added loop label VITIS_LOOP_2346_10:   [xilinx-label-all-loops]
                for(int j=6+I; j>=0; j--) {
                ^~~
                VITIS_LOOP_2346_10: 
/home/hoinguyen/Documents/Vitis/UpConv_HLS/upconv_core/upconv_core_top/hls/.autopilot/db/upconv_core_top.pp.0.cpp:20017:17: note: FIX-IT applied suggested code changes
/home/hoinguyen/Documents/Vitis/UpConv_HLS/upconv_core/upconv_core_top/hls/.autopilot/db/upconv_core_top.pp.0.cpp:20035:9: warning: Added loop label VITIS_LOOP_2364_11:   [xilinx-label-all-loops]
        for(int j=20; j<32; j++) {
        ^~~
        VITIS_LOOP_2364_11: 
/home/hoinguyen/Documents/Vitis/UpConv_HLS/upconv_core/upconv_core_top/hls/.autopilot/db/upconv_core_top.pp.0.cpp:20035:9: note: FIX-IT applied suggested code changes
/home/hoinguyen/Documents/Vitis/UpConv_HLS/upconv_core/upconv_core_top/hls/.autopilot/db/upconv_core_top.pp.0.cpp:20124:13: warning: Added loop label VITIS_LOOP_2453_12:   [xilinx-label-all-loops]
            for(int j=31; j>=I+15; j--) {
            ^~~
            VITIS_LOOP_2453_12: 
/home/hoinguyen/Documents/Vitis/UpConv_HLS/upconv_core/upconv_core_top/hls/.autopilot/db/upconv_core_top.pp.0.cpp:20124:13: note: FIX-IT applied suggested code changes
/home/hoinguyen/Documents/Vitis/UpConv_HLS/upconv_core/upconv_core_top/hls/.autopilot/db/upconv_core_top.pp.0.cpp:20131:17: warning: Added loop label VITIS_LOOP_2460_13:   [xilinx-label-all-loops]
                for(int j=31; j>=I+15; j--) {
                ^~~
                VITIS_LOOP_2460_13: 
/home/hoinguyen/Documents/Vitis/UpConv_HLS/upconv_core/upconv_core_top/hls/.autopilot/db/upconv_core_top.pp.0.cpp:20131:17: note: FIX-IT applied suggested code changes
/home/hoinguyen/Documents/Vitis/UpConv_HLS/upconv_core/upconv_core_top/hls/.autopilot/db/upconv_core_top.pp.0.cpp:20135:17: warning: Added loop label VITIS_LOOP_2464_14:   [xilinx-label-all-loops]
                for(int j=I+14; j>=0; j--) {
                ^~~
                VITIS_LOOP_2464_14: 
/home/hoinguyen/Documents/Vitis/UpConv_HLS/upconv_core/upconv_core_top/hls/.autopilot/db/upconv_core_top.pp.0.cpp:20135:17: note: FIX-IT applied suggested code changes
/home/hoinguyen/Documents/Vitis/UpConv_HLS/upconv_core/upconv_core_top/hls/.autopilot/db/upconv_core_top.pp.0.cpp:20145:9: warning: Added loop label VITIS_LOOP_2474_15:   [xilinx-label-all-loops]
        for(int j=32-F; j<32+I; j++) {
        ^~~
        VITIS_LOOP_2474_15: 
/home/hoinguyen/Documents/Vitis/UpConv_HLS/upconv_core/upconv_core_top/hls/.autopilot/db/upconv_core_top.pp.0.cpp:20145:9: note: FIX-IT applied suggested code changes
/home/hoinguyen/Documents/Vitis/UpConv_HLS/upconv_core/upconv_core_top/hls/.autopilot/db/upconv_core_top.pp.0.cpp:20149:9: warning: Added loop label VITIS_LOOP_2478_16:   [xilinx-label-all-loops]
        for(int j=32+I; j<=64; j++) {
        ^~~
        VITIS_LOOP_2478_16: 
/home/hoinguyen/Documents/Vitis/UpConv_HLS/upconv_core/upconv_core_top/hls/.autopilot/db/upconv_core_top.pp.0.cpp:20149:9: note: FIX-IT applied suggested code changes
/home/hoinguyen/Documents/Vitis/UpConv_HLS/upconv_core/upconv_core_top/hls/.autopilot/db/upconv_core_top.pp.0.cpp:20160:9: warning: Added loop label VITIS_LOOP_2489_17:   [xilinx-label-all-loops]
        for(int j=37; j<64; j++) {
        ^~~
        VITIS_LOOP_2489_17: 
/home/hoinguyen/Documents/Vitis/UpConv_HLS/upconv_core/upconv_core_top/hls/.autopilot/db/upconv_core_top.pp.0.cpp:20160:9: note: FIX-IT applied suggested code changes
/home/hoinguyen/Documents/Vitis/UpConv_HLS/upconv_core/upconv_core_top/hls/.autopilot/db/upconv_core_top.pp.0.cpp:20168:17: warning: Added loop label VITIS_LOOP_2497_18:   [xilinx-label-all-loops]
                for(int j=0; j<64; j++) {
                ^~~
                VITIS_LOOP_2497_18: 
/home/hoinguyen/Documents/Vitis/UpConv_HLS/upconv_core/upconv_core_top/hls/.autopilot/db/upconv_core_top.pp.0.cpp:20168:17: note: FIX-IT applied suggested code changes
/home/hoinguyen/Documents/Vitis/UpConv_HLS/upconv_core/upconv_core_top/hls/.autopilot/db/upconv_core_top.pp.0.cpp:20493:13: warning: Added loop label VITIS_LOOP_2822_19:   [xilinx-label-all-loops]
            for(int j=63; j>=I+31; j--) {
            ^~~
            VITIS_LOOP_2822_19: 
/home/hoinguyen/Documents/Vitis/UpConv_HLS/upconv_core/upconv_core_top/hls/.autopilot/db/upconv_core_top.pp.0.cpp:20493:13: note: FIX-IT applied suggested code changes
/home/hoinguyen/Documents/Vitis/UpConv_HLS/upconv_core/upconv_core_top/hls/.autopilot/db/upconv_core_top.pp.0.cpp:20500:17: warning: Added loop label VITIS_LOOP_2829_20:   [xilinx-label-all-loops]
                for(int j=63; j>=I+31; j--) {
                ^~~
                VITIS_LOOP_2829_20: 
/home/hoinguyen/Documents/Vitis/UpConv_HLS/upconv_core/upconv_core_top/hls/.autopilot/db/upconv_core_top.pp.0.cpp:20500:17: note: FIX-IT applied suggested code changes
/home/hoinguyen/Documents/Vitis/UpConv_HLS/upconv_core/upconv_core_top/hls/.autopilot/db/upconv_core_top.pp.0.cpp:20504:17: warning: Added loop label VITIS_LOOP_2833_21:   [xilinx-label-all-loops]
                for(int j=I+30; j>=0; j--) {
                ^~~
                VITIS_LOOP_2833_21: 
/home/hoinguyen/Documents/Vitis/UpConv_HLS/upconv_core/upconv_core_top/hls/.autopilot/db/upconv_core_top.pp.0.cpp:20504:17: note: FIX-IT applied suggested code changes
/home/hoinguyen/Documents/Vitis/UpConv_HLS/upconv_core/upconv_core_top/hls/.autopilot/db/upconv_core_top.pp.0.cpp:20592:4: warning: Added loop label VITIS_LOOP_2921_1:   [xilinx-label-all-loops]
   for(int j = 5; j>=I_+2; j--) {
   ^~~
   VITIS_LOOP_2921_1: 
/home/hoinguyen/Documents/Vitis/UpConv_HLS/upconv_core/upconv_core_top/hls/.autopilot/db/upconv_core_top.pp.0.cpp:20592:4: note: FIX-IT applied suggested code changes
/home/hoinguyen/Documents/Vitis/UpConv_HLS/upconv_core/upconv_core_top/hls/.autopilot/db/upconv_core_top.pp.0.cpp:20599:5: warning: Added loop label VITIS_LOOP_2928_2:   [xilinx-label-all-loops]
    for(int j = 5; j>=I_+2; j--) {
    ^~~
    VITIS_LOOP_2928_2: 
/home/hoinguyen/Documents/Vitis/UpConv_HLS/upconv_core/upconv_core_top/hls/.autopilot/db/upconv_core_top.pp.0.cpp:20599:5: note: FIX-IT applied suggested code changes
/home/hoinguyen/Documents/Vitis/UpConv_HLS/upconv_core/upconv_core_top/hls/.autopilot/db/upconv_core_top.pp.0.cpp:20603:5: warning: Added loop label VITIS_LOOP_2932_3:   [xilinx-label-all-loops]
    for(int j = I_+1; j>=0; j--) {
    ^~~
    VITIS_LOOP_2932_3: 
/home/hoinguyen/Documents/Vitis/UpConv_HLS/upconv_core/upconv_core_top/hls/.autopilot/db/upconv_core_top.pp.0.cpp:20603:5: note: FIX-IT applied suggested code changes
/home/hoinguyen/Documents/Vitis/UpConv_HLS/upconv_core/upconv_core_top/hls/.autopilot/db/upconv_core_top.pp.0.cpp:20618:3: warning: Added loop label VITIS_LOOP_2947_4:   [xilinx-label-all-loops]
  for(int j = 11; j >=7; j--) {
  ^~~
  VITIS_LOOP_2947_4: 
/home/hoinguyen/Documents/Vitis/UpConv_HLS/upconv_core/upconv_core_top/hls/.autopilot/db/upconv_core_top.pp.0.cpp:20618:3: note: FIX-IT applied suggested code changes
/home/hoinguyen/Documents/Vitis/UpConv_HLS/upconv_core/upconv_core_top/hls/.autopilot/db/upconv_core_top.pp.0.cpp:20650:4: warning: Added loop label VITIS_LOOP_2979_5:   [xilinx-label-all-loops]
   for(int j = 11; j >= I_+5; j--) {
   ^~~
   VITIS_LOOP_2979_5: 
/home/hoinguyen/Documents/Vitis/UpConv_HLS/upconv_core/upconv_core_top/hls/.autopilot/db/upconv_core_top.pp.0.cpp:20650:4: note: FIX-IT applied suggested code changes
/home/hoinguyen/Documents/Vitis/UpConv_HLS/upconv_core/upconv_core_top/hls/.autopilot/db/upconv_core_top.pp.0.cpp:20657:5: warning: Added loop label VITIS_LOOP_2986_6:   [xilinx-label-all-loops]
    for(int j = 11; j>= I_+5; j--) {
    ^~~
    VITIS_LOOP_2986_6: 
/home/hoinguyen/Documents/Vitis/UpConv_HLS/upconv_core/upconv_core_top/hls/.autopilot/db/upconv_core_top.pp.0.cpp:20657:5: note: FIX-IT applied suggested code changes
/home/hoinguyen/Documents/Vitis/UpConv_HLS/upconv_core/upconv_core_top/hls/.autopilot/db/upconv_core_top.pp.0.cpp:20661:5: warning: Added loop label VITIS_LOOP_2990_7:   [xilinx-label-all-loops]
    for(int j = I_+4; j>=0; j--) {
    ^~~
    VITIS_LOOP_2990_7: 
/home/hoinguyen/Documents/Vitis/UpConv_HLS/upconv_core/upconv_core_top/hls/.autopilot/db/upconv_core_top.pp.0.cpp:20661:5: note: FIX-IT applied suggested code changes
/home/hoinguyen/Documents/Vitis/UpConv_HLS/upconv_core/upconv_core_top/hls/.autopilot/db/upconv_core_top.pp.0.cpp:20676:3: warning: Added loop label VITIS_LOOP_3005_8:   [xilinx-label-all-loops]
  for(int j = 25; j>=15; j--) {
  ^~~
  VITIS_LOOP_3005_8: 
/home/hoinguyen/Documents/Vitis/UpConv_HLS/upconv_core/upconv_core_top/hls/.autopilot/db/upconv_core_top.pp.0.cpp:20676:3: note: FIX-IT applied suggested code changes
/home/hoinguyen/Documents/Vitis/UpConv_HLS/upconv_core/upconv_core_top/hls/.autopilot/db/upconv_core_top.pp.0.cpp:20726:4: warning: Added loop label VITIS_LOOP_3055_9:   [xilinx-label-all-loops]
   for(int j = 25; j>= I_+12; j--) {
   ^~~
   VITIS_LOOP_3055_9: 
/home/hoinguyen/Documents/Vitis/UpConv_HLS/upconv_core/upconv_core_top/hls/.autopilot/db/upconv_core_top.pp.0.cpp:20726:4: note: FIX-IT applied suggested code changes
/home/hoinguyen/Documents/Vitis/UpConv_HLS/upconv_core/upconv_core_top/hls/.autopilot/db/upconv_core_top.pp.0.cpp:20733:5: warning: Added loop label VITIS_LOOP_3062_10:   [xilinx-label-all-loops]
    for(int j = 25; j>=I_+12; j--) {
    ^~~
    VITIS_LOOP_3062_10: 
/home/hoinguyen/Documents/Vitis/UpConv_HLS/upconv_core/upconv_core_top/hls/.autopilot/db/upconv_core_top.pp.0.cpp:20733:5: note: FIX-IT applied suggested code changes
/home/hoinguyen/Documents/Vitis/UpConv_HLS/upconv_core/upconv_core_top/hls/.autopilot/db/upconv_core_top.pp.0.cpp:20737:5: warning: Added loop label VITIS_LOOP_3066_11:   [xilinx-label-all-loops]
    for(int j = I_+11; j>=0; j--) {
    ^~~
    VITIS_LOOP_3066_11: 
/home/hoinguyen/Documents/Vitis/UpConv_HLS/upconv_core/upconv_core_top/hls/.autopilot/db/upconv_core_top.pp.0.cpp:20737:5: note: FIX-IT applied suggested code changes
/home/hoinguyen/Documents/Vitis/UpConv_HLS/upconv_core/upconv_core_top/hls/.autopilot/db/upconv_core_top.pp.0.cpp:20752:3: warning: Added loop label VITIS_LOOP_3081_12:   [xilinx-label-all-loops]
  for(int j = 51; j >= 29; j--) {
  ^~~
  VITIS_LOOP_3081_12: 
/home/hoinguyen/Documents/Vitis/UpConv_HLS/upconv_core/upconv_core_top/hls/.autopilot/db/upconv_core_top.pp.0.cpp:20752:3: note: FIX-IT applied suggested code changes
/home/hoinguyen/Documents/Vitis/UpConv_HLS/upconv_core/upconv_core_top/hls/.autopilot/db/upconv_core_top.pp.0.cpp:20889:4: warning: Added loop label VITIS_LOOP_3218_13:   [xilinx-label-all-loops]
   for(int j = 51; j >= 25 + I_; j--) {
   ^~~
   VITIS_LOOP_3218_13: 
/home/hoinguyen/Documents/Vitis/UpConv_HLS/upconv_core/upconv_core_top/hls/.autopilot/db/upconv_core_top.pp.0.cpp:20889:4: note: FIX-IT applied suggested code changes
/home/hoinguyen/Documents/Vitis/UpConv_HLS/upconv_core/upconv_core_top/hls/.autopilot/db/upconv_core_top.pp.0.cpp:20896:5: warning: Added loop label VITIS_LOOP_3225_14:   [xilinx-label-all-loops]
    for(int j = 51; j>=25 + I_; j--) {
    ^~~
    VITIS_LOOP_3225_14: 
/home/hoinguyen/Documents/Vitis/UpConv_HLS/upconv_core/upconv_core_top/hls/.autopilot/db/upconv_core_top.pp.0.cpp:20896:5: note: FIX-IT applied suggested code changes
/home/hoinguyen/Documents/Vitis/UpConv_HLS/upconv_core/upconv_core_top/hls/.autopilot/db/upconv_core_top.pp.0.cpp:20900:5: warning: Added loop label VITIS_LOOP_3229_15:   [xilinx-label-all-loops]
    for(int j = 24 + I_; j >= 0; j--) {
    ^~~
    VITIS_LOOP_3229_15: 
/home/hoinguyen/Documents/Vitis/UpConv_HLS/upconv_core/upconv_core_top/hls/.autopilot/db/upconv_core_top.pp.0.cpp:20900:5: note: FIX-IT applied suggested code changes
/home/hoinguyen/Documents/Vitis/UpConv_HLS/upconv_core/upconv_core_top/hls/.autopilot/db/upconv_core_top.pp.0.cpp:20915:3: warning: Added loop label VITIS_LOOP_3244_16:   [xilinx-label-all-loops]
  for(int j = 63; j >= 36; j--) {
  ^~~
  VITIS_LOOP_3244_16: 
/home/hoinguyen/Documents/Vitis/UpConv_HLS/upconv_core/upconv_core_top/hls/.autopilot/db/upconv_core_top.pp.0.cpp:20915:3: note: FIX-IT applied suggested code changes
/home/hoinguyen/Documents/Vitis/UpConv_HLS/upconv_core/upconv_core_top/hls/.autopilot/db/upconv_core_top.pp.0.cpp:21075:4: warning: Added loop label VITIS_LOOP_3404_17:   [xilinx-label-all-loops]
   for(int j = 63; j >= 31 + I_; j--) {
   ^~~
   VITIS_LOOP_3404_17: 
/home/hoinguyen/Documents/Vitis/UpConv_HLS/upconv_core/upconv_core_top/hls/.autopilot/db/upconv_core_top.pp.0.cpp:21075:4: note: FIX-IT applied suggested code changes
/home/hoinguyen/Documents/Vitis/UpConv_HLS/upconv_core/upconv_core_top/hls/.autopilot/db/upconv_core_top.pp.0.cpp:21082:5: warning: Added loop label VITIS_LOOP_3411_18:   [xilinx-label-all-loops]
    for(int j = 63; j >= 31 + I_; j--) {
    ^~~
    VITIS_LOOP_3411_18: 
/home/hoinguyen/Documents/Vitis/UpConv_HLS/upconv_core/upconv_core_top/hls/.autopilot/db/upconv_core_top.pp.0.cpp:21082:5: note: FIX-IT applied suggested code changes
/home/hoinguyen/Documents/Vitis/UpConv_HLS/upconv_core/upconv_core_top/hls/.autopilot/db/upconv_core_top.pp.0.cpp:21086:5: warning: Added loop label VITIS_LOOP_3415_19:   [xilinx-label-all-loops]
    for(int j = 30 + I_; j >= 0; j--) {
    ^~~
    VITIS_LOOP_3415_19: 
/home/hoinguyen/Documents/Vitis/UpConv_HLS/upconv_core/upconv_core_top/hls/.autopilot/db/upconv_core_top.pp.0.cpp:21086:5: note: FIX-IT applied suggested code changes
/home/hoinguyen/Documents/Vitis/UpConv_HLS/upconv_core/upconv_core_top/hls/.autopilot/db/upconv_core_top.pp.0.cpp:21801:13: warning: Added loop label VITIS_LOOP_703_1:   [xilinx-label-all-loops]
            for (b_exp = I_-1; b_exp >= -F_; b_exp--) {
            ^~~
            VITIS_LOOP_703_1: 
/home/hoinguyen/Documents/Vitis/UpConv_HLS/upconv_core/upconv_core_top/hls/.autopilot/db/upconv_core_top.pp.0.cpp:21801:13: note: FIX-IT applied suggested code changes
/home/hoinguyen/Documents/Vitis/UpConv_HLS/upconv_core/upconv_core_top/hls/.autopilot/db/upconv_core_top.pp.0.cpp:22019:13: warning: Added loop label VITIS_LOOP_921_1:   [xilinx-label-all-loops]
            for (b_exp = I_-1; b_exp >= -F_; b_exp--) {
            ^~~
            VITIS_LOOP_921_1: 
/home/hoinguyen/Documents/Vitis/UpConv_HLS/upconv_core/upconv_core_top/hls/.autopilot/db/upconv_core_top.pp.0.cpp:22019:13: note: FIX-IT applied suggested code changes
/home/hoinguyen/Documents/Vitis/UpConv_HLS/upconv_core/upconv_core_top/hls/.autopilot/db/upconv_core_top.pp.0.cpp:22436:13: warning: Added loop label VITIS_LOOP_1345_1:   [xilinx-label-all-loops]
            for (b_exp = I_-1; b_exp >= -F_; b_exp--) {
            ^~~
            VITIS_LOOP_1345_1: 
/home/hoinguyen/Documents/Vitis/UpConv_HLS/upconv_core/upconv_core_top/hls/.autopilot/db/upconv_core_top.pp.0.cpp:22436:13: note: FIX-IT applied suggested code changes
/home/hoinguyen/Documents/Vitis/UpConv_HLS/upconv_core/upconv_core_top/hls/.autopilot/db/upconv_core_top.pp.0.cpp:22756:9: warning: Added loop label VITIS_LOOP_240_1:   [xilinx-label-all-loops]
        for ( int pos = msbr-1; pos >= 0; pos-- ) {
        ^~~
        VITIS_LOOP_240_1: 
/home/hoinguyen/Documents/Vitis/UpConv_HLS/upconv_core/upconv_core_top/hls/.autopilot/db/upconv_core_top.pp.0.cpp:22756:9: note: FIX-IT applied suggested code changes
/home/hoinguyen/Documents/Vitis/UpConv_HLS/upconv_core/upconv_core_top/hls/.autopilot/db/upconv_core_top.pp.0.cpp:22784:9: warning: Added loop label VITIS_LOOP_268_2:   [xilinx-label-all-loops]
        for ( int pos = -1; pos >= -F_-1; pos-- ) {
        ^~~
        VITIS_LOOP_268_2: 
/home/hoinguyen/Documents/Vitis/UpConv_HLS/upconv_core/upconv_core_top/hls/.autopilot/db/upconv_core_top.pp.0.cpp:22784:9: note: FIX-IT applied suggested code changes
/home/hoinguyen/Documents/Vitis/UpConv_HLS/upconv_core/upconv_core_top/hls/.autopilot/db/upconv_core_top.pp.0.cpp:23486:13: warning: Added loop label VITIS_LOOP_48_1:   [xilinx-label-all-loops]
            for (int j = 0; j < W_-1; j++){
            ^~~
            VITIS_LOOP_48_1: 
/home/hoinguyen/Documents/Vitis/UpConv_HLS/upconv_core/upconv_core_top/hls/.autopilot/db/upconv_core_top.pp.0.cpp:23486:13: note: FIX-IT applied suggested code changes
/home/hoinguyen/Documents/Vitis/UpConv_HLS/upconv_core/upconv_core_top/hls/.autopilot/db/upconv_core_top.pp.0.cpp:23539:5: warning: Added loop label VITIS_LOOP_109_2:   [xilinx-label-all-loops]
    for (int j = F_l+F_+I_m-1; j < F_l+W_+5; j++){
    ^~~
    VITIS_LOOP_109_2: 
/home/hoinguyen/Documents/Vitis/UpConv_HLS/upconv_core/upconv_core_top/hls/.autopilot/db/upconv_core_top.pp.0.cpp:23539:5: note: FIX-IT applied suggested code changes
/home/hoinguyen/Documents/Vitis/UpConv_HLS/upconv_core/upconv_core_top/hls/.autopilot/db/upconv_core_top.pp.0.cpp:23553:13: warning: Added loop label VITIS_LOOP_123_3:   [xilinx-label-all-loops]
            for (int j = WO_m-1; j >= W_-1; j--) {
            ^~~
            VITIS_LOOP_123_3: 
/home/hoinguyen/Documents/Vitis/UpConv_HLS/upconv_core/upconv_core_top/hls/.autopilot/db/upconv_core_top.pp.0.cpp:23553:13: note: FIX-IT applied suggested code changes
/home/hoinguyen/Documents/Vitis/UpConv_HLS/upconv_core/upconv_core_top/hls/.autopilot/db/upconv_core_top.pp.0.cpp:23583:13: warning: Added loop label VITIS_LOOP_153_4:   [xilinx-label-all-loops]
            for (int j = W_-2; j >= 0; j--){
            ^~~
            VITIS_LOOP_153_4: 
/home/hoinguyen/Documents/Vitis/UpConv_HLS/upconv_core/upconv_core_top/hls/.autopilot/db/upconv_core_top.pp.0.cpp:23583:13: note: FIX-IT applied suggested code changes
/home/hoinguyen/Documents/Vitis/UpConv_HLS/upconv_core/upconv_core_top/hls/.autopilot/db/upconv_core_top.pp.0.cpp:23668:12: warning: Added loop label VITIS_LOOP_281_1:   [xilinx-label-all-loops]
           for(int i = wf_log+we_log-2; i > WI_e - 2; --i) {
           ^~~
           VITIS_LOOP_281_1: 
/home/hoinguyen/Documents/Vitis/UpConv_HLS/upconv_core/upconv_core_top/hls/.autopilot/db/upconv_core_top.pp.0.cpp:23668:12: note: FIX-IT applied suggested code changes
/home/hoinguyen/Documents/Vitis/UpConv_HLS/upconv_core/upconv_core_top/hls/.autopilot/db/upconv_core_top.pp.0.cpp:23688:16: warning: Added loop label VITIS_LOOP_301_2:   [xilinx-label-all-loops]
               for (int j = WO_e-1; j >= W_-1; j--) {
               ^~~
               VITIS_LOOP_301_2: 
/home/hoinguyen/Documents/Vitis/UpConv_HLS/upconv_core/upconv_core_top/hls/.autopilot/db/upconv_core_top.pp.0.cpp:23688:16: note: FIX-IT applied suggested code changes
/home/hoinguyen/Documents/Vitis/UpConv_HLS/upconv_core/upconv_core_top/hls/.autopilot/db/upconv_core_top.pp.0.cpp:23702:20: warning: Added loop label VITIS_LOOP_315_3:   [xilinx-label-all-loops]
                   for(int i = 0; i < W_-1; ++i) {
                   ^~~
                   VITIS_LOOP_315_3: 
/home/hoinguyen/Documents/Vitis/UpConv_HLS/upconv_core/upconv_core_top/hls/.autopilot/db/upconv_core_top.pp.0.cpp:23702:20: note: FIX-IT applied suggested code changes
/home/hoinguyen/Documents/Vitis/UpConv_HLS/upconv_core/upconv_core_top/hls/.autopilot/db/upconv_core_top.pp.0.cpp:23795:12: warning: Added loop label VITIS_LOOP_433_1:   [xilinx-label-all-loops]
           for (int j =WO_d-1; j >= W_-1; j--) {
           ^~~
           VITIS_LOOP_433_1: 
/home/hoinguyen/Documents/Vitis/UpConv_HLS/upconv_core/upconv_core_top/hls/.autopilot/db/upconv_core_top.pp.0.cpp:23795:12: note: FIX-IT applied suggested code changes
/home/hoinguyen/Documents/Vitis/UpConv_HLS/upconv_core/upconv_core_top/hls/.autopilot/db/upconv_core_top.pp.0.cpp:23809:15: warning: Added loop label VITIS_LOOP_447_2:   [xilinx-label-all-loops]
              for(int i = 0; i < W_-1; ++i) {
              ^~~
              VITIS_LOOP_447_2: 
/home/hoinguyen/Documents/Vitis/UpConv_HLS/upconv_core/upconv_core_top/hls/.autopilot/db/upconv_core_top.pp.0.cpp:23809:15: note: FIX-IT applied suggested code changes
/home/hoinguyen/Documents/Vitis/UpConv_HLS/upconv_core/upconv_core_top/hls/.autopilot/db/upconv_core_top.pp.0.cpp:23929:13: warning: Added loop label VITIS_LOOP_33_1:   [xilinx-label-all-loops]
            for (int i = 0; i < W_-1; i++){
            ^~~
            VITIS_LOOP_33_1: 
/home/hoinguyen/Documents/Vitis/UpConv_HLS/upconv_core/upconv_core_top/hls/.autopilot/db/upconv_core_top.pp.0.cpp:23929:13: note: FIX-IT applied suggested code changes
/home/hoinguyen/Documents/Vitis/UpConv_HLS/upconv_core/upconv_core_top/hls/.autopilot/db/upconv_core_top.pp.0.cpp:24053:13: warning: Added loop label VITIS_LOOP_183_1:   [xilinx-label-all-loops]
            for (int i = 0; i < W_-1; i++){
            ^~~
            VITIS_LOOP_183_1: 
/home/hoinguyen/Documents/Vitis/UpConv_HLS/upconv_core/upconv_core_top/hls/.autopilot/db/upconv_core_top.pp.0.cpp:24053:13: note: FIX-IT applied suggested code changes
/home/hoinguyen/Documents/Vitis/UpConv_HLS/upconv_core/upconv_core_top/hls/.autopilot/db/upconv_core_top.pp.0.cpp:24108:13: warning: Added loop label VITIS_LOOP_248_1:   [xilinx-label-all-loops]
            for (int i = 0; i < W_-1; i++){
            ^~~
            VITIS_LOOP_248_1: 
/home/hoinguyen/Documents/Vitis/UpConv_HLS/upconv_core/upconv_core_top/hls/.autopilot/db/upconv_core_top.pp.0.cpp:24108:13: note: FIX-IT applied suggested code changes
/home/hoinguyen/Documents/Vitis/UpConv_HLS/upconv_core/upconv_core_top/hls/.autopilot/db/upconv_core_top.pp.0.cpp:24627:2: warning: Added loop label VITIS_LOOP_16_1:   [xilinx-label-all-loops]
 for (int i=0; i<W_;i++)
 ^~~
 VITIS_LOOP_16_1: 
/home/hoinguyen/Documents/Vitis/UpConv_HLS/upconv_core/upconv_core_top/hls/.autopilot/db/upconv_core_top.pp.0.cpp:24627:2: note: FIX-IT applied suggested code changes
/home/hoinguyen/Documents/Vitis/UpConv_HLS/upconv_core/upconv_core_top/hls/.autopilot/db/upconv_core_top.pp.0.cpp:24638:2: warning: Added loop label VITIS_LOOP_27_1:   [xilinx-label-all-loops]
 for (int i=0; i<W_;i++)
 ^~~
 VITIS_LOOP_27_1: 
/home/hoinguyen/Documents/Vitis/UpConv_HLS/upconv_core/upconv_core_top/hls/.autopilot/db/upconv_core_top.pp.0.cpp:24638:2: note: FIX-IT applied suggested code changes
/home/hoinguyen/Documents/Vitis/UpConv_HLS/upconv_core/upconv_core_top/hls/.autopilot/db/upconv_core_top.pp.0.cpp:24649:2: warning: Added loop label VITIS_LOOP_38_1:   [xilinx-label-all-loops]
 for (int i=0; i<I_;i++)
 ^~~
 VITIS_LOOP_38_1: 
/home/hoinguyen/Documents/Vitis/UpConv_HLS/upconv_core/upconv_core_top/hls/.autopilot/db/upconv_core_top.pp.0.cpp:24649:2: note: FIX-IT applied suggested code changes
/home/hoinguyen/Documents/Vitis/UpConv_HLS/upconv_core/upconv_core_top/hls/.autopilot/db/upconv_core_top.pp.0.cpp:24660:2: warning: Added loop label VITIS_LOOP_49_1:   [xilinx-label-all-loops]
 for (int i=0; i<I_;i++)
 ^~~
 VITIS_LOOP_49_1: 
/home/hoinguyen/Documents/Vitis/UpConv_HLS/upconv_core/upconv_core_top/hls/.autopilot/db/upconv_core_top.pp.0.cpp:24660:2: note: FIX-IT applied suggested code changes
/home/hoinguyen/Documents/Vitis/UpConv_HLS/upconv_core/upconv_core_top/hls/.autopilot/db/upconv_core_top.pp.0.cpp:24671:2: warning: Added loop label VITIS_LOOP_60_1:   [xilinx-label-all-loops]
 for (int i=0; i<W_;i++)
 ^~~
 VITIS_LOOP_60_1: 
/home/hoinguyen/Documents/Vitis/UpConv_HLS/upconv_core/upconv_core_top/hls/.autopilot/db/upconv_core_top.pp.0.cpp:24671:2: note: FIX-IT applied suggested code changes
/home/hoinguyen/Documents/Vitis/UpConv_HLS/upconv_core/upconv_core_top/hls/.autopilot/db/upconv_core_top.pp.0.cpp:24682:2: warning: Added loop label VITIS_LOOP_71_1:   [xilinx-label-all-loops]
 for (int i=0; i<W_;i++)
 ^~~
 VITIS_LOOP_71_1: 
/home/hoinguyen/Documents/Vitis/UpConv_HLS/upconv_core/upconv_core_top/hls/.autopilot/db/upconv_core_top.pp.0.cpp:24682:2: note: FIX-IT applied suggested code changes
/home/hoinguyen/Documents/Vitis/UpConv_HLS/upconv_core/upconv_core_top/hls/.autopilot/db/upconv_core_top.pp.0.cpp:24693:2: warning: Added loop label VITIS_LOOP_82_1:   [xilinx-label-all-loops]
 for (int i=0; i<I_;i++)
 ^~~
 VITIS_LOOP_82_1: 
/home/hoinguyen/Documents/Vitis/UpConv_HLS/upconv_core/upconv_core_top/hls/.autopilot/db/upconv_core_top.pp.0.cpp:24693:2: note: FIX-IT applied suggested code changes
/home/hoinguyen/Documents/Vitis/UpConv_HLS/upconv_core/upconv_core_top/hls/.autopilot/db/upconv_core_top.pp.0.cpp:24704:2: warning: Added loop label VITIS_LOOP_93_1:   [xilinx-label-all-loops]
 for (int i=0; i<I_;i++)
 ^~~
 VITIS_LOOP_93_1: 
/home/hoinguyen/Documents/Vitis/UpConv_HLS/upconv_core/upconv_core_top/hls/.autopilot/db/upconv_core_top.pp.0.cpp:24704:2: note: FIX-IT applied suggested code changes
/home/hoinguyen/Documents/Vitis/UpConv_HLS/upconv_core/upconv_core_top/hls/.autopilot/db/upconv_core_top.pp.0.cpp:27064:12: warning: Added loop label VITIS_LOOP_26_1:   [xilinx-label-all-loops]
           for(int i = 0; i < W_-1; ++i) {
           ^~~
           VITIS_LOOP_26_1: 
/home/hoinguyen/Documents/Vitis/UpConv_HLS/upconv_core/upconv_core_top/hls/.autopilot/db/upconv_core_top.pp.0.cpp:27064:12: note: FIX-IT applied suggested code changes
/home/hoinguyen/Documents/Vitis/UpConv_HLS/upconv_core/upconv_core_top/hls/.autopilot/db/upconv_core_top.pp.0.cpp:27128:7: warning: Added loop label VITIS_LOOP_40_1:   [xilinx-label-all-loops]
      for(int pos = msbr - 1 ; pos >= -F-1; pos--) {
      ^~~
      VITIS_LOOP_40_1: 
/home/hoinguyen/Documents/Vitis/UpConv_HLS/upconv_core/upconv_core_top/hls/.autopilot/db/upconv_core_top.pp.0.cpp:27128:7: note: FIX-IT applied suggested code changes
/home/hoinguyen/Documents/Vitis/UpConv_HLS/upconv_core/upconv_core_top/hls/.autopilot/db/upconv_core_top.pp.0.cpp:27245:9: warning: Added loop label VITIS_LOOP_49_1:   [xilinx-label-all-loops]
        for(int pos = msbr - 1; pos >= 0; pos--) {
        ^~~
        VITIS_LOOP_49_1: 
/home/hoinguyen/Documents/Vitis/UpConv_HLS/upconv_core/upconv_core_top/hls/.autopilot/db/upconv_core_top.pp.0.cpp:27245:9: note: FIX-IT applied suggested code changes
/home/hoinguyen/Documents/Vitis/UpConv_HLS/upconv_core/upconv_core_top/hls/.autopilot/db/upconv_core_top.pp.0.cpp:27270:5: warning: Added loop label VITIS_LOOP_81_2:   [xilinx-label-all-loops]
    for(int pos = -1; pos >= -F-1; pos--) {
    ^~~
    VITIS_LOOP_81_2: 
/home/hoinguyen/Documents/Vitis/UpConv_HLS/upconv_core/upconv_core_top/hls/.autopilot/db/upconv_core_top.pp.0.cpp:27270:5: note: FIX-IT applied suggested code changes
/home/hoinguyen/Documents/Vitis/UpConv_HLS/upconv_core/upconv_core_top/hls/.autopilot/db/upconv_core_top.pp.0.cpp:27340:8: warning: Added loop label VITIS_LOOP_169_3:   [xilinx-label-all-loops]
       for(int i = 0; i < W - 1; ++i) {
       ^~~
       VITIS_LOOP_169_3: 
/home/hoinguyen/Documents/Vitis/UpConv_HLS/upconv_core/upconv_core_top/hls/.autopilot/db/upconv_core_top.pp.0.cpp:27340:8: note: FIX-IT applied suggested code changes
/home/hoinguyen/Documents/Vitis/UpConv_HLS/upconv_core/upconv_core_top/hls/.autopilot/db/upconv_core_top.pp.0.cpp:30119:21: warning: Added loop label VITIS_LOOP_132_1:   [xilinx-label-all-loops]
                    for (int l = 0; l < 16; l++) {
                    ^~~
                    VITIS_LOOP_132_1: 
/home/hoinguyen/Documents/Vitis/UpConv_HLS/upconv_core/upconv_core_top/hls/.autopilot/db/upconv_core_top.pp.0.cpp:30119:21: note: FIX-IT applied suggested code changes
/home/hoinguyen/Documents/Vitis/UpConv_HLS/upconv_core/upconv_core_top/hls/.autopilot/db/upconv_core_top.pp.0.cpp:30124:9: error: Invalid Directive: for current device, hmul + fabric is invalid combination for bind_op [clang-diagnostic-error]
#pragma HLS BIND_OP variable=prod op=hmul impl=fabric
        ^
/home/hoinguyen/Documents/Vitis/UpConv_HLS/upconv_core/upconv_core_top/hls/.autopilot/db/upconv_core_top.pp.0.cpp:30177:48: error: Invalid Directive: for current device, ram_t2p + uram is invalid combination for BIND_STORAGE's option 'type + impl' [clang-diagnostic-error]
#pragma HLS BIND_STORAGE variable=row_acc type=ram_t2p impl=uram
                                               ^
/home/hoinguyen/Documents/Vitis/UpConv_HLS/upconv_core/upconv_core_top/hls/.autopilot/db/upconv_core_top.pp.0.cpp:30190:2: warning: Added loop label VITIS_LOOP_203_1:   [xilinx-label-all-loops]
 for (int l = 0; l < 16; l++) {
 ^~~
 VITIS_LOOP_203_1: 
/home/hoinguyen/Documents/Vitis/UpConv_HLS/upconv_core/upconv_core_top/hls/.autopilot/db/upconv_core_top.pp.0.cpp:30190:2: note: FIX-IT applied suggested code changes
/home/hoinguyen/Documents/Vitis/UpConv_HLS/upconv_core/upconv_core_top/hls/.autopilot/db/upconv_core_top.pp.0.cpp:30204:45: error: Invalid Directive: for current device, ram_t2p + uram is invalid combination for BIND_STORAGE's option 'type + impl' [clang-diagnostic-error]
#pragma HLS BIND_STORAGE variable=wbuf type=ram_t2p impl=uram
                                            ^
/home/hoinguyen/Documents/Vitis/UpConv_HLS/upconv_core/upconv_core_top/hls/.autopilot/db/upconv_core_top.pp.0.cpp:30211:46: error: Invalid Directive: for current device, ram_t2p + bram is invalid combination for BIND_STORAGE's option 'type + impl' [clang-diagnostic-error]
#pragma HLS BIND_STORAGE variable=b_buf type=ram_t2p impl=bram
                                             ^
/home/hoinguyen/Documents/Vitis/UpConv_HLS/upconv_core/upconv_core_top/hls/.autopilot/db/upconv_core_top.pp.0.cpp:30212:46: error: Invalid Directive: for current device, ram_t2p + bram is invalid combination for BIND_STORAGE's option 'type + impl' [clang-diagnostic-error]
#pragma HLS BIND_STORAGE variable=g_buf type=ram_t2p impl=bram
                                             ^
/home/hoinguyen/Documents/Vitis/UpConv_HLS/upconv_core/upconv_core_top/hls/.autopilot/db/upconv_core_top.pp.0.cpp:30213:47: error: Invalid Directive: for current device, ram_t2p + bram is invalid combination for BIND_STORAGE's option 'type + impl' [clang-diagnostic-error]
#pragma HLS BIND_STORAGE variable=be_buf type=ram_t2p impl=bram
                                              ^
/home/hoinguyen/Documents/Vitis/UpConv_HLS/upconv_core/upconv_core_top/hls/.autopilot/db/upconv_core_top.pp.0.cpp:30228:49: error: Invalid Directive: for current device, ram_2p + lutram is invalid combination for BIND_STORAGE's option 'type + impl' [clang-diagnostic-error]
#pragma HLS BIND_STORAGE variable=mean_buf type=ram_2p impl=lutram
                                                ^
/home/hoinguyen/Documents/Vitis/UpConv_HLS/upconv_core/upconv_core_top/hls/.autopilot/db/upconv_core_top.pp.0.cpp:30229:48: error: Invalid Directive: for current device, ram_2p + lutram is invalid combination for BIND_STORAGE's option 'type + impl' [clang-diagnostic-error]
#pragma HLS BIND_STORAGE variable=inv_buf type=ram_2p impl=lutram
                                               ^
/home/hoinguyen/Documents/Vitis/UpConv_HLS/upconv_core/upconv_core_top/hls/.autopilot/db/upconv_core_top.pp.0.cpp:30252:13: warning: Added loop label VITIS_LOOP_265_2:   [xilinx-label-all-loops]
            for (int r = 0; r < 8; r++) {
            ^~~
            VITIS_LOOP_265_2: 
/home/hoinguyen/Documents/Vitis/UpConv_HLS/upconv_core/upconv_core_top/hls/.autopilot/db/upconv_core_top.pp.0.cpp:30252:13: note: FIX-IT applied suggested code changes
/home/hoinguyen/Documents/Vitis/UpConv_HLS/upconv_core/upconv_core_top/hls/.autopilot/db/upconv_core_top.pp.0.cpp:30274:9: warning: Added loop label VITIS_LOOP_287_3:   [xilinx-label-all-loops]
        for (int l = 0; l < 16; l++) {
        ^~~
        VITIS_LOOP_287_3: 
/home/hoinguyen/Documents/Vitis/UpConv_HLS/upconv_core/upconv_core_top/hls/.autopilot/db/upconv_core_top.pp.0.cpp:30274:9: note: FIX-IT applied suggested code changes
/home/hoinguyen/Documents/Vitis/UpConv_HLS/upconv_core/upconv_core_top/hls/.autopilot/db/upconv_core_top.pp.0.cpp:30327:46: error: Invalid Directive: for current device, ram_t2p + uram is invalid combination for BIND_STORAGE's option 'type + impl' [clang-diagnostic-error]
#pragma HLS BIND_STORAGE variable=x_buf type=ram_t2p impl=uram
                                             ^
/home/hoinguyen/Documents/Vitis/UpConv_HLS/upconv_core/upconv_core_top/hls/.autopilot/db/upconv_core_top.pp.0.cpp:30348:2: warning: Added loop label VITIS_LOOP_58_1:   [xilinx-label-all-loops]
 for (int ciw = 0; ciw < ci_words; ciw++) {
 ^~~
 VITIS_LOOP_58_1: 
/home/hoinguyen/Documents/Vitis/UpConv_HLS/upconv_core/upconv_core_top/hls/.autopilot/db/upconv_core_top.pp.0.cpp:30348:2: note: FIX-IT applied suggested code changes
/home/hoinguyen/Documents/Vitis/UpConv_HLS/upconv_core/upconv_core_top/hls/.autopilot/db/upconv_core_top.pp.0.cpp:30362:2: warning: Added loop label VITIS_LOOP_72_2:   [xilinx-label-all-loops]
 for (int ciw = 0; ciw < ci_words; ciw++) {
 ^~~
 VITIS_LOOP_72_2: 
/home/hoinguyen/Documents/Vitis/UpConv_HLS/upconv_core/upconv_core_top/hls/.autopilot/db/upconv_core_top.pp.0.cpp:30362:2: note: FIX-IT applied suggested code changes
