

================================================================
== Vitis HLS Report for 'upconv_core_top'
================================================================
* Date:           Thu Jun 18 11:21:22 2026

* Version:        2024.2 (Build 5238294 on Nov  8 2024)
* Project:        upconv_core_top
* Solution:       hls (Vivado IP Flow Target)
* Product family: zynquplus
* Target device:  xczu7ev-ffvc1156-2-e


================================================================
== Performance Estimates
================================================================
+ Timing: 
    * Summary: 
    +--------+---------+----------+------------+
    |  Clock |  Target | Estimated| Uncertainty|
    +--------+---------+----------+------------+
    |ap_clk  |  3.33 ns|  3.239 ns|     0.90 ns|
    +--------+---------+----------+------------+

+ Latency: 
    * Summary: 
    +---------+-----------+----------+-----------+-------+-----------+---------+
    |   Latency (cycles)  |  Latency (absolute)  |      Interval     | Pipeline|
    |   min   |    max    |    min   |    max    |  min  |    max    |   Type  |
    +---------+-----------+----------+-----------+-------+-----------+---------+
    |    87613|  737659389|  0.292 ms|  2.459 sec|  87614|  737659390|       no|
    +---------+-----------+----------+-----------+-------+-----------+---------+

    + Detail: 
        * Instance: 
        N/A

        * Loop: 
        +------------+---------+-----------+----------------+-----------+-----------+----------+----------+
        |            |   Latency (cycles)  |    Iteration   |  Initiation Interval  |   Trip   |          |
        |  Loop Name |   min   |    max    |     Latency    |  achieved |   target  |   Count  | Pipelined|
        +------------+---------+-----------+----------------+-----------+-----------+----------+----------+
        |- ROW_LOOP  |    82140|  731896428|  5476 ~ 5762964|          -|          -|  15 ~ 127|        no|
        +------------+---------+-----------+----------------+-----------+-----------+----------+----------+

============================================================
+ Verbose Summary: Synthesis Manager
============================================================
InlineROM: 1
ExposeGlobal: 0
============================================================
+ Verbose Summary: CDFG Model
============================================================
IsTopModel: 1
ResetActiveHigh: 1
IsCombinational: 0
IsDatapathOnly: 0
HasWiredReturn: 1
HasMFsm: 0
HasVarLatency: 1
IsPipeline: 0
IsRtlPipelined: 0
IsInstanceOverlapped: 0
IsDontTouch: 0
HasImplIP: 0
IsGatedGlobalClock: 0


============================================================
+ Verbose Summary: Schedule
============================================================
* Number of FSM states : 34
* Pipeline : 0
* Dataflow Pipeline: 0

* FSM state transitions: 
1 --> 2 
2 --> 3 
3 --> 4 
4 --> 5 
5 --> 6 
6 --> 7 
7 --> 8 
8 --> 9 
9 --> 10 
10 --> 11 
11 --> 12 
12 --> 13 
13 --> 14 
14 --> 15 
15 --> 16 33 
16 --> 17 
17 --> 18 
18 --> 19 
19 --> 20 
20 --> 21 
21 --> 22 
22 --> 23 
23 --> 24 
24 --> 25 
25 --> 26 
26 --> 27 
27 --> 28 
28 --> 29 
29 --> 30 
30 --> 31 
31 --> 32 
32 --> 15 
33 --> 34 
34 --> 

* FSM state operations: 

State 1 <SV = 0> <Delay = 2.31>
ST_1 : Operation 35 [1/1] (0.00ns)   --->   "%hi = alloca i32 1" [../gen2/upconv_core_top.cpp:67]   --->   Operation 35 'alloca' 'hi' <Predicate = true> <Delay = 0.00>
ST_1 : Operation 36 [1/1] (0.00ns)   --->   "%indvar = alloca i32 1"   --->   Operation 36 'alloca' 'indvar' <Predicate = true> <Delay = 0.00>
ST_1 : Operation 37 [1/1] (1.00ns)   --->   "%mode_read = read i32 @_ssdm_op_Read.s_axilite.i32, i32 %mode" [../gen2/upconv_core_top.cpp:7]   --->   Operation 37 'read' 'mode_read' <Predicate = true> <Delay = 1.00> <CoreInst = "s_axilite">   --->   Core 120 's_axilite' <Latency = 0> <II = 1> <Delay = 1.00> <Adapter> <Opcode : 'read' 'write'>
ST_1 : Operation 38 [1/1] (1.00ns)   --->   "%epsilon_read = read i16 @_ssdm_op_Read.s_axilite.half, i16 %epsilon" [../gen2/upconv_core_top.cpp:7]   --->   Operation 38 'read' 'epsilon_read' <Predicate = true> <Delay = 1.00> <CoreInst = "s_axilite">   --->   Core 120 's_axilite' <Latency = 0> <II = 1> <Delay = 1.00> <Adapter> <Opcode : 'read' 'write'>
ST_1 : Operation 39 [1/1] (1.00ns)   --->   "%Y_read = read i64 @_ssdm_op_Read.s_axilite.i64, i64 %Y" [../gen2/upconv_core_top.cpp:7]   --->   Operation 39 'read' 'Y_read' <Predicate = true> <Delay = 1.00> <CoreInst = "s_axilite">   --->   Core 120 's_axilite' <Latency = 0> <II = 1> <Delay = 1.00> <Adapter> <Opcode : 'read' 'write'>
ST_1 : Operation 40 [1/1] (1.00ns)   --->   "%BE_read = read i64 @_ssdm_op_Read.s_axilite.i64, i64 %BE" [../gen2/upconv_core_top.cpp:7]   --->   Operation 40 'read' 'BE_read' <Predicate = true> <Delay = 1.00> <CoreInst = "s_axilite">   --->   Core 120 's_axilite' <Latency = 0> <II = 1> <Delay = 1.00> <Adapter> <Opcode : 'read' 'write'>
ST_1 : Operation 41 [1/1] (1.00ns)   --->   "%G_read = read i64 @_ssdm_op_Read.s_axilite.i64, i64 %G" [../gen2/upconv_core_top.cpp:7]   --->   Operation 41 'read' 'G_read' <Predicate = true> <Delay = 1.00> <CoreInst = "s_axilite">   --->   Core 120 's_axilite' <Latency = 0> <II = 1> <Delay = 1.00> <Adapter> <Opcode : 'read' 'write'>
ST_1 : Operation 42 [1/1] (1.00ns)   --->   "%B_read = read i64 @_ssdm_op_Read.s_axilite.i64, i64 %B" [../gen2/upconv_core_top.cpp:7]   --->   Operation 42 'read' 'B_read' <Predicate = true> <Delay = 1.00> <CoreInst = "s_axilite">   --->   Core 120 's_axilite' <Latency = 0> <II = 1> <Delay = 1.00> <Adapter> <Opcode : 'read' 'write'>
ST_1 : Operation 43 [1/1] (1.00ns)   --->   "%W_read = read i64 @_ssdm_op_Read.s_axilite.i64, i64 %W" [../gen2/upconv_core_top.cpp:7]   --->   Operation 43 'read' 'W_read' <Predicate = true> <Delay = 1.00> <CoreInst = "s_axilite">   --->   Core 120 's_axilite' <Latency = 0> <II = 1> <Delay = 1.00> <Adapter> <Opcode : 'read' 'write'>
ST_1 : Operation 44 [1/1] (1.00ns)   --->   "%X_read = read i64 @_ssdm_op_Read.s_axilite.i64, i64 %X" [../gen2/upconv_core_top.cpp:7]   --->   Operation 44 'read' 'X_read' <Predicate = true> <Delay = 1.00> <CoreInst = "s_axilite">   --->   Core 120 's_axilite' <Latency = 0> <II = 1> <Delay = 1.00> <Adapter> <Opcode : 'read' 'write'>
ST_1 : Operation 45 [1/1] (0.52ns)   --->   "%c_out = sparsemux i9 @_ssdm_op_SparseMux.ap_auto.4i9.i9.i32, i32 0, i9 480, i32 1, i9 240, i32 2, i9 120, i32 3, i9 60, i9 16, i32 %mode_read" [../gen2/upconv_core_top.cpp:7]   --->   Operation 45 'sparsemux' 'c_out' <Predicate = true> <Delay = 0.52> <CoreInst = "BinarySparseMux_HasDef">   --->   Core 150 'BinarySparseMux_HasDef' <Latency = 0> <II = 1> <Delay = 0.52> <FuncUnit> <Opcode : 'sparsemux'> <InPorts = 2> <OutPorts = 1>
ST_1 : Operation 46 [1/1] (0.52ns)   --->   "%c_in = sparsemux i10 @_ssdm_op_SparseMux.ap_auto.4i10.i10.i32, i32 0, i10 960, i32 1, i10 480, i32 2, i10 240, i32 3, i10 120, i10 16, i32 %mode_read" [../gen2/upconv_core_top.cpp:7]   --->   Operation 46 'sparsemux' 'c_in' <Predicate = true> <Delay = 0.52> <CoreInst = "BinarySparseMux_HasDef">   --->   Core 150 'BinarySparseMux_HasDef' <Latency = 0> <II = 1> <Delay = 0.52> <FuncUnit> <Opcode : 'sparsemux'> <InPorts = 2> <OutPorts = 1>
ST_1 : Operation 47 [1/1] (0.52ns)   --->   "%w_in = sparsemux i8 @_ssdm_op_SparseMux.ap_auto.4i8.i8.i32, i32 0, i8 16, i32 1, i8 32, i32 2, i8 64, i32 3, i8 128, i8 16, i32 %mode_read" [../gen2/upconv_core_top.cpp:56]   --->   Operation 47 'sparsemux' 'w_in' <Predicate = true> <Delay = 0.52> <CoreInst = "BinarySparseMux_HasDef">   --->   Core 150 'BinarySparseMux_HasDef' <Latency = 0> <II = 1> <Delay = 0.52> <FuncUnit> <Opcode : 'sparsemux'> <InPorts = 2> <OutPorts = 1>
ST_1 : Operation 48 [1/1] (0.78ns)   --->   "%add_ln53 = add i10 %c_in, i10 15" [../gen2/upconv_core_top.cpp:53]   --->   Operation 48 'add' 'add_ln53' <Predicate = true> <Delay = 0.78> <CoreInst = "Adder">   --->   Core 1 'Adder' <Latency = 0> <II = 1> <Delay = 0.78> <FuncUnit> <Opcode : 'add' 'sub'> <InPorts = 2> <OutPorts = 1>
ST_1 : Operation 49 [1/1] (0.00ns)   --->   "%ci_words = partselect i6 @_ssdm_op_PartSelect.i6.i10.i32.i32, i10 %add_ln53, i32 4, i32 9" [../gen2/upconv_core_top.cpp:53]   --->   Operation 49 'partselect' 'ci_words' <Predicate = true> <Delay = 0.00>
ST_1 : Operation 50 [1/1] (0.00ns)   --->   "%trunc_ln = partselect i59 @_ssdm_op_PartSelect.i59.i64.i32.i32, i64 %X_read, i32 5, i32 63" [../gen2/upconv_core_top.cpp:56]   --->   Operation 50 'partselect' 'trunc_ln' <Predicate = true> <Delay = 0.00>
ST_1 : Operation 51 [1/1] (0.42ns)   --->   "%store_ln0 = store i7 0, i7 %indvar"   --->   Operation 51 'store' 'store_ln0' <Predicate = true> <Delay = 0.42>
ST_1 : Operation 52 [1/1] (0.42ns)   --->   "%store_ln67 = store i8 1, i8 %hi" [../gen2/upconv_core_top.cpp:67]   --->   Operation 52 'store' 'store_ln67' <Predicate = true> <Delay = 0.42>

State 2 <SV = 1> <Delay = 1.65>
ST_2 : Operation 53 [1/1] (0.00ns)   --->   "%zext_ln56 = zext i6 %ci_words" [../gen2/upconv_core_top.cpp:56]   --->   Operation 53 'zext' 'zext_ln56' <Predicate = true> <Delay = 0.00>
ST_2 : Operation 54 [1/1] (0.00ns)   --->   "%zext_ln56_1 = zext i8 %w_in" [../gen2/upconv_core_top.cpp:56]   --->   Operation 54 'zext' 'zext_ln56_1' <Predicate = true> <Delay = 0.00>
ST_2 : Operation 55 [1/1] (1.65ns)   --->   "%mul_ln56 = mul i14 %zext_ln56, i14 %zext_ln56_1" [../gen2/upconv_core_top.cpp:56]   --->   Operation 55 'mul' 'mul_ln56' <Predicate = true> <Delay = 1.65> <CoreInst = "Multiplier">   --->   Core 3 'Multiplier' <Latency = 0> <II = 1> <Delay = 1.65> <FuncUnit> <Opcode : 'mul'> <InPorts = 2> <OutPorts = 1>
ST_2 : Operation 56 [1/1] (0.00ns)   --->   "%trunc_ln56 = trunc i14 %mul_ln56" [../gen2/upconv_core_top.cpp:56]   --->   Operation 56 'trunc' 'trunc_ln56' <Predicate = true> <Delay = 0.00>

State 3 <SV = 2> <Delay = 2.43>
ST_3 : Operation 57 [1/1] (0.00ns)   --->   "%zext_ln56_2 = zext i14 %mul_ln56" [../gen2/upconv_core_top.cpp:56]   --->   Operation 57 'zext' 'zext_ln56_2' <Predicate = true> <Delay = 0.00>
ST_3 : Operation 58 [1/1] (0.00ns)   --->   "%sext_ln56 = sext i59 %trunc_ln" [../gen2/upconv_core_top.cpp:56]   --->   Operation 58 'sext' 'sext_ln56' <Predicate = true> <Delay = 0.00>
ST_3 : Operation 59 [1/1] (0.00ns)   --->   "%gmem_in_addr = getelementptr i256 %gmem_in, i64 %sext_ln56" [../gen2/upconv_core_top.cpp:56]   --->   Operation 59 'getelementptr' 'gmem_in_addr' <Predicate = true> <Delay = 0.00>
ST_3 : Operation 60 [8/8] (2.43ns)   --->   "%empty = readreq i1 @_ssdm_op_ReadReq.m_axi.p1i256, i256 %gmem_in_addr, i64 %zext_ln56_2" [../gen2/upconv_core_top.cpp:56]   --->   Operation 60 'readreq' 'empty' <Predicate = true> <Delay = 2.43> <CoreInst = "m_axi">   --->   Core 119 'm_axi' <Latency = 6> <II = 1> <Delay = 1.00> <Adapter> <Opcode : 'read' 'write' 'readreq' 'writereq' 'writeresp'>

State 4 <SV = 3> <Delay = 2.43>
ST_4 : Operation 61 [7/8] (2.43ns)   --->   "%empty = readreq i1 @_ssdm_op_ReadReq.m_axi.p1i256, i256 %gmem_in_addr, i64 %zext_ln56_2" [../gen2/upconv_core_top.cpp:56]   --->   Operation 61 'readreq' 'empty' <Predicate = true> <Delay = 2.43> <CoreInst = "m_axi">   --->   Core 119 'm_axi' <Latency = 6> <II = 1> <Delay = 1.00> <Adapter> <Opcode : 'read' 'write' 'readreq' 'writereq' 'writeresp'>

State 5 <SV = 4> <Delay = 2.43>
ST_5 : Operation 62 [6/8] (2.43ns)   --->   "%empty = readreq i1 @_ssdm_op_ReadReq.m_axi.p1i256, i256 %gmem_in_addr, i64 %zext_ln56_2" [../gen2/upconv_core_top.cpp:56]   --->   Operation 62 'readreq' 'empty' <Predicate = true> <Delay = 2.43> <CoreInst = "m_axi">   --->   Core 119 'm_axi' <Latency = 6> <II = 1> <Delay = 1.00> <Adapter> <Opcode : 'read' 'write' 'readreq' 'writereq' 'writeresp'>

State 6 <SV = 5> <Delay = 2.43>
ST_6 : Operation 63 [5/8] (2.43ns)   --->   "%empty = readreq i1 @_ssdm_op_ReadReq.m_axi.p1i256, i256 %gmem_in_addr, i64 %zext_ln56_2" [../gen2/upconv_core_top.cpp:56]   --->   Operation 63 'readreq' 'empty' <Predicate = true> <Delay = 2.43> <CoreInst = "m_axi">   --->   Core 119 'm_axi' <Latency = 6> <II = 1> <Delay = 1.00> <Adapter> <Opcode : 'read' 'write' 'readreq' 'writereq' 'writeresp'>

State 7 <SV = 6> <Delay = 2.43>
ST_7 : Operation 64 [4/8] (2.43ns)   --->   "%empty = readreq i1 @_ssdm_op_ReadReq.m_axi.p1i256, i256 %gmem_in_addr, i64 %zext_ln56_2" [../gen2/upconv_core_top.cpp:56]   --->   Operation 64 'readreq' 'empty' <Predicate = true> <Delay = 2.43> <CoreInst = "m_axi">   --->   Core 119 'm_axi' <Latency = 6> <II = 1> <Delay = 1.00> <Adapter> <Opcode : 'read' 'write' 'readreq' 'writereq' 'writeresp'>

State 8 <SV = 7> <Delay = 2.43>
ST_8 : Operation 65 [3/8] (2.43ns)   --->   "%empty = readreq i1 @_ssdm_op_ReadReq.m_axi.p1i256, i256 %gmem_in_addr, i64 %zext_ln56_2" [../gen2/upconv_core_top.cpp:56]   --->   Operation 65 'readreq' 'empty' <Predicate = true> <Delay = 2.43> <CoreInst = "m_axi">   --->   Core 119 'm_axi' <Latency = 6> <II = 1> <Delay = 1.00> <Adapter> <Opcode : 'read' 'write' 'readreq' 'writereq' 'writeresp'>

State 9 <SV = 8> <Delay = 2.43>
ST_9 : Operation 66 [2/8] (2.43ns)   --->   "%empty = readreq i1 @_ssdm_op_ReadReq.m_axi.p1i256, i256 %gmem_in_addr, i64 %zext_ln56_2" [../gen2/upconv_core_top.cpp:56]   --->   Operation 66 'readreq' 'empty' <Predicate = true> <Delay = 2.43> <CoreInst = "m_axi">   --->   Core 119 'm_axi' <Latency = 6> <II = 1> <Delay = 1.00> <Adapter> <Opcode : 'read' 'write' 'readreq' 'writereq' 'writeresp'>

State 10 <SV = 9> <Delay = 2.43>
ST_10 : Operation 67 [1/8] (2.43ns)   --->   "%empty = readreq i1 @_ssdm_op_ReadReq.m_axi.p1i256, i256 %gmem_in_addr, i64 %zext_ln56_2" [../gen2/upconv_core_top.cpp:56]   --->   Operation 67 'readreq' 'empty' <Predicate = true> <Delay = 2.43> <CoreInst = "m_axi">   --->   Core 119 'm_axi' <Latency = 6> <II = 1> <Delay = 1.00> <Adapter> <Opcode : 'read' 'write' 'readreq' 'writereq' 'writeresp'>

State 11 <SV = 10> <Delay = 1.24>
ST_11 : Operation 68 [2/2] (1.24ns)   --->   "%call_ln56 = call void @upconv_core_top_Pipeline_LOAD_ROW0_VITIS_LOOP_58_1, i256 %gmem_in, i13 %trunc_ln56, i59 %trunc_ln, i6 %ci_words, i6 %ci_words, i256 %x_buf" [../gen2/upconv_core_top.cpp:56]   --->   Operation 68 'call' 'call_ln56' <Predicate = true> <Delay = 1.24> <CoreType = "Generic">   --->   Generic Core

State 12 <SV = 11> <Delay = 0.00>
ST_12 : Operation 69 [1/2] (0.00ns)   --->   "%call_ln56 = call void @upconv_core_top_Pipeline_LOAD_ROW0_VITIS_LOOP_58_1, i256 %gmem_in, i13 %trunc_ln56, i59 %trunc_ln, i6 %ci_words, i6 %ci_words, i256 %x_buf" [../gen2/upconv_core_top.cpp:56]   --->   Operation 69 'call' 'call_ln56' <Predicate = true> <Delay = 0.00> <CoreType = "Generic">   --->   Generic Core

State 13 <SV = 12> <Delay = 3.23>
ST_13 : Operation 70 [2/2] (3.23ns)   --->   "%call_ln64 = call void @UpConv_Fused_Row<8>, i256 %gmem_weight, i64 %W_read, i256 %gmem_param, i64 %B_read, i64 %G_read, i64 %BE_read, i256 %gmem_out, i64 %Y_read, i16 %epsilon_read, i8 %w_in, i8 %w_in, i10 %c_in, i9 %c_out, i8 0, i16 %void_UpConv_Fused_Row_ap_uint_ap_uint_const_ap_uint_const_ap_uint_const_ap_u_9, i16 %void_UpConv_Fused_Row_ap_uint_ap_uint_const_ap_uint_const_ap_uint_const_ap_u_8, i16 %void_UpConv_Fused_Row_ap_uint_ap_uint_const_ap_uint_const_ap_uint_const_ap_u_7, i16 %void_UpConv_Fused_Row_ap_uint_ap_uint_const_ap_uint_const_ap_uint_const_ap_u_6, i16 %void_UpConv_Fused_Row_ap_uint_ap_uint_const_ap_uint_const_ap_uint_const_ap_u_5, i16 %void_UpConv_Fused_Row_ap_uint_ap_uint_const_ap_uint_const_ap_uint_const_ap_u_4, i16 %void_UpConv_Fused_Row_ap_uint_ap_uint_const_ap_uint_const_ap_uint_const_ap_u_3, i16 %void_UpConv_Fused_Row_ap_uint_ap_uint_const_ap_uint_const_ap_uint_const_ap_u_2, i16 %void_UpConv_Fused_Row_ap_uint_ap_uint_const_ap_uint_const_ap_uint_const_ap_u_1, i16 %void_UpConv_Fused_Row_ap_uint_ap_uint_const_ap_uint_const_ap_uint_const_ap_u, i16 %void_UpConv_Fused_Row_8_ap_uint_256_ap_uint_256_const_ap_uint_256_const_ap_uint_256_const_ap_uint_256_const_ap_uint_256_decimal16_int_int_int_int_int_row_acc, i16 %void_UpConv_Fused_Row_8_ap_uint_256_ap_uint_256_const_ap_uint_256_const_ap_uint_256_const_ap_uint_256_const_ap_uint_256_decimal16_int_int_int_int_int_row_acc_0, i16 %void_UpConv_Fused_Row_8_ap_uint_256_ap_uint_256_const_ap_uint_256_const_ap_uint_256_const_ap_uint_256_const_ap_uint_256_decimal16_int_int_int_int_int_row_acc_1, i16 %void_UpConv_Fused_Row_8_ap_uint_256_ap_uint_256_const_ap_uint_256_const_ap_uint_256_const_ap_uint_256_const_ap_uint_256_decimal16_int_int_int_int_int_row_acc_2, i16 %void_UpConv_Fused_Row_8_ap_uint_256_ap_uint_256_const_ap_uint_256_const_ap_uint_256_const_ap_uint_256_const_ap_uint_256_decimal16_int_int_int_int_int_row_acc_3, i16 %void_UpConv_Fused_Row_8_ap_uint_256_ap_uint_256_const_ap_uint_256_const_ap_uint_256_const_ap_uint_256_const_ap_uint_256_decimal16_int_int_int_int_int_row_acc_4, i256 %x_buf, i32 %mean_buf, i16 %inv_buf" [../gen2/upconv_core_top.cpp:64]   --->   Operation 70 'call' 'call_ln64' <Predicate = true> <Delay = 3.23> <CoreType = "Generic">   --->   Generic Core

State 14 <SV = 13> <Delay = 0.00>
ST_14 : Operation 71 [1/1] (0.00ns)   --->   "%spectopmodule_ln6 = spectopmodule void @_ssdm_op_SpecTopModule, void @empty_146" [../gen2/upconv_core_top.cpp:6]   --->   Operation 71 'spectopmodule' 'spectopmodule_ln6' <Predicate = true> <Delay = 0.00>
ST_14 : Operation 72 [1/1] (0.00ns)   --->   "%specinterface_ln0 = specinterface void @_ssdm_op_SpecInterface, i256 %gmem_in, void @empty_161, i32 0, i32 0, void @empty_80, i32 0, i32 0, void @empty_118, void @empty_138, void @empty_80, i32 16, i32 16, i32 64, i32 16, void @empty_80, void @empty_80, i32 4294967295, i32 0, i32 0"   --->   Operation 72 'specinterface' 'specinterface_ln0' <Predicate = true> <Delay = 0.00>
ST_14 : Operation 73 [1/1] (0.00ns)   --->   "%specbitsmap_ln0 = specbitsmap void @_ssdm_op_SpecBitsMap, i256 %gmem_in"   --->   Operation 73 'specbitsmap' 'specbitsmap_ln0' <Predicate = true> <Delay = 0.00>
ST_14 : Operation 74 [1/1] (0.00ns)   --->   "%specinterface_ln0 = specinterface void @_ssdm_op_SpecInterface, i256 %gmem_weight, void @empty_161, i32 0, i32 0, void @empty_80, i32 0, i32 0, void @empty_56, void @empty_138, void @empty_80, i32 16, i32 16, i32 64, i32 16, void @empty_80, void @empty_80, i32 4294967295, i32 0, i32 0"   --->   Operation 74 'specinterface' 'specinterface_ln0' <Predicate = true> <Delay = 0.00>
ST_14 : Operation 75 [1/1] (0.00ns)   --->   "%specbitsmap_ln0 = specbitsmap void @_ssdm_op_SpecBitsMap, i256 %gmem_weight"   --->   Operation 75 'specbitsmap' 'specbitsmap_ln0' <Predicate = true> <Delay = 0.00>
ST_14 : Operation 76 [1/1] (0.00ns)   --->   "%specinterface_ln0 = specinterface void @_ssdm_op_SpecInterface, i256 %gmem_param, void @empty_161, i32 0, i32 0, void @empty_80, i32 0, i32 0, void @empty_100, void @empty_138, void @empty_80, i32 16, i32 16, i32 64, i32 16, void @empty_80, void @empty_80, i32 4294967295, i32 0, i32 0"   --->   Operation 76 'specinterface' 'specinterface_ln0' <Predicate = true> <Delay = 0.00>
ST_14 : Operation 77 [1/1] (0.00ns)   --->   "%specbitsmap_ln0 = specbitsmap void @_ssdm_op_SpecBitsMap, i256 %gmem_param"   --->   Operation 77 'specbitsmap' 'specbitsmap_ln0' <Predicate = true> <Delay = 0.00>
ST_14 : Operation 78 [1/1] (0.00ns)   --->   "%specinterface_ln0 = specinterface void @_ssdm_op_SpecInterface, i256 %gmem_out, void @empty_161, i32 0, i32 0, void @empty_80, i32 0, i32 0, void @empty_155, void @empty_138, void @empty_80, i32 16, i32 16, i32 16, i32 64, void @empty_80, void @empty_80, i32 4294967295, i32 0, i32 0"   --->   Operation 78 'specinterface' 'specinterface_ln0' <Predicate = true> <Delay = 0.00>
ST_14 : Operation 79 [1/1] (0.00ns)   --->   "%specbitsmap_ln0 = specbitsmap void @_ssdm_op_SpecBitsMap, i256 %gmem_out"   --->   Operation 79 'specbitsmap' 'specbitsmap_ln0' <Predicate = true> <Delay = 0.00>
ST_14 : Operation 80 [1/1] (0.00ns)   --->   "%specinterface_ln0 = specinterface void @_ssdm_op_SpecInterface, i64 %X, void @empty_121, i32 4294967295, i32 4294967295, void @empty_122, i32 0, i32 0, void @empty_86, void @empty_81, void @empty_80, i32 0, i32 0, i32 0, i32 0, void @empty_80, void @empty_82, i32 4294967295, i32 0, i32 0"   --->   Operation 80 'specinterface' 'specinterface_ln0' <Predicate = true> <Delay = 0.00>
ST_14 : Operation 81 [1/1] (0.00ns)   --->   "%specinterface_ln0 = specinterface void @_ssdm_op_SpecInterface, i64 %X, void @empty_89, i32 4294967295, i32 4294967295, void @empty_80, i32 0, i32 0, void @empty_80, void @empty_80, void @empty_80, i32 0, i32 0, i32 0, i32 0, void @empty_80, void @empty_82, i32 4294967295, i32 0, i32 0"   --->   Operation 81 'specinterface' 'specinterface_ln0' <Predicate = true> <Delay = 0.00>
ST_14 : Operation 82 [1/1] (0.00ns)   --->   "%specinterface_ln0 = specinterface void @_ssdm_op_SpecInterface, i64 %W, void @empty_121, i32 4294967295, i32 4294967295, void @empty_122, i32 0, i32 0, void @empty_86, void @empty_149, void @empty_80, i32 0, i32 0, i32 0, i32 0, void @empty_80, void @empty_82, i32 4294967295, i32 0, i32 0"   --->   Operation 82 'specinterface' 'specinterface_ln0' <Predicate = true> <Delay = 0.00>
ST_14 : Operation 83 [1/1] (0.00ns)   --->   "%specinterface_ln0 = specinterface void @_ssdm_op_SpecInterface, i64 %W, void @empty_89, i32 4294967295, i32 4294967295, void @empty_80, i32 0, i32 0, void @empty_80, void @empty_80, void @empty_80, i32 0, i32 0, i32 0, i32 0, void @empty_80, void @empty_82, i32 4294967295, i32 0, i32 0"   --->   Operation 83 'specinterface' 'specinterface_ln0' <Predicate = true> <Delay = 0.00>
ST_14 : Operation 84 [1/1] (0.00ns)   --->   "%specinterface_ln0 = specinterface void @_ssdm_op_SpecInterface, i64 %B, void @empty_121, i32 4294967295, i32 4294967295, void @empty_122, i32 0, i32 0, void @empty_86, void @empty_120, void @empty_80, i32 0, i32 0, i32 0, i32 0, void @empty_80, void @empty_82, i32 4294967295, i32 0, i32 0"   --->   Operation 84 'specinterface' 'specinterface_ln0' <Predicate = true> <Delay = 0.00>
ST_14 : Operation 85 [1/1] (0.00ns)   --->   "%specinterface_ln0 = specinterface void @_ssdm_op_SpecInterface, i64 %B, void @empty_89, i32 4294967295, i32 4294967295, void @empty_80, i32 0, i32 0, void @empty_80, void @empty_80, void @empty_80, i32 0, i32 0, i32 0, i32 0, void @empty_80, void @empty_82, i32 4294967295, i32 0, i32 0"   --->   Operation 85 'specinterface' 'specinterface_ln0' <Predicate = true> <Delay = 0.00>
ST_14 : Operation 86 [1/1] (0.00ns)   --->   "%specinterface_ln0 = specinterface void @_ssdm_op_SpecInterface, i64 %G, void @empty_121, i32 4294967295, i32 4294967295, void @empty_122, i32 0, i32 0, void @empty_86, void @empty_141, void @empty_80, i32 0, i32 0, i32 0, i32 0, void @empty_80, void @empty_82, i32 4294967295, i32 0, i32 0"   --->   Operation 86 'specinterface' 'specinterface_ln0' <Predicate = true> <Delay = 0.00>
ST_14 : Operation 87 [1/1] (0.00ns)   --->   "%specinterface_ln0 = specinterface void @_ssdm_op_SpecInterface, i64 %G, void @empty_89, i32 4294967295, i32 4294967295, void @empty_80, i32 0, i32 0, void @empty_80, void @empty_80, void @empty_80, i32 0, i32 0, i32 0, i32 0, void @empty_80, void @empty_82, i32 4294967295, i32 0, i32 0"   --->   Operation 87 'specinterface' 'specinterface_ln0' <Predicate = true> <Delay = 0.00>
ST_14 : Operation 88 [1/1] (0.00ns)   --->   "%specinterface_ln0 = specinterface void @_ssdm_op_SpecInterface, i64 %BE, void @empty_121, i32 4294967295, i32 4294967295, void @empty_122, i32 0, i32 0, void @empty_86, void @empty_142, void @empty_80, i32 0, i32 0, i32 0, i32 0, void @empty_80, void @empty_82, i32 4294967295, i32 0, i32 0"   --->   Operation 88 'specinterface' 'specinterface_ln0' <Predicate = true> <Delay = 0.00>
ST_14 : Operation 89 [1/1] (0.00ns)   --->   "%specinterface_ln0 = specinterface void @_ssdm_op_SpecInterface, i64 %BE, void @empty_89, i32 4294967295, i32 4294967295, void @empty_80, i32 0, i32 0, void @empty_80, void @empty_80, void @empty_80, i32 0, i32 0, i32 0, i32 0, void @empty_80, void @empty_82, i32 4294967295, i32 0, i32 0"   --->   Operation 89 'specinterface' 'specinterface_ln0' <Predicate = true> <Delay = 0.00>
ST_14 : Operation 90 [1/1] (0.00ns)   --->   "%specinterface_ln0 = specinterface void @_ssdm_op_SpecInterface, i64 %Y, void @empty_121, i32 4294967295, i32 4294967295, void @empty_122, i32 0, i32 0, void @empty_86, void @empty_143, void @empty_80, i32 0, i32 0, i32 0, i32 0, void @empty_80, void @empty_82, i32 4294967295, i32 0, i32 0"   --->   Operation 90 'specinterface' 'specinterface_ln0' <Predicate = true> <Delay = 0.00>
ST_14 : Operation 91 [1/1] (0.00ns)   --->   "%specinterface_ln0 = specinterface void @_ssdm_op_SpecInterface, i64 %Y, void @empty_89, i32 4294967295, i32 4294967295, void @empty_80, i32 0, i32 0, void @empty_80, void @empty_80, void @empty_80, i32 0, i32 0, i32 0, i32 0, void @empty_80, void @empty_82, i32 4294967295, i32 0, i32 0"   --->   Operation 91 'specinterface' 'specinterface_ln0' <Predicate = true> <Delay = 0.00>
ST_14 : Operation 92 [1/1] (0.00ns)   --->   "%specbitsmap_ln0 = specbitsmap void @_ssdm_op_SpecBitsMap, i16 %epsilon"   --->   Operation 92 'specbitsmap' 'specbitsmap_ln0' <Predicate = true> <Delay = 0.00>
ST_14 : Operation 93 [1/1] (0.00ns)   --->   "%specinterface_ln0 = specinterface void @_ssdm_op_SpecInterface, i16 %epsilon, void @empty_121, i32 4294967295, i32 4294967295, void @empty_122, i32 0, i32 0, void @empty_86, void @empty_68, void @empty_80, i32 0, i32 0, i32 0, i32 0, void @empty_80, void @empty_80, i32 4294967295, i32 0, i32 0"   --->   Operation 93 'specinterface' 'specinterface_ln0' <Predicate = true> <Delay = 0.00>
ST_14 : Operation 94 [1/1] (0.00ns)   --->   "%specinterface_ln0 = specinterface void @_ssdm_op_SpecInterface, i16 %epsilon, void @empty_89, i32 4294967295, i32 4294967295, void @empty_80, i32 0, i32 0, void @empty_80, void @empty_80, void @empty_80, i32 0, i32 0, i32 0, i32 0, void @empty_80, void @empty_80, i32 4294967295, i32 0, i32 0"   --->   Operation 94 'specinterface' 'specinterface_ln0' <Predicate = true> <Delay = 0.00>
ST_14 : Operation 95 [1/1] (0.00ns)   --->   "%specbitsmap_ln0 = specbitsmap void @_ssdm_op_SpecBitsMap, i32 %mode"   --->   Operation 95 'specbitsmap' 'specbitsmap_ln0' <Predicate = true> <Delay = 0.00>
ST_14 : Operation 96 [1/1] (0.00ns)   --->   "%specinterface_ln0 = specinterface void @_ssdm_op_SpecInterface, i32 %mode, void @empty_121, i32 4294967295, i32 4294967295, void @empty_122, i32 0, i32 0, void @empty_86, void @empty_145, void @empty_80, i32 0, i32 0, i32 0, i32 0, void @empty_80, void @empty_80, i32 4294967295, i32 0, i32 0"   --->   Operation 96 'specinterface' 'specinterface_ln0' <Predicate = true> <Delay = 0.00>
ST_14 : Operation 97 [1/1] (0.00ns)   --->   "%specinterface_ln0 = specinterface void @_ssdm_op_SpecInterface, i32 %mode, void @empty_89, i32 4294967295, i32 4294967295, void @empty_80, i32 0, i32 0, void @empty_80, void @empty_80, void @empty_80, i32 0, i32 0, i32 0, i32 0, void @empty_80, void @empty_80, i32 4294967295, i32 0, i32 0"   --->   Operation 97 'specinterface' 'specinterface_ln0' <Predicate = true> <Delay = 0.00>
ST_14 : Operation 98 [1/1] (0.00ns)   --->   "%specinterface_ln0 = specinterface void @_ssdm_op_SpecInterface, i32 0, void @empty_121, i32 0, i32 0, void @empty_80, i32 0, i32 0, void @empty_86, void @empty_80, void @empty_80, i32 0, i32 0, i32 0, i32 0, void @empty_80, void @empty_80, i32 4294967295, i32 0, i32 0"   --->   Operation 98 'specinterface' 'specinterface_ln0' <Predicate = true> <Delay = 0.00>
ST_14 : Operation 99 [1/1] (0.00ns)   --->   "%specmemcore_ln37 = specmemcore void @_ssdm_op_SpecMemCore, i256 %x_buf, i64 666, i64 31, i64 18446744073709551615" [../gen2/upconv_core_top.cpp:37]   --->   Operation 99 'specmemcore' 'specmemcore_ln37' <Predicate = true> <Delay = 0.00>
ST_14 : Operation 100 [1/1] (0.00ns)   --->   "%zext_ln56_3 = zext i14 %mul_ln56" [../gen2/upconv_core_top.cpp:56]   --->   Operation 100 'zext' 'zext_ln56_3' <Predicate = true> <Delay = 0.00>
ST_14 : Operation 101 [1/2] (0.00ns)   --->   "%call_ln64 = call void @UpConv_Fused_Row<8>, i256 %gmem_weight, i64 %W_read, i256 %gmem_param, i64 %B_read, i64 %G_read, i64 %BE_read, i256 %gmem_out, i64 %Y_read, i16 %epsilon_read, i8 %w_in, i8 %w_in, i10 %c_in, i9 %c_out, i8 0, i16 %void_UpConv_Fused_Row_ap_uint_ap_uint_const_ap_uint_const_ap_uint_const_ap_u_9, i16 %void_UpConv_Fused_Row_ap_uint_ap_uint_const_ap_uint_const_ap_uint_const_ap_u_8, i16 %void_UpConv_Fused_Row_ap_uint_ap_uint_const_ap_uint_const_ap_uint_const_ap_u_7, i16 %void_UpConv_Fused_Row_ap_uint_ap_uint_const_ap_uint_const_ap_uint_const_ap_u_6, i16 %void_UpConv_Fused_Row_ap_uint_ap_uint_const_ap_uint_const_ap_uint_const_ap_u_5, i16 %void_UpConv_Fused_Row_ap_uint_ap_uint_const_ap_uint_const_ap_uint_const_ap_u_4, i16 %void_UpConv_Fused_Row_ap_uint_ap_uint_const_ap_uint_const_ap_uint_const_ap_u_3, i16 %void_UpConv_Fused_Row_ap_uint_ap_uint_const_ap_uint_const_ap_uint_const_ap_u_2, i16 %void_UpConv_Fused_Row_ap_uint_ap_uint_const_ap_uint_const_ap_uint_const_ap_u_1, i16 %void_UpConv_Fused_Row_ap_uint_ap_uint_const_ap_uint_const_ap_uint_const_ap_u, i16 %void_UpConv_Fused_Row_8_ap_uint_256_ap_uint_256_const_ap_uint_256_const_ap_uint_256_const_ap_uint_256_const_ap_uint_256_decimal16_int_int_int_int_int_row_acc, i16 %void_UpConv_Fused_Row_8_ap_uint_256_ap_uint_256_const_ap_uint_256_const_ap_uint_256_const_ap_uint_256_const_ap_uint_256_decimal16_int_int_int_int_int_row_acc_0, i16 %void_UpConv_Fused_Row_8_ap_uint_256_ap_uint_256_const_ap_uint_256_const_ap_uint_256_const_ap_uint_256_const_ap_uint_256_decimal16_int_int_int_int_int_row_acc_1, i16 %void_UpConv_Fused_Row_8_ap_uint_256_ap_uint_256_const_ap_uint_256_const_ap_uint_256_const_ap_uint_256_const_ap_uint_256_decimal16_int_int_int_int_int_row_acc_2, i16 %void_UpConv_Fused_Row_8_ap_uint_256_ap_uint_256_const_ap_uint_256_const_ap_uint_256_const_ap_uint_256_const_ap_uint_256_decimal16_int_int_int_int_int_row_acc_3, i16 %void_UpConv_Fused_Row_8_ap_uint_256_ap_uint_256_const_ap_uint_256_const_ap_uint_256_const_ap_uint_256_const_ap_uint_256_decimal16_int_int_int_int_int_row_acc_4, i256 %x_buf, i32 %mean_buf, i16 %inv_buf" [../gen2/upconv_core_top.cpp:64]   --->   Operation 101 'call' 'call_ln64' <Predicate = true> <Delay = 0.00> <CoreType = "Generic">   --->   Generic Core
ST_14 : Operation 102 [1/1] (0.00ns)   --->   "%br_ln67 = br void %LOAD_ROW" [../gen2/upconv_core_top.cpp:67]   --->   Operation 102 'br' 'br_ln67' <Predicate = true> <Delay = 0.00>

State 15 <SV = 14> <Delay = 1.20>
ST_15 : Operation 103 [1/1] (0.00ns)   --->   "%hi_1 = load i8 %hi" [../gen2/upconv_core_top.cpp:78]   --->   Operation 103 'load' 'hi_1' <Predicate = true> <Delay = 0.00>
ST_15 : Operation 104 [1/1] (0.00ns)   --->   "%indvar_load = load i7 %indvar" [../gen2/upconv_core_top.cpp:67]   --->   Operation 104 'load' 'indvar_load' <Predicate = true> <Delay = 0.00>
ST_15 : Operation 105 [1/1] (0.76ns)   --->   "%icmp_ln67 = icmp_ult  i8 %hi_1, i8 %w_in" [../gen2/upconv_core_top.cpp:67]   --->   Operation 105 'icmp' 'icmp_ln67' <Predicate = true> <Delay = 0.76> <CoreInst = "Cmp">   --->   Core 9 'Cmp' <Latency = 0> <II = 1> <Delay = 0.76> <FuncUnit> <Opcode : 'seteq' 'setne' 'setle' 'setge' 'setlt' 'setgt'> <InPorts = 2> <OutPorts = 1>
ST_15 : Operation 106 [1/1] (0.77ns)   --->   "%add_ln67_1 = add i7 %indvar_load, i7 1" [../gen2/upconv_core_top.cpp:67]   --->   Operation 106 'add' 'add_ln67_1' <Predicate = true> <Delay = 0.77> <CoreInst = "Adder">   --->   Core 1 'Adder' <Latency = 0> <II = 1> <Delay = 0.77> <FuncUnit> <Opcode : 'add' 'sub'> <InPorts = 2> <OutPorts = 1>
ST_15 : Operation 107 [1/1] (0.00ns)   --->   "%br_ln67 = br i1 %icmp_ln67, void %for.end66, void %LOAD_ROW.split" [../gen2/upconv_core_top.cpp:67]   --->   Operation 107 'br' 'br_ln67' <Predicate = true> <Delay = 0.00>
ST_15 : Operation 108 [1/1] (0.00ns)   --->   "%zext_ln67 = zext i7 %indvar_load" [../gen2/upconv_core_top.cpp:67]   --->   Operation 108 'zext' 'zext_ln67' <Predicate = (icmp_ln67)> <Delay = 0.00>
ST_15 : Operation 109 [3/3] (0.99ns) (grouped into DSP with root node add_ln69)   --->   "%mul_ln69 = mul i20 %zext_ln56_3, i20 %zext_ln67" [../gen2/upconv_core_top.cpp:69]   --->   Operation 109 'mul' 'mul_ln69' <Predicate = (icmp_ln67)> <Delay = 0.99> <CoreInst = "DSP48">   --->   Core 124 'DSP48' <Latency = 3> <II = 1> <Delay = 0.53> <IPBlock> <Opcode : '' 'add' 'sub' 'mul' 'select'> <InPorts = 0> <OutPorts = 1> <Sync> <CReg>
ST_15 : Operation 110 [1/1] (0.76ns)   --->   "%add_ln67 = add i8 %hi_1, i8 1" [../gen2/upconv_core_top.cpp:67]   --->   Operation 110 'add' 'add_ln67' <Predicate = (icmp_ln67)> <Delay = 0.76> <CoreInst = "Adder">   --->   Core 1 'Adder' <Latency = 0> <II = 1> <Delay = 0.76> <FuncUnit> <Opcode : 'add' 'sub'> <InPorts = 2> <OutPorts = 1>
ST_15 : Operation 111 [1/1] (0.42ns)   --->   "%store_ln67 = store i7 %add_ln67_1, i7 %indvar" [../gen2/upconv_core_top.cpp:67]   --->   Operation 111 'store' 'store_ln67' <Predicate = (icmp_ln67)> <Delay = 0.42>
ST_15 : Operation 112 [1/1] (0.42ns)   --->   "%store_ln67 = store i8 %add_ln67, i8 %hi" [../gen2/upconv_core_top.cpp:67]   --->   Operation 112 'store' 'store_ln67' <Predicate = (icmp_ln67)> <Delay = 0.42>
ST_15 : Operation 113 [1/1] (0.00ns) (grouped into LUT with out node add_ln83)   --->   "%shl_ln83 = shl i8 %w_in, i8 1" [../gen2/upconv_core_top.cpp:83]   --->   Operation 113 'shl' 'shl_ln83' <Predicate = (!icmp_ln67)> <Delay = 0.00>
ST_15 : Operation 114 [1/1] (0.76ns) (out node of the LUT)   --->   "%add_ln83 = add i8 %shl_ln83, i8 255" [../gen2/upconv_core_top.cpp:83]   --->   Operation 114 'add' 'add_ln83' <Predicate = (!icmp_ln67)> <Delay = 0.76> <CoreInst = "Adder">   --->   Core 1 'Adder' <Latency = 0> <II = 1> <Delay = 0.76> <FuncUnit> <Opcode : 'add' 'sub'> <InPorts = 2> <OutPorts = 1>

State 16 <SV = 15> <Delay = 0.99>
ST_16 : Operation 115 [2/3] (0.99ns) (grouped into DSP with root node add_ln69)   --->   "%mul_ln69 = mul i20 %zext_ln56_3, i20 %zext_ln67" [../gen2/upconv_core_top.cpp:69]   --->   Operation 115 'mul' 'mul_ln69' <Predicate = true> <Delay = 0.99> <CoreInst = "DSP48">   --->   Core 124 'DSP48' <Latency = 3> <II = 1> <Delay = 0.53> <IPBlock> <Opcode : '' 'add' 'sub' 'mul' 'select'> <InPorts = 0> <OutPorts = 1> <Sync> <CReg>

State 17 <SV = 16> <Delay = 0.64>
ST_17 : Operation 116 [1/3] (0.00ns) (grouped into DSP with root node add_ln69)   --->   "%mul_ln69 = mul i20 %zext_ln56_3, i20 %zext_ln67" [../gen2/upconv_core_top.cpp:69]   --->   Operation 116 'mul' 'mul_ln69' <Predicate = true> <Delay = 0.00> <CoreInst = "DSP48">   --->   Core 124 'DSP48' <Latency = 3> <II = 1> <Delay = 0.53> <IPBlock> <Opcode : '' 'add' 'sub' 'mul' 'select'> <InPorts = 0> <OutPorts = 1> <Sync> <CReg>
ST_17 : Operation 117 [2/2] (0.64ns) (root node of the DSP)   --->   "%add_ln69 = add i20 %mul_ln69, i20 %zext_ln56_3" [../gen2/upconv_core_top.cpp:69]   --->   Operation 117 'add' 'add_ln69' <Predicate = true> <Delay = 0.64> <CoreInst = "DSP48">   --->   Core 124 'DSP48' <Latency = 3> <II = 1> <Delay = 0.53> <IPBlock> <Opcode : '' 'add' 'sub' 'mul' 'select'> <InPorts = 0> <OutPorts = 1> <Sync> <CReg>

State 18 <SV = 17> <Delay = 1.73>
ST_18 : Operation 118 [1/2] (0.64ns) (root node of the DSP)   --->   "%add_ln69 = add i20 %mul_ln69, i20 %zext_ln56_3" [../gen2/upconv_core_top.cpp:69]   --->   Operation 118 'add' 'add_ln69' <Predicate = true> <Delay = 0.64> <CoreInst = "DSP48">   --->   Core 124 'DSP48' <Latency = 3> <II = 1> <Delay = 0.53> <IPBlock> <Opcode : '' 'add' 'sub' 'mul' 'select'> <InPorts = 0> <OutPorts = 1> <Sync> <CReg>
ST_18 : Operation 119 [1/1] (0.00ns)   --->   "%shl_ln = bitconcatenate i25 @_ssdm_op_BitConcatenate.i25.i20.i5, i20 %add_ln69, i5 0" [../gen2/upconv_core_top.cpp:69]   --->   Operation 119 'bitconcatenate' 'shl_ln' <Predicate = true> <Delay = 0.00>
ST_18 : Operation 120 [1/1] (0.00ns)   --->   "%zext_ln69 = zext i25 %shl_ln" [../gen2/upconv_core_top.cpp:69]   --->   Operation 120 'zext' 'zext_ln69' <Predicate = true> <Delay = 0.00>
ST_18 : Operation 121 [1/1] (1.08ns)   --->   "%add_ln69_1 = add i64 %zext_ln69, i64 %X_read" [../gen2/upconv_core_top.cpp:69]   --->   Operation 121 'add' 'add_ln69_1' <Predicate = true> <Delay = 1.08> <CoreInst = "Adder">   --->   Core 1 'Adder' <Latency = 0> <II = 1> <Delay = 1.08> <FuncUnit> <Opcode : 'add' 'sub'> <InPorts = 2> <OutPorts = 1>
ST_18 : Operation 122 [1/1] (0.00ns)   --->   "%trunc_ln1 = partselect i59 @_ssdm_op_PartSelect.i59.i64.i32.i32, i64 %add_ln69_1, i32 5, i32 63" [../gen2/upconv_core_top.cpp:70]   --->   Operation 122 'partselect' 'trunc_ln1' <Predicate = true> <Delay = 0.00>

State 19 <SV = 18> <Delay = 2.43>
ST_19 : Operation 123 [1/1] (0.00ns)   --->   "%sext_ln70 = sext i59 %trunc_ln1" [../gen2/upconv_core_top.cpp:70]   --->   Operation 123 'sext' 'sext_ln70' <Predicate = true> <Delay = 0.00>
ST_19 : Operation 124 [1/1] (0.00ns)   --->   "%gmem_in_addr_1 = getelementptr i256 %gmem_in, i64 %sext_ln70" [../gen2/upconv_core_top.cpp:70]   --->   Operation 124 'getelementptr' 'gmem_in_addr_1' <Predicate = true> <Delay = 0.00>
ST_19 : Operation 125 [8/8] (2.43ns)   --->   "%empty_192 = readreq i1 @_ssdm_op_ReadReq.m_axi.p1i256, i256 %gmem_in_addr_1, i64 %zext_ln56_2" [../gen2/upconv_core_top.cpp:70]   --->   Operation 125 'readreq' 'empty_192' <Predicate = true> <Delay = 2.43> <CoreInst = "m_axi">   --->   Core 119 'm_axi' <Latency = 6> <II = 1> <Delay = 1.00> <Adapter> <Opcode : 'read' 'write' 'readreq' 'writereq' 'writeresp'>

State 20 <SV = 19> <Delay = 2.43>
ST_20 : Operation 126 [7/8] (2.43ns)   --->   "%empty_192 = readreq i1 @_ssdm_op_ReadReq.m_axi.p1i256, i256 %gmem_in_addr_1, i64 %zext_ln56_2" [../gen2/upconv_core_top.cpp:70]   --->   Operation 126 'readreq' 'empty_192' <Predicate = true> <Delay = 2.43> <CoreInst = "m_axi">   --->   Core 119 'm_axi' <Latency = 6> <II = 1> <Delay = 1.00> <Adapter> <Opcode : 'read' 'write' 'readreq' 'writereq' 'writeresp'>

State 21 <SV = 20> <Delay = 2.43>
ST_21 : Operation 127 [6/8] (2.43ns)   --->   "%empty_192 = readreq i1 @_ssdm_op_ReadReq.m_axi.p1i256, i256 %gmem_in_addr_1, i64 %zext_ln56_2" [../gen2/upconv_core_top.cpp:70]   --->   Operation 127 'readreq' 'empty_192' <Predicate = true> <Delay = 2.43> <CoreInst = "m_axi">   --->   Core 119 'm_axi' <Latency = 6> <II = 1> <Delay = 1.00> <Adapter> <Opcode : 'read' 'write' 'readreq' 'writereq' 'writeresp'>

State 22 <SV = 21> <Delay = 2.43>
ST_22 : Operation 128 [5/8] (2.43ns)   --->   "%empty_192 = readreq i1 @_ssdm_op_ReadReq.m_axi.p1i256, i256 %gmem_in_addr_1, i64 %zext_ln56_2" [../gen2/upconv_core_top.cpp:70]   --->   Operation 128 'readreq' 'empty_192' <Predicate = true> <Delay = 2.43> <CoreInst = "m_axi">   --->   Core 119 'm_axi' <Latency = 6> <II = 1> <Delay = 1.00> <Adapter> <Opcode : 'read' 'write' 'readreq' 'writereq' 'writeresp'>

State 23 <SV = 22> <Delay = 2.43>
ST_23 : Operation 129 [4/8] (2.43ns)   --->   "%empty_192 = readreq i1 @_ssdm_op_ReadReq.m_axi.p1i256, i256 %gmem_in_addr_1, i64 %zext_ln56_2" [../gen2/upconv_core_top.cpp:70]   --->   Operation 129 'readreq' 'empty_192' <Predicate = true> <Delay = 2.43> <CoreInst = "m_axi">   --->   Core 119 'm_axi' <Latency = 6> <II = 1> <Delay = 1.00> <Adapter> <Opcode : 'read' 'write' 'readreq' 'writereq' 'writeresp'>

State 24 <SV = 23> <Delay = 2.43>
ST_24 : Operation 130 [3/8] (2.43ns)   --->   "%empty_192 = readreq i1 @_ssdm_op_ReadReq.m_axi.p1i256, i256 %gmem_in_addr_1, i64 %zext_ln56_2" [../gen2/upconv_core_top.cpp:70]   --->   Operation 130 'readreq' 'empty_192' <Predicate = true> <Delay = 2.43> <CoreInst = "m_axi">   --->   Core 119 'm_axi' <Latency = 6> <II = 1> <Delay = 1.00> <Adapter> <Opcode : 'read' 'write' 'readreq' 'writereq' 'writeresp'>

State 25 <SV = 24> <Delay = 2.43>
ST_25 : Operation 131 [2/8] (2.43ns)   --->   "%empty_192 = readreq i1 @_ssdm_op_ReadReq.m_axi.p1i256, i256 %gmem_in_addr_1, i64 %zext_ln56_2" [../gen2/upconv_core_top.cpp:70]   --->   Operation 131 'readreq' 'empty_192' <Predicate = true> <Delay = 2.43> <CoreInst = "m_axi">   --->   Core 119 'm_axi' <Latency = 6> <II = 1> <Delay = 1.00> <Adapter> <Opcode : 'read' 'write' 'readreq' 'writereq' 'writeresp'>

State 26 <SV = 25> <Delay = 2.43>
ST_26 : Operation 132 [1/8] (2.43ns)   --->   "%empty_192 = readreq i1 @_ssdm_op_ReadReq.m_axi.p1i256, i256 %gmem_in_addr_1, i64 %zext_ln56_2" [../gen2/upconv_core_top.cpp:70]   --->   Operation 132 'readreq' 'empty_192' <Predicate = true> <Delay = 2.43> <CoreInst = "m_axi">   --->   Core 119 'm_axi' <Latency = 6> <II = 1> <Delay = 1.00> <Adapter> <Opcode : 'read' 'write' 'readreq' 'writereq' 'writeresp'>

State 27 <SV = 26> <Delay = 1.58>
ST_27 : Operation 133 [1/1] (0.00ns) (grouped into LUT with out node mul50)   --->   "%slot = trunc i8 %hi_1" [../gen2/upconv_core_top.cpp:69]   --->   Operation 133 'trunc' 'slot' <Predicate = true> <Delay = 0.00>
ST_27 : Operation 134 [1/1] (0.00ns) (grouped into LUT with out node mul50)   --->   "%p_cast = select i1 %slot, i8 255, i8 0" [../gen2/upconv_core_top.cpp:69]   --->   Operation 134 'select' 'p_cast' <Predicate = true> <Delay = 0.00> <CoreInst = "Sel">   --->   Core 73 'Sel' <Latency = 0> <II = 1> <Delay = 0.17> <FuncUnit> <Opcode : 'select'> <InPorts = 3> <OutPorts = 1>
ST_27 : Operation 135 [1/1] (0.33ns) (out node of the LUT)   --->   "%mul50 = and i8 %w_in, i8 %p_cast" [../gen2/upconv_core_top.cpp:56]   --->   Operation 135 'and' 'mul50' <Predicate = true> <Delay = 0.33> <CoreInst = "LogicGate">   --->   Core 74 'LogicGate' <Latency = 0> <II = 1> <Delay = 0.33> <FuncUnit> <Opcode : 'and' 'or' 'xor'> <InPorts = 2> <OutPorts = 1>
ST_27 : Operation 136 [2/2] (1.24ns)   --->   "%call_ln56 = call void @upconv_core_top_Pipeline_LOAD_ROW_VITIS_LOOP_72_2, i256 %gmem_in, i13 %trunc_ln56, i59 %trunc_ln1, i6 %ci_words, i8 %mul50, i6 %ci_words, i256 %x_buf" [../gen2/upconv_core_top.cpp:56]   --->   Operation 136 'call' 'call_ln56' <Predicate = true> <Delay = 1.24> <CoreType = "Generic">   --->   Generic Core

State 28 <SV = 27> <Delay = 0.76>
ST_28 : Operation 137 [1/2] (0.00ns)   --->   "%call_ln56 = call void @upconv_core_top_Pipeline_LOAD_ROW_VITIS_LOOP_72_2, i256 %gmem_in, i13 %trunc_ln56, i59 %trunc_ln1, i6 %ci_words, i8 %mul50, i6 %ci_words, i256 %x_buf" [../gen2/upconv_core_top.cpp:56]   --->   Operation 137 'call' 'call_ln56' <Predicate = true> <Delay = 0.00> <CoreType = "Generic">   --->   Generic Core
ST_28 : Operation 138 [1/1] (0.00ns)   --->   "%shl_ln78 = shl i8 %hi_1, i8 1" [../gen2/upconv_core_top.cpp:78]   --->   Operation 138 'shl' 'shl_ln78' <Predicate = true> <Delay = 0.00>
ST_28 : Operation 139 [1/1] (0.76ns)   --->   "%add_ln78 = add i8 %shl_ln78, i8 255" [../gen2/upconv_core_top.cpp:78]   --->   Operation 139 'add' 'add_ln78' <Predicate = true> <Delay = 0.76> <CoreInst = "Adder">   --->   Core 1 'Adder' <Latency = 0> <II = 1> <Delay = 0.76> <FuncUnit> <Opcode : 'add' 'sub'> <InPorts = 2> <OutPorts = 1>

State 29 <SV = 28> <Delay = 3.23>
ST_29 : Operation 140 [2/2] (3.23ns)   --->   "%call_ln78 = call void @UpConv_Fused_Row<8>, i256 %gmem_weight, i64 %W_read, i256 %gmem_param, i64 %B_read, i64 %G_read, i64 %BE_read, i256 %gmem_out, i64 %Y_read, i16 %epsilon_read, i8 %w_in, i8 %w_in, i10 %c_in, i9 %c_out, i8 %add_ln78, i16 %void_UpConv_Fused_Row_ap_uint_ap_uint_const_ap_uint_const_ap_uint_const_ap_u_9, i16 %void_UpConv_Fused_Row_ap_uint_ap_uint_const_ap_uint_const_ap_uint_const_ap_u_8, i16 %void_UpConv_Fused_Row_ap_uint_ap_uint_const_ap_uint_const_ap_uint_const_ap_u_7, i16 %void_UpConv_Fused_Row_ap_uint_ap_uint_const_ap_uint_const_ap_uint_const_ap_u_6, i16 %void_UpConv_Fused_Row_ap_uint_ap_uint_const_ap_uint_const_ap_uint_const_ap_u_5, i16 %void_UpConv_Fused_Row_ap_uint_ap_uint_const_ap_uint_const_ap_uint_const_ap_u_4, i16 %void_UpConv_Fused_Row_ap_uint_ap_uint_const_ap_uint_const_ap_uint_const_ap_u_3, i16 %void_UpConv_Fused_Row_ap_uint_ap_uint_const_ap_uint_const_ap_uint_const_ap_u_2, i16 %void_UpConv_Fused_Row_ap_uint_ap_uint_const_ap_uint_const_ap_uint_const_ap_u_1, i16 %void_UpConv_Fused_Row_ap_uint_ap_uint_const_ap_uint_const_ap_uint_const_ap_u, i16 %void_UpConv_Fused_Row_8_ap_uint_256_ap_uint_256_const_ap_uint_256_const_ap_uint_256_const_ap_uint_256_const_ap_uint_256_decimal16_int_int_int_int_int_row_acc, i16 %void_UpConv_Fused_Row_8_ap_uint_256_ap_uint_256_const_ap_uint_256_const_ap_uint_256_const_ap_uint_256_const_ap_uint_256_decimal16_int_int_int_int_int_row_acc_0, i16 %void_UpConv_Fused_Row_8_ap_uint_256_ap_uint_256_const_ap_uint_256_const_ap_uint_256_const_ap_uint_256_const_ap_uint_256_decimal16_int_int_int_int_int_row_acc_1, i16 %void_UpConv_Fused_Row_8_ap_uint_256_ap_uint_256_const_ap_uint_256_const_ap_uint_256_const_ap_uint_256_const_ap_uint_256_decimal16_int_int_int_int_int_row_acc_2, i16 %void_UpConv_Fused_Row_8_ap_uint_256_ap_uint_256_const_ap_uint_256_const_ap_uint_256_const_ap_uint_256_const_ap_uint_256_decimal16_int_int_int_int_int_row_acc_3, i16 %void_UpConv_Fused_Row_8_ap_uint_256_ap_uint_256_const_ap_uint_256_const_ap_uint_256_const_ap_uint_256_const_ap_uint_256_decimal16_int_int_int_int_int_row_acc_4, i256 %x_buf, i32 %mean_buf, i16 %inv_buf" [../gen2/upconv_core_top.cpp:78]   --->   Operation 140 'call' 'call_ln78' <Predicate = true> <Delay = 3.23> <CoreType = "Generic">   --->   Generic Core

State 30 <SV = 29> <Delay = 0.00>
ST_30 : Operation 141 [1/2] (0.00ns)   --->   "%call_ln78 = call void @UpConv_Fused_Row<8>, i256 %gmem_weight, i64 %W_read, i256 %gmem_param, i64 %B_read, i64 %G_read, i64 %BE_read, i256 %gmem_out, i64 %Y_read, i16 %epsilon_read, i8 %w_in, i8 %w_in, i10 %c_in, i9 %c_out, i8 %add_ln78, i16 %void_UpConv_Fused_Row_ap_uint_ap_uint_const_ap_uint_const_ap_uint_const_ap_u_9, i16 %void_UpConv_Fused_Row_ap_uint_ap_uint_const_ap_uint_const_ap_uint_const_ap_u_8, i16 %void_UpConv_Fused_Row_ap_uint_ap_uint_const_ap_uint_const_ap_uint_const_ap_u_7, i16 %void_UpConv_Fused_Row_ap_uint_ap_uint_const_ap_uint_const_ap_uint_const_ap_u_6, i16 %void_UpConv_Fused_Row_ap_uint_ap_uint_const_ap_uint_const_ap_uint_const_ap_u_5, i16 %void_UpConv_Fused_Row_ap_uint_ap_uint_const_ap_uint_const_ap_uint_const_ap_u_4, i16 %void_UpConv_Fused_Row_ap_uint_ap_uint_const_ap_uint_const_ap_uint_const_ap_u_3, i16 %void_UpConv_Fused_Row_ap_uint_ap_uint_const_ap_uint_const_ap_uint_const_ap_u_2, i16 %void_UpConv_Fused_Row_ap_uint_ap_uint_const_ap_uint_const_ap_uint_const_ap_u_1, i16 %void_UpConv_Fused_Row_ap_uint_ap_uint_const_ap_uint_const_ap_uint_const_ap_u, i16 %void_UpConv_Fused_Row_8_ap_uint_256_ap_uint_256_const_ap_uint_256_const_ap_uint_256_const_ap_uint_256_const_ap_uint_256_decimal16_int_int_int_int_int_row_acc, i16 %void_UpConv_Fused_Row_8_ap_uint_256_ap_uint_256_const_ap_uint_256_const_ap_uint_256_const_ap_uint_256_const_ap_uint_256_decimal16_int_int_int_int_int_row_acc_0, i16 %void_UpConv_Fused_Row_8_ap_uint_256_ap_uint_256_const_ap_uint_256_const_ap_uint_256_const_ap_uint_256_const_ap_uint_256_decimal16_int_int_int_int_int_row_acc_1, i16 %void_UpConv_Fused_Row_8_ap_uint_256_ap_uint_256_const_ap_uint_256_const_ap_uint_256_const_ap_uint_256_const_ap_uint_256_decimal16_int_int_int_int_int_row_acc_2, i16 %void_UpConv_Fused_Row_8_ap_uint_256_ap_uint_256_const_ap_uint_256_const_ap_uint_256_const_ap_uint_256_const_ap_uint_256_decimal16_int_int_int_int_int_row_acc_3, i16 %void_UpConv_Fused_Row_8_ap_uint_256_ap_uint_256_const_ap_uint_256_const_ap_uint_256_const_ap_uint_256_const_ap_uint_256_decimal16_int_int_int_int_int_row_acc_4, i256 %x_buf, i32 %mean_buf, i16 %inv_buf" [../gen2/upconv_core_top.cpp:78]   --->   Operation 141 'call' 'call_ln78' <Predicate = true> <Delay = 0.00> <CoreType = "Generic">   --->   Generic Core

State 31 <SV = 30> <Delay = 3.23>
ST_31 : Operation 142 [2/2] (3.23ns)   --->   "%call_ln79 = call void @UpConv_Fused_Row<8>, i256 %gmem_weight, i64 %W_read, i256 %gmem_param, i64 %B_read, i64 %G_read, i64 %BE_read, i256 %gmem_out, i64 %Y_read, i16 %epsilon_read, i8 %w_in, i8 %w_in, i10 %c_in, i9 %c_out, i8 %shl_ln78, i16 %void_UpConv_Fused_Row_ap_uint_ap_uint_const_ap_uint_const_ap_uint_const_ap_u_9, i16 %void_UpConv_Fused_Row_ap_uint_ap_uint_const_ap_uint_const_ap_uint_const_ap_u_8, i16 %void_UpConv_Fused_Row_ap_uint_ap_uint_const_ap_uint_const_ap_uint_const_ap_u_7, i16 %void_UpConv_Fused_Row_ap_uint_ap_uint_const_ap_uint_const_ap_uint_const_ap_u_6, i16 %void_UpConv_Fused_Row_ap_uint_ap_uint_const_ap_uint_const_ap_uint_const_ap_u_5, i16 %void_UpConv_Fused_Row_ap_uint_ap_uint_const_ap_uint_const_ap_uint_const_ap_u_4, i16 %void_UpConv_Fused_Row_ap_uint_ap_uint_const_ap_uint_const_ap_uint_const_ap_u_3, i16 %void_UpConv_Fused_Row_ap_uint_ap_uint_const_ap_uint_const_ap_uint_const_ap_u_2, i16 %void_UpConv_Fused_Row_ap_uint_ap_uint_const_ap_uint_const_ap_uint_const_ap_u_1, i16 %void_UpConv_Fused_Row_ap_uint_ap_uint_const_ap_uint_const_ap_uint_const_ap_u, i16 %void_UpConv_Fused_Row_8_ap_uint_256_ap_uint_256_const_ap_uint_256_const_ap_uint_256_const_ap_uint_256_const_ap_uint_256_decimal16_int_int_int_int_int_row_acc, i16 %void_UpConv_Fused_Row_8_ap_uint_256_ap_uint_256_const_ap_uint_256_const_ap_uint_256_const_ap_uint_256_const_ap_uint_256_decimal16_int_int_int_int_int_row_acc_0, i16 %void_UpConv_Fused_Row_8_ap_uint_256_ap_uint_256_const_ap_uint_256_const_ap_uint_256_const_ap_uint_256_const_ap_uint_256_decimal16_int_int_int_int_int_row_acc_1, i16 %void_UpConv_Fused_Row_8_ap_uint_256_ap_uint_256_const_ap_uint_256_const_ap_uint_256_const_ap_uint_256_const_ap_uint_256_decimal16_int_int_int_int_int_row_acc_2, i16 %void_UpConv_Fused_Row_8_ap_uint_256_ap_uint_256_const_ap_uint_256_const_ap_uint_256_const_ap_uint_256_const_ap_uint_256_decimal16_int_int_int_int_int_row_acc_3, i16 %void_UpConv_Fused_Row_8_ap_uint_256_ap_uint_256_const_ap_uint_256_const_ap_uint_256_const_ap_uint_256_const_ap_uint_256_decimal16_int_int_int_int_int_row_acc_4, i256 %x_buf, i32 %mean_buf, i16 %inv_buf" [../gen2/upconv_core_top.cpp:79]   --->   Operation 142 'call' 'call_ln79' <Predicate = true> <Delay = 3.23> <CoreType = "Generic">   --->   Generic Core

State 32 <SV = 31> <Delay = 0.00>
ST_32 : Operation 143 [1/1] (0.00ns)   --->   "%speclooptripcount_ln68 = speclooptripcount void @_ssdm_op_SpecLoopTripCount, i64 15, i64 127, i64 59" [../gen2/upconv_core_top.cpp:68]   --->   Operation 143 'speclooptripcount' 'speclooptripcount_ln68' <Predicate = true> <Delay = 0.00>
ST_32 : Operation 144 [1/1] (0.00ns)   --->   "%specloopname_ln67 = specloopname void @_ssdm_op_SpecLoopName, void @empty_20" [../gen2/upconv_core_top.cpp:67]   --->   Operation 144 'specloopname' 'specloopname_ln67' <Predicate = true> <Delay = 0.00>
ST_32 : Operation 145 [1/2] (0.00ns)   --->   "%call_ln79 = call void @UpConv_Fused_Row<8>, i256 %gmem_weight, i64 %W_read, i256 %gmem_param, i64 %B_read, i64 %G_read, i64 %BE_read, i256 %gmem_out, i64 %Y_read, i16 %epsilon_read, i8 %w_in, i8 %w_in, i10 %c_in, i9 %c_out, i8 %shl_ln78, i16 %void_UpConv_Fused_Row_ap_uint_ap_uint_const_ap_uint_const_ap_uint_const_ap_u_9, i16 %void_UpConv_Fused_Row_ap_uint_ap_uint_const_ap_uint_const_ap_uint_const_ap_u_8, i16 %void_UpConv_Fused_Row_ap_uint_ap_uint_const_ap_uint_const_ap_uint_const_ap_u_7, i16 %void_UpConv_Fused_Row_ap_uint_ap_uint_const_ap_uint_const_ap_uint_const_ap_u_6, i16 %void_UpConv_Fused_Row_ap_uint_ap_uint_const_ap_uint_const_ap_uint_const_ap_u_5, i16 %void_UpConv_Fused_Row_ap_uint_ap_uint_const_ap_uint_const_ap_uint_const_ap_u_4, i16 %void_UpConv_Fused_Row_ap_uint_ap_uint_const_ap_uint_const_ap_uint_const_ap_u_3, i16 %void_UpConv_Fused_Row_ap_uint_ap_uint_const_ap_uint_const_ap_uint_const_ap_u_2, i16 %void_UpConv_Fused_Row_ap_uint_ap_uint_const_ap_uint_const_ap_uint_const_ap_u_1, i16 %void_UpConv_Fused_Row_ap_uint_ap_uint_const_ap_uint_const_ap_uint_const_ap_u, i16 %void_UpConv_Fused_Row_8_ap_uint_256_ap_uint_256_const_ap_uint_256_const_ap_uint_256_const_ap_uint_256_const_ap_uint_256_decimal16_int_int_int_int_int_row_acc, i16 %void_UpConv_Fused_Row_8_ap_uint_256_ap_uint_256_const_ap_uint_256_const_ap_uint_256_const_ap_uint_256_const_ap_uint_256_decimal16_int_int_int_int_int_row_acc_0, i16 %void_UpConv_Fused_Row_8_ap_uint_256_ap_uint_256_const_ap_uint_256_const_ap_uint_256_const_ap_uint_256_const_ap_uint_256_decimal16_int_int_int_int_int_row_acc_1, i16 %void_UpConv_Fused_Row_8_ap_uint_256_ap_uint_256_const_ap_uint_256_const_ap_uint_256_const_ap_uint_256_const_ap_uint_256_decimal16_int_int_int_int_int_row_acc_2, i16 %void_UpConv_Fused_Row_8_ap_uint_256_ap_uint_256_const_ap_uint_256_const_ap_uint_256_const_ap_uint_256_const_ap_uint_256_decimal16_int_int_int_int_int_row_acc_3, i16 %void_UpConv_Fused_Row_8_ap_uint_256_ap_uint_256_const_ap_uint_256_const_ap_uint_256_const_ap_uint_256_const_ap_uint_256_decimal16_int_int_int_int_int_row_acc_4, i256 %x_buf, i32 %mean_buf, i16 %inv_buf" [../gen2/upconv_core_top.cpp:79]   --->   Operation 145 'call' 'call_ln79' <Predicate = true> <Delay = 0.00> <CoreType = "Generic">   --->   Generic Core
ST_32 : Operation 146 [1/1] (0.00ns)   --->   "%br_ln67 = br void %LOAD_ROW" [../gen2/upconv_core_top.cpp:67]   --->   Operation 146 'br' 'br_ln67' <Predicate = true> <Delay = 0.00>

State 33 <SV = 15> <Delay = 3.23>
ST_33 : Operation 147 [2/2] (3.23ns)   --->   "%call_ln83 = call void @UpConv_Fused_Row<8>, i256 %gmem_weight, i64 %W_read, i256 %gmem_param, i64 %B_read, i64 %G_read, i64 %BE_read, i256 %gmem_out, i64 %Y_read, i16 %epsilon_read, i8 %w_in, i8 %w_in, i10 %c_in, i9 %c_out, i8 %add_ln83, i16 %void_UpConv_Fused_Row_ap_uint_ap_uint_const_ap_uint_const_ap_uint_const_ap_u_9, i16 %void_UpConv_Fused_Row_ap_uint_ap_uint_const_ap_uint_const_ap_uint_const_ap_u_8, i16 %void_UpConv_Fused_Row_ap_uint_ap_uint_const_ap_uint_const_ap_uint_const_ap_u_7, i16 %void_UpConv_Fused_Row_ap_uint_ap_uint_const_ap_uint_const_ap_uint_const_ap_u_6, i16 %void_UpConv_Fused_Row_ap_uint_ap_uint_const_ap_uint_const_ap_uint_const_ap_u_5, i16 %void_UpConv_Fused_Row_ap_uint_ap_uint_const_ap_uint_const_ap_uint_const_ap_u_4, i16 %void_UpConv_Fused_Row_ap_uint_ap_uint_const_ap_uint_const_ap_uint_const_ap_u_3, i16 %void_UpConv_Fused_Row_ap_uint_ap_uint_const_ap_uint_const_ap_uint_const_ap_u_2, i16 %void_UpConv_Fused_Row_ap_uint_ap_uint_const_ap_uint_const_ap_uint_const_ap_u_1, i16 %void_UpConv_Fused_Row_ap_uint_ap_uint_const_ap_uint_const_ap_uint_const_ap_u, i16 %void_UpConv_Fused_Row_8_ap_uint_256_ap_uint_256_const_ap_uint_256_const_ap_uint_256_const_ap_uint_256_const_ap_uint_256_decimal16_int_int_int_int_int_row_acc, i16 %void_UpConv_Fused_Row_8_ap_uint_256_ap_uint_256_const_ap_uint_256_const_ap_uint_256_const_ap_uint_256_const_ap_uint_256_decimal16_int_int_int_int_int_row_acc_0, i16 %void_UpConv_Fused_Row_8_ap_uint_256_ap_uint_256_const_ap_uint_256_const_ap_uint_256_const_ap_uint_256_const_ap_uint_256_decimal16_int_int_int_int_int_row_acc_1, i16 %void_UpConv_Fused_Row_8_ap_uint_256_ap_uint_256_const_ap_uint_256_const_ap_uint_256_const_ap_uint_256_const_ap_uint_256_decimal16_int_int_int_int_int_row_acc_2, i16 %void_UpConv_Fused_Row_8_ap_uint_256_ap_uint_256_const_ap_uint_256_const_ap_uint_256_const_ap_uint_256_const_ap_uint_256_decimal16_int_int_int_int_int_row_acc_3, i16 %void_UpConv_Fused_Row_8_ap_uint_256_ap_uint_256_const_ap_uint_256_const_ap_uint_256_const_ap_uint_256_const_ap_uint_256_decimal16_int_int_int_int_int_row_acc_4, i256 %x_buf, i32 %mean_buf, i16 %inv_buf" [../gen2/upconv_core_top.cpp:83]   --->   Operation 147 'call' 'call_ln83' <Predicate = true> <Delay = 3.23> <CoreType = "Generic">   --->   Generic Core

State 34 <SV = 16> <Delay = 0.00>
ST_34 : Operation 148 [1/2] (0.00ns)   --->   "%call_ln83 = call void @UpConv_Fused_Row<8>, i256 %gmem_weight, i64 %W_read, i256 %gmem_param, i64 %B_read, i64 %G_read, i64 %BE_read, i256 %gmem_out, i64 %Y_read, i16 %epsilon_read, i8 %w_in, i8 %w_in, i10 %c_in, i9 %c_out, i8 %add_ln83, i16 %void_UpConv_Fused_Row_ap_uint_ap_uint_const_ap_uint_const_ap_uint_const_ap_u_9, i16 %void_UpConv_Fused_Row_ap_uint_ap_uint_const_ap_uint_const_ap_uint_const_ap_u_8, i16 %void_UpConv_Fused_Row_ap_uint_ap_uint_const_ap_uint_const_ap_uint_const_ap_u_7, i16 %void_UpConv_Fused_Row_ap_uint_ap_uint_const_ap_uint_const_ap_uint_const_ap_u_6, i16 %void_UpConv_Fused_Row_ap_uint_ap_uint_const_ap_uint_const_ap_uint_const_ap_u_5, i16 %void_UpConv_Fused_Row_ap_uint_ap_uint_const_ap_uint_const_ap_uint_const_ap_u_4, i16 %void_UpConv_Fused_Row_ap_uint_ap_uint_const_ap_uint_const_ap_uint_const_ap_u_3, i16 %void_UpConv_Fused_Row_ap_uint_ap_uint_const_ap_uint_const_ap_uint_const_ap_u_2, i16 %void_UpConv_Fused_Row_ap_uint_ap_uint_const_ap_uint_const_ap_uint_const_ap_u_1, i16 %void_UpConv_Fused_Row_ap_uint_ap_uint_const_ap_uint_const_ap_uint_const_ap_u, i16 %void_UpConv_Fused_Row_8_ap_uint_256_ap_uint_256_const_ap_uint_256_const_ap_uint_256_const_ap_uint_256_const_ap_uint_256_decimal16_int_int_int_int_int_row_acc, i16 %void_UpConv_Fused_Row_8_ap_uint_256_ap_uint_256_const_ap_uint_256_const_ap_uint_256_const_ap_uint_256_const_ap_uint_256_decimal16_int_int_int_int_int_row_acc_0, i16 %void_UpConv_Fused_Row_8_ap_uint_256_ap_uint_256_const_ap_uint_256_const_ap_uint_256_const_ap_uint_256_const_ap_uint_256_decimal16_int_int_int_int_int_row_acc_1, i16 %void_UpConv_Fused_Row_8_ap_uint_256_ap_uint_256_const_ap_uint_256_const_ap_uint_256_const_ap_uint_256_const_ap_uint_256_decimal16_int_int_int_int_int_row_acc_2, i16 %void_UpConv_Fused_Row_8_ap_uint_256_ap_uint_256_const_ap_uint_256_const_ap_uint_256_const_ap_uint_256_const_ap_uint_256_decimal16_int_int_int_int_int_row_acc_3, i16 %void_UpConv_Fused_Row_8_ap_uint_256_ap_uint_256_const_ap_uint_256_const_ap_uint_256_const_ap_uint_256_const_ap_uint_256_decimal16_int_int_int_int_int_row_acc_4, i256 %x_buf, i32 %mean_buf, i16 %inv_buf" [../gen2/upconv_core_top.cpp:83]   --->   Operation 148 'call' 'call_ln83' <Predicate = true> <Delay = 0.00> <CoreType = "Generic">   --->   Generic Core
ST_34 : Operation 149 [1/1] (0.00ns)   --->   "%ret_ln84 = ret" [../gen2/upconv_core_top.cpp:84]   --->   Operation 149 'ret' 'ret_ln84' <Predicate = true> <Delay = 0.00>


============================================================
+ Verbose Summary: Timing violations
============================================================
Target clock period: 3.333ns, clock uncertainty: 0.900ns.

 <State 1>: 2.312ns
The critical path consists of the following:
	s_axi read operation ('mode_read', ../gen2/upconv_core_top.cpp:7) on port 'mode' (../gen2/upconv_core_top.cpp:7) [62]  (1.000 ns)
	'sparsemux' operation 10 bit ('c_in', ../gen2/upconv_core_top.cpp:7) [72]  (0.525 ns)
	'add' operation 10 bit ('add_ln53', ../gen2/upconv_core_top.cpp:53) [74]  (0.787 ns)

 <State 2>: 1.650ns
The critical path consists of the following:
	'mul' operation 14 bit ('mul_ln56', ../gen2/upconv_core_top.cpp:56) [78]  (1.650 ns)

 <State 3>: 2.433ns
The critical path consists of the following:
	bus request operation ('empty', ../gen2/upconv_core_top.cpp:56) on port 'gmem_in' (../gen2/upconv_core_top.cpp:56) [85]  (2.433 ns)

 <State 4>: 2.433ns
The critical path consists of the following:
	bus request operation ('empty', ../gen2/upconv_core_top.cpp:56) on port 'gmem_in' (../gen2/upconv_core_top.cpp:56) [85]  (2.433 ns)

 <State 5>: 2.433ns
The critical path consists of the following:
	bus request operation ('empty', ../gen2/upconv_core_top.cpp:56) on port 'gmem_in' (../gen2/upconv_core_top.cpp:56) [85]  (2.433 ns)

 <State 6>: 2.433ns
The critical path consists of the following:
	bus request operation ('empty', ../gen2/upconv_core_top.cpp:56) on port 'gmem_in' (../gen2/upconv_core_top.cpp:56) [85]  (2.433 ns)

 <State 7>: 2.433ns
The critical path consists of the following:
	bus request operation ('empty', ../gen2/upconv_core_top.cpp:56) on port 'gmem_in' (../gen2/upconv_core_top.cpp:56) [85]  (2.433 ns)

 <State 8>: 2.433ns
The critical path consists of the following:
	bus request operation ('empty', ../gen2/upconv_core_top.cpp:56) on port 'gmem_in' (../gen2/upconv_core_top.cpp:56) [85]  (2.433 ns)

 <State 9>: 2.433ns
The critical path consists of the following:
	bus request operation ('empty', ../gen2/upconv_core_top.cpp:56) on port 'gmem_in' (../gen2/upconv_core_top.cpp:56) [85]  (2.433 ns)

 <State 10>: 2.433ns
The critical path consists of the following:
	bus request operation ('empty', ../gen2/upconv_core_top.cpp:56) on port 'gmem_in' (../gen2/upconv_core_top.cpp:56) [85]  (2.433 ns)

 <State 11>: 1.247ns
The critical path consists of the following:
	'call' operation 0 bit ('call_ln56', ../gen2/upconv_core_top.cpp:56) to 'upconv_core_top_Pipeline_LOAD_ROW0_VITIS_LOOP_58_1' [86]  (1.247 ns)

 <State 12>: 0.000ns
The critical path consists of the following:

 <State 13>: 3.239ns
The critical path consists of the following:
	'call' operation 0 bit ('call_ln64', ../gen2/upconv_core_top.cpp:64) to 'UpConv_Fused_Row<8>' [87]  (3.239 ns)

 <State 14>: 0.000ns
The critical path consists of the following:

 <State 15>: 1.200ns
The critical path consists of the following:
	'load' operation 7 bit ('indvar_load', ../gen2/upconv_core_top.cpp:67) on local variable 'indvar' [93]  (0.000 ns)
	'add' operation 7 bit ('add_ln67_1', ../gen2/upconv_core_top.cpp:67) [95]  (0.773 ns)
	'store' operation 0 bit ('store_ln67', ../gen2/upconv_core_top.cpp:67) of variable 'add_ln67_1', ../gen2/upconv_core_top.cpp:67 on local variable 'indvar' [119]  (0.427 ns)

 <State 16>: 0.996ns
The critical path consists of the following:
	'mul' operation 20 bit of DSP[102] ('mul_ln69', ../gen2/upconv_core_top.cpp:69) [101]  (0.996 ns)

 <State 17>: 0.645ns
The critical path consists of the following:
	'mul' operation 20 bit of DSP[102] ('mul_ln69', ../gen2/upconv_core_top.cpp:69) [101]  (0.000 ns)
	'add' operation 20 bit of DSP[102] ('add_ln69', ../gen2/upconv_core_top.cpp:69) [102]  (0.645 ns)

 <State 18>: 1.730ns
The critical path consists of the following:
	'add' operation 20 bit of DSP[102] ('add_ln69', ../gen2/upconv_core_top.cpp:69) [102]  (0.645 ns)
	'add' operation 64 bit ('add_ln69_1', ../gen2/upconv_core_top.cpp:69) [105]  (1.085 ns)

 <State 19>: 2.433ns
The critical path consists of the following:
	'getelementptr' operation 256 bit ('gmem_in_addr_1', ../gen2/upconv_core_top.cpp:70) [111]  (0.000 ns)
	bus request operation ('empty_192', ../gen2/upconv_core_top.cpp:70) on port 'gmem_in' (../gen2/upconv_core_top.cpp:70) [112]  (2.433 ns)

 <State 20>: 2.433ns
The critical path consists of the following:
	bus request operation ('empty_192', ../gen2/upconv_core_top.cpp:70) on port 'gmem_in' (../gen2/upconv_core_top.cpp:70) [112]  (2.433 ns)

 <State 21>: 2.433ns
The critical path consists of the following:
	bus request operation ('empty_192', ../gen2/upconv_core_top.cpp:70) on port 'gmem_in' (../gen2/upconv_core_top.cpp:70) [112]  (2.433 ns)

 <State 22>: 2.433ns
The critical path consists of the following:
	bus request operation ('empty_192', ../gen2/upconv_core_top.cpp:70) on port 'gmem_in' (../gen2/upconv_core_top.cpp:70) [112]  (2.433 ns)

 <State 23>: 2.433ns
The critical path consists of the following:
	bus request operation ('empty_192', ../gen2/upconv_core_top.cpp:70) on port 'gmem_in' (../gen2/upconv_core_top.cpp:70) [112]  (2.433 ns)

 <State 24>: 2.433ns
The critical path consists of the following:
	bus request operation ('empty_192', ../gen2/upconv_core_top.cpp:70) on port 'gmem_in' (../gen2/upconv_core_top.cpp:70) [112]  (2.433 ns)

 <State 25>: 2.433ns
The critical path consists of the following:
	bus request operation ('empty_192', ../gen2/upconv_core_top.cpp:70) on port 'gmem_in' (../gen2/upconv_core_top.cpp:70) [112]  (2.433 ns)

 <State 26>: 2.433ns
The critical path consists of the following:
	bus request operation ('empty_192', ../gen2/upconv_core_top.cpp:70) on port 'gmem_in' (../gen2/upconv_core_top.cpp:70) [112]  (2.433 ns)

 <State 27>: 1.582ns
The critical path consists of the following:
	'select' operation 8 bit ('p_cast', ../gen2/upconv_core_top.cpp:69) [107]  (0.000 ns)
	'and' operation 8 bit ('mul50', ../gen2/upconv_core_top.cpp:56) [108]  (0.335 ns)
	'call' operation 0 bit ('call_ln56', ../gen2/upconv_core_top.cpp:56) to 'upconv_core_top_Pipeline_LOAD_ROW_VITIS_LOOP_72_2' [113]  (1.247 ns)

 <State 28>: 0.765ns
The critical path consists of the following:
	'shl' operation 8 bit ('shl_ln78', ../gen2/upconv_core_top.cpp:78) [114]  (0.000 ns)
	'add' operation 8 bit ('add_ln78', ../gen2/upconv_core_top.cpp:78) [115]  (0.765 ns)

 <State 29>: 3.239ns
The critical path consists of the following:
	'call' operation 0 bit ('call_ln78', ../gen2/upconv_core_top.cpp:78) to 'UpConv_Fused_Row<8>' [116]  (3.239 ns)

 <State 30>: 0.000ns
The critical path consists of the following:

 <State 31>: 3.239ns
The critical path consists of the following:
	'call' operation 0 bit ('call_ln79', ../gen2/upconv_core_top.cpp:79) to 'UpConv_Fused_Row<8>' [117]  (3.239 ns)

 <State 32>: 0.000ns
The critical path consists of the following:

 <State 33>: 3.239ns
The critical path consists of the following:
	'call' operation 0 bit ('call_ln83', ../gen2/upconv_core_top.cpp:83) to 'UpConv_Fused_Row<8>' [125]  (3.239 ns)

 <State 34>: 0.000ns
The critical path consists of the following:


============================================================
+ Verbose Summary: Binding
============================================================
N/A
* FSMD analyzer results:
  - Output states:
 - Input state : 
  - Chain level:
	State 1
	State 2
	State 3
	State 4
	State 5
	State 6
	State 7
	State 8
	State 9
	State 10
	State 11
	State 12
	State 13
	State 14
	State 15
	State 16
	State 17
	State 18
	State 19
	State 20
	State 21
	State 22
	State 23
	State 24
	State 25
	State 26
	State 27
	State 28
	State 29
	State 30
	State 31
	State 32
	State 33
	State 34


============================================================
+ Verbose Summary: Datapath Resource usage 
============================================================
N/A
