

================================================================
== Vitis HLS Report for 'dataflow_parent_loop_proc'
================================================================
* Date:           Thu Jun 18 11:21:24 2026

* Version:        2024.2 (Build 5238294 on Nov  8 2024)
* Project:        upconv_core_top
* Solution:       hls (Vivado IP Flow Target)
* Product family: zynquplus
* Target device:  xczu7ev-ffvc1156-2-e


================================================================
== Performance Estimates
================================================================
+ Timing: 
    * Summary: 
    +--------+---------+----------+------------+
    |  Clock |  Target | Estimated| Uncertainty|
    +--------+---------+----------+------------+
    |ap_clk  |  3.33 ns|  3.195 ns|     0.90 ns|
    +--------+---------+----------+------------+

+ Latency: 
    * Summary: 
    +---------+---------+----------+----------+-----+---------+---------+
    |  Latency (cycles) |  Latency (absolute) |    Interval   | Pipeline|
    |   min   |   max   |    min   |    max   | min |   max   |   Type  |
    +---------+---------+----------+----------+-----+---------+---------+
    |      215|  2853295|  0.717 us|  9.510 ms|  215|  2853295|       no|
    +---------+---------+----------+----------+-----+---------+---------+

    + Detail: 
        * Instance: 
        +---------------------------------+------------------------------+---------+---------+----------+----------+-----+-------+----------+
        |                                 |                              |  Latency (cycles) |  Latency (absolute) |   Interval  | Pipeline |
        |             Instance            |            Module            |   min   |   max   |    min   |    max   | min |  max  |   Type   |
        +---------------------------------+------------------------------+---------+---------+----------+----------+-----+-------+----------+
        |dataflow_in_loop_TILE_LOOP_1_U0  |dataflow_in_loop_TILE_LOOP_1  |       43|    73933|  0.143 us|  0.246 ms|   34|  69484|  dataflow|
        +---------------------------------+------------------------------+---------+---------+----------+----------+-----+-------+----------+

        * Loop: 
        +-------------+---------+---------+------------+-----------+-----------+--------+----------+
        |             |  Latency (cycles) |  Iteration |  Initiation Interval  |  Trip  |          |
        |  Loop Name  |   min   |   max   |   Latency  |  achieved |   target  |  Count | Pipelined|
        +-------------+---------+---------+------------+-----------+-----------+--------+----------+
        |- TILE_LOOP  |      214|  2853294|  45 ~ 73935|          -|          -|  6 ~ 41|        no|
        +-------------+---------+---------+------------+-----------+-----------+--------+----------+



================================================================
== Utilization Estimates
================================================================
* Summary: 
+-----------------+---------+------+--------+--------+-----+
|       Name      | BRAM_18K|  DSP |   FF   |   LUT  | URAM|
+-----------------+---------+------+--------+--------+-----+
|DSP              |        -|     -|       -|       -|    -|
|Expression       |        -|     -|       0|      39|    -|
|FIFO             |        -|     -|       -|       -|    -|
|Instance         |        -|   337|   51657|   49125|   32|
|Memory           |        -|     -|       -|       -|    -|
|Multiplexer      |        -|     -|       0|      18|    -|
|Register         |        -|     -|      12|       -|    -|
+-----------------+---------+------+--------+--------+-----+
|Total            |        0|   337|   51669|   49182|   32|
+-----------------+---------+------+--------+--------+-----+
|Available        |      624|  1728|  460800|  230400|   96|
+-----------------+---------+------+--------+--------+-----+
|Utilization (%)  |        0|    19|      11|      21|   33|
+-----------------+---------+------+--------+--------+-----+

+ Detail: 
    * Instance: 
    +---------------------------------+------------------------------+---------+-----+-------+-------+-----+
    |             Instance            |            Module            | BRAM_18K| DSP |   FF  |  LUT  | URAM|
    +---------------------------------+------------------------------+---------+-----+-------+-------+-----+
    |dataflow_in_loop_TILE_LOOP_1_U0  |dataflow_in_loop_TILE_LOOP_1  |        0|  337|  51657|  49125|   32|
    +---------------------------------+------------------------------+---------+-----+-------+-------+-----+
    |Total                            |                              |        0|  337|  51657|  49125|   32|
    +---------------------------------+------------------------------+---------+-----+-------+-------+-----+

    * DSP: 
    N/A

    * Memory: 
    N/A

    * FIFO: 
    N/A

    * Expression: 
    +----------------------------+----------+----+---+----+------------+------------+
    |        Variable Name       | Operation| DSP| FF| LUT| Bitwidth P0| Bitwidth P1|
    +----------------------------+----------+----+---+----+------------+------------+
    |loop_dataflow_input_count   |         +|   0|  0|  13|           6|           1|
    |loop_dataflow_output_count  |         +|   0|  0|  13|           6|           1|
    |bound_minus_1               |         -|   0|  0|  13|           6|           1|
    +----------------------------+----------+----+---+----+------------+------------+
    |Total                       |          |   0|  0|  39|          18|           3|
    +----------------------------+----------+----+---+----+------------+------------+

    * Multiplexer: 
    +----------------------------+----+-----------+-----+-----------+
    |            Name            | LUT| Input Size| Bits| Total Bits|
    +----------------------------+----+-----------+-----+-----------+
    |loop_dataflow_input_count   |   9|          2|    6|         12|
    |loop_dataflow_output_count  |   9|          2|    6|         12|
    +----------------------------+----+-----------+-----+-----------+
    |Total                       |  18|          4|   12|         24|
    +----------------------------+----+-----------+-----+-----------+

    * Register: 
    +----------------------------+---+----+-----+-----------+
    |            Name            | FF| LUT| Bits| Const Bits|
    +----------------------------+---+----+-----+-----------+
    |loop_dataflow_input_count   |  6|   0|    6|          0|
    |loop_dataflow_output_count  |  6|   0|    6|          0|
    +----------------------------+---+----+-----+-----------+
    |Total                       | 12|   0|   12|          0|
    +----------------------------+---+----+-----+-----------+



================================================================
== Interface
================================================================
* Summary: 
+--------------------------------------------------------------------------------------------------------------------------------------------------------------------------+-----+-----+------------+-----------------------------------------------------------------------------------------------------------------------------------------------------------------+--------------+
|                                                                                 RTL Ports                                                                                | Dir | Bits|  Protocol  |                                                                          Source Object                                                                          |    C Type    |
+--------------------------------------------------------------------------------------------------------------------------------------------------------------------------+-----+-----+------------+-----------------------------------------------------------------------------------------------------------------------------------------------------------------+--------------+
|lshr_ln186_2_cast                                                                                                                                                         |   in|    6|     ap_none|                                                                                                                                                lshr_ln186_2_cast|        scalar|
|m_axi_gmem_weight_0_AWVALID                                                                                                                                               |  out|    1|       m_axi|                                                                                                                                                      gmem_weight|       pointer|
|m_axi_gmem_weight_0_AWREADY                                                                                                                                               |   in|    1|       m_axi|                                                                                                                                                      gmem_weight|       pointer|
|m_axi_gmem_weight_0_AWADDR                                                                                                                                                |  out|   64|       m_axi|                                                                                                                                                      gmem_weight|       pointer|
|m_axi_gmem_weight_0_AWID                                                                                                                                                  |  out|    1|       m_axi|                                                                                                                                                      gmem_weight|       pointer|
|m_axi_gmem_weight_0_AWLEN                                                                                                                                                 |  out|   32|       m_axi|                                                                                                                                                      gmem_weight|       pointer|
|m_axi_gmem_weight_0_AWSIZE                                                                                                                                                |  out|    3|       m_axi|                                                                                                                                                      gmem_weight|       pointer|
|m_axi_gmem_weight_0_AWBURST                                                                                                                                               |  out|    2|       m_axi|                                                                                                                                                      gmem_weight|       pointer|
|m_axi_gmem_weight_0_AWLOCK                                                                                                                                                |  out|    2|       m_axi|                                                                                                                                                      gmem_weight|       pointer|
|m_axi_gmem_weight_0_AWCACHE                                                                                                                                               |  out|    4|       m_axi|                                                                                                                                                      gmem_weight|       pointer|
|m_axi_gmem_weight_0_AWPROT                                                                                                                                                |  out|    3|       m_axi|                                                                                                                                                      gmem_weight|       pointer|
|m_axi_gmem_weight_0_AWQOS                                                                                                                                                 |  out|    4|       m_axi|                                                                                                                                                      gmem_weight|       pointer|
|m_axi_gmem_weight_0_AWREGION                                                                                                                                              |  out|    4|       m_axi|                                                                                                                                                      gmem_weight|       pointer|
|m_axi_gmem_weight_0_AWUSER                                                                                                                                                |  out|    1|       m_axi|                                                                                                                                                      gmem_weight|       pointer|
|m_axi_gmem_weight_0_WVALID                                                                                                                                                |  out|    1|       m_axi|                                                                                                                                                      gmem_weight|       pointer|
|m_axi_gmem_weight_0_WREADY                                                                                                                                                |   in|    1|       m_axi|                                                                                                                                                      gmem_weight|       pointer|
|m_axi_gmem_weight_0_WDATA                                                                                                                                                 |  out|  256|       m_axi|                                                                                                                                                      gmem_weight|       pointer|
|m_axi_gmem_weight_0_WSTRB                                                                                                                                                 |  out|   32|       m_axi|                                                                                                                                                      gmem_weight|       pointer|
|m_axi_gmem_weight_0_WLAST                                                                                                                                                 |  out|    1|       m_axi|                                                                                                                                                      gmem_weight|       pointer|
|m_axi_gmem_weight_0_WID                                                                                                                                                   |  out|    1|       m_axi|                                                                                                                                                      gmem_weight|       pointer|
|m_axi_gmem_weight_0_WUSER                                                                                                                                                 |  out|    1|       m_axi|                                                                                                                                                      gmem_weight|       pointer|
|m_axi_gmem_weight_0_ARVALID                                                                                                                                               |  out|    1|       m_axi|                                                                                                                                                      gmem_weight|       pointer|
|m_axi_gmem_weight_0_ARREADY                                                                                                                                               |   in|    1|       m_axi|                                                                                                                                                      gmem_weight|       pointer|
|m_axi_gmem_weight_0_ARADDR                                                                                                                                                |  out|   64|       m_axi|                                                                                                                                                      gmem_weight|       pointer|
|m_axi_gmem_weight_0_ARID                                                                                                                                                  |  out|    1|       m_axi|                                                                                                                                                      gmem_weight|       pointer|
|m_axi_gmem_weight_0_ARLEN                                                                                                                                                 |  out|   32|       m_axi|                                                                                                                                                      gmem_weight|       pointer|
|m_axi_gmem_weight_0_ARSIZE                                                                                                                                                |  out|    3|       m_axi|                                                                                                                                                      gmem_weight|       pointer|
|m_axi_gmem_weight_0_ARBURST                                                                                                                                               |  out|    2|       m_axi|                                                                                                                                                      gmem_weight|       pointer|
|m_axi_gmem_weight_0_ARLOCK                                                                                                                                                |  out|    2|       m_axi|                                                                                                                                                      gmem_weight|       pointer|
|m_axi_gmem_weight_0_ARCACHE                                                                                                                                               |  out|    4|       m_axi|                                                                                                                                                      gmem_weight|       pointer|
|m_axi_gmem_weight_0_ARPROT                                                                                                                                                |  out|    3|       m_axi|                                                                                                                                                      gmem_weight|       pointer|
|m_axi_gmem_weight_0_ARQOS                                                                                                                                                 |  out|    4|       m_axi|                                                                                                                                                      gmem_weight|       pointer|
|m_axi_gmem_weight_0_ARREGION                                                                                                                                              |  out|    4|       m_axi|                                                                                                                                                      gmem_weight|       pointer|
|m_axi_gmem_weight_0_ARUSER                                                                                                                                                |  out|    1|       m_axi|                                                                                                                                                      gmem_weight|       pointer|
|m_axi_gmem_weight_0_RVALID                                                                                                                                                |   in|    1|       m_axi|                                                                                                                                                      gmem_weight|       pointer|
|m_axi_gmem_weight_0_RREADY                                                                                                                                                |  out|    1|       m_axi|                                                                                                                                                      gmem_weight|       pointer|
|m_axi_gmem_weight_0_RDATA                                                                                                                                                 |   in|  256|       m_axi|                                                                                                                                                      gmem_weight|       pointer|
|m_axi_gmem_weight_0_RLAST                                                                                                                                                 |   in|    1|       m_axi|                                                                                                                                                      gmem_weight|       pointer|
|m_axi_gmem_weight_0_RID                                                                                                                                                   |   in|    1|       m_axi|                                                                                                                                                      gmem_weight|       pointer|
|m_axi_gmem_weight_0_RFIFONUM                                                                                                                                              |   in|   11|       m_axi|                                                                                                                                                      gmem_weight|       pointer|
|m_axi_gmem_weight_0_RUSER                                                                                                                                                 |   in|    1|       m_axi|                                                                                                                                                      gmem_weight|       pointer|
|m_axi_gmem_weight_0_RRESP                                                                                                                                                 |   in|    2|       m_axi|                                                                                                                                                      gmem_weight|       pointer|
|m_axi_gmem_weight_0_BVALID                                                                                                                                                |   in|    1|       m_axi|                                                                                                                                                      gmem_weight|       pointer|
|m_axi_gmem_weight_0_BREADY                                                                                                                                                |  out|    1|       m_axi|                                                                                                                                                      gmem_weight|       pointer|
|m_axi_gmem_weight_0_BRESP                                                                                                                                                 |   in|    2|       m_axi|                                                                                                                                                      gmem_weight|       pointer|
|m_axi_gmem_weight_0_BID                                                                                                                                                   |   in|    1|       m_axi|                                                                                                                                                      gmem_weight|       pointer|
|m_axi_gmem_weight_0_BUSER                                                                                                                                                 |   in|    1|       m_axi|                                                                                                                                                      gmem_weight|       pointer|
|W_ptr                                                                                                                                                                     |   in|   64|     ap_none|                                                                                                                                                            W_ptr|        scalar|
|W_ptr_ap_vld                                                                                                                                                              |   in|    1|     ap_none|                                                                                                                                                            W_ptr|        scalar|
|C_OUT                                                                                                                                                                     |   in|    9|     ap_none|                                                                                                                                                            C_OUT|        scalar|
|C_OUT_ap_vld                                                                                                                                                              |   in|    1|     ap_none|                                                                                                                                                            C_OUT|        scalar|
|C_IN                                                                                                                                                                      |   in|   10|     ap_none|                                                                                                                                                             C_IN|        scalar|
|C_IN_ap_vld                                                                                                                                                               |   in|    1|     ap_none|                                                                                                                                                             C_IN|        scalar|
|ho                                                                                                                                                                        |   in|    8|     ap_none|                                                                                                                                                               ho|        scalar|
|ho_ap_vld                                                                                                                                                                 |   in|    1|     ap_none|                                                                                                                                                               ho|        scalar|
|H_IN                                                                                                                                                                      |   in|    8|     ap_none|                                                                                                                                                             H_IN|        scalar|
|H_IN_ap_vld                                                                                                                                                               |   in|    1|     ap_none|                                                                                                                                                             H_IN|        scalar|
|W_IN                                                                                                                                                                      |   in|    8|     ap_none|                                                                                                                                                             W_IN|        scalar|
|W_IN_ap_vld                                                                                                                                                               |   in|    1|     ap_none|                                                                                                                                                             W_IN|        scalar|
|x_buf_address0                                                                                                                                                            |  out|   11|   ap_memory|                                                                                                                                                            x_buf|         array|
|x_buf_ce0                                                                                                                                                                 |  out|    1|   ap_memory|                                                                                                                                                            x_buf|         array|
|x_buf_d0                                                                                                                                                                  |  out|  256|   ap_memory|                                                                                                                                                            x_buf|         array|
|x_buf_q0                                                                                                                                                                  |   in|  256|   ap_memory|                                                                                                                                                            x_buf|         array|
|x_buf_we0                                                                                                                                                                 |  out|    1|   ap_memory|                                                                                                                                                            x_buf|         array|
|x_buf_address1                                                                                                                                                            |  out|   11|   ap_memory|                                                                                                                                                            x_buf|         array|
|x_buf_ce1                                                                                                                                                                 |  out|    1|   ap_memory|                                                                                                                                                            x_buf|         array|
|x_buf_d1                                                                                                                                                                  |  out|  256|   ap_memory|                                                                                                                                                            x_buf|         array|
|x_buf_q1                                                                                                                                                                  |   in|  256|   ap_memory|                                                                                                                                                            x_buf|         array|
|x_buf_we1                                                                                                                                                                 |  out|    1|   ap_memory|                                                                                                                                                            x_buf|         array|
|void_UpConv_Fused_Row_ap_uint_ap_uint_const_ap_uint_const_ap_uint_const_ap_u_9_address0                                                                                   |  out|   13|   ap_memory|                                                                                   void_UpConv_Fused_Row_ap_uint_ap_uint_const_ap_uint_const_ap_uint_const_ap_u_9|         array|
|void_UpConv_Fused_Row_ap_uint_ap_uint_const_ap_uint_const_ap_uint_const_ap_u_9_ce0                                                                                        |  out|    1|   ap_memory|                                                                                   void_UpConv_Fused_Row_ap_uint_ap_uint_const_ap_uint_const_ap_uint_const_ap_u_9|         array|
|void_UpConv_Fused_Row_ap_uint_ap_uint_const_ap_uint_const_ap_uint_const_ap_u_9_d0                                                                                         |  out|   16|   ap_memory|                                                                                   void_UpConv_Fused_Row_ap_uint_ap_uint_const_ap_uint_const_ap_uint_const_ap_u_9|         array|
|void_UpConv_Fused_Row_ap_uint_ap_uint_const_ap_uint_const_ap_uint_const_ap_u_9_q0                                                                                         |   in|   16|   ap_memory|                                                                                   void_UpConv_Fused_Row_ap_uint_ap_uint_const_ap_uint_const_ap_uint_const_ap_u_9|         array|
|void_UpConv_Fused_Row_ap_uint_ap_uint_const_ap_uint_const_ap_uint_const_ap_u_9_we0                                                                                        |  out|    1|   ap_memory|                                                                                   void_UpConv_Fused_Row_ap_uint_ap_uint_const_ap_uint_const_ap_uint_const_ap_u_9|         array|
|void_UpConv_Fused_Row_ap_uint_ap_uint_const_ap_uint_const_ap_uint_const_ap_u_9_address1                                                                                   |  out|   13|   ap_memory|                                                                                   void_UpConv_Fused_Row_ap_uint_ap_uint_const_ap_uint_const_ap_uint_const_ap_u_9|         array|
|void_UpConv_Fused_Row_ap_uint_ap_uint_const_ap_uint_const_ap_uint_const_ap_u_9_ce1                                                                                        |  out|    1|   ap_memory|                                                                                   void_UpConv_Fused_Row_ap_uint_ap_uint_const_ap_uint_const_ap_uint_const_ap_u_9|         array|
|void_UpConv_Fused_Row_ap_uint_ap_uint_const_ap_uint_const_ap_uint_const_ap_u_9_d1                                                                                         |  out|   16|   ap_memory|                                                                                   void_UpConv_Fused_Row_ap_uint_ap_uint_const_ap_uint_const_ap_uint_const_ap_u_9|         array|
|void_UpConv_Fused_Row_ap_uint_ap_uint_const_ap_uint_const_ap_uint_const_ap_u_9_q1                                                                                         |   in|   16|   ap_memory|                                                                                   void_UpConv_Fused_Row_ap_uint_ap_uint_const_ap_uint_const_ap_uint_const_ap_u_9|         array|
|void_UpConv_Fused_Row_ap_uint_ap_uint_const_ap_uint_const_ap_uint_const_ap_u_9_we1                                                                                        |  out|    1|   ap_memory|                                                                                   void_UpConv_Fused_Row_ap_uint_ap_uint_const_ap_uint_const_ap_uint_const_ap_u_9|         array|
|void_UpConv_Fused_Row_ap_uint_ap_uint_const_ap_uint_const_ap_uint_const_ap_u_1_address0                                                                                   |  out|   13|   ap_memory|                                                                                   void_UpConv_Fused_Row_ap_uint_ap_uint_const_ap_uint_const_ap_uint_const_ap_u_1|         array|
|void_UpConv_Fused_Row_ap_uint_ap_uint_const_ap_uint_const_ap_uint_const_ap_u_1_ce0                                                                                        |  out|    1|   ap_memory|                                                                                   void_UpConv_Fused_Row_ap_uint_ap_uint_const_ap_uint_const_ap_uint_const_ap_u_1|         array|
|void_UpConv_Fused_Row_ap_uint_ap_uint_const_ap_uint_const_ap_uint_const_ap_u_1_d0                                                                                         |  out|   16|   ap_memory|                                                                                   void_UpConv_Fused_Row_ap_uint_ap_uint_const_ap_uint_const_ap_uint_const_ap_u_1|         array|
|void_UpConv_Fused_Row_ap_uint_ap_uint_const_ap_uint_const_ap_uint_const_ap_u_1_q0                                                                                         |   in|   16|   ap_memory|                                                                                   void_UpConv_Fused_Row_ap_uint_ap_uint_const_ap_uint_const_ap_uint_const_ap_u_1|         array|
|void_UpConv_Fused_Row_ap_uint_ap_uint_const_ap_uint_const_ap_uint_const_ap_u_1_we0                                                                                        |  out|    1|   ap_memory|                                                                                   void_UpConv_Fused_Row_ap_uint_ap_uint_const_ap_uint_const_ap_uint_const_ap_u_1|         array|
|void_UpConv_Fused_Row_ap_uint_ap_uint_const_ap_uint_const_ap_uint_const_ap_u_1_address1                                                                                   |  out|   13|   ap_memory|                                                                                   void_UpConv_Fused_Row_ap_uint_ap_uint_const_ap_uint_const_ap_uint_const_ap_u_1|         array|
|void_UpConv_Fused_Row_ap_uint_ap_uint_const_ap_uint_const_ap_uint_const_ap_u_1_ce1                                                                                        |  out|    1|   ap_memory|                                                                                   void_UpConv_Fused_Row_ap_uint_ap_uint_const_ap_uint_const_ap_uint_const_ap_u_1|         array|
|void_UpConv_Fused_Row_ap_uint_ap_uint_const_ap_uint_const_ap_uint_const_ap_u_1_d1                                                                                         |  out|   16|   ap_memory|                                                                                   void_UpConv_Fused_Row_ap_uint_ap_uint_const_ap_uint_const_ap_uint_const_ap_u_1|         array|
|void_UpConv_Fused_Row_ap_uint_ap_uint_const_ap_uint_const_ap_uint_const_ap_u_1_q1                                                                                         |   in|   16|   ap_memory|                                                                                   void_UpConv_Fused_Row_ap_uint_ap_uint_const_ap_uint_const_ap_uint_const_ap_u_1|         array|
|void_UpConv_Fused_Row_ap_uint_ap_uint_const_ap_uint_const_ap_uint_const_ap_u_1_we1                                                                                        |  out|    1|   ap_memory|                                                                                   void_UpConv_Fused_Row_ap_uint_ap_uint_const_ap_uint_const_ap_uint_const_ap_u_1|         array|
|void_UpConv_Fused_Row_ap_uint_ap_uint_const_ap_uint_const_ap_uint_const_ap_u_8_address0                                                                                   |  out|   13|   ap_memory|                                                                                   void_UpConv_Fused_Row_ap_uint_ap_uint_const_ap_uint_const_ap_uint_const_ap_u_8|         array|
|void_UpConv_Fused_Row_ap_uint_ap_uint_const_ap_uint_const_ap_uint_const_ap_u_8_ce0                                                                                        |  out|    1|   ap_memory|                                                                                   void_UpConv_Fused_Row_ap_uint_ap_uint_const_ap_uint_const_ap_uint_const_ap_u_8|         array|
|void_UpConv_Fused_Row_ap_uint_ap_uint_const_ap_uint_const_ap_uint_const_ap_u_8_d0                                                                                         |  out|   16|   ap_memory|                                                                                   void_UpConv_Fused_Row_ap_uint_ap_uint_const_ap_uint_const_ap_uint_const_ap_u_8|         array|
|void_UpConv_Fused_Row_ap_uint_ap_uint_const_ap_uint_const_ap_uint_const_ap_u_8_q0                                                                                         |   in|   16|   ap_memory|                                                                                   void_UpConv_Fused_Row_ap_uint_ap_uint_const_ap_uint_const_ap_uint_const_ap_u_8|         array|
|void_UpConv_Fused_Row_ap_uint_ap_uint_const_ap_uint_const_ap_uint_const_ap_u_8_we0                                                                                        |  out|    1|   ap_memory|                                                                                   void_UpConv_Fused_Row_ap_uint_ap_uint_const_ap_uint_const_ap_uint_const_ap_u_8|         array|
|void_UpConv_Fused_Row_ap_uint_ap_uint_const_ap_uint_const_ap_uint_const_ap_u_8_address1                                                                                   |  out|   13|   ap_memory|                                                                                   void_UpConv_Fused_Row_ap_uint_ap_uint_const_ap_uint_const_ap_uint_const_ap_u_8|         array|
|void_UpConv_Fused_Row_ap_uint_ap_uint_const_ap_uint_const_ap_uint_const_ap_u_8_ce1                                                                                        |  out|    1|   ap_memory|                                                                                   void_UpConv_Fused_Row_ap_uint_ap_uint_const_ap_uint_const_ap_uint_const_ap_u_8|         array|
|void_UpConv_Fused_Row_ap_uint_ap_uint_const_ap_uint_const_ap_uint_const_ap_u_8_d1                                                                                         |  out|   16|   ap_memory|                                                                                   void_UpConv_Fused_Row_ap_uint_ap_uint_const_ap_uint_const_ap_uint_const_ap_u_8|         array|
|void_UpConv_Fused_Row_ap_uint_ap_uint_const_ap_uint_const_ap_uint_const_ap_u_8_q1                                                                                         |   in|   16|   ap_memory|                                                                                   void_UpConv_Fused_Row_ap_uint_ap_uint_const_ap_uint_const_ap_uint_const_ap_u_8|         array|
|void_UpConv_Fused_Row_ap_uint_ap_uint_const_ap_uint_const_ap_uint_const_ap_u_8_we1                                                                                        |  out|    1|   ap_memory|                                                                                   void_UpConv_Fused_Row_ap_uint_ap_uint_const_ap_uint_const_ap_uint_const_ap_u_8|         array|
|void_UpConv_Fused_Row_ap_uint_ap_uint_const_ap_uint_const_ap_uint_const_ap_u_address0                                                                                     |  out|   13|   ap_memory|                                                                                     void_UpConv_Fused_Row_ap_uint_ap_uint_const_ap_uint_const_ap_uint_const_ap_u|         array|
|void_UpConv_Fused_Row_ap_uint_ap_uint_const_ap_uint_const_ap_uint_const_ap_u_ce0                                                                                          |  out|    1|   ap_memory|                                                                                     void_UpConv_Fused_Row_ap_uint_ap_uint_const_ap_uint_const_ap_uint_const_ap_u|         array|
|void_UpConv_Fused_Row_ap_uint_ap_uint_const_ap_uint_const_ap_uint_const_ap_u_d0                                                                                           |  out|   16|   ap_memory|                                                                                     void_UpConv_Fused_Row_ap_uint_ap_uint_const_ap_uint_const_ap_uint_const_ap_u|         array|
|void_UpConv_Fused_Row_ap_uint_ap_uint_const_ap_uint_const_ap_uint_const_ap_u_q0                                                                                           |   in|   16|   ap_memory|                                                                                     void_UpConv_Fused_Row_ap_uint_ap_uint_const_ap_uint_const_ap_uint_const_ap_u|         array|
|void_UpConv_Fused_Row_ap_uint_ap_uint_const_ap_uint_const_ap_uint_const_ap_u_we0                                                                                          |  out|    1|   ap_memory|                                                                                     void_UpConv_Fused_Row_ap_uint_ap_uint_const_ap_uint_const_ap_uint_const_ap_u|         array|
|void_UpConv_Fused_Row_ap_uint_ap_uint_const_ap_uint_const_ap_uint_const_ap_u_address1                                                                                     |  out|   13|   ap_memory|                                                                                     void_UpConv_Fused_Row_ap_uint_ap_uint_const_ap_uint_const_ap_uint_const_ap_u|         array|
|void_UpConv_Fused_Row_ap_uint_ap_uint_const_ap_uint_const_ap_uint_const_ap_u_ce1                                                                                          |  out|    1|   ap_memory|                                                                                     void_UpConv_Fused_Row_ap_uint_ap_uint_const_ap_uint_const_ap_uint_const_ap_u|         array|
|void_UpConv_Fused_Row_ap_uint_ap_uint_const_ap_uint_const_ap_uint_const_ap_u_d1                                                                                           |  out|   16|   ap_memory|                                                                                     void_UpConv_Fused_Row_ap_uint_ap_uint_const_ap_uint_const_ap_uint_const_ap_u|         array|
|void_UpConv_Fused_Row_ap_uint_ap_uint_const_ap_uint_const_ap_uint_const_ap_u_q1                                                                                           |   in|   16|   ap_memory|                                                                                     void_UpConv_Fused_Row_ap_uint_ap_uint_const_ap_uint_const_ap_uint_const_ap_u|         array|
|void_UpConv_Fused_Row_ap_uint_ap_uint_const_ap_uint_const_ap_uint_const_ap_u_we1                                                                                          |  out|    1|   ap_memory|                                                                                     void_UpConv_Fused_Row_ap_uint_ap_uint_const_ap_uint_const_ap_uint_const_ap_u|         array|
|void_UpConv_Fused_Row_ap_uint_ap_uint_const_ap_uint_const_ap_uint_const_ap_u_7_address0                                                                                   |  out|   13|   ap_memory|                                                                                   void_UpConv_Fused_Row_ap_uint_ap_uint_const_ap_uint_const_ap_uint_const_ap_u_7|         array|
|void_UpConv_Fused_Row_ap_uint_ap_uint_const_ap_uint_const_ap_uint_const_ap_u_7_ce0                                                                                        |  out|    1|   ap_memory|                                                                                   void_UpConv_Fused_Row_ap_uint_ap_uint_const_ap_uint_const_ap_uint_const_ap_u_7|         array|
|void_UpConv_Fused_Row_ap_uint_ap_uint_const_ap_uint_const_ap_uint_const_ap_u_7_d0                                                                                         |  out|   16|   ap_memory|                                                                                   void_UpConv_Fused_Row_ap_uint_ap_uint_const_ap_uint_const_ap_uint_const_ap_u_7|         array|
|void_UpConv_Fused_Row_ap_uint_ap_uint_const_ap_uint_const_ap_uint_const_ap_u_7_q0                                                                                         |   in|   16|   ap_memory|                                                                                   void_UpConv_Fused_Row_ap_uint_ap_uint_const_ap_uint_const_ap_uint_const_ap_u_7|         array|
|void_UpConv_Fused_Row_ap_uint_ap_uint_const_ap_uint_const_ap_uint_const_ap_u_7_we0                                                                                        |  out|    1|   ap_memory|                                                                                   void_UpConv_Fused_Row_ap_uint_ap_uint_const_ap_uint_const_ap_uint_const_ap_u_7|         array|
|void_UpConv_Fused_Row_ap_uint_ap_uint_const_ap_uint_const_ap_uint_const_ap_u_7_address1                                                                                   |  out|   13|   ap_memory|                                                                                   void_UpConv_Fused_Row_ap_uint_ap_uint_const_ap_uint_const_ap_uint_const_ap_u_7|         array|
|void_UpConv_Fused_Row_ap_uint_ap_uint_const_ap_uint_const_ap_uint_const_ap_u_7_ce1                                                                                        |  out|    1|   ap_memory|                                                                                   void_UpConv_Fused_Row_ap_uint_ap_uint_const_ap_uint_const_ap_uint_const_ap_u_7|         array|
|void_UpConv_Fused_Row_ap_uint_ap_uint_const_ap_uint_const_ap_uint_const_ap_u_7_d1                                                                                         |  out|   16|   ap_memory|                                                                                   void_UpConv_Fused_Row_ap_uint_ap_uint_const_ap_uint_const_ap_uint_const_ap_u_7|         array|
|void_UpConv_Fused_Row_ap_uint_ap_uint_const_ap_uint_const_ap_uint_const_ap_u_7_q1                                                                                         |   in|   16|   ap_memory|                                                                                   void_UpConv_Fused_Row_ap_uint_ap_uint_const_ap_uint_const_ap_uint_const_ap_u_7|         array|
|void_UpConv_Fused_Row_ap_uint_ap_uint_const_ap_uint_const_ap_uint_const_ap_u_7_we1                                                                                        |  out|    1|   ap_memory|                                                                                   void_UpConv_Fused_Row_ap_uint_ap_uint_const_ap_uint_const_ap_uint_const_ap_u_7|         array|
|void_UpConv_Fused_Row_8_ap_uint_256_ap_uint_256_const_ap_uint_256_const_ap_uint_256_const_ap_uint_256_const_ap_uint_256_decimal16_int_int_int_int_int_row_acc_address0    |  out|   13|   ap_memory|    void_UpConv_Fused_Row_8_ap_uint_256_ap_uint_256_const_ap_uint_256_const_ap_uint_256_const_ap_uint_256_const_ap_uint_256_decimal16_int_int_int_int_int_row_acc|         array|
|void_UpConv_Fused_Row_8_ap_uint_256_ap_uint_256_const_ap_uint_256_const_ap_uint_256_const_ap_uint_256_const_ap_uint_256_decimal16_int_int_int_int_int_row_acc_ce0         |  out|    1|   ap_memory|    void_UpConv_Fused_Row_8_ap_uint_256_ap_uint_256_const_ap_uint_256_const_ap_uint_256_const_ap_uint_256_const_ap_uint_256_decimal16_int_int_int_int_int_row_acc|         array|
|void_UpConv_Fused_Row_8_ap_uint_256_ap_uint_256_const_ap_uint_256_const_ap_uint_256_const_ap_uint_256_const_ap_uint_256_decimal16_int_int_int_int_int_row_acc_d0          |  out|   16|   ap_memory|    void_UpConv_Fused_Row_8_ap_uint_256_ap_uint_256_const_ap_uint_256_const_ap_uint_256_const_ap_uint_256_const_ap_uint_256_decimal16_int_int_int_int_int_row_acc|         array|
|void_UpConv_Fused_Row_8_ap_uint_256_ap_uint_256_const_ap_uint_256_const_ap_uint_256_const_ap_uint_256_const_ap_uint_256_decimal16_int_int_int_int_int_row_acc_q0          |   in|   16|   ap_memory|    void_UpConv_Fused_Row_8_ap_uint_256_ap_uint_256_const_ap_uint_256_const_ap_uint_256_const_ap_uint_256_const_ap_uint_256_decimal16_int_int_int_int_int_row_acc|         array|
|void_UpConv_Fused_Row_8_ap_uint_256_ap_uint_256_const_ap_uint_256_const_ap_uint_256_const_ap_uint_256_const_ap_uint_256_decimal16_int_int_int_int_int_row_acc_we0         |  out|    1|   ap_memory|    void_UpConv_Fused_Row_8_ap_uint_256_ap_uint_256_const_ap_uint_256_const_ap_uint_256_const_ap_uint_256_const_ap_uint_256_decimal16_int_int_int_int_int_row_acc|         array|
|void_UpConv_Fused_Row_8_ap_uint_256_ap_uint_256_const_ap_uint_256_const_ap_uint_256_const_ap_uint_256_const_ap_uint_256_decimal16_int_int_int_int_int_row_acc_address1    |  out|   13|   ap_memory|    void_UpConv_Fused_Row_8_ap_uint_256_ap_uint_256_const_ap_uint_256_const_ap_uint_256_const_ap_uint_256_const_ap_uint_256_decimal16_int_int_int_int_int_row_acc|         array|
|void_UpConv_Fused_Row_8_ap_uint_256_ap_uint_256_const_ap_uint_256_const_ap_uint_256_const_ap_uint_256_const_ap_uint_256_decimal16_int_int_int_int_int_row_acc_ce1         |  out|    1|   ap_memory|    void_UpConv_Fused_Row_8_ap_uint_256_ap_uint_256_const_ap_uint_256_const_ap_uint_256_const_ap_uint_256_const_ap_uint_256_decimal16_int_int_int_int_int_row_acc|         array|
|void_UpConv_Fused_Row_8_ap_uint_256_ap_uint_256_const_ap_uint_256_const_ap_uint_256_const_ap_uint_256_const_ap_uint_256_decimal16_int_int_int_int_int_row_acc_d1          |  out|   16|   ap_memory|    void_UpConv_Fused_Row_8_ap_uint_256_ap_uint_256_const_ap_uint_256_const_ap_uint_256_const_ap_uint_256_const_ap_uint_256_decimal16_int_int_int_int_int_row_acc|         array|
|void_UpConv_Fused_Row_8_ap_uint_256_ap_uint_256_const_ap_uint_256_const_ap_uint_256_const_ap_uint_256_const_ap_uint_256_decimal16_int_int_int_int_int_row_acc_q1          |   in|   16|   ap_memory|    void_UpConv_Fused_Row_8_ap_uint_256_ap_uint_256_const_ap_uint_256_const_ap_uint_256_const_ap_uint_256_const_ap_uint_256_decimal16_int_int_int_int_int_row_acc|         array|
|void_UpConv_Fused_Row_8_ap_uint_256_ap_uint_256_const_ap_uint_256_const_ap_uint_256_const_ap_uint_256_const_ap_uint_256_decimal16_int_int_int_int_int_row_acc_we1         |  out|    1|   ap_memory|    void_UpConv_Fused_Row_8_ap_uint_256_ap_uint_256_const_ap_uint_256_const_ap_uint_256_const_ap_uint_256_const_ap_uint_256_decimal16_int_int_int_int_int_row_acc|         array|
|void_UpConv_Fused_Row_ap_uint_ap_uint_const_ap_uint_const_ap_uint_const_ap_u_6_address0                                                                                   |  out|   13|   ap_memory|                                                                                   void_UpConv_Fused_Row_ap_uint_ap_uint_const_ap_uint_const_ap_uint_const_ap_u_6|         array|
|void_UpConv_Fused_Row_ap_uint_ap_uint_const_ap_uint_const_ap_uint_const_ap_u_6_ce0                                                                                        |  out|    1|   ap_memory|                                                                                   void_UpConv_Fused_Row_ap_uint_ap_uint_const_ap_uint_const_ap_uint_const_ap_u_6|         array|
|void_UpConv_Fused_Row_ap_uint_ap_uint_const_ap_uint_const_ap_uint_const_ap_u_6_d0                                                                                         |  out|   16|   ap_memory|                                                                                   void_UpConv_Fused_Row_ap_uint_ap_uint_const_ap_uint_const_ap_uint_const_ap_u_6|         array|
|void_UpConv_Fused_Row_ap_uint_ap_uint_const_ap_uint_const_ap_uint_const_ap_u_6_q0                                                                                         |   in|   16|   ap_memory|                                                                                   void_UpConv_Fused_Row_ap_uint_ap_uint_const_ap_uint_const_ap_uint_const_ap_u_6|         array|
|void_UpConv_Fused_Row_ap_uint_ap_uint_const_ap_uint_const_ap_uint_const_ap_u_6_we0                                                                                        |  out|    1|   ap_memory|                                                                                   void_UpConv_Fused_Row_ap_uint_ap_uint_const_ap_uint_const_ap_uint_const_ap_u_6|         array|
|void_UpConv_Fused_Row_ap_uint_ap_uint_const_ap_uint_const_ap_uint_const_ap_u_6_address1                                                                                   |  out|   13|   ap_memory|                                                                                   void_UpConv_Fused_Row_ap_uint_ap_uint_const_ap_uint_const_ap_uint_const_ap_u_6|         array|
|void_UpConv_Fused_Row_ap_uint_ap_uint_const_ap_uint_const_ap_uint_const_ap_u_6_ce1                                                                                        |  out|    1|   ap_memory|                                                                                   void_UpConv_Fused_Row_ap_uint_ap_uint_const_ap_uint_const_ap_uint_const_ap_u_6|         array|
|void_UpConv_Fused_Row_ap_uint_ap_uint_const_ap_uint_const_ap_uint_const_ap_u_6_d1                                                                                         |  out|   16|   ap_memory|                                                                                   void_UpConv_Fused_Row_ap_uint_ap_uint_const_ap_uint_const_ap_uint_const_ap_u_6|         array|
|void_UpConv_Fused_Row_ap_uint_ap_uint_const_ap_uint_const_ap_uint_const_ap_u_6_q1                                                                                         |   in|   16|   ap_memory|                                                                                   void_UpConv_Fused_Row_ap_uint_ap_uint_const_ap_uint_const_ap_uint_const_ap_u_6|         array|
|void_UpConv_Fused_Row_ap_uint_ap_uint_const_ap_uint_const_ap_uint_const_ap_u_6_we1                                                                                        |  out|    1|   ap_memory|                                                                                   void_UpConv_Fused_Row_ap_uint_ap_uint_const_ap_uint_const_ap_uint_const_ap_u_6|         array|
|void_UpConv_Fused_Row_8_ap_uint_256_ap_uint_256_const_ap_uint_256_const_ap_uint_256_const_ap_uint_256_const_ap_uint_256_decimal16_int_int_int_int_int_row_acc_0_address0  |  out|   13|   ap_memory|  void_UpConv_Fused_Row_8_ap_uint_256_ap_uint_256_const_ap_uint_256_const_ap_uint_256_const_ap_uint_256_const_ap_uint_256_decimal16_int_int_int_int_int_row_acc_0|         array|
|void_UpConv_Fused_Row_8_ap_uint_256_ap_uint_256_const_ap_uint_256_const_ap_uint_256_const_ap_uint_256_const_ap_uint_256_decimal16_int_int_int_int_int_row_acc_0_ce0       |  out|    1|   ap_memory|  void_UpConv_Fused_Row_8_ap_uint_256_ap_uint_256_const_ap_uint_256_const_ap_uint_256_const_ap_uint_256_const_ap_uint_256_decimal16_int_int_int_int_int_row_acc_0|         array|
|void_UpConv_Fused_Row_8_ap_uint_256_ap_uint_256_const_ap_uint_256_const_ap_uint_256_const_ap_uint_256_const_ap_uint_256_decimal16_int_int_int_int_int_row_acc_0_d0        |  out|   16|   ap_memory|  void_UpConv_Fused_Row_8_ap_uint_256_ap_uint_256_const_ap_uint_256_const_ap_uint_256_const_ap_uint_256_const_ap_uint_256_decimal16_int_int_int_int_int_row_acc_0|         array|
|void_UpConv_Fused_Row_8_ap_uint_256_ap_uint_256_const_ap_uint_256_const_ap_uint_256_const_ap_uint_256_const_ap_uint_256_decimal16_int_int_int_int_int_row_acc_0_q0        |   in|   16|   ap_memory|  void_UpConv_Fused_Row_8_ap_uint_256_ap_uint_256_const_ap_uint_256_const_ap_uint_256_const_ap_uint_256_const_ap_uint_256_decimal16_int_int_int_int_int_row_acc_0|         array|
|void_UpConv_Fused_Row_8_ap_uint_256_ap_uint_256_const_ap_uint_256_const_ap_uint_256_const_ap_uint_256_const_ap_uint_256_decimal16_int_int_int_int_int_row_acc_0_we0       |  out|    1|   ap_memory|  void_UpConv_Fused_Row_8_ap_uint_256_ap_uint_256_const_ap_uint_256_const_ap_uint_256_const_ap_uint_256_const_ap_uint_256_decimal16_int_int_int_int_int_row_acc_0|         array|
|void_UpConv_Fused_Row_8_ap_uint_256_ap_uint_256_const_ap_uint_256_const_ap_uint_256_const_ap_uint_256_const_ap_uint_256_decimal16_int_int_int_int_int_row_acc_0_address1  |  out|   13|   ap_memory|  void_UpConv_Fused_Row_8_ap_uint_256_ap_uint_256_const_ap_uint_256_const_ap_uint_256_const_ap_uint_256_const_ap_uint_256_decimal16_int_int_int_int_int_row_acc_0|         array|
|void_UpConv_Fused_Row_8_ap_uint_256_ap_uint_256_const_ap_uint_256_const_ap_uint_256_const_ap_uint_256_const_ap_uint_256_decimal16_int_int_int_int_int_row_acc_0_ce1       |  out|    1|   ap_memory|  void_UpConv_Fused_Row_8_ap_uint_256_ap_uint_256_const_ap_uint_256_const_ap_uint_256_const_ap_uint_256_const_ap_uint_256_decimal16_int_int_int_int_int_row_acc_0|         array|
|void_UpConv_Fused_Row_8_ap_uint_256_ap_uint_256_const_ap_uint_256_const_ap_uint_256_const_ap_uint_256_const_ap_uint_256_decimal16_int_int_int_int_int_row_acc_0_d1        |  out|   16|   ap_memory|  void_UpConv_Fused_Row_8_ap_uint_256_ap_uint_256_const_ap_uint_256_const_ap_uint_256_const_ap_uint_256_const_ap_uint_256_decimal16_int_int_int_int_int_row_acc_0|         array|
|void_UpConv_Fused_Row_8_ap_uint_256_ap_uint_256_const_ap_uint_256_const_ap_uint_256_const_ap_uint_256_const_ap_uint_256_decimal16_int_int_int_int_int_row_acc_0_q1        |   in|   16|   ap_memory|  void_UpConv_Fused_Row_8_ap_uint_256_ap_uint_256_const_ap_uint_256_const_ap_uint_256_const_ap_uint_256_const_ap_uint_256_decimal16_int_int_int_int_int_row_acc_0|         array|
|void_UpConv_Fused_Row_8_ap_uint_256_ap_uint_256_const_ap_uint_256_const_ap_uint_256_const_ap_uint_256_const_ap_uint_256_decimal16_int_int_int_int_int_row_acc_0_we1       |  out|    1|   ap_memory|  void_UpConv_Fused_Row_8_ap_uint_256_ap_uint_256_const_ap_uint_256_const_ap_uint_256_const_ap_uint_256_const_ap_uint_256_decimal16_int_int_int_int_int_row_acc_0|         array|
|void_UpConv_Fused_Row_ap_uint_ap_uint_const_ap_uint_const_ap_uint_const_ap_u_5_address0                                                                                   |  out|   13|   ap_memory|                                                                                   void_UpConv_Fused_Row_ap_uint_ap_uint_const_ap_uint_const_ap_uint_const_ap_u_5|         array|
|void_UpConv_Fused_Row_ap_uint_ap_uint_const_ap_uint_const_ap_uint_const_ap_u_5_ce0                                                                                        |  out|    1|   ap_memory|                                                                                   void_UpConv_Fused_Row_ap_uint_ap_uint_const_ap_uint_const_ap_uint_const_ap_u_5|         array|
|void_UpConv_Fused_Row_ap_uint_ap_uint_const_ap_uint_const_ap_uint_const_ap_u_5_d0                                                                                         |  out|   16|   ap_memory|                                                                                   void_UpConv_Fused_Row_ap_uint_ap_uint_const_ap_uint_const_ap_uint_const_ap_u_5|         array|
|void_UpConv_Fused_Row_ap_uint_ap_uint_const_ap_uint_const_ap_uint_const_ap_u_5_q0                                                                                         |   in|   16|   ap_memory|                                                                                   void_UpConv_Fused_Row_ap_uint_ap_uint_const_ap_uint_const_ap_uint_const_ap_u_5|         array|
|void_UpConv_Fused_Row_ap_uint_ap_uint_const_ap_uint_const_ap_uint_const_ap_u_5_we0                                                                                        |  out|    1|   ap_memory|                                                                                   void_UpConv_Fused_Row_ap_uint_ap_uint_const_ap_uint_const_ap_uint_const_ap_u_5|         array|
|void_UpConv_Fused_Row_ap_uint_ap_uint_const_ap_uint_const_ap_uint_const_ap_u_5_address1                                                                                   |  out|   13|   ap_memory|                                                                                   void_UpConv_Fused_Row_ap_uint_ap_uint_const_ap_uint_const_ap_uint_const_ap_u_5|         array|
|void_UpConv_Fused_Row_ap_uint_ap_uint_const_ap_uint_const_ap_uint_const_ap_u_5_ce1                                                                                        |  out|    1|   ap_memory|                                                                                   void_UpConv_Fused_Row_ap_uint_ap_uint_const_ap_uint_const_ap_uint_const_ap_u_5|         array|
|void_UpConv_Fused_Row_ap_uint_ap_uint_const_ap_uint_const_ap_uint_const_ap_u_5_d1                                                                                         |  out|   16|   ap_memory|                                                                                   void_UpConv_Fused_Row_ap_uint_ap_uint_const_ap_uint_const_ap_uint_const_ap_u_5|         array|
|void_UpConv_Fused_Row_ap_uint_ap_uint_const_ap_uint_const_ap_uint_const_ap_u_5_q1                                                                                         |   in|   16|   ap_memory|                                                                                   void_UpConv_Fused_Row_ap_uint_ap_uint_const_ap_uint_const_ap_uint_const_ap_u_5|         array|
|void_UpConv_Fused_Row_ap_uint_ap_uint_const_ap_uint_const_ap_uint_const_ap_u_5_we1                                                                                        |  out|    1|   ap_memory|                                                                                   void_UpConv_Fused_Row_ap_uint_ap_uint_const_ap_uint_const_ap_uint_const_ap_u_5|         array|
|void_UpConv_Fused_Row_8_ap_uint_256_ap_uint_256_const_ap_uint_256_const_ap_uint_256_const_ap_uint_256_const_ap_uint_256_decimal16_int_int_int_int_int_row_acc_1_address0  |  out|   13|   ap_memory|  void_UpConv_Fused_Row_8_ap_uint_256_ap_uint_256_const_ap_uint_256_const_ap_uint_256_const_ap_uint_256_const_ap_uint_256_decimal16_int_int_int_int_int_row_acc_1|         array|
|void_UpConv_Fused_Row_8_ap_uint_256_ap_uint_256_const_ap_uint_256_const_ap_uint_256_const_ap_uint_256_const_ap_uint_256_decimal16_int_int_int_int_int_row_acc_1_ce0       |  out|    1|   ap_memory|  void_UpConv_Fused_Row_8_ap_uint_256_ap_uint_256_const_ap_uint_256_const_ap_uint_256_const_ap_uint_256_const_ap_uint_256_decimal16_int_int_int_int_int_row_acc_1|         array|
|void_UpConv_Fused_Row_8_ap_uint_256_ap_uint_256_const_ap_uint_256_const_ap_uint_256_const_ap_uint_256_const_ap_uint_256_decimal16_int_int_int_int_int_row_acc_1_d0        |  out|   16|   ap_memory|  void_UpConv_Fused_Row_8_ap_uint_256_ap_uint_256_const_ap_uint_256_const_ap_uint_256_const_ap_uint_256_const_ap_uint_256_decimal16_int_int_int_int_int_row_acc_1|         array|
|void_UpConv_Fused_Row_8_ap_uint_256_ap_uint_256_const_ap_uint_256_const_ap_uint_256_const_ap_uint_256_const_ap_uint_256_decimal16_int_int_int_int_int_row_acc_1_q0        |   in|   16|   ap_memory|  void_UpConv_Fused_Row_8_ap_uint_256_ap_uint_256_const_ap_uint_256_const_ap_uint_256_const_ap_uint_256_const_ap_uint_256_decimal16_int_int_int_int_int_row_acc_1|         array|
|void_UpConv_Fused_Row_8_ap_uint_256_ap_uint_256_const_ap_uint_256_const_ap_uint_256_const_ap_uint_256_const_ap_uint_256_decimal16_int_int_int_int_int_row_acc_1_we0       |  out|    1|   ap_memory|  void_UpConv_Fused_Row_8_ap_uint_256_ap_uint_256_const_ap_uint_256_const_ap_uint_256_const_ap_uint_256_const_ap_uint_256_decimal16_int_int_int_int_int_row_acc_1|         array|
|void_UpConv_Fused_Row_8_ap_uint_256_ap_uint_256_const_ap_uint_256_const_ap_uint_256_const_ap_uint_256_const_ap_uint_256_decimal16_int_int_int_int_int_row_acc_1_address1  |  out|   13|   ap_memory|  void_UpConv_Fused_Row_8_ap_uint_256_ap_uint_256_const_ap_uint_256_const_ap_uint_256_const_ap_uint_256_const_ap_uint_256_decimal16_int_int_int_int_int_row_acc_1|         array|
|void_UpConv_Fused_Row_8_ap_uint_256_ap_uint_256_const_ap_uint_256_const_ap_uint_256_const_ap_uint_256_const_ap_uint_256_decimal16_int_int_int_int_int_row_acc_1_ce1       |  out|    1|   ap_memory|  void_UpConv_Fused_Row_8_ap_uint_256_ap_uint_256_const_ap_uint_256_const_ap_uint_256_const_ap_uint_256_const_ap_uint_256_decimal16_int_int_int_int_int_row_acc_1|         array|
|void_UpConv_Fused_Row_8_ap_uint_256_ap_uint_256_const_ap_uint_256_const_ap_uint_256_const_ap_uint_256_const_ap_uint_256_decimal16_int_int_int_int_int_row_acc_1_d1        |  out|   16|   ap_memory|  void_UpConv_Fused_Row_8_ap_uint_256_ap_uint_256_const_ap_uint_256_const_ap_uint_256_const_ap_uint_256_const_ap_uint_256_decimal16_int_int_int_int_int_row_acc_1|         array|
|void_UpConv_Fused_Row_8_ap_uint_256_ap_uint_256_const_ap_uint_256_const_ap_uint_256_const_ap_uint_256_const_ap_uint_256_decimal16_int_int_int_int_int_row_acc_1_q1        |   in|   16|   ap_memory|  void_UpConv_Fused_Row_8_ap_uint_256_ap_uint_256_const_ap_uint_256_const_ap_uint_256_const_ap_uint_256_const_ap_uint_256_decimal16_int_int_int_int_int_row_acc_1|         array|
|void_UpConv_Fused_Row_8_ap_uint_256_ap_uint_256_const_ap_uint_256_const_ap_uint_256_const_ap_uint_256_const_ap_uint_256_decimal16_int_int_int_int_int_row_acc_1_we1       |  out|    1|   ap_memory|  void_UpConv_Fused_Row_8_ap_uint_256_ap_uint_256_const_ap_uint_256_const_ap_uint_256_const_ap_uint_256_const_ap_uint_256_decimal16_int_int_int_int_int_row_acc_1|         array|
|void_UpConv_Fused_Row_ap_uint_ap_uint_const_ap_uint_const_ap_uint_const_ap_u_4_address0                                                                                   |  out|   13|   ap_memory|                                                                                   void_UpConv_Fused_Row_ap_uint_ap_uint_const_ap_uint_const_ap_uint_const_ap_u_4|         array|
|void_UpConv_Fused_Row_ap_uint_ap_uint_const_ap_uint_const_ap_uint_const_ap_u_4_ce0                                                                                        |  out|    1|   ap_memory|                                                                                   void_UpConv_Fused_Row_ap_uint_ap_uint_const_ap_uint_const_ap_uint_const_ap_u_4|         array|
|void_UpConv_Fused_Row_ap_uint_ap_uint_const_ap_uint_const_ap_uint_const_ap_u_4_d0                                                                                         |  out|   16|   ap_memory|                                                                                   void_UpConv_Fused_Row_ap_uint_ap_uint_const_ap_uint_const_ap_uint_const_ap_u_4|         array|
|void_UpConv_Fused_Row_ap_uint_ap_uint_const_ap_uint_const_ap_uint_const_ap_u_4_q0                                                                                         |   in|   16|   ap_memory|                                                                                   void_UpConv_Fused_Row_ap_uint_ap_uint_const_ap_uint_const_ap_uint_const_ap_u_4|         array|
|void_UpConv_Fused_Row_ap_uint_ap_uint_const_ap_uint_const_ap_uint_const_ap_u_4_we0                                                                                        |  out|    1|   ap_memory|                                                                                   void_UpConv_Fused_Row_ap_uint_ap_uint_const_ap_uint_const_ap_uint_const_ap_u_4|         array|
|void_UpConv_Fused_Row_ap_uint_ap_uint_const_ap_uint_const_ap_uint_const_ap_u_4_address1                                                                                   |  out|   13|   ap_memory|                                                                                   void_UpConv_Fused_Row_ap_uint_ap_uint_const_ap_uint_const_ap_uint_const_ap_u_4|         array|
|void_UpConv_Fused_Row_ap_uint_ap_uint_const_ap_uint_const_ap_uint_const_ap_u_4_ce1                                                                                        |  out|    1|   ap_memory|                                                                                   void_UpConv_Fused_Row_ap_uint_ap_uint_const_ap_uint_const_ap_uint_const_ap_u_4|         array|
|void_UpConv_Fused_Row_ap_uint_ap_uint_const_ap_uint_const_ap_uint_const_ap_u_4_d1                                                                                         |  out|   16|   ap_memory|                                                                                   void_UpConv_Fused_Row_ap_uint_ap_uint_const_ap_uint_const_ap_uint_const_ap_u_4|         array|
|void_UpConv_Fused_Row_ap_uint_ap_uint_const_ap_uint_const_ap_uint_const_ap_u_4_q1                                                                                         |   in|   16|   ap_memory|                                                                                   void_UpConv_Fused_Row_ap_uint_ap_uint_const_ap_uint_const_ap_uint_const_ap_u_4|         array|
|void_UpConv_Fused_Row_ap_uint_ap_uint_const_ap_uint_const_ap_uint_const_ap_u_4_we1                                                                                        |  out|    1|   ap_memory|                                                                                   void_UpConv_Fused_Row_ap_uint_ap_uint_const_ap_uint_const_ap_uint_const_ap_u_4|         array|
|void_UpConv_Fused_Row_8_ap_uint_256_ap_uint_256_const_ap_uint_256_const_ap_uint_256_const_ap_uint_256_const_ap_uint_256_decimal16_int_int_int_int_int_row_acc_2_address0  |  out|   13|   ap_memory|  void_UpConv_Fused_Row_8_ap_uint_256_ap_uint_256_const_ap_uint_256_const_ap_uint_256_const_ap_uint_256_const_ap_uint_256_decimal16_int_int_int_int_int_row_acc_2|         array|
|void_UpConv_Fused_Row_8_ap_uint_256_ap_uint_256_const_ap_uint_256_const_ap_uint_256_const_ap_uint_256_const_ap_uint_256_decimal16_int_int_int_int_int_row_acc_2_ce0       |  out|    1|   ap_memory|  void_UpConv_Fused_Row_8_ap_uint_256_ap_uint_256_const_ap_uint_256_const_ap_uint_256_const_ap_uint_256_const_ap_uint_256_decimal16_int_int_int_int_int_row_acc_2|         array|
|void_UpConv_Fused_Row_8_ap_uint_256_ap_uint_256_const_ap_uint_256_const_ap_uint_256_const_ap_uint_256_const_ap_uint_256_decimal16_int_int_int_int_int_row_acc_2_d0        |  out|   16|   ap_memory|  void_UpConv_Fused_Row_8_ap_uint_256_ap_uint_256_const_ap_uint_256_const_ap_uint_256_const_ap_uint_256_const_ap_uint_256_decimal16_int_int_int_int_int_row_acc_2|         array|
|void_UpConv_Fused_Row_8_ap_uint_256_ap_uint_256_const_ap_uint_256_const_ap_uint_256_const_ap_uint_256_const_ap_uint_256_decimal16_int_int_int_int_int_row_acc_2_q0        |   in|   16|   ap_memory|  void_UpConv_Fused_Row_8_ap_uint_256_ap_uint_256_const_ap_uint_256_const_ap_uint_256_const_ap_uint_256_const_ap_uint_256_decimal16_int_int_int_int_int_row_acc_2|         array|
|void_UpConv_Fused_Row_8_ap_uint_256_ap_uint_256_const_ap_uint_256_const_ap_uint_256_const_ap_uint_256_const_ap_uint_256_decimal16_int_int_int_int_int_row_acc_2_we0       |  out|    1|   ap_memory|  void_UpConv_Fused_Row_8_ap_uint_256_ap_uint_256_const_ap_uint_256_const_ap_uint_256_const_ap_uint_256_const_ap_uint_256_decimal16_int_int_int_int_int_row_acc_2|         array|
|void_UpConv_Fused_Row_8_ap_uint_256_ap_uint_256_const_ap_uint_256_const_ap_uint_256_const_ap_uint_256_const_ap_uint_256_decimal16_int_int_int_int_int_row_acc_2_address1  |  out|   13|   ap_memory|  void_UpConv_Fused_Row_8_ap_uint_256_ap_uint_256_const_ap_uint_256_const_ap_uint_256_const_ap_uint_256_const_ap_uint_256_decimal16_int_int_int_int_int_row_acc_2|         array|
|void_UpConv_Fused_Row_8_ap_uint_256_ap_uint_256_const_ap_uint_256_const_ap_uint_256_const_ap_uint_256_const_ap_uint_256_decimal16_int_int_int_int_int_row_acc_2_ce1       |  out|    1|   ap_memory|  void_UpConv_Fused_Row_8_ap_uint_256_ap_uint_256_const_ap_uint_256_const_ap_uint_256_const_ap_uint_256_const_ap_uint_256_decimal16_int_int_int_int_int_row_acc_2|         array|
|void_UpConv_Fused_Row_8_ap_uint_256_ap_uint_256_const_ap_uint_256_const_ap_uint_256_const_ap_uint_256_const_ap_uint_256_decimal16_int_int_int_int_int_row_acc_2_d1        |  out|   16|   ap_memory|  void_UpConv_Fused_Row_8_ap_uint_256_ap_uint_256_const_ap_uint_256_const_ap_uint_256_const_ap_uint_256_const_ap_uint_256_decimal16_int_int_int_int_int_row_acc_2|         array|
|void_UpConv_Fused_Row_8_ap_uint_256_ap_uint_256_const_ap_uint_256_const_ap_uint_256_const_ap_uint_256_const_ap_uint_256_decimal16_int_int_int_int_int_row_acc_2_q1        |   in|   16|   ap_memory|  void_UpConv_Fused_Row_8_ap_uint_256_ap_uint_256_const_ap_uint_256_const_ap_uint_256_const_ap_uint_256_const_ap_uint_256_decimal16_int_int_int_int_int_row_acc_2|         array|
|void_UpConv_Fused_Row_8_ap_uint_256_ap_uint_256_const_ap_uint_256_const_ap_uint_256_const_ap_uint_256_const_ap_uint_256_decimal16_int_int_int_int_int_row_acc_2_we1       |  out|    1|   ap_memory|  void_UpConv_Fused_Row_8_ap_uint_256_ap_uint_256_const_ap_uint_256_const_ap_uint_256_const_ap_uint_256_const_ap_uint_256_decimal16_int_int_int_int_int_row_acc_2|         array|
|void_UpConv_Fused_Row_ap_uint_ap_uint_const_ap_uint_const_ap_uint_const_ap_u_3_address0                                                                                   |  out|   13|   ap_memory|                                                                                   void_UpConv_Fused_Row_ap_uint_ap_uint_const_ap_uint_const_ap_uint_const_ap_u_3|         array|
|void_UpConv_Fused_Row_ap_uint_ap_uint_const_ap_uint_const_ap_uint_const_ap_u_3_ce0                                                                                        |  out|    1|   ap_memory|                                                                                   void_UpConv_Fused_Row_ap_uint_ap_uint_const_ap_uint_const_ap_uint_const_ap_u_3|         array|
|void_UpConv_Fused_Row_ap_uint_ap_uint_const_ap_uint_const_ap_uint_const_ap_u_3_d0                                                                                         |  out|   16|   ap_memory|                                                                                   void_UpConv_Fused_Row_ap_uint_ap_uint_const_ap_uint_const_ap_uint_const_ap_u_3|         array|
|void_UpConv_Fused_Row_ap_uint_ap_uint_const_ap_uint_const_ap_uint_const_ap_u_3_q0                                                                                         |   in|   16|   ap_memory|                                                                                   void_UpConv_Fused_Row_ap_uint_ap_uint_const_ap_uint_const_ap_uint_const_ap_u_3|         array|
|void_UpConv_Fused_Row_ap_uint_ap_uint_const_ap_uint_const_ap_uint_const_ap_u_3_we0                                                                                        |  out|    1|   ap_memory|                                                                                   void_UpConv_Fused_Row_ap_uint_ap_uint_const_ap_uint_const_ap_uint_const_ap_u_3|         array|
|void_UpConv_Fused_Row_ap_uint_ap_uint_const_ap_uint_const_ap_uint_const_ap_u_3_address1                                                                                   |  out|   13|   ap_memory|                                                                                   void_UpConv_Fused_Row_ap_uint_ap_uint_const_ap_uint_const_ap_uint_const_ap_u_3|         array|
|void_UpConv_Fused_Row_ap_uint_ap_uint_const_ap_uint_const_ap_uint_const_ap_u_3_ce1                                                                                        |  out|    1|   ap_memory|                                                                                   void_UpConv_Fused_Row_ap_uint_ap_uint_const_ap_uint_const_ap_uint_const_ap_u_3|         array|
|void_UpConv_Fused_Row_ap_uint_ap_uint_const_ap_uint_const_ap_uint_const_ap_u_3_d1                                                                                         |  out|   16|   ap_memory|                                                                                   void_UpConv_Fused_Row_ap_uint_ap_uint_const_ap_uint_const_ap_uint_const_ap_u_3|         array|
|void_UpConv_Fused_Row_ap_uint_ap_uint_const_ap_uint_const_ap_uint_const_ap_u_3_q1                                                                                         |   in|   16|   ap_memory|                                                                                   void_UpConv_Fused_Row_ap_uint_ap_uint_const_ap_uint_const_ap_uint_const_ap_u_3|         array|
|void_UpConv_Fused_Row_ap_uint_ap_uint_const_ap_uint_const_ap_uint_const_ap_u_3_we1                                                                                        |  out|    1|   ap_memory|                                                                                   void_UpConv_Fused_Row_ap_uint_ap_uint_const_ap_uint_const_ap_uint_const_ap_u_3|         array|
|void_UpConv_Fused_Row_8_ap_uint_256_ap_uint_256_const_ap_uint_256_const_ap_uint_256_const_ap_uint_256_const_ap_uint_256_decimal16_int_int_int_int_int_row_acc_3_address0  |  out|   13|   ap_memory|  void_UpConv_Fused_Row_8_ap_uint_256_ap_uint_256_const_ap_uint_256_const_ap_uint_256_const_ap_uint_256_const_ap_uint_256_decimal16_int_int_int_int_int_row_acc_3|         array|
|void_UpConv_Fused_Row_8_ap_uint_256_ap_uint_256_const_ap_uint_256_const_ap_uint_256_const_ap_uint_256_const_ap_uint_256_decimal16_int_int_int_int_int_row_acc_3_ce0       |  out|    1|   ap_memory|  void_UpConv_Fused_Row_8_ap_uint_256_ap_uint_256_const_ap_uint_256_const_ap_uint_256_const_ap_uint_256_const_ap_uint_256_decimal16_int_int_int_int_int_row_acc_3|         array|
|void_UpConv_Fused_Row_8_ap_uint_256_ap_uint_256_const_ap_uint_256_const_ap_uint_256_const_ap_uint_256_const_ap_uint_256_decimal16_int_int_int_int_int_row_acc_3_d0        |  out|   16|   ap_memory|  void_UpConv_Fused_Row_8_ap_uint_256_ap_uint_256_const_ap_uint_256_const_ap_uint_256_const_ap_uint_256_const_ap_uint_256_decimal16_int_int_int_int_int_row_acc_3|         array|
|void_UpConv_Fused_Row_8_ap_uint_256_ap_uint_256_const_ap_uint_256_const_ap_uint_256_const_ap_uint_256_const_ap_uint_256_decimal16_int_int_int_int_int_row_acc_3_q0        |   in|   16|   ap_memory|  void_UpConv_Fused_Row_8_ap_uint_256_ap_uint_256_const_ap_uint_256_const_ap_uint_256_const_ap_uint_256_const_ap_uint_256_decimal16_int_int_int_int_int_row_acc_3|         array|
|void_UpConv_Fused_Row_8_ap_uint_256_ap_uint_256_const_ap_uint_256_const_ap_uint_256_const_ap_uint_256_const_ap_uint_256_decimal16_int_int_int_int_int_row_acc_3_we0       |  out|    1|   ap_memory|  void_UpConv_Fused_Row_8_ap_uint_256_ap_uint_256_const_ap_uint_256_const_ap_uint_256_const_ap_uint_256_const_ap_uint_256_decimal16_int_int_int_int_int_row_acc_3|         array|
|void_UpConv_Fused_Row_8_ap_uint_256_ap_uint_256_const_ap_uint_256_const_ap_uint_256_const_ap_uint_256_const_ap_uint_256_decimal16_int_int_int_int_int_row_acc_3_address1  |  out|   13|   ap_memory|  void_UpConv_Fused_Row_8_ap_uint_256_ap_uint_256_const_ap_uint_256_const_ap_uint_256_const_ap_uint_256_const_ap_uint_256_decimal16_int_int_int_int_int_row_acc_3|         array|
|void_UpConv_Fused_Row_8_ap_uint_256_ap_uint_256_const_ap_uint_256_const_ap_uint_256_const_ap_uint_256_const_ap_uint_256_decimal16_int_int_int_int_int_row_acc_3_ce1       |  out|    1|   ap_memory|  void_UpConv_Fused_Row_8_ap_uint_256_ap_uint_256_const_ap_uint_256_const_ap_uint_256_const_ap_uint_256_const_ap_uint_256_decimal16_int_int_int_int_int_row_acc_3|         array|
|void_UpConv_Fused_Row_8_ap_uint_256_ap_uint_256_const_ap_uint_256_const_ap_uint_256_const_ap_uint_256_const_ap_uint_256_decimal16_int_int_int_int_int_row_acc_3_d1        |  out|   16|   ap_memory|  void_UpConv_Fused_Row_8_ap_uint_256_ap_uint_256_const_ap_uint_256_const_ap_uint_256_const_ap_uint_256_const_ap_uint_256_decimal16_int_int_int_int_int_row_acc_3|         array|
|void_UpConv_Fused_Row_8_ap_uint_256_ap_uint_256_const_ap_uint_256_const_ap_uint_256_const_ap_uint_256_const_ap_uint_256_decimal16_int_int_int_int_int_row_acc_3_q1        |   in|   16|   ap_memory|  void_UpConv_Fused_Row_8_ap_uint_256_ap_uint_256_const_ap_uint_256_const_ap_uint_256_const_ap_uint_256_const_ap_uint_256_decimal16_int_int_int_int_int_row_acc_3|         array|
|void_UpConv_Fused_Row_8_ap_uint_256_ap_uint_256_const_ap_uint_256_const_ap_uint_256_const_ap_uint_256_const_ap_uint_256_decimal16_int_int_int_int_int_row_acc_3_we1       |  out|    1|   ap_memory|  void_UpConv_Fused_Row_8_ap_uint_256_ap_uint_256_const_ap_uint_256_const_ap_uint_256_const_ap_uint_256_const_ap_uint_256_decimal16_int_int_int_int_int_row_acc_3|         array|
|void_UpConv_Fused_Row_ap_uint_ap_uint_const_ap_uint_const_ap_uint_const_ap_u_2_address0                                                                                   |  out|   13|   ap_memory|                                                                                   void_UpConv_Fused_Row_ap_uint_ap_uint_const_ap_uint_const_ap_uint_const_ap_u_2|         array|
|void_UpConv_Fused_Row_ap_uint_ap_uint_const_ap_uint_const_ap_uint_const_ap_u_2_ce0                                                                                        |  out|    1|   ap_memory|                                                                                   void_UpConv_Fused_Row_ap_uint_ap_uint_const_ap_uint_const_ap_uint_const_ap_u_2|         array|
|void_UpConv_Fused_Row_ap_uint_ap_uint_const_ap_uint_const_ap_uint_const_ap_u_2_d0                                                                                         |  out|   16|   ap_memory|                                                                                   void_UpConv_Fused_Row_ap_uint_ap_uint_const_ap_uint_const_ap_uint_const_ap_u_2|         array|
|void_UpConv_Fused_Row_ap_uint_ap_uint_const_ap_uint_const_ap_uint_const_ap_u_2_q0                                                                                         |   in|   16|   ap_memory|                                                                                   void_UpConv_Fused_Row_ap_uint_ap_uint_const_ap_uint_const_ap_uint_const_ap_u_2|         array|
|void_UpConv_Fused_Row_ap_uint_ap_uint_const_ap_uint_const_ap_uint_const_ap_u_2_we0                                                                                        |  out|    1|   ap_memory|                                                                                   void_UpConv_Fused_Row_ap_uint_ap_uint_const_ap_uint_const_ap_uint_const_ap_u_2|         array|
|void_UpConv_Fused_Row_ap_uint_ap_uint_const_ap_uint_const_ap_uint_const_ap_u_2_address1                                                                                   |  out|   13|   ap_memory|                                                                                   void_UpConv_Fused_Row_ap_uint_ap_uint_const_ap_uint_const_ap_uint_const_ap_u_2|         array|
|void_UpConv_Fused_Row_ap_uint_ap_uint_const_ap_uint_const_ap_uint_const_ap_u_2_ce1                                                                                        |  out|    1|   ap_memory|                                                                                   void_UpConv_Fused_Row_ap_uint_ap_uint_const_ap_uint_const_ap_uint_const_ap_u_2|         array|
|void_UpConv_Fused_Row_ap_uint_ap_uint_const_ap_uint_const_ap_uint_const_ap_u_2_d1                                                                                         |  out|   16|   ap_memory|                                                                                   void_UpConv_Fused_Row_ap_uint_ap_uint_const_ap_uint_const_ap_uint_const_ap_u_2|         array|
|void_UpConv_Fused_Row_ap_uint_ap_uint_const_ap_uint_const_ap_uint_const_ap_u_2_q1                                                                                         |   in|   16|   ap_memory|                                                                                   void_UpConv_Fused_Row_ap_uint_ap_uint_const_ap_uint_const_ap_uint_const_ap_u_2|         array|
|void_UpConv_Fused_Row_ap_uint_ap_uint_const_ap_uint_const_ap_uint_const_ap_u_2_we1                                                                                        |  out|    1|   ap_memory|                                                                                   void_UpConv_Fused_Row_ap_uint_ap_uint_const_ap_uint_const_ap_uint_const_ap_u_2|         array|
|void_UpConv_Fused_Row_8_ap_uint_256_ap_uint_256_const_ap_uint_256_const_ap_uint_256_const_ap_uint_256_const_ap_uint_256_decimal16_int_int_int_int_int_row_acc_4_address0  |  out|   13|   ap_memory|  void_UpConv_Fused_Row_8_ap_uint_256_ap_uint_256_const_ap_uint_256_const_ap_uint_256_const_ap_uint_256_const_ap_uint_256_decimal16_int_int_int_int_int_row_acc_4|         array|
|void_UpConv_Fused_Row_8_ap_uint_256_ap_uint_256_const_ap_uint_256_const_ap_uint_256_const_ap_uint_256_const_ap_uint_256_decimal16_int_int_int_int_int_row_acc_4_ce0       |  out|    1|   ap_memory|  void_UpConv_Fused_Row_8_ap_uint_256_ap_uint_256_const_ap_uint_256_const_ap_uint_256_const_ap_uint_256_const_ap_uint_256_decimal16_int_int_int_int_int_row_acc_4|         array|
|void_UpConv_Fused_Row_8_ap_uint_256_ap_uint_256_const_ap_uint_256_const_ap_uint_256_const_ap_uint_256_const_ap_uint_256_decimal16_int_int_int_int_int_row_acc_4_d0        |  out|   16|   ap_memory|  void_UpConv_Fused_Row_8_ap_uint_256_ap_uint_256_const_ap_uint_256_const_ap_uint_256_const_ap_uint_256_const_ap_uint_256_decimal16_int_int_int_int_int_row_acc_4|         array|
|void_UpConv_Fused_Row_8_ap_uint_256_ap_uint_256_const_ap_uint_256_const_ap_uint_256_const_ap_uint_256_const_ap_uint_256_decimal16_int_int_int_int_int_row_acc_4_q0        |   in|   16|   ap_memory|  void_UpConv_Fused_Row_8_ap_uint_256_ap_uint_256_const_ap_uint_256_const_ap_uint_256_const_ap_uint_256_const_ap_uint_256_decimal16_int_int_int_int_int_row_acc_4|         array|
|void_UpConv_Fused_Row_8_ap_uint_256_ap_uint_256_const_ap_uint_256_const_ap_uint_256_const_ap_uint_256_const_ap_uint_256_decimal16_int_int_int_int_int_row_acc_4_we0       |  out|    1|   ap_memory|  void_UpConv_Fused_Row_8_ap_uint_256_ap_uint_256_const_ap_uint_256_const_ap_uint_256_const_ap_uint_256_const_ap_uint_256_decimal16_int_int_int_int_int_row_acc_4|         array|
|void_UpConv_Fused_Row_8_ap_uint_256_ap_uint_256_const_ap_uint_256_const_ap_uint_256_const_ap_uint_256_const_ap_uint_256_decimal16_int_int_int_int_int_row_acc_4_address1  |  out|   13|   ap_memory|  void_UpConv_Fused_Row_8_ap_uint_256_ap_uint_256_const_ap_uint_256_const_ap_uint_256_const_ap_uint_256_const_ap_uint_256_decimal16_int_int_int_int_int_row_acc_4|         array|
|void_UpConv_Fused_Row_8_ap_uint_256_ap_uint_256_const_ap_uint_256_const_ap_uint_256_const_ap_uint_256_const_ap_uint_256_decimal16_int_int_int_int_int_row_acc_4_ce1       |  out|    1|   ap_memory|  void_UpConv_Fused_Row_8_ap_uint_256_ap_uint_256_const_ap_uint_256_const_ap_uint_256_const_ap_uint_256_const_ap_uint_256_decimal16_int_int_int_int_int_row_acc_4|         array|
|void_UpConv_Fused_Row_8_ap_uint_256_ap_uint_256_const_ap_uint_256_const_ap_uint_256_const_ap_uint_256_const_ap_uint_256_decimal16_int_int_int_int_int_row_acc_4_d1        |  out|   16|   ap_memory|  void_UpConv_Fused_Row_8_ap_uint_256_ap_uint_256_const_ap_uint_256_const_ap_uint_256_const_ap_uint_256_const_ap_uint_256_decimal16_int_int_int_int_int_row_acc_4|         array|
|void_UpConv_Fused_Row_8_ap_uint_256_ap_uint_256_const_ap_uint_256_const_ap_uint_256_const_ap_uint_256_const_ap_uint_256_decimal16_int_int_int_int_int_row_acc_4_q1        |   in|   16|   ap_memory|  void_UpConv_Fused_Row_8_ap_uint_256_ap_uint_256_const_ap_uint_256_const_ap_uint_256_const_ap_uint_256_const_ap_uint_256_decimal16_int_int_int_int_int_row_acc_4|         array|
|void_UpConv_Fused_Row_8_ap_uint_256_ap_uint_256_const_ap_uint_256_const_ap_uint_256_const_ap_uint_256_const_ap_uint_256_decimal16_int_int_int_int_int_row_acc_4_we1       |  out|    1|   ap_memory|  void_UpConv_Fused_Row_8_ap_uint_256_ap_uint_256_const_ap_uint_256_const_ap_uint_256_const_ap_uint_256_const_ap_uint_256_decimal16_int_int_int_int_int_row_acc_4|         array|
|ap_clk                                                                                                                                                                    |   in|    1|  ap_ctrl_hs|                                                                                                                                        dataflow_parent_loop_proc|  return value|
|ap_rst                                                                                                                                                                    |   in|    1|  ap_ctrl_hs|                                                                                                                                        dataflow_parent_loop_proc|  return value|
|ap_start                                                                                                                                                                  |   in|    1|  ap_ctrl_hs|                                                                                                                                        dataflow_parent_loop_proc|  return value|
|ap_done                                                                                                                                                                   |  out|    1|  ap_ctrl_hs|                                                                                                                                        dataflow_parent_loop_proc|  return value|
|ap_ready                                                                                                                                                                  |  out|    1|  ap_ctrl_hs|                                                                                                                                        dataflow_parent_loop_proc|  return value|
|ap_idle                                                                                                                                                                   |  out|    1|  ap_ctrl_hs|                                                                                                                                        dataflow_parent_loop_proc|  return value|
|ap_continue                                                                                                                                                               |   in|    1|  ap_ctrl_hs|                                                                                                                                        dataflow_parent_loop_proc|  return value|
+--------------------------------------------------------------------------------------------------------------------------------------------------------------------------+-----+-----+------------+-----------------------------------------------------------------------------------------------------------------------------------------------------------------+--------------+

