

================================================================
== Vitis HLS Report for 'entry_proc'
================================================================
* Date:           Thu Jun 18 11:21:22 2026

* Version:        2024.2 (Build 5238294 on Nov  8 2024)
* Project:        upconv_core_top
* Solution:       hls (Vivado IP Flow Target)
* Product family: zynquplus
* Target device:  xczu7ev-ffvc1156-2-e


================================================================
== Performance Estimates
================================================================
+ Timing: 
    * Summary: 
    +--------+---------+----------+------------+
    |  Clock |  Target | Estimated| Uncertainty|
    +--------+---------+----------+------------+
    |ap_clk  |  3.33 ns|  1.217 ns|     0.90 ns|
    +--------+---------+----------+------------+

+ Latency: 
    * Summary: 
    +---------+---------+----------+----------+-----+-----+---------+
    |  Latency (cycles) |  Latency (absolute) |  Interval | Pipeline|
    |   min   |   max   |    min   |    max   | min | max |   Type  |
    +---------+---------+----------+----------+-----+-----+---------+
    |        0|        0|      0 ns|      0 ns|    0|    0|       no|
    +---------+---------+----------+----------+-----+-----+---------+

    + Detail: 
        * Instance: 
        N/A

        * Loop: 
        N/A



================================================================
== Utilization Estimates
================================================================
* Summary: 
+-----------------+---------+------+--------+--------+-----+
|       Name      | BRAM_18K|  DSP |   FF   |   LUT  | URAM|
+-----------------+---------+------+--------+--------+-----+
|DSP              |        -|     -|       -|       -|    -|
|Expression       |        -|     -|       0|       2|    -|
|FIFO             |        -|     -|       -|       -|    -|
|Instance         |        -|     -|       -|       -|    -|
|Memory           |        -|     -|       -|       -|    -|
|Multiplexer      |        -|     -|       0|      36|    -|
|Register         |        -|     -|       2|       -|    -|
+-----------------+---------+------+--------+--------+-----+
|Total            |        0|     0|       2|      38|    0|
+-----------------+---------+------+--------+--------+-----+
|Available        |      624|  1728|  460800|  230400|   96|
+-----------------+---------+------+--------+--------+-----+
|Utilization (%)  |        0|     0|      ~0|      ~0|    0|
+-----------------+---------+------+--------+--------+-----+

+ Detail: 
    * Instance: 
    N/A

    * DSP: 
    N/A

    * Memory: 
    N/A

    * FIFO: 
    N/A

    * Expression: 
    +-----------------+----------+----+---+----+------------+------------+
    |  Variable Name  | Operation| DSP| FF| LUT| Bitwidth P0| Bitwidth P1|
    +-----------------+----------+----+---+----+------------+------------+
    |ap_block_state1  |        or|   0|  0|   2|           1|           1|
    +-----------------+----------+----+---+----+------------+------------+
    |Total            |          |   0|  0|   2|           1|           1|
    +-----------------+----------+----+---+----+------------+------------+

    * Multiplexer: 
    +--------------+----+-----------+-----+-----------+
    |     Name     | LUT| Input Size| Bits| Total Bits|
    +--------------+----+-----------+-----+-----------+
    |H_IN_c_blk_n  |   9|          2|    1|          2|
    |W_IN_c_blk_n  |   9|          2|    1|          2|
    |ap_done       |   9|          2|    1|          2|
    |ho_c_blk_n    |   9|          2|    1|          2|
    +--------------+----+-----------+-----+-----------+
    |Total         |  36|          8|    4|          8|
    +--------------+----+-----------+-----+-----------+

    * Register: 
    +-------------+---+----+-----+-----------+
    |     Name    | FF| LUT| Bits| Const Bits|
    +-------------+---+----+-----+-----------+
    |ap_CS_fsm    |  1|   0|    1|          0|
    |ap_done_reg  |  1|   0|    1|          0|
    +-------------+---+----+-----+-----------+
    |Total        |  2|   0|    2|          0|
    +-------------+---+----+-----+-----------+



================================================================
== Interface
================================================================
* Summary: 
+-----------------------+-----+-----+------------+--------------+--------------+
|       RTL Ports       | Dir | Bits|  Protocol  | Source Object|    C Type    |
+-----------------------+-----+-----+------------+--------------+--------------+
|ap_clk                 |   in|    1|  ap_ctrl_hs|    entry_proc|  return value|
|ap_rst                 |   in|    1|  ap_ctrl_hs|    entry_proc|  return value|
|ap_start               |   in|    1|  ap_ctrl_hs|    entry_proc|  return value|
|ap_done                |  out|    1|  ap_ctrl_hs|    entry_proc|  return value|
|ap_continue            |   in|    1|  ap_ctrl_hs|    entry_proc|  return value|
|ap_idle                |  out|    1|  ap_ctrl_hs|    entry_proc|  return value|
|ap_ready               |  out|    1|  ap_ctrl_hs|    entry_proc|  return value|
|ho                     |   in|    8|     ap_none|            ho|        scalar|
|ho_c_din               |  out|    8|     ap_fifo|          ho_c|       pointer|
|ho_c_full_n            |   in|    1|     ap_fifo|          ho_c|       pointer|
|ho_c_write             |  out|    1|     ap_fifo|          ho_c|       pointer|
|ho_c_num_data_valid    |   in|    3|     ap_fifo|          ho_c|       pointer|
|ho_c_fifo_cap          |   in|    3|     ap_fifo|          ho_c|       pointer|
|H_IN                   |   in|    8|     ap_none|          H_IN|        scalar|
|H_IN_c_din             |  out|    8|     ap_fifo|        H_IN_c|       pointer|
|H_IN_c_full_n          |   in|    1|     ap_fifo|        H_IN_c|       pointer|
|H_IN_c_write           |  out|    1|     ap_fifo|        H_IN_c|       pointer|
|H_IN_c_num_data_valid  |   in|    3|     ap_fifo|        H_IN_c|       pointer|
|H_IN_c_fifo_cap        |   in|    3|     ap_fifo|        H_IN_c|       pointer|
|W_IN                   |   in|    8|     ap_none|          W_IN|        scalar|
|W_IN_c_din             |  out|    8|     ap_fifo|        W_IN_c|       pointer|
|W_IN_c_full_n          |   in|    1|     ap_fifo|        W_IN_c|       pointer|
|W_IN_c_write           |  out|    1|     ap_fifo|        W_IN_c|       pointer|
|W_IN_c_num_data_valid  |   in|    3|     ap_fifo|        W_IN_c|       pointer|
|W_IN_c_fifo_cap        |   in|    3|     ap_fifo|        W_IN_c|       pointer|
+-----------------------+-----+-----+------------+--------------+--------------+

