

================================================================
== Vitis HLS Report for 'uc_load_tile_8_2_Pipeline_W_FLAT'
================================================================
* Date:           Thu Jun 18 11:21:23 2026

* Version:        2024.2 (Build 5238294 on Nov  8 2024)
* Project:        upconv_core_top
* Solution:       hls (Vivado IP Flow Target)
* Product family: zynquplus
* Target device:  xczu7ev-ffvc1156-2-e


================================================================
== Performance Estimates
================================================================
+ Timing: 
    * Summary: 
    +--------+---------+----------+------------+
    |  Clock |  Target | Estimated| Uncertainty|
    +--------+---------+----------+------------+
    |ap_clk  |  3.33 ns|  3.195 ns|     0.90 ns|
    +--------+---------+----------+------------+

+ Latency: 
    * Summary: 
    +---------+---------+----------+----------+-----+-----+------------------------------------------------+
    |  Latency (cycles) |  Latency (absolute) |  Interval |                    Pipeline                    |
    |   min   |   max   |    min   |    max   | min | max |                      Type                      |
    +---------+---------+----------+----------+-----+-----+------------------------------------------------+
    |       75|      543|  0.250 us|  1.810 us|   73|  541|  loop auto-rewind stp (delay=0 clock cycles(s))|
    +---------+---------+----------+----------+-----+-----+------------------------------------------------+

    + Detail: 
        * Instance: 
        N/A

        * Loop: 
        +----------+---------+---------+----------+-----------+-----------+----------+----------+
        |          |  Latency (cycles) | Iteration|  Initiation Interval  |   Trip   |          |
        | Loop Name|   min   |   max   |  Latency |  achieved |   target  |   Count  | Pipelined|
        +----------+---------+---------+----------+-----------+-----------+----------+----------+
        |- W_FLAT  |       73|      541|         3|          1|          1|  72 ~ 540|       yes|
        +----------+---------+---------+----------+-----------+-----------+----------+----------+



================================================================
== Utilization Estimates
================================================================
* Summary: 
+-----------------+---------+------+--------+--------+-----+
|       Name      | BRAM_18K|  DSP |   FF   |   LUT  | URAM|
+-----------------+---------+------+--------+--------+-----+
|DSP              |        -|     -|       -|       -|    -|
|Expression       |        -|     -|       0|     259|    -|
|FIFO             |        -|     -|       -|       -|    -|
|Instance         |        -|     -|       -|       -|    -|
|Memory           |        -|     -|       -|       -|    -|
|Multiplexer      |        -|     -|       0|      63|    -|
|Register         |        -|     -|     353|       -|    -|
+-----------------+---------+------+--------+--------+-----+
|Total            |        0|     0|     353|     322|    0|
+-----------------+---------+------+--------+--------+-----+
|Available        |      624|  1728|  460800|  230400|   96|
+-----------------+---------+------+--------+--------+-----+
|Utilization (%)  |        0|     0|      ~0|      ~0|    0|
+-----------------+---------+------+--------+--------+-----+

+ Detail: 
    * Instance: 
    N/A

    * DSP: 
    N/A

    * Memory: 
    N/A

    * FIFO: 
    N/A

    * Expression: 
    +---------------------------+----------+----+---+----+------------+------------+
    |       Variable Name       | Operation| DSP| FF| LUT| Bitwidth P0| Bitwidth P1|
    +---------------------------+----------+----+---+----+------------+------------+
    |add_ln83_fu_285_p2         |         +|   0|  0|  17|          10|           1|
    |add_ln86_fu_375_p2         |         +|   0|  0|  18|          10|          10|
    |add_ln88_fu_395_p2         |         +|   0|  0|  39|          32|           1|
    |ci_cnt_1_fu_312_p2         |         +|   0|  0|  39|          32|           1|
    |sub_ln86_fu_369_p2         |         -|   0|  0|  18|          10|          10|
    |ap_block_pp0_stage0_11001  |       and|   0|  0|   2|           1|           1|
    |ap_condition_184           |       and|   0|  0|   2|           1|           1|
    |icmp_ln83_fu_279_p2        |      icmp|   0|  0|  17|          10|          10|
    |icmp_ln88_fu_318_p2        |      icmp|   0|  0|  39|          32|          32|
    |ci_cnt_2_fu_329_p3         |    select|   0|  0|  32|           1|           1|
    |k_cnt_1_fu_401_p3          |    select|   0|  0|  32|           1|          32|
    |ap_enable_pp0              |       xor|   0|  0|   2|           1|           2|
    |xor_ln88_fu_323_p2         |       xor|   0|  0|   2|           1|           2|
    +---------------------------+----------+----+---+----+------------+------------+
    |Total                      |          |   0|  0| 259|         142|         104|
    +---------------------------+----------+----+---+----+------------+------------+

    * Multiplexer: 
    +-------------------------+----+-----------+-----+-----------+
    |           Name          | LUT| Input Size| Bits| Total Bits|
    +-------------------------+----+-----------+-----+-----------+
    |ap_done_int              |   9|          2|    1|          2|
    |ap_enable_reg_pp0_iter1  |   9|          2|    1|          2|
    |ap_sig_allocacmp_kci_1   |   9|          2|   10|         20|
    |ci_cnt_fu_112            |   9|          2|   32|         64|
    |gmem_weight_blk_n_R      |   9|          2|    1|          2|
    |k_cnt_fu_108             |   9|          2|   32|         64|
    |kci_fu_116               |   9|          2|   10|         20|
    +-------------------------+----+-----------+-----+-----------+
    |Total                    |  63|         14|   87|        174|
    +-------------------------+----+-----------+-----+-----------+

    * Register: 
    +-------------------------------------------+-----+----+-----+-----------+
    |                    Name                   |  FF | LUT| Bits| Const Bits|
    +-------------------------------------------+-----+----+-----+-----------+
    |CI_WORDS_cast4_i_cast_reg_445              |    6|   0|   32|         26|
    |ap_CS_fsm                                  |    1|   0|    1|          0|
    |ap_block_pp0_stage0_subdone_grp0_done_reg  |    1|   0|    1|          0|
    |ap_done_reg                                |    1|   0|    1|          0|
    |ap_enable_reg_pp0_iter1                    |    1|   0|    1|          0|
    |ap_enable_reg_pp0_iter2                    |    1|   0|    1|          0|
    |ap_loop_exit_ready_pp0_iter1_reg           |    1|   0|    1|          0|
    |ci_cnt_fu_112                              |   32|   0|   32|          0|
    |gmem_weight_addr_read_reg_459              |  256|   0|  256|          0|
    |k_cnt_fu_108                               |   32|   0|   32|          0|
    |kci_fu_116                                 |   10|   0|   10|          0|
    |trunc_ln83_reg_454                         |   10|   0|   10|          0|
    |xor_ln88_reg_471                           |    1|   0|    1|          0|
    +-------------------------------------------+-----+----+-----+-----------+
    |Total                                      |  353|   0|  379|         26|
    +-------------------------------------------+-----+----+-----+-----------+



================================================================
== Interface
================================================================
* Summary: 
+------------------------------+-----+-----+------------+----------------------------------+--------------+
|           RTL Ports          | Dir | Bits|  Protocol  |           Source Object          |    C Type    |
+------------------------------+-----+-----+------------+----------------------------------+--------------+
|ap_clk                        |   in|    1|  ap_ctrl_hs|  uc_load_tile<8>2_Pipeline_W_FLAT|  return value|
|ap_rst                        |   in|    1|  ap_ctrl_hs|  uc_load_tile<8>2_Pipeline_W_FLAT|  return value|
|ap_start                      |   in|    1|  ap_ctrl_hs|  uc_load_tile<8>2_Pipeline_W_FLAT|  return value|
|ap_done                       |  out|    1|  ap_ctrl_hs|  uc_load_tile<8>2_Pipeline_W_FLAT|  return value|
|ap_idle                       |  out|    1|  ap_ctrl_hs|  uc_load_tile<8>2_Pipeline_W_FLAT|  return value|
|ap_ready                      |  out|    1|  ap_ctrl_hs|  uc_load_tile<8>2_Pipeline_W_FLAT|  return value|
|m_axi_gmem_weight_0_AWVALID   |  out|    1|       m_axi|                       gmem_weight|       pointer|
|m_axi_gmem_weight_0_AWREADY   |   in|    1|       m_axi|                       gmem_weight|       pointer|
|m_axi_gmem_weight_0_AWADDR    |  out|   64|       m_axi|                       gmem_weight|       pointer|
|m_axi_gmem_weight_0_AWID      |  out|    1|       m_axi|                       gmem_weight|       pointer|
|m_axi_gmem_weight_0_AWLEN     |  out|   32|       m_axi|                       gmem_weight|       pointer|
|m_axi_gmem_weight_0_AWSIZE    |  out|    3|       m_axi|                       gmem_weight|       pointer|
|m_axi_gmem_weight_0_AWBURST   |  out|    2|       m_axi|                       gmem_weight|       pointer|
|m_axi_gmem_weight_0_AWLOCK    |  out|    2|       m_axi|                       gmem_weight|       pointer|
|m_axi_gmem_weight_0_AWCACHE   |  out|    4|       m_axi|                       gmem_weight|       pointer|
|m_axi_gmem_weight_0_AWPROT    |  out|    3|       m_axi|                       gmem_weight|       pointer|
|m_axi_gmem_weight_0_AWQOS     |  out|    4|       m_axi|                       gmem_weight|       pointer|
|m_axi_gmem_weight_0_AWREGION  |  out|    4|       m_axi|                       gmem_weight|       pointer|
|m_axi_gmem_weight_0_AWUSER    |  out|    1|       m_axi|                       gmem_weight|       pointer|
|m_axi_gmem_weight_0_WVALID    |  out|    1|       m_axi|                       gmem_weight|       pointer|
|m_axi_gmem_weight_0_WREADY    |   in|    1|       m_axi|                       gmem_weight|       pointer|
|m_axi_gmem_weight_0_WDATA     |  out|  256|       m_axi|                       gmem_weight|       pointer|
|m_axi_gmem_weight_0_WSTRB     |  out|   32|       m_axi|                       gmem_weight|       pointer|
|m_axi_gmem_weight_0_WLAST     |  out|    1|       m_axi|                       gmem_weight|       pointer|
|m_axi_gmem_weight_0_WID       |  out|    1|       m_axi|                       gmem_weight|       pointer|
|m_axi_gmem_weight_0_WUSER     |  out|    1|       m_axi|                       gmem_weight|       pointer|
|m_axi_gmem_weight_0_ARVALID   |  out|    1|       m_axi|                       gmem_weight|       pointer|
|m_axi_gmem_weight_0_ARREADY   |   in|    1|       m_axi|                       gmem_weight|       pointer|
|m_axi_gmem_weight_0_ARADDR    |  out|   64|       m_axi|                       gmem_weight|       pointer|
|m_axi_gmem_weight_0_ARID      |  out|    1|       m_axi|                       gmem_weight|       pointer|
|m_axi_gmem_weight_0_ARLEN     |  out|   32|       m_axi|                       gmem_weight|       pointer|
|m_axi_gmem_weight_0_ARSIZE    |  out|    3|       m_axi|                       gmem_weight|       pointer|
|m_axi_gmem_weight_0_ARBURST   |  out|    2|       m_axi|                       gmem_weight|       pointer|
|m_axi_gmem_weight_0_ARLOCK    |  out|    2|       m_axi|                       gmem_weight|       pointer|
|m_axi_gmem_weight_0_ARCACHE   |  out|    4|       m_axi|                       gmem_weight|       pointer|
|m_axi_gmem_weight_0_ARPROT    |  out|    3|       m_axi|                       gmem_weight|       pointer|
|m_axi_gmem_weight_0_ARQOS     |  out|    4|       m_axi|                       gmem_weight|       pointer|
|m_axi_gmem_weight_0_ARREGION  |  out|    4|       m_axi|                       gmem_weight|       pointer|
|m_axi_gmem_weight_0_ARUSER    |  out|    1|       m_axi|                       gmem_weight|       pointer|
|m_axi_gmem_weight_0_RVALID    |   in|    1|       m_axi|                       gmem_weight|       pointer|
|m_axi_gmem_weight_0_RREADY    |  out|    1|       m_axi|                       gmem_weight|       pointer|
|m_axi_gmem_weight_0_RDATA     |   in|  256|       m_axi|                       gmem_weight|       pointer|
|m_axi_gmem_weight_0_RLAST     |   in|    1|       m_axi|                       gmem_weight|       pointer|
|m_axi_gmem_weight_0_RID       |   in|    1|       m_axi|                       gmem_weight|       pointer|
|m_axi_gmem_weight_0_RFIFONUM  |   in|   11|       m_axi|                       gmem_weight|       pointer|
|m_axi_gmem_weight_0_RUSER     |   in|    1|       m_axi|                       gmem_weight|       pointer|
|m_axi_gmem_weight_0_RRESP     |   in|    2|       m_axi|                       gmem_weight|       pointer|
|m_axi_gmem_weight_0_BVALID    |   in|    1|       m_axi|                       gmem_weight|       pointer|
|m_axi_gmem_weight_0_BREADY    |  out|    1|       m_axi|                       gmem_weight|       pointer|
|m_axi_gmem_weight_0_BRESP     |   in|    2|       m_axi|                       gmem_weight|       pointer|
|m_axi_gmem_weight_0_BID       |   in|    1|       m_axi|                       gmem_weight|       pointer|
|m_axi_gmem_weight_0_BUSER     |   in|    1|       m_axi|                       gmem_weight|       pointer|
|mul3_i                        |   in|   10|     ap_none|                            mul3_i|        scalar|
|CI_WORDS_cast4_i              |   in|    6|     ap_none|                  CI_WORDS_cast4_i|        scalar|
|sext_ln83                     |   in|   59|     ap_none|                         sext_ln83|        scalar|
|wbuf_i_address0               |  out|   10|   ap_memory|                            wbuf_i|         array|
|wbuf_i_ce0                    |  out|    1|   ap_memory|                            wbuf_i|         array|
|wbuf_i_we0                    |  out|    1|   ap_memory|                            wbuf_i|         array|
|wbuf_i_d0                     |  out|  256|   ap_memory|                            wbuf_i|         array|
|wbuf_1_i_164_address0         |  out|   10|   ap_memory|                      wbuf_1_i_164|         array|
|wbuf_1_i_164_ce0              |  out|    1|   ap_memory|                      wbuf_1_i_164|         array|
|wbuf_1_i_164_we0              |  out|    1|   ap_memory|                      wbuf_1_i_164|         array|
|wbuf_1_i_164_d0               |  out|  256|   ap_memory|                      wbuf_1_i_164|         array|
|wbuf_2_i_163_address0         |  out|   10|   ap_memory|                      wbuf_2_i_163|         array|
|wbuf_2_i_163_ce0              |  out|    1|   ap_memory|                      wbuf_2_i_163|         array|
|wbuf_2_i_163_we0              |  out|    1|   ap_memory|                      wbuf_2_i_163|         array|
|wbuf_2_i_163_d0               |  out|  256|   ap_memory|                      wbuf_2_i_163|         array|
|wbuf_3_i_162_address0         |  out|   10|   ap_memory|                      wbuf_3_i_162|         array|
|wbuf_3_i_162_ce0              |  out|    1|   ap_memory|                      wbuf_3_i_162|         array|
|wbuf_3_i_162_we0              |  out|    1|   ap_memory|                      wbuf_3_i_162|         array|
|wbuf_3_i_162_d0               |  out|  256|   ap_memory|                      wbuf_3_i_162|         array|
|wbuf_3_i_address0             |  out|   10|   ap_memory|                          wbuf_3_i|         array|
|wbuf_3_i_ce0                  |  out|    1|   ap_memory|                          wbuf_3_i|         array|
|wbuf_3_i_we0                  |  out|    1|   ap_memory|                          wbuf_3_i|         array|
|wbuf_3_i_d0                   |  out|  256|   ap_memory|                          wbuf_3_i|         array|
|wbuf_2_i_address0             |  out|   10|   ap_memory|                          wbuf_2_i|         array|
|wbuf_2_i_ce0                  |  out|    1|   ap_memory|                          wbuf_2_i|         array|
|wbuf_2_i_we0                  |  out|    1|   ap_memory|                          wbuf_2_i|         array|
|wbuf_2_i_d0                   |  out|  256|   ap_memory|                          wbuf_2_i|         array|
|wbuf_1_i_address0             |  out|   10|   ap_memory|                          wbuf_1_i|         array|
|wbuf_1_i_ce0                  |  out|    1|   ap_memory|                          wbuf_1_i|         array|
|wbuf_1_i_we0                  |  out|    1|   ap_memory|                          wbuf_1_i|         array|
|wbuf_1_i_d0                   |  out|  256|   ap_memory|                          wbuf_1_i|         array|
|wbuf_4_i_address0             |  out|   10|   ap_memory|                          wbuf_4_i|         array|
|wbuf_4_i_ce0                  |  out|    1|   ap_memory|                          wbuf_4_i|         array|
|wbuf_4_i_we0                  |  out|    1|   ap_memory|                          wbuf_4_i|         array|
|wbuf_4_i_d0                   |  out|  256|   ap_memory|                          wbuf_4_i|         array|
|tc                            |   in|    3|     ap_none|                                tc|        scalar|
+------------------------------+-----+-----+------------+----------------------------------+--------------+

