

================================================================
== Vitis HLS Report for 'upconv_core_top'
================================================================
* Date:           Thu Jun 18 11:21:25 2026

* Version:        2024.2 (Build 5238294 on Nov  8 2024)
* Project:        upconv_core_top
* Solution:       hls (Vivado IP Flow Target)
* Product family: zynquplus
* Target device:  xczu7ev-ffvc1156-2-e


================================================================
== Performance Estimates
================================================================
+ Timing: 
    * Summary: 
    +--------+---------+----------+------------+
    |  Clock |  Target | Estimated| Uncertainty|
    +--------+---------+----------+------------+
    |ap_clk  |  3.33 ns|  3.239 ns|     0.90 ns|
    +--------+---------+----------+------------+

+ Latency: 
    * Summary: 
    +---------+-----------+----------+-----------+-------+-----------+---------+
    |   Latency (cycles)  |  Latency (absolute)  |      Interval     | Pipeline|
    |   min   |    max    |    min   |    max    |  min  |    max    |   Type  |
    +---------+-----------+----------+-----------+-------+-----------+---------+
    |    87613|  737659389|  0.292 ms|  2.459 sec|  87614|  737659390|       no|
    +---------+-----------+----------+-----------+-------+-----------+---------+

    + Detail: 
        * Instance: 
        +---------------------------------------------------------------+----------------------------------------------------+---------+---------+----------+-----------+------+---------+------------------------------------------------+
        |                                                               |                                                    |  Latency (cycles) |  Latency (absolute)  |    Interval    |                    Pipeline                    |
        |                            Instance                           |                       Module                       |   min   |   max   |    min   |    max    |  min |   max   |                      Type                      |
        +---------------------------------------------------------------+----------------------------------------------------+---------+---------+----------+-----------+------+---------+------------------------------------------------+
        |grp_upconv_core_top_Pipeline_LOAD_ROW0_VITIS_LOOP_58_1_fu_288  |upconv_core_top_Pipeline_LOAD_ROW0_VITIS_LOOP_58_1  |      133|     7685|  0.443 us|  25.614 us|   129|     7681|  loop auto-rewind stp (delay=0 clock cycles(s))|
        |grp_UpConv_Fused_Row_8_s_fu_300                                |UpConv_Fused_Row_8_s                                |     2662|  2877630|  8.872 us|   9.591 ms|  2662|  2877630|                                              no|
        |grp_upconv_core_top_Pipeline_LOAD_ROW_VITIS_LOOP_72_2_fu_360   |upconv_core_top_Pipeline_LOAD_ROW_VITIS_LOOP_72_2   |      134|     7686|  0.447 us|  25.617 us|   129|     7681|  loop auto-rewind stp (delay=0 clock cycles(s))|
        +---------------------------------------------------------------+----------------------------------------------------+---------+---------+----------+-----------+------+---------+------------------------------------------------+

        * Loop: 
        +------------+---------+-----------+----------------+-----------+-----------+----------+----------+
        |            |   Latency (cycles)  |    Iteration   |  Initiation Interval  |   Trip   |          |
        |  Loop Name |   min   |    max    |     Latency    |  achieved |   target  |   Count  | Pipelined|
        +------------+---------+-----------+----------------+-----------+-----------+----------+----------+
        |- ROW_LOOP  |    82140|  731896428|  5476 ~ 5762964|          -|          -|  15 ~ 127|        no|
        +------------+---------+-----------+----------------+-----------+-----------+----------+----------+



================================================================
== Utilization Estimates
================================================================
* Summary: 
+-----------------+---------+------+--------+--------+-----+
|       Name      | BRAM_18K|  DSP |   FF   |   LUT  | URAM|
+-----------------+---------+------+--------+--------+-----+
|DSP              |        -|     1|       -|       -|    -|
|Expression       |        -|     -|       0|     172|    -|
|FIFO             |        -|     -|       -|       -|    -|
|Instance         |       84|   515|   82047|   71869|   64|
|Memory           |        -|     -|       0|       0|    4|
|Multiplexer      |        -|     -|       0|     429|    -|
|Register         |        -|     -|     698|       -|    -|
+-----------------+---------+------+--------+--------+-----+
|Total            |       84|   516|   82745|   72470|   68|
+-----------------+---------+------+--------+--------+-----+
|Available        |      624|  1728|  460800|  230400|   96|
+-----------------+---------+------+--------+--------+-----+
|Utilization (%)  |       13|    29|      17|      31|   70|
+-----------------+---------+------+--------+--------+-----+

+ Detail: 
    * Instance: 
    +---------------------------------------------------------------+----------------------------------------------------+---------+-----+-------+-------+-----+
    |                            Instance                           |                       Module                       | BRAM_18K| DSP |   FF  |  LUT  | URAM|
    +---------------------------------------------------------------+----------------------------------------------------+---------+-----+-------+-------+-----+
    |grp_UpConv_Fused_Row_8_s_fu_300                                |UpConv_Fused_Row_8_s                                |       24|  513|  76671|  66059|   64|
    |control_s_axi_U                                                |control_s_axi                                       |        0|    0|    516|    904|    0|
    |gmem_in_m_axi_U                                                |gmem_in_m_axi                                       |       15|    0|   1044|   1114|    0|
    |gmem_out_m_axi_U                                               |gmem_out_m_axi                                      |       15|    0|   1038|   1104|    0|
    |gmem_param_m_axi_U                                             |gmem_param_m_axi                                    |       15|    0|   1044|   1114|    0|
    |gmem_weight_m_axi_U                                            |gmem_weight_m_axi                                   |       15|    0|   1044|   1114|    0|
    |mul_6ns_8ns_14_1_1_U731                                        |mul_6ns_8ns_14_1_1                                  |        0|    0|      0|     40|    0|
    |sparsemux_9_32_10_1_1_U729                                     |sparsemux_9_32_10_1_1                               |        0|    0|      0|     20|    0|
    |sparsemux_9_32_8_1_1_U730                                      |sparsemux_9_32_8_1_1                                |        0|    0|      0|     20|    0|
    |sparsemux_9_32_9_1_1_U728                                      |sparsemux_9_32_9_1_1                                |        0|    0|      0|     20|    0|
    |grp_upconv_core_top_Pipeline_LOAD_ROW0_VITIS_LOOP_58_1_fu_288  |upconv_core_top_Pipeline_LOAD_ROW0_VITIS_LOOP_58_1  |        0|    1|    311|    164|    0|
    |grp_upconv_core_top_Pipeline_LOAD_ROW_VITIS_LOOP_72_2_fu_360   |upconv_core_top_Pipeline_LOAD_ROW_VITIS_LOOP_72_2   |        0|    1|    379|    196|    0|
    +---------------------------------------------------------------+----------------------------------------------------+---------+-----+-------+-------+-----+
    |Total                                                          |                                                    |       84|  515|  82047|  71869|   64|
    +---------------------------------------------------------------+----------------------------------------------------+---------+-----+-------+-------+-----+

    * DSP: 
    +--------------------------------------+---------------------------------+--------------+
    |               Instance               |              Module             |  Expression  |
    +--------------------------------------+---------------------------------+--------------+
    |mac_muladd_14ns_7ns_14ns_20_4_1_U732  |mac_muladd_14ns_7ns_14ns_20_4_1  |  i0 * i1 + i0|
    +--------------------------------------+---------------------------------+--------------+

    * Memory: 
    +---------+-------------------------+---------+---+----+-----+------+-----+------+-------------+
    |  Memory |          Module         | BRAM_18K| FF| LUT| URAM| Words| Bits| Banks| W*Bits*Banks|
    +---------+-------------------------+---------+---+----+-----+------+-----+------+-------------+
    |x_buf_U  |x_buf_RAM_T2P_URAM_1R1W  |        0|  0|   0|    4|  2048|  256|     1|       524288|
    +---------+-------------------------+---------+---+----+-----+------+-----+------+-------------+
    |Total    |                         |        0|  0|   0|    4|  2048|  256|     1|       524288|
    +---------+-------------------------+---------+---+----+-----+------+-----+------+-------------+

    * FIFO: 
    N/A

    * Expression: 
    +----------------------+----------+----+---+----+------------+------------+
    |     Variable Name    | Operation| DSP| FF| LUT| Bitwidth P0| Bitwidth P1|
    +----------------------+----------+----+---+----+------------+------------+
    |add_ln53_fu_445_p2    |         +|   0|  0|  17|          10|           4|
    |add_ln67_1_fu_525_p2  |         +|   0|  0|  14|           7|           1|
    |add_ln67_fu_535_p2    |         +|   0|  0|  15|           8|           1|
    |add_ln69_1_fu_573_p2  |         +|   0|  0|  71|          64|          64|
    |add_ln78_fu_620_p2    |         +|   0|  0|  15|           8|           2|
    |add_ln83_fu_556_p2    |         +|   0|  0|  15|           8|           2|
    |mul50_fu_609_p2       |       and|   0|  0|   8|           8|           8|
    |icmp_ln67_fu_520_p2   |      icmp|   0|  0|  15|           8|           8|
    |p_cast_fu_601_p3      |    select|   0|  0|   2|           1|           2|
    +----------------------+----------+----+---+----+------------+------------+
    |Total                 |          |   0|  0| 172|         122|          92|
    +----------------------+----------+----+---+----+------------+------------+

    * Multiplexer: 
    +------------------------------------+-----+-----------+-----+-----------+
    |                Name                | LUT | Input Size| Bits| Total Bits|
    +------------------------------------+-----+-----------+-----+-----------+
    |ap_NS_fsm                           |  159|         35|    1|         35|
    |gmem_in_0_ARADDR                    |   26|          5|   64|        320|
    |gmem_in_0_ARLEN                     |   26|          5|   32|        160|
    |gmem_in_0_ARVALID                   |   20|          4|    1|          4|
    |gmem_in_0_RREADY                    |   14|          3|    1|          3|
    |gmem_in_blk_n_AR                    |    9|          2|    1|          2|
    |gmem_out_0_AWVALID                  |    9|          2|    1|          2|
    |gmem_out_0_BREADY                   |    9|          2|    1|          2|
    |gmem_out_0_WVALID                   |    9|          2|    1|          2|
    |gmem_param_0_ARVALID                |    9|          2|    1|          2|
    |gmem_param_0_RREADY                 |    9|          2|    1|          2|
    |gmem_weight_0_ARVALID               |    9|          2|    1|          2|
    |gmem_weight_0_RREADY                |    9|          2|    1|          2|
    |grp_UpConv_Fused_Row_8_s_fu_300_ho  |   26|          5|    8|         40|
    |hi_fu_220                           |    9|          2|    8|         16|
    |indvar_fu_224                       |    9|          2|    7|         14|
    |x_buf_address0                      |   20|          4|   11|         44|
    |x_buf_ce0                           |   20|          4|    1|          4|
    |x_buf_d0                            |   14|          3|  256|        768|
    |x_buf_we0                           |   14|          3|    1|          3|
    +------------------------------------+-----+-----------+-----+-----------+
    |Total                               |  429|         91|  399|       1427|
    +------------------------------------+-----+-----------+-----+-----------+

    * Register: 
    +----------------------------------------------------------------------------+----+----+-----+-----------+
    |                                    Name                                    | FF | LUT| Bits| Const Bits|
    +----------------------------------------------------------------------------+----+----+-----+-----------+
    |BE_read_reg_657                                                             |  64|   0|   64|          0|
    |B_read_reg_667                                                              |  64|   0|   64|          0|
    |G_read_reg_662                                                              |  64|   0|   64|          0|
    |W_read_reg_672                                                              |  64|   0|   64|          0|
    |X_read_reg_677                                                              |  64|   0|   64|          0|
    |Y_read_reg_652                                                              |  64|   0|   64|          0|
    |add_ln78_reg_786                                                            |   8|   0|    8|          0|
    |add_ln83_reg_760                                                            |   8|   0|    8|          0|
    |ap_CS_fsm                                                                   |  34|   0|   34|          0|
    |c_in_reg_687                                                                |  10|   0|   10|          0|
    |c_out_reg_682                                                               |   9|   0|    9|          0|
    |ci_words_reg_702                                                            |   6|   0|    6|          0|
    |epsilon_read_reg_647                                                        |  16|   0|   16|          0|
    |grp_UpConv_Fused_Row_8_s_fu_300_ap_start_reg                                |   1|   0|    1|          0|
    |grp_upconv_core_top_Pipeline_LOAD_ROW0_VITIS_LOOP_58_1_fu_288_ap_start_reg  |   1|   0|    1|          0|
    |grp_upconv_core_top_Pipeline_LOAD_ROW_VITIS_LOOP_72_2_fu_360_ap_start_reg   |   1|   0|    1|          0|
    |hi_1_reg_746                                                                |   8|   0|    8|          0|
    |hi_fu_220                                                                   |   8|   0|    8|          0|
    |indvar_fu_224                                                               |   7|   0|    7|          0|
    |mul50_reg_776                                                               |   8|   0|    8|          0|
    |mul_ln56_reg_717                                                            |  14|   0|   14|          0|
    |shl_ln78_reg_781                                                            |   8|   0|    8|          0|
    |trunc_ln1_reg_765                                                           |  59|   0|   59|          0|
    |trunc_ln56_reg_723                                                          |  13|   0|   13|          0|
    |trunc_ln_reg_711                                                            |  59|   0|   59|          0|
    |w_in_reg_692                                                                |   8|   0|    8|          0|
    |zext_ln56_2_reg_729                                                         |  14|   0|   64|         50|
    |zext_ln56_3_reg_740                                                         |  14|   0|   20|          6|
    +----------------------------------------------------------------------------+----+----+-----+-----------+
    |Total                                                                       | 698|   0|  754|         56|
    +----------------------------------------------------------------------------+----+----+-----+-----------+



================================================================
== Interface
================================================================
* Summary: 
+----------------------------+-----+-----+------------+-----------------+--------------+
|          RTL Ports         | Dir | Bits|  Protocol  |  Source Object  |    C Type    |
+----------------------------+-----+-----+------------+-----------------+--------------+
|s_axi_control_AWVALID       |   in|    1|       s_axi|          control|        scalar|
|s_axi_control_AWREADY       |  out|    1|       s_axi|          control|        scalar|
|s_axi_control_AWADDR        |   in|    7|       s_axi|          control|        scalar|
|s_axi_control_WVALID        |   in|    1|       s_axi|          control|        scalar|
|s_axi_control_WREADY        |  out|    1|       s_axi|          control|        scalar|
|s_axi_control_WDATA         |   in|   32|       s_axi|          control|        scalar|
|s_axi_control_WSTRB         |   in|    4|       s_axi|          control|        scalar|
|s_axi_control_ARVALID       |   in|    1|       s_axi|          control|        scalar|
|s_axi_control_ARREADY       |  out|    1|       s_axi|          control|        scalar|
|s_axi_control_ARADDR        |   in|    7|       s_axi|          control|        scalar|
|s_axi_control_RVALID        |  out|    1|       s_axi|          control|        scalar|
|s_axi_control_RREADY        |   in|    1|       s_axi|          control|        scalar|
|s_axi_control_RDATA         |  out|   32|       s_axi|          control|        scalar|
|s_axi_control_RRESP         |  out|    2|       s_axi|          control|        scalar|
|s_axi_control_BVALID        |  out|    1|       s_axi|          control|        scalar|
|s_axi_control_BREADY        |   in|    1|       s_axi|          control|        scalar|
|s_axi_control_BRESP         |  out|    2|       s_axi|          control|        scalar|
|ap_clk                      |   in|    1|  ap_ctrl_hs|  upconv_core_top|  return value|
|ap_rst_n                    |   in|    1|  ap_ctrl_hs|  upconv_core_top|  return value|
|interrupt                   |  out|    1|  ap_ctrl_hs|  upconv_core_top|  return value|
|m_axi_gmem_in_AWVALID       |  out|    1|       m_axi|          gmem_in|       pointer|
|m_axi_gmem_in_AWREADY       |   in|    1|       m_axi|          gmem_in|       pointer|
|m_axi_gmem_in_AWADDR        |  out|   64|       m_axi|          gmem_in|       pointer|
|m_axi_gmem_in_AWID          |  out|    1|       m_axi|          gmem_in|       pointer|
|m_axi_gmem_in_AWLEN         |  out|    8|       m_axi|          gmem_in|       pointer|
|m_axi_gmem_in_AWSIZE        |  out|    3|       m_axi|          gmem_in|       pointer|
|m_axi_gmem_in_AWBURST       |  out|    2|       m_axi|          gmem_in|       pointer|
|m_axi_gmem_in_AWLOCK        |  out|    2|       m_axi|          gmem_in|       pointer|
|m_axi_gmem_in_AWCACHE       |  out|    4|       m_axi|          gmem_in|       pointer|
|m_axi_gmem_in_AWPROT        |  out|    3|       m_axi|          gmem_in|       pointer|
|m_axi_gmem_in_AWQOS         |  out|    4|       m_axi|          gmem_in|       pointer|
|m_axi_gmem_in_AWREGION      |  out|    4|       m_axi|          gmem_in|       pointer|
|m_axi_gmem_in_AWUSER        |  out|    1|       m_axi|          gmem_in|       pointer|
|m_axi_gmem_in_WVALID        |  out|    1|       m_axi|          gmem_in|       pointer|
|m_axi_gmem_in_WREADY        |   in|    1|       m_axi|          gmem_in|       pointer|
|m_axi_gmem_in_WDATA         |  out|  256|       m_axi|          gmem_in|       pointer|
|m_axi_gmem_in_WSTRB         |  out|   32|       m_axi|          gmem_in|       pointer|
|m_axi_gmem_in_WLAST         |  out|    1|       m_axi|          gmem_in|       pointer|
|m_axi_gmem_in_WID           |  out|    1|       m_axi|          gmem_in|       pointer|
|m_axi_gmem_in_WUSER         |  out|    1|       m_axi|          gmem_in|       pointer|
|m_axi_gmem_in_ARVALID       |  out|    1|       m_axi|          gmem_in|       pointer|
|m_axi_gmem_in_ARREADY       |   in|    1|       m_axi|          gmem_in|       pointer|
|m_axi_gmem_in_ARADDR        |  out|   64|       m_axi|          gmem_in|       pointer|
|m_axi_gmem_in_ARID          |  out|    1|       m_axi|          gmem_in|       pointer|
|m_axi_gmem_in_ARLEN         |  out|    8|       m_axi|          gmem_in|       pointer|
|m_axi_gmem_in_ARSIZE        |  out|    3|       m_axi|          gmem_in|       pointer|
|m_axi_gmem_in_ARBURST       |  out|    2|       m_axi|          gmem_in|       pointer|
|m_axi_gmem_in_ARLOCK        |  out|    2|       m_axi|          gmem_in|       pointer|
|m_axi_gmem_in_ARCACHE       |  out|    4|       m_axi|          gmem_in|       pointer|
|m_axi_gmem_in_ARPROT        |  out|    3|       m_axi|          gmem_in|       pointer|
|m_axi_gmem_in_ARQOS         |  out|    4|       m_axi|          gmem_in|       pointer|
|m_axi_gmem_in_ARREGION      |  out|    4|       m_axi|          gmem_in|       pointer|
|m_axi_gmem_in_ARUSER        |  out|    1|       m_axi|          gmem_in|       pointer|
|m_axi_gmem_in_RVALID        |   in|    1|       m_axi|          gmem_in|       pointer|
|m_axi_gmem_in_RREADY        |  out|    1|       m_axi|          gmem_in|       pointer|
|m_axi_gmem_in_RDATA         |   in|  256|       m_axi|          gmem_in|       pointer|
|m_axi_gmem_in_RLAST         |   in|    1|       m_axi|          gmem_in|       pointer|
|m_axi_gmem_in_RID           |   in|    1|       m_axi|          gmem_in|       pointer|
|m_axi_gmem_in_RUSER         |   in|    1|       m_axi|          gmem_in|       pointer|
|m_axi_gmem_in_RRESP         |   in|    2|       m_axi|          gmem_in|       pointer|
|m_axi_gmem_in_BVALID        |   in|    1|       m_axi|          gmem_in|       pointer|
|m_axi_gmem_in_BREADY        |  out|    1|       m_axi|          gmem_in|       pointer|
|m_axi_gmem_in_BRESP         |   in|    2|       m_axi|          gmem_in|       pointer|
|m_axi_gmem_in_BID           |   in|    1|       m_axi|          gmem_in|       pointer|
|m_axi_gmem_in_BUSER         |   in|    1|       m_axi|          gmem_in|       pointer|
|m_axi_gmem_weight_AWVALID   |  out|    1|       m_axi|      gmem_weight|       pointer|
|m_axi_gmem_weight_AWREADY   |   in|    1|       m_axi|      gmem_weight|       pointer|
|m_axi_gmem_weight_AWADDR    |  out|   64|       m_axi|      gmem_weight|       pointer|
|m_axi_gmem_weight_AWID      |  out|    1|       m_axi|      gmem_weight|       pointer|
|m_axi_gmem_weight_AWLEN     |  out|    8|       m_axi|      gmem_weight|       pointer|
|m_axi_gmem_weight_AWSIZE    |  out|    3|       m_axi|      gmem_weight|       pointer|
|m_axi_gmem_weight_AWBURST   |  out|    2|       m_axi|      gmem_weight|       pointer|
|m_axi_gmem_weight_AWLOCK    |  out|    2|       m_axi|      gmem_weight|       pointer|
|m_axi_gmem_weight_AWCACHE   |  out|    4|       m_axi|      gmem_weight|       pointer|
|m_axi_gmem_weight_AWPROT    |  out|    3|       m_axi|      gmem_weight|       pointer|
|m_axi_gmem_weight_AWQOS     |  out|    4|       m_axi|      gmem_weight|       pointer|
|m_axi_gmem_weight_AWREGION  |  out|    4|       m_axi|      gmem_weight|       pointer|
|m_axi_gmem_weight_AWUSER    |  out|    1|       m_axi|      gmem_weight|       pointer|
|m_axi_gmem_weight_WVALID    |  out|    1|       m_axi|      gmem_weight|       pointer|
|m_axi_gmem_weight_WREADY    |   in|    1|       m_axi|      gmem_weight|       pointer|
|m_axi_gmem_weight_WDATA     |  out|  256|       m_axi|      gmem_weight|       pointer|
|m_axi_gmem_weight_WSTRB     |  out|   32|       m_axi|      gmem_weight|       pointer|
|m_axi_gmem_weight_WLAST     |  out|    1|       m_axi|      gmem_weight|       pointer|
|m_axi_gmem_weight_WID       |  out|    1|       m_axi|      gmem_weight|       pointer|
|m_axi_gmem_weight_WUSER     |  out|    1|       m_axi|      gmem_weight|       pointer|
|m_axi_gmem_weight_ARVALID   |  out|    1|       m_axi|      gmem_weight|       pointer|
|m_axi_gmem_weight_ARREADY   |   in|    1|       m_axi|      gmem_weight|       pointer|
|m_axi_gmem_weight_ARADDR    |  out|   64|       m_axi|      gmem_weight|       pointer|
|m_axi_gmem_weight_ARID      |  out|    1|       m_axi|      gmem_weight|       pointer|
|m_axi_gmem_weight_ARLEN     |  out|    8|       m_axi|      gmem_weight|       pointer|
|m_axi_gmem_weight_ARSIZE    |  out|    3|       m_axi|      gmem_weight|       pointer|
|m_axi_gmem_weight_ARBURST   |  out|    2|       m_axi|      gmem_weight|       pointer|
|m_axi_gmem_weight_ARLOCK    |  out|    2|       m_axi|      gmem_weight|       pointer|
|m_axi_gmem_weight_ARCACHE   |  out|    4|       m_axi|      gmem_weight|       pointer|
|m_axi_gmem_weight_ARPROT    |  out|    3|       m_axi|      gmem_weight|       pointer|
|m_axi_gmem_weight_ARQOS     |  out|    4|       m_axi|      gmem_weight|       pointer|
|m_axi_gmem_weight_ARREGION  |  out|    4|       m_axi|      gmem_weight|       pointer|
|m_axi_gmem_weight_ARUSER    |  out|    1|       m_axi|      gmem_weight|       pointer|
|m_axi_gmem_weight_RVALID    |   in|    1|       m_axi|      gmem_weight|       pointer|
|m_axi_gmem_weight_RREADY    |  out|    1|       m_axi|      gmem_weight|       pointer|
|m_axi_gmem_weight_RDATA     |   in|  256|       m_axi|      gmem_weight|       pointer|
|m_axi_gmem_weight_RLAST     |   in|    1|       m_axi|      gmem_weight|       pointer|
|m_axi_gmem_weight_RID       |   in|    1|       m_axi|      gmem_weight|       pointer|
|m_axi_gmem_weight_RUSER     |   in|    1|       m_axi|      gmem_weight|       pointer|
|m_axi_gmem_weight_RRESP     |   in|    2|       m_axi|      gmem_weight|       pointer|
|m_axi_gmem_weight_BVALID    |   in|    1|       m_axi|      gmem_weight|       pointer|
|m_axi_gmem_weight_BREADY    |  out|    1|       m_axi|      gmem_weight|       pointer|
|m_axi_gmem_weight_BRESP     |   in|    2|       m_axi|      gmem_weight|       pointer|
|m_axi_gmem_weight_BID       |   in|    1|       m_axi|      gmem_weight|       pointer|
|m_axi_gmem_weight_BUSER     |   in|    1|       m_axi|      gmem_weight|       pointer|
|m_axi_gmem_param_AWVALID    |  out|    1|       m_axi|       gmem_param|       pointer|
|m_axi_gmem_param_AWREADY    |   in|    1|       m_axi|       gmem_param|       pointer|
|m_axi_gmem_param_AWADDR     |  out|   64|       m_axi|       gmem_param|       pointer|
|m_axi_gmem_param_AWID       |  out|    1|       m_axi|       gmem_param|       pointer|
|m_axi_gmem_param_AWLEN      |  out|    8|       m_axi|       gmem_param|       pointer|
|m_axi_gmem_param_AWSIZE     |  out|    3|       m_axi|       gmem_param|       pointer|
|m_axi_gmem_param_AWBURST    |  out|    2|       m_axi|       gmem_param|       pointer|
|m_axi_gmem_param_AWLOCK     |  out|    2|       m_axi|       gmem_param|       pointer|
|m_axi_gmem_param_AWCACHE    |  out|    4|       m_axi|       gmem_param|       pointer|
|m_axi_gmem_param_AWPROT     |  out|    3|       m_axi|       gmem_param|       pointer|
|m_axi_gmem_param_AWQOS      |  out|    4|       m_axi|       gmem_param|       pointer|
|m_axi_gmem_param_AWREGION   |  out|    4|       m_axi|       gmem_param|       pointer|
|m_axi_gmem_param_AWUSER     |  out|    1|       m_axi|       gmem_param|       pointer|
|m_axi_gmem_param_WVALID     |  out|    1|       m_axi|       gmem_param|       pointer|
|m_axi_gmem_param_WREADY     |   in|    1|       m_axi|       gmem_param|       pointer|
|m_axi_gmem_param_WDATA      |  out|  256|       m_axi|       gmem_param|       pointer|
|m_axi_gmem_param_WSTRB      |  out|   32|       m_axi|       gmem_param|       pointer|
|m_axi_gmem_param_WLAST      |  out|    1|       m_axi|       gmem_param|       pointer|
|m_axi_gmem_param_WID        |  out|    1|       m_axi|       gmem_param|       pointer|
|m_axi_gmem_param_WUSER      |  out|    1|       m_axi|       gmem_param|       pointer|
|m_axi_gmem_param_ARVALID    |  out|    1|       m_axi|       gmem_param|       pointer|
|m_axi_gmem_param_ARREADY    |   in|    1|       m_axi|       gmem_param|       pointer|
|m_axi_gmem_param_ARADDR     |  out|   64|       m_axi|       gmem_param|       pointer|
|m_axi_gmem_param_ARID       |  out|    1|       m_axi|       gmem_param|       pointer|
|m_axi_gmem_param_ARLEN      |  out|    8|       m_axi|       gmem_param|       pointer|
|m_axi_gmem_param_ARSIZE     |  out|    3|       m_axi|       gmem_param|       pointer|
|m_axi_gmem_param_ARBURST    |  out|    2|       m_axi|       gmem_param|       pointer|
|m_axi_gmem_param_ARLOCK     |  out|    2|       m_axi|       gmem_param|       pointer|
|m_axi_gmem_param_ARCACHE    |  out|    4|       m_axi|       gmem_param|       pointer|
|m_axi_gmem_param_ARPROT     |  out|    3|       m_axi|       gmem_param|       pointer|
|m_axi_gmem_param_ARQOS      |  out|    4|       m_axi|       gmem_param|       pointer|
|m_axi_gmem_param_ARREGION   |  out|    4|       m_axi|       gmem_param|       pointer|
|m_axi_gmem_param_ARUSER     |  out|    1|       m_axi|       gmem_param|       pointer|
|m_axi_gmem_param_RVALID     |   in|    1|       m_axi|       gmem_param|       pointer|
|m_axi_gmem_param_RREADY     |  out|    1|       m_axi|       gmem_param|       pointer|
|m_axi_gmem_param_RDATA      |   in|  256|       m_axi|       gmem_param|       pointer|
|m_axi_gmem_param_RLAST      |   in|    1|       m_axi|       gmem_param|       pointer|
|m_axi_gmem_param_RID        |   in|    1|       m_axi|       gmem_param|       pointer|
|m_axi_gmem_param_RUSER      |   in|    1|       m_axi|       gmem_param|       pointer|
|m_axi_gmem_param_RRESP      |   in|    2|       m_axi|       gmem_param|       pointer|
|m_axi_gmem_param_BVALID     |   in|    1|       m_axi|       gmem_param|       pointer|
|m_axi_gmem_param_BREADY     |  out|    1|       m_axi|       gmem_param|       pointer|
|m_axi_gmem_param_BRESP      |   in|    2|       m_axi|       gmem_param|       pointer|
|m_axi_gmem_param_BID        |   in|    1|       m_axi|       gmem_param|       pointer|
|m_axi_gmem_param_BUSER      |   in|    1|       m_axi|       gmem_param|       pointer|
|m_axi_gmem_out_AWVALID      |  out|    1|       m_axi|         gmem_out|       pointer|
|m_axi_gmem_out_AWREADY      |   in|    1|       m_axi|         gmem_out|       pointer|
|m_axi_gmem_out_AWADDR       |  out|   64|       m_axi|         gmem_out|       pointer|
|m_axi_gmem_out_AWID         |  out|    1|       m_axi|         gmem_out|       pointer|
|m_axi_gmem_out_AWLEN        |  out|    8|       m_axi|         gmem_out|       pointer|
|m_axi_gmem_out_AWSIZE       |  out|    3|       m_axi|         gmem_out|       pointer|
|m_axi_gmem_out_AWBURST      |  out|    2|       m_axi|         gmem_out|       pointer|
|m_axi_gmem_out_AWLOCK       |  out|    2|       m_axi|         gmem_out|       pointer|
|m_axi_gmem_out_AWCACHE      |  out|    4|       m_axi|         gmem_out|       pointer|
|m_axi_gmem_out_AWPROT       |  out|    3|       m_axi|         gmem_out|       pointer|
|m_axi_gmem_out_AWQOS        |  out|    4|       m_axi|         gmem_out|       pointer|
|m_axi_gmem_out_AWREGION     |  out|    4|       m_axi|         gmem_out|       pointer|
|m_axi_gmem_out_AWUSER       |  out|    1|       m_axi|         gmem_out|       pointer|
|m_axi_gmem_out_WVALID       |  out|    1|       m_axi|         gmem_out|       pointer|
|m_axi_gmem_out_WREADY       |   in|    1|       m_axi|         gmem_out|       pointer|
|m_axi_gmem_out_WDATA        |  out|  256|       m_axi|         gmem_out|       pointer|
|m_axi_gmem_out_WSTRB        |  out|   32|       m_axi|         gmem_out|       pointer|
|m_axi_gmem_out_WLAST        |  out|    1|       m_axi|         gmem_out|       pointer|
|m_axi_gmem_out_WID          |  out|    1|       m_axi|         gmem_out|       pointer|
|m_axi_gmem_out_WUSER        |  out|    1|       m_axi|         gmem_out|       pointer|
|m_axi_gmem_out_ARVALID      |  out|    1|       m_axi|         gmem_out|       pointer|
|m_axi_gmem_out_ARREADY      |   in|    1|       m_axi|         gmem_out|       pointer|
|m_axi_gmem_out_ARADDR       |  out|   64|       m_axi|         gmem_out|       pointer|
|m_axi_gmem_out_ARID         |  out|    1|       m_axi|         gmem_out|       pointer|
|m_axi_gmem_out_ARLEN        |  out|    8|       m_axi|         gmem_out|       pointer|
|m_axi_gmem_out_ARSIZE       |  out|    3|       m_axi|         gmem_out|       pointer|
|m_axi_gmem_out_ARBURST      |  out|    2|       m_axi|         gmem_out|       pointer|
|m_axi_gmem_out_ARLOCK       |  out|    2|       m_axi|         gmem_out|       pointer|
|m_axi_gmem_out_ARCACHE      |  out|    4|       m_axi|         gmem_out|       pointer|
|m_axi_gmem_out_ARPROT       |  out|    3|       m_axi|         gmem_out|       pointer|
|m_axi_gmem_out_ARQOS        |  out|    4|       m_axi|         gmem_out|       pointer|
|m_axi_gmem_out_ARREGION     |  out|    4|       m_axi|         gmem_out|       pointer|
|m_axi_gmem_out_ARUSER       |  out|    1|       m_axi|         gmem_out|       pointer|
|m_axi_gmem_out_RVALID       |   in|    1|       m_axi|         gmem_out|       pointer|
|m_axi_gmem_out_RREADY       |  out|    1|       m_axi|         gmem_out|       pointer|
|m_axi_gmem_out_RDATA        |   in|  256|       m_axi|         gmem_out|       pointer|
|m_axi_gmem_out_RLAST        |   in|    1|       m_axi|         gmem_out|       pointer|
|m_axi_gmem_out_RID          |   in|    1|       m_axi|         gmem_out|       pointer|
|m_axi_gmem_out_RUSER        |   in|    1|       m_axi|         gmem_out|       pointer|
|m_axi_gmem_out_RRESP        |   in|    2|       m_axi|         gmem_out|       pointer|
|m_axi_gmem_out_BVALID       |   in|    1|       m_axi|         gmem_out|       pointer|
|m_axi_gmem_out_BREADY       |  out|    1|       m_axi|         gmem_out|       pointer|
|m_axi_gmem_out_BRESP        |   in|    2|       m_axi|         gmem_out|       pointer|
|m_axi_gmem_out_BID          |   in|    1|       m_axi|         gmem_out|       pointer|
|m_axi_gmem_out_BUSER        |   in|    1|       m_axi|         gmem_out|       pointer|
+----------------------------+-----+-----+------------+-----------------+--------------+

