

================================================================
== Vitis HLS Report for 'UpConv_Fused_Row_8_16_16_16_16_s'
================================================================
* Date:           Mon Jun  1 23:47:07 2026

* Version:        2024.2 (Build 5238294 on Nov  8 2024)
* Project:        upconv_core_top
* Solution:       hls (Vivado IP Flow Target)
* Product family: zynquplus
* Target device:  xczu7ev-ffvc1156-2-e


================================================================
== Performance Estimates
================================================================
+ Timing: 
    * Summary: 
    +--------+---------+----------+------------+
    |  Clock |  Target | Estimated| Uncertainty|
    +--------+---------+----------+------------+
    |ap_clk  |  3.33 ns|  2.433 ns|     0.90 ns|
    +--------+---------+----------+------------+

+ Latency: 
    * Summary: 
    +---------+---------+----------+----------+------+------+---------+
    |  Latency (cycles) |  Latency (absolute) |   Interval  | Pipeline|
    |   min   |   max   |    min   |    max   |  min |  max |   Type  |
    +---------+---------+----------+----------+------+------+---------+
    |     1006|     1948|  3.353 us|  6.493 us|  1006|  1948|       no|
    +---------+---------+----------+----------+------+------+---------+

    + Detail: 
        * Instance: 
        +----------------------------------------------------------------------+-----------------------------------------------------------+---------+---------+----------+----------+-----+-----+------------------------------------------------+
        |                                                                      |                                                           |  Latency (cycles) |  Latency (absolute) |  Interval |                    Pipeline                    |
        |                               Instance                               |                           Module                          |   min   |   max   |    min   |    max   | min | max |                      Type                      |
        +----------------------------------------------------------------------+-----------------------------------------------------------+---------+---------+----------+----------+-----+-----+------------------------------------------------+
        |grp_UpConv_Fused_Row_8_16_16_16_16_Pipeline_RESET_ROW_ACC_fu_357      |UpConv_Fused_Row_8_16_16_16_16_Pipeline_RESET_ROW_ACC      |       34|       34|  0.113 us|  0.113 us|   33|   33|  loop auto-rewind stp (delay=0 clock cycles(s))|
        |grp_UpConv_Fused_Row_8_16_16_16_16_Pipeline_PRELOAD_W_W_FLAT_fu_393   |UpConv_Fused_Row_8_16_16_16_16_Pipeline_PRELOAD_W_W_FLAT   |       75|       75|  0.250 us|  0.250 us|   73|   73|  loop auto-rewind stp (delay=0 clock cycles(s))|
        |grp_UpConv_Fused_Row_8_16_16_16_16_Pipeline_KW_LOOP_FLAT_LOOP_fu_408  |UpConv_Fused_Row_8_16_16_16_16_Pipeline_KW_LOOP_FLAT_LOOP  |      157|      157|  0.523 us|  0.523 us|   49|   49|  loop auto-rewind stp (delay=0 clock cycles(s))|
        |grp_UpConv_Fused_Row_8_16_16_16_16_Pipeline_PIXEL_STATS_fu_457        |UpConv_Fused_Row_8_16_16_16_16_Pipeline_PIXEL_STATS        |      718|      718|  2.393 us|  2.393 us|  513|  513|  loop auto-rewind stp (delay=0 clock cycles(s))|
        |grp_UpConv_Fused_Row_8_16_16_16_16_Pipeline_PIXEL_NORM_fu_499         |UpConv_Fused_Row_8_16_16_16_16_Pipeline_PIXEL_NORM         |       57|       57|  0.190 us|  0.190 us|   33|   33|  loop auto-rewind stp (delay=0 clock cycles(s))|
        +----------------------------------------------------------------------+-----------------------------------------------------------+---------+---------+----------+----------+-----+-----+------------------------------------------------+

        * Loop: 
        +-------------+---------+---------+----------+-----------+-----------+------+----------+
        |             |  Latency (cycles) | Iteration|  Initiation Interval  | Trip |          |
        |  Loop Name  |   min   |   max   |  Latency |  achieved |   target  | Count| Pipelined|
        +-------------+---------+---------+----------+-----------+-----------+------+----------+
        |- TILE_LOOP  |      168|     1110|  84 ~ 555|          -|          -|     2|        no|
        | + KH_LOOP   |        6|      477|   2 ~ 159|          -|          -|     3|        no|
        +-------------+---------+---------+----------+-----------+-----------+------+----------+



================================================================
== Utilization Estimates
================================================================
* Summary: 
+-----------------+---------+------+--------+--------+-----+
|       Name      | BRAM_18K|  DSP |   FF   |   LUT  | URAM|
+-----------------+---------+------+--------+--------+-----+
|DSP              |        -|     -|       -|       -|    -|
|Expression       |        -|     -|       0|     160|    -|
|FIFO             |        -|     -|       -|       -|    -|
|Instance         |        -|   660|   61811|   35922|    -|
|Memory           |       72|     -|      96|      24|   16|
|Multiplexer      |        -|     -|       0|    4894|    -|
|Register         |        -|     -|    1409|       -|    -|
+-----------------+---------+------+--------+--------+-----+
|Total            |       72|   660|   63316|   41000|   16|
+-----------------+---------+------+--------+--------+-----+
|Available        |      624|  1728|  460800|  230400|   96|
+-----------------+---------+------+--------+--------+-----+
|Utilization (%)  |       11|    38|      13|      17|   16|
+-----------------+---------+------+--------+--------+-----+

+ Detail: 
    * Instance: 
    +----------------------------------------------------------------------+-----------------------------------------------------------+---------+-----+-------+-------+-----+
    |                               Instance                               |                           Module                          | BRAM_18K| DSP |   FF  |  LUT  | URAM|
    +----------------------------------------------------------------------+-----------------------------------------------------------+---------+-----+-------+-------+-----+
    |grp_UpConv_Fused_Row_8_16_16_16_16_Pipeline_KW_LOOP_FLAT_LOOP_fu_408  |UpConv_Fused_Row_8_16_16_16_16_Pipeline_KW_LOOP_FLAT_LOOP  |        0|  480|  40631|  24273|    0|
    |grp_UpConv_Fused_Row_8_16_16_16_16_Pipeline_PIXEL_NORM_fu_499         |UpConv_Fused_Row_8_16_16_16_16_Pipeline_PIXEL_NORM         |        0|   32|   3725|   2172|    0|
    |grp_UpConv_Fused_Row_8_16_16_16_16_Pipeline_PIXEL_STATS_fu_457        |UpConv_Fused_Row_8_16_16_16_16_Pipeline_PIXEL_STATS        |        0|   52|  12500|   6375|    0|
    |grp_UpConv_Fused_Row_8_16_16_16_16_Pipeline_PRELOAD_W_W_FLAT_fu_393   |UpConv_Fused_Row_8_16_16_16_16_Pipeline_PRELOAD_W_W_FLAT   |        0|    0|    284|    141|    0|
    |grp_UpConv_Fused_Row_8_16_16_16_16_Pipeline_RESET_ROW_ACC_fu_357      |UpConv_Fused_Row_8_16_16_16_16_Pipeline_RESET_ROW_ACC      |        0|    0|     15|     65|    0|
    |hadd_16ns_16ns_16_5_full_dsp_1_U3246                                  |hadd_16ns_16ns_16_5_full_dsp_1                             |        0|    2|    109|    113|    0|
    |hadd_16ns_16ns_16_5_full_dsp_1_U3247                                  |hadd_16ns_16ns_16_5_full_dsp_1                             |        0|    2|    109|    113|    0|
    |hadd_16ns_16ns_16_5_full_dsp_1_U3248                                  |hadd_16ns_16ns_16_5_full_dsp_1                             |        0|    2|    109|    113|    0|
    |hadd_16ns_16ns_16_5_full_dsp_1_U3249                                  |hadd_16ns_16ns_16_5_full_dsp_1                             |        0|    2|    109|    113|    0|
    |hadd_16ns_16ns_16_5_full_dsp_1_U3250                                  |hadd_16ns_16ns_16_5_full_dsp_1                             |        0|    2|    109|    113|    0|
    |hadd_16ns_16ns_16_5_full_dsp_1_U3251                                  |hadd_16ns_16ns_16_5_full_dsp_1                             |        0|    2|    109|    113|    0|
    |hadd_16ns_16ns_16_5_full_dsp_1_U3252                                  |hadd_16ns_16ns_16_5_full_dsp_1                             |        0|    2|    109|    113|    0|
    |hadd_16ns_16ns_16_5_full_dsp_1_U3253                                  |hadd_16ns_16ns_16_5_full_dsp_1                             |        0|    2|    109|    113|    0|
    |hadd_16ns_16ns_16_5_full_dsp_1_U3254                                  |hadd_16ns_16ns_16_5_full_dsp_1                             |        0|    2|    109|    113|    0|
    |hadd_16ns_16ns_16_5_full_dsp_1_U3255                                  |hadd_16ns_16ns_16_5_full_dsp_1                             |        0|    2|    109|    113|    0|
    |hadd_16ns_16ns_16_5_full_dsp_1_U3256                                  |hadd_16ns_16ns_16_5_full_dsp_1                             |        0|    2|    109|    113|    0|
    |hadd_16ns_16ns_16_5_full_dsp_1_U3257                                  |hadd_16ns_16ns_16_5_full_dsp_1                             |        0|    2|    109|    113|    0|
    |hadd_16ns_16ns_16_5_full_dsp_1_U3258                                  |hadd_16ns_16ns_16_5_full_dsp_1                             |        0|    2|    109|    113|    0|
    |hadd_16ns_16ns_16_5_full_dsp_1_U3259                                  |hadd_16ns_16ns_16_5_full_dsp_1                             |        0|    2|    109|    113|    0|
    |hadd_16ns_16ns_16_5_full_dsp_1_U3260                                  |hadd_16ns_16ns_16_5_full_dsp_1                             |        0|    2|    109|    113|    0|
    |hadd_16ns_16ns_16_5_full_dsp_1_U3261                                  |hadd_16ns_16ns_16_5_full_dsp_1                             |        0|    2|    109|    113|    0|
    |hmul_16ns_16ns_16_4_max_dsp_1_U3262                                   |hmul_16ns_16ns_16_4_max_dsp_1                              |        0|    2|     91|     34|    0|
    |hmul_16ns_16ns_16_4_max_dsp_1_U3263                                   |hmul_16ns_16ns_16_4_max_dsp_1                              |        0|    2|     91|     34|    0|
    |hmul_16ns_16ns_16_4_max_dsp_1_U3264                                   |hmul_16ns_16ns_16_4_max_dsp_1                              |        0|    2|     91|     34|    0|
    |hmul_16ns_16ns_16_4_max_dsp_1_U3265                                   |hmul_16ns_16ns_16_4_max_dsp_1                              |        0|    2|     91|     34|    0|
    |hmul_16ns_16ns_16_4_max_dsp_1_U3266                                   |hmul_16ns_16ns_16_4_max_dsp_1                              |        0|    2|     91|     34|    0|
    |hmul_16ns_16ns_16_4_max_dsp_1_U3267                                   |hmul_16ns_16ns_16_4_max_dsp_1                              |        0|    2|     91|     34|    0|
    |hmul_16ns_16ns_16_4_max_dsp_1_U3268                                   |hmul_16ns_16ns_16_4_max_dsp_1                              |        0|    2|     91|     34|    0|
    |hmul_16ns_16ns_16_4_max_dsp_1_U3269                                   |hmul_16ns_16ns_16_4_max_dsp_1                              |        0|    2|     91|     34|    0|
    |hmul_16ns_16ns_16_4_max_dsp_1_U3270                                   |hmul_16ns_16ns_16_4_max_dsp_1                              |        0|    2|     91|     34|    0|
    |hmul_16ns_16ns_16_4_max_dsp_1_U3271                                   |hmul_16ns_16ns_16_4_max_dsp_1                              |        0|    2|     91|     34|    0|
    |hmul_16ns_16ns_16_4_max_dsp_1_U3272                                   |hmul_16ns_16ns_16_4_max_dsp_1                              |        0|    2|     91|     34|    0|
    |hmul_16ns_16ns_16_4_max_dsp_1_U3273                                   |hmul_16ns_16ns_16_4_max_dsp_1                              |        0|    2|     91|     34|    0|
    |hmul_16ns_16ns_16_4_max_dsp_1_U3274                                   |hmul_16ns_16ns_16_4_max_dsp_1                              |        0|    2|     91|     34|    0|
    |hmul_16ns_16ns_16_4_max_dsp_1_U3275                                   |hmul_16ns_16ns_16_4_max_dsp_1                              |        0|    2|     91|     34|    0|
    |hmul_16ns_16ns_16_4_max_dsp_1_U3276                                   |hmul_16ns_16ns_16_4_max_dsp_1                              |        0|    2|     91|     34|    0|
    |hmul_16ns_16ns_16_4_max_dsp_1_U3277                                   |hmul_16ns_16ns_16_4_max_dsp_1                              |        0|    2|     91|     34|    0|
    |hmul_16ns_16ns_16_4_max_dsp_1_U3278                                   |hmul_16ns_16ns_16_4_max_dsp_1                              |        0|    2|     91|     34|    0|
    |hmul_16ns_16ns_16_4_max_dsp_1_U3279                                   |hmul_16ns_16ns_16_4_max_dsp_1                              |        0|    2|     91|     34|    0|
    |hmul_16ns_16ns_16_4_max_dsp_1_U3280                                   |hmul_16ns_16ns_16_4_max_dsp_1                              |        0|    2|     91|     34|    0|
    |hmul_16ns_16ns_16_4_max_dsp_1_U3281                                   |hmul_16ns_16ns_16_4_max_dsp_1                              |        0|    2|     91|     34|    0|
    |hmul_16ns_16ns_16_4_max_dsp_1_U3282                                   |hmul_16ns_16ns_16_4_max_dsp_1                              |        0|    2|     91|     34|    0|
    |hmul_16ns_16ns_16_4_max_dsp_1_U3283                                   |hmul_16ns_16ns_16_4_max_dsp_1                              |        0|    2|     91|     34|    0|
    |hmul_16ns_16ns_16_4_max_dsp_1_U3284                                   |hmul_16ns_16ns_16_4_max_dsp_1                              |        0|    2|     91|     34|    0|
    |hmul_16ns_16ns_16_4_max_dsp_1_U3285                                   |hmul_16ns_16ns_16_4_max_dsp_1                              |        0|    2|     91|     34|    0|
    |hmul_16ns_16ns_16_4_max_dsp_1_U3286                                   |hmul_16ns_16ns_16_4_max_dsp_1                              |        0|    2|     91|     34|    0|
    |hmul_16ns_16ns_16_4_max_dsp_1_U3287                                   |hmul_16ns_16ns_16_4_max_dsp_1                              |        0|    2|     91|     34|    0|
    |hmul_16ns_16ns_16_4_max_dsp_1_U3288                                   |hmul_16ns_16ns_16_4_max_dsp_1                              |        0|    2|     91|     34|    0|
    |hmul_16ns_16ns_16_4_max_dsp_1_U3289                                   |hmul_16ns_16ns_16_4_max_dsp_1                              |        0|    2|     91|     34|    0|
    |hmul_16ns_16ns_16_4_max_dsp_1_U3290                                   |hmul_16ns_16ns_16_4_max_dsp_1                              |        0|    2|     91|     34|    0|
    |hmul_16ns_16ns_16_4_max_dsp_1_U3291                                   |hmul_16ns_16ns_16_4_max_dsp_1                              |        0|    2|     91|     34|    0|
    |hmul_16ns_16ns_16_4_max_dsp_1_U3292                                   |hmul_16ns_16ns_16_4_max_dsp_1                              |        0|    2|     91|     34|    0|
    |hmul_16ns_16ns_16_4_max_dsp_1_U3293                                   |hmul_16ns_16ns_16_4_max_dsp_1                              |        0|    2|     91|     34|    0|
    |hptosp_16ns_32_2_no_dsp_1_U3245                                       |hptosp_16ns_32_2_no_dsp_1                                  |        0|    0|      0|      0|    0|
    |sptohp_32ns_16_2_no_dsp_1_U3294                                       |sptohp_32ns_16_2_no_dsp_1                                  |        0|    0|      0|      0|    0|
    +----------------------------------------------------------------------+-----------------------------------------------------------+---------+-----+-------+-------+-----+
    |Total                                                                 |                                                           |        0|  660|  61811|  35922|    0|
    +----------------------------------------------------------------------+-----------------------------------------------------------+---------+-----+-------+-------+-----+

    * DSP: 
    N/A

    * Memory: 
    +---------------------------------------------------------------------------------------+----------------------------------------------------------------------------------+---------+----+----+-----+------+-----+------+-------------+
    |                                         Memory                                        |                                      Module                                      | BRAM_18K| FF | LUT| URAM| Words| Bits| Banks| W*Bits*Banks|
    +---------------------------------------------------------------------------------------+----------------------------------------------------------------------------------+---------+----+----+-----+------+-----+------+-------------+
    |b_buf_U                                                                                |UpConv_Fused_Row_8_16_16_16_16_s_b_buf_RAM_T2P_BRAM_1R1W                          |        8|   0|   0|    0|     1|  256|     1|          256|
    |void_UpConv_Fused_Row_ap_uint_ap_uint_const_ap_uint_const_ap_uint_const_ap_u_39_U      |UpConv_Fused_Row_8_16_16_16_16_s_void_UpConv_Fused_Row_ap_uint_ap_uint_const_bdk  |        0|   0|   0|    1|    32|   16|     1|          512|
    |void_UpConv_Fused_Row_ap_uint_ap_uint_const_ap_uint_const_ap_uint_const_ap_u_38_U      |UpConv_Fused_Row_8_16_16_16_16_s_void_UpConv_Fused_Row_ap_uint_ap_uint_const_bdk  |        0|   0|   0|    1|    32|   16|     1|          512|
    |void_UpConv_Fused_Row_ap_uint_ap_uint_const_ap_uint_const_ap_uint_const_ap_u_37_U      |UpConv_Fused_Row_8_16_16_16_16_s_void_UpConv_Fused_Row_ap_uint_ap_uint_const_bdk  |        0|   0|   0|    1|    32|   16|     1|          512|
    |void_UpConv_Fused_Row_ap_uint_ap_uint_const_ap_uint_const_ap_uint_const_ap_u_36_U      |UpConv_Fused_Row_8_16_16_16_16_s_void_UpConv_Fused_Row_ap_uint_ap_uint_const_bdk  |        0|   0|   0|    1|    32|   16|     1|          512|
    |void_UpConv_Fused_Row_ap_uint_ap_uint_const_ap_uint_const_ap_uint_const_ap_u_35_U      |UpConv_Fused_Row_8_16_16_16_16_s_void_UpConv_Fused_Row_ap_uint_ap_uint_const_bdk  |        0|   0|   0|    1|    32|   16|     1|          512|
    |void_UpConv_Fused_Row_ap_uint_ap_uint_const_ap_uint_const_ap_uint_const_ap_u_34_U      |UpConv_Fused_Row_8_16_16_16_16_s_void_UpConv_Fused_Row_ap_uint_ap_uint_const_bdk  |        0|   0|   0|    1|    32|   16|     1|          512|
    |void_UpConv_Fused_Row_ap_uint_ap_uint_const_ap_uint_const_ap_uint_const_ap_u_33_U      |UpConv_Fused_Row_8_16_16_16_16_s_void_UpConv_Fused_Row_ap_uint_ap_uint_const_bdk  |        0|   0|   0|    1|    32|   16|     1|          512|
    |void_UpConv_Fused_Row_ap_uint_ap_uint_const_ap_uint_const_ap_uint_const_ap_u_32_U      |UpConv_Fused_Row_8_16_16_16_16_s_void_UpConv_Fused_Row_ap_uint_ap_uint_const_bdk  |        0|   0|   0|    1|    32|   16|     1|          512|
    |void_UpConv_Fused_Row_ap_uint_ap_uint_const_ap_uint_const_ap_uint_const_ap_u_31_U      |UpConv_Fused_Row_8_16_16_16_16_s_void_UpConv_Fused_Row_ap_uint_ap_uint_const_bdk  |        0|   0|   0|    1|    32|   16|     1|          512|
    |void_UpConv_Fused_Row_ap_uint_ap_uint_const_ap_uint_const_ap_uint_const_ap_u_30_U      |UpConv_Fused_Row_8_16_16_16_16_s_void_UpConv_Fused_Row_ap_uint_ap_uint_const_bdk  |        0|   0|   0|    1|    32|   16|     1|          512|
    |p_ZZ16UpConv_Fused_RowILi8ELi16ELi16ELi16ELi16EEvP7ap_uintILi256EEPKS1_S4_S4_S4_S_5_U  |UpConv_Fused_Row_8_16_16_16_16_s_void_UpConv_Fused_Row_ap_uint_ap_uint_const_bdk  |        0|   0|   0|    1|    32|   16|     1|          512|
    |p_ZZ16UpConv_Fused_RowILi8ELi16ELi16ELi16ELi16EEvP7ap_uintILi256EEPKS1_S4_S4_S4_S_4_U  |UpConv_Fused_Row_8_16_16_16_16_s_void_UpConv_Fused_Row_ap_uint_ap_uint_const_bdk  |        0|   0|   0|    1|    32|   16|     1|          512|
    |p_ZZ16UpConv_Fused_RowILi8ELi16ELi16ELi16ELi16EEvP7ap_uintILi256EEPKS1_S4_S4_S4_S_3_U  |UpConv_Fused_Row_8_16_16_16_16_s_void_UpConv_Fused_Row_ap_uint_ap_uint_const_bdk  |        0|   0|   0|    1|    32|   16|     1|          512|
    |p_ZZ16UpConv_Fused_RowILi8ELi16ELi16ELi16ELi16EEvP7ap_uintILi256EEPKS1_S4_S4_S4_S_2_U  |UpConv_Fused_Row_8_16_16_16_16_s_void_UpConv_Fused_Row_ap_uint_ap_uint_const_bdk  |        0|   0|   0|    1|    32|   16|     1|          512|
    |p_ZZ16UpConv_Fused_RowILi8ELi16ELi16ELi16ELi16EEvP7ap_uintILi256EEPKS1_S4_S4_S4_S_1_U  |UpConv_Fused_Row_8_16_16_16_16_s_void_UpConv_Fused_Row_ap_uint_ap_uint_const_bdk  |        0|   0|   0|    1|    32|   16|     1|          512|
    |p_ZZ16UpConv_Fused_RowILi8ELi16ELi16ELi16ELi16EEvP7ap_uintILi256EEPKS1_S4_S4_S4_S_U    |UpConv_Fused_Row_8_16_16_16_16_s_void_UpConv_Fused_Row_ap_uint_ap_uint_const_bdk  |        0|   0|   0|    1|    32|   16|     1|          512|
    |w_local_U                                                                              |UpConv_Fused_Row_8_16_16_16_16_s_w_local_RAM_T2P_BRAM_1R1W                        |        8|   0|   0|    0|     9|  256|     1|         2304|
    |w_local_1_U                                                                            |UpConv_Fused_Row_8_16_16_16_16_s_w_local_RAM_T2P_BRAM_1R1W                        |        8|   0|   0|    0|     9|  256|     1|         2304|
    |w_local_2_U                                                                            |UpConv_Fused_Row_8_16_16_16_16_s_w_local_RAM_T2P_BRAM_1R1W                        |        8|   0|   0|    0|     9|  256|     1|         2304|
    |w_local_3_U                                                                            |UpConv_Fused_Row_8_16_16_16_16_s_w_local_RAM_T2P_BRAM_1R1W                        |        8|   0|   0|    0|     9|  256|     1|         2304|
    |w_local_4_U                                                                            |UpConv_Fused_Row_8_16_16_16_16_s_w_local_RAM_T2P_BRAM_1R1W                        |        8|   0|   0|    0|     9|  256|     1|         2304|
    |w_local_5_U                                                                            |UpConv_Fused_Row_8_16_16_16_16_s_w_local_RAM_T2P_BRAM_1R1W                        |        8|   0|   0|    0|     9|  256|     1|         2304|
    |w_local_6_U                                                                            |UpConv_Fused_Row_8_16_16_16_16_s_w_local_RAM_T2P_BRAM_1R1W                        |        8|   0|   0|    0|     9|  256|     1|         2304|
    |w_local_7_U                                                                            |UpConv_Fused_Row_8_16_16_16_16_s_w_local_RAM_T2P_BRAM_1R1W                        |        8|   0|   0|    0|     9|  256|     1|         2304|
    |inv_buf_3_U                                                                            |UpConv_Fused_Row_8_16_16_960_480_s_inv_buf_2_RAM_2P_LUTRAM_1R1W                   |        0|  32|   8|    0|    32|   16|     1|          512|
    |mean_buf_3_U                                                                           |UpConv_Fused_Row_8_16_16_960_480_s_mean_buf_2_RAM_2P_LUTRAM_1R1W                  |        0|  64|  16|    0|    32|   32|     1|         1024|
    +---------------------------------------------------------------------------------------+----------------------------------------------------------------------------------+---------+----+----+-----+------+-----+------+-------------+
    |Total                                                                                  |                                                                                  |       72|  96|  24|   16|   649| 2608|    27|        28416|
    +---------------------------------------------------------------------------------------+----------------------------------------------------------------------------------+---------+----+----+-----+------+-----+------+-------------+

    * FIFO: 
    N/A

    * Expression: 
    +----------------------------------+----------+----+---+----+------------+------------+
    |           Variable Name          | Operation| DSP| FF| LUT| Bitwidth P0| Bitwidth P1|
    +----------------------------------+----------+----+---+----+------------+------------+
    |add57_fu_607_p2                   |         +|   0|  0|  13|           6|           1|
    |add_ln135_fu_626_p2               |         +|   0|  0|   9|           2|           1|
    |add_ln151_fu_695_p2               |         +|   0|  0|   9|           2|           1|
    |add_ln278_fu_674_p2               |         +|   0|  0|  71|          64|          64|
    |empty_364_fu_766_p2               |         -|   0|  0|  10|           3|           3|
    |sub_ln152_fu_705_p2               |         -|   0|  0|  14|           7|           7|
    |ap_block_state14_on_subcall_done  |       and|   0|  0|   2|           1|           1|
    |icmp_ln135_fu_620_p2              |      icmp|   0|  0|  10|           2|           3|
    |icmp_ln151_fu_689_p2              |      icmp|   0|  0|   9|           2|           2|
    |icmp_ln155_fu_732_p2              |      icmp|   0|  0|   9|           2|           1|
    |or_ln155_1_fu_738_p2              |        or|   0|  0|   2|           1|           1|
    |or_ln155_fu_744_p2                |        or|   0|  0|   2|           1|           1|
    +----------------------------------+----------+----+---+----+------------+------------+
    |Total                             |          |   0|  0| 160|          93|          86|
    +----------------------------------+----------+----+---+----+------------+------------+

    * Multiplexer: 
    +----------------------------------------------------------------------------------------------+-----+-----------+-----+-----------+
    |                                             Name                                             | LUT | Input Size| Bits| Total Bits|
    +----------------------------------------------------------------------------------------------+-----+-----------+-----+-----------+
    |ap_NS_fsm                                                                                     |  155|         34|    1|         34|
    |b_buf_address0                                                                                |    9|          2|    1|          2|
    |b_buf_ce0                                                                                     |    9|          2|    1|          2|
    |gmem_out_blk_n_AW                                                                             |    9|          2|    1|          2|
    |gmem_out_blk_n_B                                                                              |    9|          2|    1|          2|
    |gmem_param_blk_n_AR                                                                           |    9|          2|    1|          2|
    |gmem_param_blk_n_R                                                                            |    9|          2|    1|          2|
    |gmem_weight_blk_n_AR                                                                          |    9|          2|    1|          2|
    |grp_fu_1607_ce                                                                                |   20|          4|    1|          4|
    |grp_fu_1607_p0                                                                                |   20|          4|   16|         64|
    |grp_fu_1607_p1                                                                                |   20|          4|   16|         64|
    |grp_fu_1611_ce                                                                                |   14|          3|    1|          3|
    |grp_fu_1611_p0                                                                                |   14|          3|   16|         48|
    |grp_fu_1611_p1                                                                                |   14|          3|   16|         48|
    |grp_fu_1615_ce                                                                                |   14|          3|    1|          3|
    |grp_fu_1615_p0                                                                                |   14|          3|   16|         48|
    |grp_fu_1615_p1                                                                                |   14|          3|   16|         48|
    |grp_fu_1619_ce                                                                                |   14|          3|    1|          3|
    |grp_fu_1619_p0                                                                                |   14|          3|   16|         48|
    |grp_fu_1619_p1                                                                                |   14|          3|   16|         48|
    |grp_fu_1623_ce                                                                                |   14|          3|    1|          3|
    |grp_fu_1623_p0                                                                                |   14|          3|   16|         48|
    |grp_fu_1623_p1                                                                                |   14|          3|   16|         48|
    |grp_fu_1627_ce                                                                                |   14|          3|    1|          3|
    |grp_fu_1627_p0                                                                                |   14|          3|   16|         48|
    |grp_fu_1627_p1                                                                                |   14|          3|   16|         48|
    |grp_fu_1631_ce                                                                                |   14|          3|    1|          3|
    |grp_fu_1631_p0                                                                                |   14|          3|   16|         48|
    |grp_fu_1631_p1                                                                                |   14|          3|   16|         48|
    |grp_fu_1635_ce                                                                                |   14|          3|    1|          3|
    |grp_fu_1635_p0                                                                                |   14|          3|   16|         48|
    |grp_fu_1635_p1                                                                                |   14|          3|   16|         48|
    |grp_fu_1639_ce                                                                                |   14|          3|    1|          3|
    |grp_fu_1639_p0                                                                                |   14|          3|   16|         48|
    |grp_fu_1639_p1                                                                                |   14|          3|   16|         48|
    |grp_fu_1643_ce                                                                                |   14|          3|    1|          3|
    |grp_fu_1643_p0                                                                                |   14|          3|   16|         48|
    |grp_fu_1643_p1                                                                                |   14|          3|   16|         48|
    |grp_fu_1647_ce                                                                                |   14|          3|    1|          3|
    |grp_fu_1647_p0                                                                                |   14|          3|   16|         48|
    |grp_fu_1647_p1                                                                                |   14|          3|   16|         48|
    |grp_fu_1651_ce                                                                                |   14|          3|    1|          3|
    |grp_fu_1651_p0                                                                                |   14|          3|   16|         48|
    |grp_fu_1651_p1                                                                                |   14|          3|   16|         48|
    |grp_fu_1655_ce                                                                                |   14|          3|    1|          3|
    |grp_fu_1655_p0                                                                                |   14|          3|   16|         48|
    |grp_fu_1655_p1                                                                                |   14|          3|   16|         48|
    |grp_fu_1659_ce                                                                                |   14|          3|    1|          3|
    |grp_fu_1659_p0                                                                                |   14|          3|   16|         48|
    |grp_fu_1659_p1                                                                                |   14|          3|   16|         48|
    |grp_fu_1663_ce                                                                                |   14|          3|    1|          3|
    |grp_fu_1663_p0                                                                                |   14|          3|   16|         48|
    |grp_fu_1663_p1                                                                                |   14|          3|   16|         48|
    |grp_fu_1667_ce                                                                                |   14|          3|    1|          3|
    |grp_fu_1667_p0                                                                                |   14|          3|   16|         48|
    |grp_fu_1667_p1                                                                                |   14|          3|   16|         48|
    |grp_fu_1671_ce                                                                                |   14|          3|    1|          3|
    |grp_fu_1671_p0                                                                                |   14|          3|   16|         48|
    |grp_fu_1671_p1                                                                                |   14|          3|   16|         48|
    |grp_fu_1675_ce                                                                                |   14|          3|    1|          3|
    |grp_fu_1675_p0                                                                                |   14|          3|   16|         48|
    |grp_fu_1675_p1                                                                                |   14|          3|   16|         48|
    |grp_fu_1679_ce                                                                                |   14|          3|    1|          3|
    |grp_fu_1679_p0                                                                                |   14|          3|   16|         48|
    |grp_fu_1679_p1                                                                                |   14|          3|   16|         48|
    |grp_fu_1683_ce                                                                                |   14|          3|    1|          3|
    |grp_fu_1683_p0                                                                                |   14|          3|   16|         48|
    |grp_fu_1683_p1                                                                                |   14|          3|   16|         48|
    |grp_fu_1687_ce                                                                                |   14|          3|    1|          3|
    |grp_fu_1687_p0                                                                                |   14|          3|   16|         48|
    |grp_fu_1687_p1                                                                                |   14|          3|   16|         48|
    |grp_fu_1691_ce                                                                                |   14|          3|    1|          3|
    |grp_fu_1691_p0                                                                                |   14|          3|   16|         48|
    |grp_fu_1691_p1                                                                                |   14|          3|   16|         48|
    |grp_fu_1695_ce                                                                                |   14|          3|    1|          3|
    |grp_fu_1695_p0                                                                                |   14|          3|   16|         48|
    |grp_fu_1695_p1                                                                                |   14|          3|   16|         48|
    |grp_fu_1699_ce                                                                                |   14|          3|    1|          3|
    |grp_fu_1699_p0                                                                                |   14|          3|   16|         48|
    |grp_fu_1699_p1                                                                                |   14|          3|   16|         48|
    |grp_fu_1703_ce                                                                                |   14|          3|    1|          3|
    |grp_fu_1703_p0                                                                                |   14|          3|   16|         48|
    |grp_fu_1703_p1                                                                                |   14|          3|   16|         48|
    |grp_fu_1707_ce                                                                                |   14|          3|    1|          3|
    |grp_fu_1707_p0                                                                                |   14|          3|   16|         48|
    |grp_fu_1707_p1                                                                                |   14|          3|   16|         48|
    |grp_fu_1711_ce                                                                                |   14|          3|    1|          3|
    |grp_fu_1711_p0                                                                                |   14|          3|   16|         48|
    |grp_fu_1711_p1                                                                                |   14|          3|   16|         48|
    |grp_fu_1715_ce                                                                                |   14|          3|    1|          3|
    |grp_fu_1715_p0                                                                                |   14|          3|   16|         48|
    |grp_fu_1715_p1                                                                                |   14|          3|   16|         48|
    |grp_fu_1719_ce                                                                                |   14|          3|    1|          3|
    |grp_fu_1719_p0                                                                                |   14|          3|   16|         48|
    |grp_fu_1719_p1                                                                                |   14|          3|   16|         48|
    |grp_fu_1723_ce                                                                                |   14|          3|    1|          3|
    |grp_fu_1723_p0                                                                                |   14|          3|   16|         48|
    |grp_fu_1723_p1                                                                                |   14|          3|   16|         48|
    |grp_fu_1727_ce                                                                                |   14|          3|    1|          3|
    |grp_fu_1727_p0                                                                                |   14|          3|   16|         48|
    |grp_fu_1727_p1                                                                                |   14|          3|   16|         48|
    |grp_fu_1731_ce                                                                                |   14|          3|    1|          3|
    |grp_fu_1731_p0                                                                                |   14|          3|   16|         48|
    |grp_fu_1731_p1                                                                                |   14|          3|   16|         48|
    |grp_fu_1735_ce                                                                                |   14|          3|    1|          3|
    |grp_fu_1735_p0                                                                                |   14|          3|   16|         48|
    |grp_fu_1735_p1                                                                                |   14|          3|   16|         48|
    |grp_fu_1739_ce                                                                                |   14|          3|    1|          3|
    |grp_fu_1739_p0                                                                                |   14|          3|   16|         48|
    |grp_fu_1739_p1                                                                                |   14|          3|   16|         48|
    |grp_fu_1743_ce                                                                                |   14|          3|    1|          3|
    |grp_fu_1743_p0                                                                                |   14|          3|   16|         48|
    |grp_fu_1743_p1                                                                                |   14|          3|   16|         48|
    |grp_fu_1747_ce                                                                                |   14|          3|    1|          3|
    |grp_fu_1747_p0                                                                                |   14|          3|   16|         48|
    |grp_fu_1747_p1                                                                                |   14|          3|   16|         48|
    |grp_fu_1751_ce                                                                                |   14|          3|    1|          3|
    |grp_fu_1751_p0                                                                                |   14|          3|   16|         48|
    |grp_fu_1751_p1                                                                                |   14|          3|   16|         48|
    |grp_fu_1755_ce                                                                                |   14|          3|    1|          3|
    |grp_fu_1755_p0                                                                                |   14|          3|   16|         48|
    |grp_fu_1755_p1                                                                                |   14|          3|   16|         48|
    |grp_fu_1759_ce                                                                                |   14|          3|    1|          3|
    |grp_fu_1759_p0                                                                                |   14|          3|   16|         48|
    |grp_fu_1759_p1                                                                                |   14|          3|   16|         48|
    |grp_fu_1763_ce                                                                                |   14|          3|    1|          3|
    |grp_fu_1763_p0                                                                                |   14|          3|   16|         48|
    |grp_fu_1763_p1                                                                                |   14|          3|   16|         48|
    |grp_fu_1767_ce                                                                                |   14|          3|    1|          3|
    |grp_fu_1767_p0                                                                                |   14|          3|   16|         48|
    |grp_fu_1767_p1                                                                                |   14|          3|   16|         48|
    |grp_fu_1771_ce                                                                                |   14|          3|    1|          3|
    |grp_fu_1771_p0                                                                                |   14|          3|   16|         48|
    |grp_fu_1771_p1                                                                                |   14|          3|   16|         48|
    |grp_fu_1775_ce                                                                                |   14|          3|    1|          3|
    |grp_fu_1775_p0                                                                                |   14|          3|   16|         48|
    |grp_fu_1775_p1                                                                                |   14|          3|   16|         48|
    |grp_fu_1779_ce                                                                                |   14|          3|    1|          3|
    |grp_fu_1779_p0                                                                                |   14|          3|   16|         48|
    |grp_fu_1779_p1                                                                                |   14|          3|   16|         48|
    |grp_fu_1783_ce                                                                                |   14|          3|    1|          3|
    |grp_fu_1783_p0                                                                                |   14|          3|   16|         48|
    |grp_fu_1783_p1                                                                                |   14|          3|   16|         48|
    |grp_fu_1787_ce                                                                                |   14|          3|    1|          3|
    |grp_fu_1787_p0                                                                                |   14|          3|   16|         48|
    |grp_fu_1787_p1                                                                                |   14|          3|   16|         48|
    |grp_fu_1791_ce                                                                                |   14|          3|    1|          3|
    |grp_fu_1791_p0                                                                                |   14|          3|   16|         48|
    |grp_fu_1791_p1                                                                                |   14|          3|   16|         48|
    |grp_fu_1795_ce                                                                                |   14|          3|    1|          3|
    |grp_fu_1795_p0                                                                                |   14|          3|   16|         48|
    |grp_fu_1795_p1                                                                                |   14|          3|   16|         48|
    |grp_fu_1799_ce                                                                                |   14|          3|    1|          3|
    |grp_fu_1799_p0                                                                                |   14|          3|   32|         96|
    |grp_fu_574_ce                                                                                 |   14|          3|    1|          3|
    |grp_fu_574_p0                                                                                 |   14|          3|   16|         48|
    |inv_buf_3_ce0                                                                                 |    9|          2|    1|          2|
    |inv_buf_3_ce1                                                                                 |    9|          2|    1|          2|
    |inv_buf_3_we1                                                                                 |    9|          2|    1|          2|
    |kh_reg_346                                                                                    |    9|          2|    2|          4|
    |m_axi_gmem_out_0_AWADDR                                                                       |   14|          3|   64|        192|
    |m_axi_gmem_out_0_AWBURST                                                                      |    9|          2|    2|          4|
    |m_axi_gmem_out_0_AWCACHE                                                                      |    9|          2|    4|          8|
    |m_axi_gmem_out_0_AWID                                                                         |    9|          2|    1|          2|
    |m_axi_gmem_out_0_AWLEN                                                                        |   14|          3|   32|         96|
    |m_axi_gmem_out_0_AWLOCK                                                                       |    9|          2|    2|          4|
    |m_axi_gmem_out_0_AWPROT                                                                       |    9|          2|    3|          6|
    |m_axi_gmem_out_0_AWQOS                                                                        |    9|          2|    4|          8|
    |m_axi_gmem_out_0_AWREGION                                                                     |    9|          2|    4|          8|
    |m_axi_gmem_out_0_AWSIZE                                                                       |    9|          2|    3|          6|
    |m_axi_gmem_out_0_AWUSER                                                                       |    9|          2|    1|          2|
    |m_axi_gmem_out_0_AWVALID                                                                      |   14|          3|    1|          3|
    |m_axi_gmem_out_0_BREADY                                                                       |   14|          3|    1|          3|
    |m_axi_gmem_out_0_WVALID                                                                       |    9|          2|    1|          2|
    |m_axi_gmem_param_0_ARADDR                                                                     |   20|          4|   64|        256|
    |m_axi_gmem_weight_0_ARADDR                                                                    |   14|          3|   64|        192|
    |m_axi_gmem_weight_0_ARBURST                                                                   |    9|          2|    2|          4|
    |m_axi_gmem_weight_0_ARCACHE                                                                   |    9|          2|    4|          8|
    |m_axi_gmem_weight_0_ARID                                                                      |    9|          2|    1|          2|
    |m_axi_gmem_weight_0_ARLEN                                                                     |   14|          3|   32|         96|
    |m_axi_gmem_weight_0_ARLOCK                                                                    |    9|          2|    2|          4|
    |m_axi_gmem_weight_0_ARPROT                                                                    |    9|          2|    3|          6|
    |m_axi_gmem_weight_0_ARQOS                                                                     |    9|          2|    4|          8|
    |m_axi_gmem_weight_0_ARREGION                                                                  |    9|          2|    4|          8|
    |m_axi_gmem_weight_0_ARSIZE                                                                    |    9|          2|    3|          6|
    |m_axi_gmem_weight_0_ARUSER                                                                    |    9|          2|    1|          2|
    |m_axi_gmem_weight_0_ARVALID                                                                   |   14|          3|    1|          3|
    |m_axi_gmem_weight_0_RREADY                                                                    |    9|          2|    1|          2|
    |mean_buf_3_ce0                                                                                |    9|          2|    1|          2|
    |mean_buf_3_ce1                                                                                |    9|          2|    1|          2|
    |mean_buf_3_we1                                                                                |    9|          2|    1|          2|
    |p_ZZ16UpConv_Fused_RowILi8ELi16ELi16ELi16ELi16EEvP7ap_uintILi256EEPKS1_S4_S4_S4_S_1_address0  |   26|          5|    5|         25|
    |p_ZZ16UpConv_Fused_RowILi8ELi16ELi16ELi16ELi16EEvP7ap_uintILi256EEPKS1_S4_S4_S4_S_1_address1  |   14|          3|    5|         15|
    |p_ZZ16UpConv_Fused_RowILi8ELi16ELi16ELi16ELi16EEvP7ap_uintILi256EEPKS1_S4_S4_S4_S_1_ce0       |   26|          5|    1|          5|
    |p_ZZ16UpConv_Fused_RowILi8ELi16ELi16ELi16ELi16EEvP7ap_uintILi256EEPKS1_S4_S4_S4_S_1_ce1       |   14|          3|    1|          3|
    |p_ZZ16UpConv_Fused_RowILi8ELi16ELi16ELi16ELi16EEvP7ap_uintILi256EEPKS1_S4_S4_S4_S_1_d0        |   20|          4|   16|         64|
    |p_ZZ16UpConv_Fused_RowILi8ELi16ELi16ELi16ELi16EEvP7ap_uintILi256EEPKS1_S4_S4_S4_S_1_we0       |   20|          4|    1|          4|
    |p_ZZ16UpConv_Fused_RowILi8ELi16ELi16ELi16ELi16EEvP7ap_uintILi256EEPKS1_S4_S4_S4_S_2_address0  |   26|          5|    5|         25|
    |p_ZZ16UpConv_Fused_RowILi8ELi16ELi16ELi16ELi16EEvP7ap_uintILi256EEPKS1_S4_S4_S4_S_2_address1  |   14|          3|    5|         15|
    |p_ZZ16UpConv_Fused_RowILi8ELi16ELi16ELi16ELi16EEvP7ap_uintILi256EEPKS1_S4_S4_S4_S_2_ce0       |   26|          5|    1|          5|
    |p_ZZ16UpConv_Fused_RowILi8ELi16ELi16ELi16ELi16EEvP7ap_uintILi256EEPKS1_S4_S4_S4_S_2_ce1       |   14|          3|    1|          3|
    |p_ZZ16UpConv_Fused_RowILi8ELi16ELi16ELi16ELi16EEvP7ap_uintILi256EEPKS1_S4_S4_S4_S_2_d0        |   20|          4|   16|         64|
    |p_ZZ16UpConv_Fused_RowILi8ELi16ELi16ELi16ELi16EEvP7ap_uintILi256EEPKS1_S4_S4_S4_S_2_we0       |   20|          4|    1|          4|
    |p_ZZ16UpConv_Fused_RowILi8ELi16ELi16ELi16ELi16EEvP7ap_uintILi256EEPKS1_S4_S4_S4_S_3_address0  |   26|          5|    5|         25|
    |p_ZZ16UpConv_Fused_RowILi8ELi16ELi16ELi16ELi16EEvP7ap_uintILi256EEPKS1_S4_S4_S4_S_3_address1  |   14|          3|    5|         15|
    |p_ZZ16UpConv_Fused_RowILi8ELi16ELi16ELi16ELi16EEvP7ap_uintILi256EEPKS1_S4_S4_S4_S_3_ce0       |   26|          5|    1|          5|
    |p_ZZ16UpConv_Fused_RowILi8ELi16ELi16ELi16ELi16EEvP7ap_uintILi256EEPKS1_S4_S4_S4_S_3_ce1       |   14|          3|    1|          3|
    |p_ZZ16UpConv_Fused_RowILi8ELi16ELi16ELi16ELi16EEvP7ap_uintILi256EEPKS1_S4_S4_S4_S_3_d0        |   20|          4|   16|         64|
    |p_ZZ16UpConv_Fused_RowILi8ELi16ELi16ELi16ELi16EEvP7ap_uintILi256EEPKS1_S4_S4_S4_S_3_we0       |   20|          4|    1|          4|
    |p_ZZ16UpConv_Fused_RowILi8ELi16ELi16ELi16ELi16EEvP7ap_uintILi256EEPKS1_S4_S4_S4_S_4_address0  |   26|          5|    5|         25|
    |p_ZZ16UpConv_Fused_RowILi8ELi16ELi16ELi16ELi16EEvP7ap_uintILi256EEPKS1_S4_S4_S4_S_4_address1  |   14|          3|    5|         15|
    |p_ZZ16UpConv_Fused_RowILi8ELi16ELi16ELi16ELi16EEvP7ap_uintILi256EEPKS1_S4_S4_S4_S_4_ce0       |   26|          5|    1|          5|
    |p_ZZ16UpConv_Fused_RowILi8ELi16ELi16ELi16ELi16EEvP7ap_uintILi256EEPKS1_S4_S4_S4_S_4_ce1       |   14|          3|    1|          3|
    |p_ZZ16UpConv_Fused_RowILi8ELi16ELi16ELi16ELi16EEvP7ap_uintILi256EEPKS1_S4_S4_S4_S_4_d0        |   20|          4|   16|         64|
    |p_ZZ16UpConv_Fused_RowILi8ELi16ELi16ELi16ELi16EEvP7ap_uintILi256EEPKS1_S4_S4_S4_S_4_we0       |   20|          4|    1|          4|
    |p_ZZ16UpConv_Fused_RowILi8ELi16ELi16ELi16ELi16EEvP7ap_uintILi256EEPKS1_S4_S4_S4_S_5_address0  |   26|          5|    5|         25|
    |p_ZZ16UpConv_Fused_RowILi8ELi16ELi16ELi16ELi16EEvP7ap_uintILi256EEPKS1_S4_S4_S4_S_5_address1  |   14|          3|    5|         15|
    |p_ZZ16UpConv_Fused_RowILi8ELi16ELi16ELi16ELi16EEvP7ap_uintILi256EEPKS1_S4_S4_S4_S_5_ce0       |   26|          5|    1|          5|
    |p_ZZ16UpConv_Fused_RowILi8ELi16ELi16ELi16ELi16EEvP7ap_uintILi256EEPKS1_S4_S4_S4_S_5_ce1       |   14|          3|    1|          3|
    |p_ZZ16UpConv_Fused_RowILi8ELi16ELi16ELi16ELi16EEvP7ap_uintILi256EEPKS1_S4_S4_S4_S_5_d0        |   20|          4|   16|         64|
    |p_ZZ16UpConv_Fused_RowILi8ELi16ELi16ELi16ELi16EEvP7ap_uintILi256EEPKS1_S4_S4_S4_S_5_we0       |   20|          4|    1|          4|
    |p_ZZ16UpConv_Fused_RowILi8ELi16ELi16ELi16ELi16EEvP7ap_uintILi256EEPKS1_S4_S4_S4_S_address0    |   26|          5|    5|         25|
    |p_ZZ16UpConv_Fused_RowILi8ELi16ELi16ELi16ELi16EEvP7ap_uintILi256EEPKS1_S4_S4_S4_S_address1    |   14|          3|    5|         15|
    |p_ZZ16UpConv_Fused_RowILi8ELi16ELi16ELi16ELi16EEvP7ap_uintILi256EEPKS1_S4_S4_S4_S_ce0         |   26|          5|    1|          5|
    |p_ZZ16UpConv_Fused_RowILi8ELi16ELi16ELi16ELi16EEvP7ap_uintILi256EEPKS1_S4_S4_S4_S_ce1         |   14|          3|    1|          3|
    |p_ZZ16UpConv_Fused_RowILi8ELi16ELi16ELi16ELi16EEvP7ap_uintILi256EEPKS1_S4_S4_S4_S_d0          |   20|          4|   16|         64|
    |p_ZZ16UpConv_Fused_RowILi8ELi16ELi16ELi16ELi16EEvP7ap_uintILi256EEPKS1_S4_S4_S4_S_we0         |   20|          4|    1|          4|
    |tile_fu_200                                                                                   |    9|          2|    2|          4|
    |void_UpConv_Fused_Row_ap_uint_ap_uint_const_ap_uint_const_ap_uint_const_ap_u_30_address0      |   26|          5|    5|         25|
    |void_UpConv_Fused_Row_ap_uint_ap_uint_const_ap_uint_const_ap_uint_const_ap_u_30_address1      |   14|          3|    5|         15|
    |void_UpConv_Fused_Row_ap_uint_ap_uint_const_ap_uint_const_ap_uint_const_ap_u_30_ce0           |   26|          5|    1|          5|
    |void_UpConv_Fused_Row_ap_uint_ap_uint_const_ap_uint_const_ap_uint_const_ap_u_30_ce1           |   14|          3|    1|          3|
    |void_UpConv_Fused_Row_ap_uint_ap_uint_const_ap_uint_const_ap_uint_const_ap_u_30_d0            |   20|          4|   16|         64|
    |void_UpConv_Fused_Row_ap_uint_ap_uint_const_ap_uint_const_ap_uint_const_ap_u_30_we0           |   20|          4|    1|          4|
    |void_UpConv_Fused_Row_ap_uint_ap_uint_const_ap_uint_const_ap_uint_const_ap_u_31_address0      |   26|          5|    5|         25|
    |void_UpConv_Fused_Row_ap_uint_ap_uint_const_ap_uint_const_ap_uint_const_ap_u_31_address1      |   14|          3|    5|         15|
    |void_UpConv_Fused_Row_ap_uint_ap_uint_const_ap_uint_const_ap_uint_const_ap_u_31_ce0           |   26|          5|    1|          5|
    |void_UpConv_Fused_Row_ap_uint_ap_uint_const_ap_uint_const_ap_uint_const_ap_u_31_ce1           |   14|          3|    1|          3|
    |void_UpConv_Fused_Row_ap_uint_ap_uint_const_ap_uint_const_ap_uint_const_ap_u_31_d0            |   20|          4|   16|         64|
    |void_UpConv_Fused_Row_ap_uint_ap_uint_const_ap_uint_const_ap_uint_const_ap_u_31_we0           |   20|          4|    1|          4|
    |void_UpConv_Fused_Row_ap_uint_ap_uint_const_ap_uint_const_ap_uint_const_ap_u_32_address0      |   26|          5|    5|         25|
    |void_UpConv_Fused_Row_ap_uint_ap_uint_const_ap_uint_const_ap_uint_const_ap_u_32_address1      |   14|          3|    5|         15|
    |void_UpConv_Fused_Row_ap_uint_ap_uint_const_ap_uint_const_ap_uint_const_ap_u_32_ce0           |   26|          5|    1|          5|
    |void_UpConv_Fused_Row_ap_uint_ap_uint_const_ap_uint_const_ap_uint_const_ap_u_32_ce1           |   14|          3|    1|          3|
    |void_UpConv_Fused_Row_ap_uint_ap_uint_const_ap_uint_const_ap_uint_const_ap_u_32_d0            |   20|          4|   16|         64|
    |void_UpConv_Fused_Row_ap_uint_ap_uint_const_ap_uint_const_ap_uint_const_ap_u_32_we0           |   20|          4|    1|          4|
    |void_UpConv_Fused_Row_ap_uint_ap_uint_const_ap_uint_const_ap_uint_const_ap_u_33_address0      |   26|          5|    5|         25|
    |void_UpConv_Fused_Row_ap_uint_ap_uint_const_ap_uint_const_ap_uint_const_ap_u_33_address1      |   14|          3|    5|         15|
    |void_UpConv_Fused_Row_ap_uint_ap_uint_const_ap_uint_const_ap_uint_const_ap_u_33_ce0           |   26|          5|    1|          5|
    |void_UpConv_Fused_Row_ap_uint_ap_uint_const_ap_uint_const_ap_uint_const_ap_u_33_ce1           |   14|          3|    1|          3|
    |void_UpConv_Fused_Row_ap_uint_ap_uint_const_ap_uint_const_ap_uint_const_ap_u_33_d0            |   20|          4|   16|         64|
    |void_UpConv_Fused_Row_ap_uint_ap_uint_const_ap_uint_const_ap_uint_const_ap_u_33_we0           |   20|          4|    1|          4|
    |void_UpConv_Fused_Row_ap_uint_ap_uint_const_ap_uint_const_ap_uint_const_ap_u_34_address0      |   26|          5|    5|         25|
    |void_UpConv_Fused_Row_ap_uint_ap_uint_const_ap_uint_const_ap_uint_const_ap_u_34_address1      |   14|          3|    5|         15|
    |void_UpConv_Fused_Row_ap_uint_ap_uint_const_ap_uint_const_ap_uint_const_ap_u_34_ce0           |   26|          5|    1|          5|
    |void_UpConv_Fused_Row_ap_uint_ap_uint_const_ap_uint_const_ap_uint_const_ap_u_34_ce1           |   14|          3|    1|          3|
    |void_UpConv_Fused_Row_ap_uint_ap_uint_const_ap_uint_const_ap_uint_const_ap_u_34_d0            |   20|          4|   16|         64|
    |void_UpConv_Fused_Row_ap_uint_ap_uint_const_ap_uint_const_ap_uint_const_ap_u_34_we0           |   20|          4|    1|          4|
    |void_UpConv_Fused_Row_ap_uint_ap_uint_const_ap_uint_const_ap_uint_const_ap_u_35_address0      |   26|          5|    5|         25|
    |void_UpConv_Fused_Row_ap_uint_ap_uint_const_ap_uint_const_ap_uint_const_ap_u_35_address1      |   14|          3|    5|         15|
    |void_UpConv_Fused_Row_ap_uint_ap_uint_const_ap_uint_const_ap_uint_const_ap_u_35_ce0           |   26|          5|    1|          5|
    |void_UpConv_Fused_Row_ap_uint_ap_uint_const_ap_uint_const_ap_uint_const_ap_u_35_ce1           |   14|          3|    1|          3|
    |void_UpConv_Fused_Row_ap_uint_ap_uint_const_ap_uint_const_ap_uint_const_ap_u_35_d0            |   20|          4|   16|         64|
    |void_UpConv_Fused_Row_ap_uint_ap_uint_const_ap_uint_const_ap_uint_const_ap_u_35_we0           |   20|          4|    1|          4|
    |void_UpConv_Fused_Row_ap_uint_ap_uint_const_ap_uint_const_ap_uint_const_ap_u_36_address0      |   26|          5|    5|         25|
    |void_UpConv_Fused_Row_ap_uint_ap_uint_const_ap_uint_const_ap_uint_const_ap_u_36_address1      |   14|          3|    5|         15|
    |void_UpConv_Fused_Row_ap_uint_ap_uint_const_ap_uint_const_ap_uint_const_ap_u_36_ce0           |   26|          5|    1|          5|
    |void_UpConv_Fused_Row_ap_uint_ap_uint_const_ap_uint_const_ap_uint_const_ap_u_36_ce1           |   14|          3|    1|          3|
    |void_UpConv_Fused_Row_ap_uint_ap_uint_const_ap_uint_const_ap_uint_const_ap_u_36_d0            |   20|          4|   16|         64|
    |void_UpConv_Fused_Row_ap_uint_ap_uint_const_ap_uint_const_ap_uint_const_ap_u_36_we0           |   20|          4|    1|          4|
    |void_UpConv_Fused_Row_ap_uint_ap_uint_const_ap_uint_const_ap_uint_const_ap_u_37_address0      |   26|          5|    5|         25|
    |void_UpConv_Fused_Row_ap_uint_ap_uint_const_ap_uint_const_ap_uint_const_ap_u_37_address1      |   14|          3|    5|         15|
    |void_UpConv_Fused_Row_ap_uint_ap_uint_const_ap_uint_const_ap_uint_const_ap_u_37_ce0           |   26|          5|    1|          5|
    |void_UpConv_Fused_Row_ap_uint_ap_uint_const_ap_uint_const_ap_uint_const_ap_u_37_ce1           |   14|          3|    1|          3|
    |void_UpConv_Fused_Row_ap_uint_ap_uint_const_ap_uint_const_ap_uint_const_ap_u_37_d0            |   20|          4|   16|         64|
    |void_UpConv_Fused_Row_ap_uint_ap_uint_const_ap_uint_const_ap_uint_const_ap_u_37_we0           |   20|          4|    1|          4|
    |void_UpConv_Fused_Row_ap_uint_ap_uint_const_ap_uint_const_ap_uint_const_ap_u_38_address0      |   26|          5|    5|         25|
    |void_UpConv_Fused_Row_ap_uint_ap_uint_const_ap_uint_const_ap_uint_const_ap_u_38_address1      |   14|          3|    5|         15|
    |void_UpConv_Fused_Row_ap_uint_ap_uint_const_ap_uint_const_ap_uint_const_ap_u_38_ce0           |   26|          5|    1|          5|
    |void_UpConv_Fused_Row_ap_uint_ap_uint_const_ap_uint_const_ap_uint_const_ap_u_38_ce1           |   14|          3|    1|          3|
    |void_UpConv_Fused_Row_ap_uint_ap_uint_const_ap_uint_const_ap_uint_const_ap_u_38_d0            |   20|          4|   16|         64|
    |void_UpConv_Fused_Row_ap_uint_ap_uint_const_ap_uint_const_ap_uint_const_ap_u_38_we0           |   20|          4|    1|          4|
    |void_UpConv_Fused_Row_ap_uint_ap_uint_const_ap_uint_const_ap_uint_const_ap_u_39_address0      |   26|          5|    5|         25|
    |void_UpConv_Fused_Row_ap_uint_ap_uint_const_ap_uint_const_ap_uint_const_ap_u_39_address1      |   14|          3|    5|         15|
    |void_UpConv_Fused_Row_ap_uint_ap_uint_const_ap_uint_const_ap_uint_const_ap_u_39_ce0           |   26|          5|    1|          5|
    |void_UpConv_Fused_Row_ap_uint_ap_uint_const_ap_uint_const_ap_uint_const_ap_u_39_ce1           |   14|          3|    1|          3|
    |void_UpConv_Fused_Row_ap_uint_ap_uint_const_ap_uint_const_ap_uint_const_ap_u_39_d0            |   20|          4|   16|         64|
    |void_UpConv_Fused_Row_ap_uint_ap_uint_const_ap_uint_const_ap_uint_const_ap_u_39_we0           |   20|          4|    1|          4|
    |w_local_1_address0                                                                            |   14|          3|    4|         12|
    |w_local_1_ce0                                                                                 |   14|          3|    1|          3|
    |w_local_1_we0                                                                                 |    9|          2|    1|          2|
    |w_local_2_address0                                                                            |   14|          3|    4|         12|
    |w_local_2_ce0                                                                                 |   14|          3|    1|          3|
    |w_local_2_we0                                                                                 |    9|          2|    1|          2|
    |w_local_3_address0                                                                            |   14|          3|    4|         12|
    |w_local_3_ce0                                                                                 |   14|          3|    1|          3|
    |w_local_3_we0                                                                                 |    9|          2|    1|          2|
    |w_local_4_address0                                                                            |   14|          3|    4|         12|
    |w_local_4_ce0                                                                                 |   14|          3|    1|          3|
    |w_local_4_we0                                                                                 |    9|          2|    1|          2|
    |w_local_5_address0                                                                            |   14|          3|    4|         12|
    |w_local_5_ce0                                                                                 |   14|          3|    1|          3|
    |w_local_5_we0                                                                                 |    9|          2|    1|          2|
    |w_local_6_address0                                                                            |   14|          3|    4|         12|
    |w_local_6_ce0                                                                                 |   14|          3|    1|          3|
    |w_local_6_we0                                                                                 |    9|          2|    1|          2|
    |w_local_7_address0                                                                            |   14|          3|    4|         12|
    |w_local_7_ce0                                                                                 |   14|          3|    1|          3|
    |w_local_7_we0                                                                                 |    9|          2|    1|          2|
    |w_local_address0                                                                              |   14|          3|    4|         12|
    |w_local_ce0                                                                                   |   14|          3|    1|          3|
    |w_local_we0                                                                                   |    9|          2|    1|          2|
    +----------------------------------------------------------------------------------------------+-----+-----------+-----+-----------+
    |Total                                                                                         | 4894|       1024| 2473|       7936|
    +----------------------------------------------------------------------------------------------+-----+-----------+-----+-----------+

    * Register: 
    +-----------------------------------------------------------------------------------+-----+----+-----+-----------+
    |                                        Name                                       |  FF | LUT| Bits| Const Bits|
    +-----------------------------------------------------------------------------------+-----+----+-----+-----------+
    |add_ln135_reg_1281                                                                 |    2|   0|    2|          0|
    |add_ln151_reg_1315                                                                 |    2|   0|    2|          0|
    |ap_CS_fsm                                                                          |   33|   0|   33|          0|
    |be_46_reg_1462                                                                     |   16|   0|   16|          0|
    |be_47_reg_1472                                                                     |   16|   0|   16|          0|
    |be_48_reg_1482                                                                     |   16|   0|   16|          0|
    |be_49_reg_1492                                                                     |   16|   0|   16|          0|
    |be_50_reg_1502                                                                     |   16|   0|   16|          0|
    |be_51_reg_1512                                                                     |   16|   0|   16|          0|
    |be_52_reg_1522                                                                     |   16|   0|   16|          0|
    |be_53_reg_1532                                                                     |   16|   0|   16|          0|
    |be_54_reg_1542                                                                     |   16|   0|   16|          0|
    |be_55_reg_1552                                                                     |   16|   0|   16|          0|
    |be_56_reg_1562                                                                     |   16|   0|   16|          0|
    |be_57_reg_1572                                                                     |   16|   0|   16|          0|
    |be_58_reg_1582                                                                     |   16|   0|   16|          0|
    |be_59_reg_1592                                                                     |   16|   0|   16|          0|
    |be_60_reg_1602                                                                     |   16|   0|   16|          0|
    |be_reg_1452                                                                        |   16|   0|   16|          0|
    |conv7_reg_1357                                                                     |   32|   0|   32|          0|
    |empty_364_reg_1324                                                                 |    3|   0|    3|          0|
    |g_46_reg_1457                                                                      |   16|   0|   16|          0|
    |g_47_reg_1467                                                                      |   16|   0|   16|          0|
    |g_48_reg_1477                                                                      |   16|   0|   16|          0|
    |g_49_reg_1487                                                                      |   16|   0|   16|          0|
    |g_50_reg_1497                                                                      |   16|   0|   16|          0|
    |g_51_reg_1507                                                                      |   16|   0|   16|          0|
    |g_52_reg_1517                                                                      |   16|   0|   16|          0|
    |g_53_reg_1527                                                                      |   16|   0|   16|          0|
    |g_54_reg_1537                                                                      |   16|   0|   16|          0|
    |g_55_reg_1547                                                                      |   16|   0|   16|          0|
    |g_56_reg_1557                                                                      |   16|   0|   16|          0|
    |g_57_reg_1567                                                                      |   16|   0|   16|          0|
    |g_58_reg_1577                                                                      |   16|   0|   16|          0|
    |g_59_reg_1587                                                                      |   16|   0|   16|          0|
    |g_60_reg_1597                                                                      |   16|   0|   16|          0|
    |g_reg_1447                                                                         |   16|   0|   16|          0|
    |gmem_param_addr_read_reg_1352                                                      |  256|   0|  256|          0|
    |grp_UpConv_Fused_Row_8_16_16_16_16_Pipeline_KW_LOOP_FLAT_LOOP_fu_408_ap_start_reg  |    1|   0|    1|          0|
    |grp_UpConv_Fused_Row_8_16_16_16_16_Pipeline_PIXEL_NORM_fu_499_ap_start_reg         |    1|   0|    1|          0|
    |grp_UpConv_Fused_Row_8_16_16_16_16_Pipeline_PIXEL_STATS_fu_457_ap_start_reg        |    1|   0|    1|          0|
    |grp_UpConv_Fused_Row_8_16_16_16_16_Pipeline_PRELOAD_W_W_FLAT_fu_393_ap_start_reg   |    1|   0|    1|          0|
    |grp_UpConv_Fused_Row_8_16_16_16_16_Pipeline_RESET_ROW_ACC_fu_357_ap_start_reg      |    1|   0|    1|          0|
    |kh_reg_346                                                                         |    2|   0|    2|          0|
    |or_ln155_reg_1320                                                                  |    1|   0|    1|          0|
    |tile_fu_200                                                                        |    2|   0|    2|          0|
    |trunc_ln135_reg_1286                                                               |    1|   0|    1|          0|
    |trunc_ln1_reg_1291                                                                 |   59|   0|   59|          0|
    |trunc_ln287_reg_1362                                                               |   16|   0|   16|          0|
    |trunc_ln2_reg_1296                                                                 |   59|   0|   59|          0|
    |trunc_ln3_reg_1301                                                                 |   59|   0|   59|          0|
    |trunc_ln4_reg_1306                                                                 |   59|   0|   59|          0|
    |trunc_ln_reg_1233                                                                  |   59|   0|   59|          0|
    |u_497_reg_1372                                                                     |   16|   0|   16|          0|
    |u_499_reg_1377                                                                     |   16|   0|   16|          0|
    |u_501_reg_1382                                                                     |   16|   0|   16|          0|
    |u_503_reg_1387                                                                     |   16|   0|   16|          0|
    |u_505_reg_1392                                                                     |   16|   0|   16|          0|
    |u_507_reg_1397                                                                     |   16|   0|   16|          0|
    |u_509_reg_1402                                                                     |   16|   0|   16|          0|
    |u_511_reg_1407                                                                     |   16|   0|   16|          0|
    |u_513_reg_1412                                                                     |   16|   0|   16|          0|
    |u_515_reg_1417                                                                     |   16|   0|   16|          0|
    |u_517_reg_1422                                                                     |   16|   0|   16|          0|
    |u_519_reg_1427                                                                     |   16|   0|   16|          0|
    |u_521_reg_1432                                                                     |   16|   0|   16|          0|
    |u_523_reg_1437                                                                     |   16|   0|   16|          0|
    |u_s_reg_1367                                                                       |   16|   0|   16|          0|
    |x_base_reg_1329                                                                    |    1|   0|    5|          4|
    |zext_ln135_reg_1273                                                                |    6|   0|    7|          1|
    +-----------------------------------------------------------------------------------+-----+----+-----+-----------+
    |Total                                                                              | 1409|   0| 1414|          5|
    +-----------------------------------------------------------------------------------+-----+----+-----+-----------+



================================================================
== Interface
================================================================
* Summary: 
+------------------------------+-----+-----+------------+-------------------------------------+--------------+
|           RTL Ports          | Dir | Bits|  Protocol  |            Source Object            |    C Type    |
+------------------------------+-----+-----+------------+-------------------------------------+--------------+
|ap_clk                        |   in|    1|  ap_ctrl_hs|  UpConv_Fused_Row<8, 16, 16, 16, 16>|  return value|
|ap_rst                        |   in|    1|  ap_ctrl_hs|  UpConv_Fused_Row<8, 16, 16, 16, 16>|  return value|
|ap_start                      |   in|    1|  ap_ctrl_hs|  UpConv_Fused_Row<8, 16, 16, 16, 16>|  return value|
|ap_done                       |  out|    1|  ap_ctrl_hs|  UpConv_Fused_Row<8, 16, 16, 16, 16>|  return value|
|ap_idle                       |  out|    1|  ap_ctrl_hs|  UpConv_Fused_Row<8, 16, 16, 16, 16>|  return value|
|ap_ready                      |  out|    1|  ap_ctrl_hs|  UpConv_Fused_Row<8, 16, 16, 16, 16>|  return value|
|m_axi_gmem_weight_0_AWVALID   |  out|    1|       m_axi|                          gmem_weight|       pointer|
|m_axi_gmem_weight_0_AWREADY   |   in|    1|       m_axi|                          gmem_weight|       pointer|
|m_axi_gmem_weight_0_AWADDR    |  out|   64|       m_axi|                          gmem_weight|       pointer|
|m_axi_gmem_weight_0_AWID      |  out|    1|       m_axi|                          gmem_weight|       pointer|
|m_axi_gmem_weight_0_AWLEN     |  out|   32|       m_axi|                          gmem_weight|       pointer|
|m_axi_gmem_weight_0_AWSIZE    |  out|    3|       m_axi|                          gmem_weight|       pointer|
|m_axi_gmem_weight_0_AWBURST   |  out|    2|       m_axi|                          gmem_weight|       pointer|
|m_axi_gmem_weight_0_AWLOCK    |  out|    2|       m_axi|                          gmem_weight|       pointer|
|m_axi_gmem_weight_0_AWCACHE   |  out|    4|       m_axi|                          gmem_weight|       pointer|
|m_axi_gmem_weight_0_AWPROT    |  out|    3|       m_axi|                          gmem_weight|       pointer|
|m_axi_gmem_weight_0_AWQOS     |  out|    4|       m_axi|                          gmem_weight|       pointer|
|m_axi_gmem_weight_0_AWREGION  |  out|    4|       m_axi|                          gmem_weight|       pointer|
|m_axi_gmem_weight_0_AWUSER    |  out|    1|       m_axi|                          gmem_weight|       pointer|
|m_axi_gmem_weight_0_WVALID    |  out|    1|       m_axi|                          gmem_weight|       pointer|
|m_axi_gmem_weight_0_WREADY    |   in|    1|       m_axi|                          gmem_weight|       pointer|
|m_axi_gmem_weight_0_WDATA     |  out|  256|       m_axi|                          gmem_weight|       pointer|
|m_axi_gmem_weight_0_WSTRB     |  out|   32|       m_axi|                          gmem_weight|       pointer|
|m_axi_gmem_weight_0_WLAST     |  out|    1|       m_axi|                          gmem_weight|       pointer|
|m_axi_gmem_weight_0_WID       |  out|    1|       m_axi|                          gmem_weight|       pointer|
|m_axi_gmem_weight_0_WUSER     |  out|    1|       m_axi|                          gmem_weight|       pointer|
|m_axi_gmem_weight_0_ARVALID   |  out|    1|       m_axi|                          gmem_weight|       pointer|
|m_axi_gmem_weight_0_ARREADY   |   in|    1|       m_axi|                          gmem_weight|       pointer|
|m_axi_gmem_weight_0_ARADDR    |  out|   64|       m_axi|                          gmem_weight|       pointer|
|m_axi_gmem_weight_0_ARID      |  out|    1|       m_axi|                          gmem_weight|       pointer|
|m_axi_gmem_weight_0_ARLEN     |  out|   32|       m_axi|                          gmem_weight|       pointer|
|m_axi_gmem_weight_0_ARSIZE    |  out|    3|       m_axi|                          gmem_weight|       pointer|
|m_axi_gmem_weight_0_ARBURST   |  out|    2|       m_axi|                          gmem_weight|       pointer|
|m_axi_gmem_weight_0_ARLOCK    |  out|    2|       m_axi|                          gmem_weight|       pointer|
|m_axi_gmem_weight_0_ARCACHE   |  out|    4|       m_axi|                          gmem_weight|       pointer|
|m_axi_gmem_weight_0_ARPROT    |  out|    3|       m_axi|                          gmem_weight|       pointer|
|m_axi_gmem_weight_0_ARQOS     |  out|    4|       m_axi|                          gmem_weight|       pointer|
|m_axi_gmem_weight_0_ARREGION  |  out|    4|       m_axi|                          gmem_weight|       pointer|
|m_axi_gmem_weight_0_ARUSER    |  out|    1|       m_axi|                          gmem_weight|       pointer|
|m_axi_gmem_weight_0_RVALID    |   in|    1|       m_axi|                          gmem_weight|       pointer|
|m_axi_gmem_weight_0_RREADY    |  out|    1|       m_axi|                          gmem_weight|       pointer|
|m_axi_gmem_weight_0_RDATA     |   in|  256|       m_axi|                          gmem_weight|       pointer|
|m_axi_gmem_weight_0_RLAST     |   in|    1|       m_axi|                          gmem_weight|       pointer|
|m_axi_gmem_weight_0_RID       |   in|    1|       m_axi|                          gmem_weight|       pointer|
|m_axi_gmem_weight_0_RFIFONUM  |   in|   11|       m_axi|                          gmem_weight|       pointer|
|m_axi_gmem_weight_0_RUSER     |   in|    1|       m_axi|                          gmem_weight|       pointer|
|m_axi_gmem_weight_0_RRESP     |   in|    2|       m_axi|                          gmem_weight|       pointer|
|m_axi_gmem_weight_0_BVALID    |   in|    1|       m_axi|                          gmem_weight|       pointer|
|m_axi_gmem_weight_0_BREADY    |  out|    1|       m_axi|                          gmem_weight|       pointer|
|m_axi_gmem_weight_0_BRESP     |   in|    2|       m_axi|                          gmem_weight|       pointer|
|m_axi_gmem_weight_0_BID       |   in|    1|       m_axi|                          gmem_weight|       pointer|
|m_axi_gmem_weight_0_BUSER     |   in|    1|       m_axi|                          gmem_weight|       pointer|
|W_ptr                         |   in|   64|     ap_none|                                W_ptr|        scalar|
|m_axi_gmem_param_0_AWVALID    |  out|    1|       m_axi|                           gmem_param|       pointer|
|m_axi_gmem_param_0_AWREADY    |   in|    1|       m_axi|                           gmem_param|       pointer|
|m_axi_gmem_param_0_AWADDR     |  out|   64|       m_axi|                           gmem_param|       pointer|
|m_axi_gmem_param_0_AWID       |  out|    1|       m_axi|                           gmem_param|       pointer|
|m_axi_gmem_param_0_AWLEN      |  out|   32|       m_axi|                           gmem_param|       pointer|
|m_axi_gmem_param_0_AWSIZE     |  out|    3|       m_axi|                           gmem_param|       pointer|
|m_axi_gmem_param_0_AWBURST    |  out|    2|       m_axi|                           gmem_param|       pointer|
|m_axi_gmem_param_0_AWLOCK     |  out|    2|       m_axi|                           gmem_param|       pointer|
|m_axi_gmem_param_0_AWCACHE    |  out|    4|       m_axi|                           gmem_param|       pointer|
|m_axi_gmem_param_0_AWPROT     |  out|    3|       m_axi|                           gmem_param|       pointer|
|m_axi_gmem_param_0_AWQOS      |  out|    4|       m_axi|                           gmem_param|       pointer|
|m_axi_gmem_param_0_AWREGION   |  out|    4|       m_axi|                           gmem_param|       pointer|
|m_axi_gmem_param_0_AWUSER     |  out|    1|       m_axi|                           gmem_param|       pointer|
|m_axi_gmem_param_0_WVALID     |  out|    1|       m_axi|                           gmem_param|       pointer|
|m_axi_gmem_param_0_WREADY     |   in|    1|       m_axi|                           gmem_param|       pointer|
|m_axi_gmem_param_0_WDATA      |  out|  256|       m_axi|                           gmem_param|       pointer|
|m_axi_gmem_param_0_WSTRB      |  out|   32|       m_axi|                           gmem_param|       pointer|
|m_axi_gmem_param_0_WLAST      |  out|    1|       m_axi|                           gmem_param|       pointer|
|m_axi_gmem_param_0_WID        |  out|    1|       m_axi|                           gmem_param|       pointer|
|m_axi_gmem_param_0_WUSER      |  out|    1|       m_axi|                           gmem_param|       pointer|
|m_axi_gmem_param_0_ARVALID    |  out|    1|       m_axi|                           gmem_param|       pointer|
|m_axi_gmem_param_0_ARREADY    |   in|    1|       m_axi|                           gmem_param|       pointer|
|m_axi_gmem_param_0_ARADDR     |  out|   64|       m_axi|                           gmem_param|       pointer|
|m_axi_gmem_param_0_ARID       |  out|    1|       m_axi|                           gmem_param|       pointer|
|m_axi_gmem_param_0_ARLEN      |  out|   32|       m_axi|                           gmem_param|       pointer|
|m_axi_gmem_param_0_ARSIZE     |  out|    3|       m_axi|                           gmem_param|       pointer|
|m_axi_gmem_param_0_ARBURST    |  out|    2|       m_axi|                           gmem_param|       pointer|
|m_axi_gmem_param_0_ARLOCK     |  out|    2|       m_axi|                           gmem_param|       pointer|
|m_axi_gmem_param_0_ARCACHE    |  out|    4|       m_axi|                           gmem_param|       pointer|
|m_axi_gmem_param_0_ARPROT     |  out|    3|       m_axi|                           gmem_param|       pointer|
|m_axi_gmem_param_0_ARQOS      |  out|    4|       m_axi|                           gmem_param|       pointer|
|m_axi_gmem_param_0_ARREGION   |  out|    4|       m_axi|                           gmem_param|       pointer|
|m_axi_gmem_param_0_ARUSER     |  out|    1|       m_axi|                           gmem_param|       pointer|
|m_axi_gmem_param_0_RVALID     |   in|    1|       m_axi|                           gmem_param|       pointer|
|m_axi_gmem_param_0_RREADY     |  out|    1|       m_axi|                           gmem_param|       pointer|
|m_axi_gmem_param_0_RDATA      |   in|  256|       m_axi|                           gmem_param|       pointer|
|m_axi_gmem_param_0_RLAST      |   in|    1|       m_axi|                           gmem_param|       pointer|
|m_axi_gmem_param_0_RID        |   in|    1|       m_axi|                           gmem_param|       pointer|
|m_axi_gmem_param_0_RFIFONUM   |   in|   11|       m_axi|                           gmem_param|       pointer|
|m_axi_gmem_param_0_RUSER      |   in|    1|       m_axi|                           gmem_param|       pointer|
|m_axi_gmem_param_0_RRESP      |   in|    2|       m_axi|                           gmem_param|       pointer|
|m_axi_gmem_param_0_BVALID     |   in|    1|       m_axi|                           gmem_param|       pointer|
|m_axi_gmem_param_0_BREADY     |  out|    1|       m_axi|                           gmem_param|       pointer|
|m_axi_gmem_param_0_BRESP      |   in|    2|       m_axi|                           gmem_param|       pointer|
|m_axi_gmem_param_0_BID        |   in|    1|       m_axi|                           gmem_param|       pointer|
|m_axi_gmem_param_0_BUSER      |   in|    1|       m_axi|                           gmem_param|       pointer|
|B_ptr                         |   in|   64|     ap_none|                                B_ptr|        scalar|
|G_ptr                         |   in|   64|     ap_none|                                G_ptr|        scalar|
|BE_ptr                        |   in|   64|     ap_none|                               BE_ptr|        scalar|
|m_axi_gmem_out_0_AWVALID      |  out|    1|       m_axi|                             gmem_out|       pointer|
|m_axi_gmem_out_0_AWREADY      |   in|    1|       m_axi|                             gmem_out|       pointer|
|m_axi_gmem_out_0_AWADDR       |  out|   64|       m_axi|                             gmem_out|       pointer|
|m_axi_gmem_out_0_AWID         |  out|    1|       m_axi|                             gmem_out|       pointer|
|m_axi_gmem_out_0_AWLEN        |  out|   32|       m_axi|                             gmem_out|       pointer|
|m_axi_gmem_out_0_AWSIZE       |  out|    3|       m_axi|                             gmem_out|       pointer|
|m_axi_gmem_out_0_AWBURST      |  out|    2|       m_axi|                             gmem_out|       pointer|
|m_axi_gmem_out_0_AWLOCK       |  out|    2|       m_axi|                             gmem_out|       pointer|
|m_axi_gmem_out_0_AWCACHE      |  out|    4|       m_axi|                             gmem_out|       pointer|
|m_axi_gmem_out_0_AWPROT       |  out|    3|       m_axi|                             gmem_out|       pointer|
|m_axi_gmem_out_0_AWQOS        |  out|    4|       m_axi|                             gmem_out|       pointer|
|m_axi_gmem_out_0_AWREGION     |  out|    4|       m_axi|                             gmem_out|       pointer|
|m_axi_gmem_out_0_AWUSER       |  out|    1|       m_axi|                             gmem_out|       pointer|
|m_axi_gmem_out_0_WVALID       |  out|    1|       m_axi|                             gmem_out|       pointer|
|m_axi_gmem_out_0_WREADY       |   in|    1|       m_axi|                             gmem_out|       pointer|
|m_axi_gmem_out_0_WDATA        |  out|  256|       m_axi|                             gmem_out|       pointer|
|m_axi_gmem_out_0_WSTRB        |  out|   32|       m_axi|                             gmem_out|       pointer|
|m_axi_gmem_out_0_WLAST        |  out|    1|       m_axi|                             gmem_out|       pointer|
|m_axi_gmem_out_0_WID          |  out|    1|       m_axi|                             gmem_out|       pointer|
|m_axi_gmem_out_0_WUSER        |  out|    1|       m_axi|                             gmem_out|       pointer|
|m_axi_gmem_out_0_ARVALID      |  out|    1|       m_axi|                             gmem_out|       pointer|
|m_axi_gmem_out_0_ARREADY      |   in|    1|       m_axi|                             gmem_out|       pointer|
|m_axi_gmem_out_0_ARADDR       |  out|   64|       m_axi|                             gmem_out|       pointer|
|m_axi_gmem_out_0_ARID         |  out|    1|       m_axi|                             gmem_out|       pointer|
|m_axi_gmem_out_0_ARLEN        |  out|   32|       m_axi|                             gmem_out|       pointer|
|m_axi_gmem_out_0_ARSIZE       |  out|    3|       m_axi|                             gmem_out|       pointer|
|m_axi_gmem_out_0_ARBURST      |  out|    2|       m_axi|                             gmem_out|       pointer|
|m_axi_gmem_out_0_ARLOCK       |  out|    2|       m_axi|                             gmem_out|       pointer|
|m_axi_gmem_out_0_ARCACHE      |  out|    4|       m_axi|                             gmem_out|       pointer|
|m_axi_gmem_out_0_ARPROT       |  out|    3|       m_axi|                             gmem_out|       pointer|
|m_axi_gmem_out_0_ARQOS        |  out|    4|       m_axi|                             gmem_out|       pointer|
|m_axi_gmem_out_0_ARREGION     |  out|    4|       m_axi|                             gmem_out|       pointer|
|m_axi_gmem_out_0_ARUSER       |  out|    1|       m_axi|                             gmem_out|       pointer|
|m_axi_gmem_out_0_RVALID       |   in|    1|       m_axi|                             gmem_out|       pointer|
|m_axi_gmem_out_0_RREADY       |  out|    1|       m_axi|                             gmem_out|       pointer|
|m_axi_gmem_out_0_RDATA        |   in|  256|       m_axi|                             gmem_out|       pointer|
|m_axi_gmem_out_0_RLAST        |   in|    1|       m_axi|                             gmem_out|       pointer|
|m_axi_gmem_out_0_RID          |   in|    1|       m_axi|                             gmem_out|       pointer|
|m_axi_gmem_out_0_RFIFONUM     |   in|    9|       m_axi|                             gmem_out|       pointer|
|m_axi_gmem_out_0_RUSER        |   in|    1|       m_axi|                             gmem_out|       pointer|
|m_axi_gmem_out_0_RRESP        |   in|    2|       m_axi|                             gmem_out|       pointer|
|m_axi_gmem_out_0_BVALID       |   in|    1|       m_axi|                             gmem_out|       pointer|
|m_axi_gmem_out_0_BREADY       |  out|    1|       m_axi|                             gmem_out|       pointer|
|m_axi_gmem_out_0_BRESP        |   in|    2|       m_axi|                             gmem_out|       pointer|
|m_axi_gmem_out_0_BID          |   in|    1|       m_axi|                             gmem_out|       pointer|
|m_axi_gmem_out_0_BUSER        |   in|    1|       m_axi|                             gmem_out|       pointer|
|Y                             |   in|   64|     ap_none|                                    Y|        scalar|
|epsilon                       |   in|   16|     ap_none|                              epsilon|        scalar|
|ho                            |   in|    5|     ap_none|                                   ho|        scalar|
|x_buf_address0                |  out|   11|   ap_memory|                                x_buf|         array|
|x_buf_ce0                     |  out|    1|   ap_memory|                                x_buf|         array|
|x_buf_q0                      |   in|  256|   ap_memory|                                x_buf|         array|
+------------------------------+-----+-----+------------+-------------------------------------+--------------+

