

================================================================
== Vitis HLS Report for 'UpConv_Fused_Row_Pipeline_VITIS_LOOP_142_2_VITIS_LOOP_143_3'
================================================================
* Date:           Fri May  8 13:50:30 2026

* Version:        2024.2 (Build 5238294 on Nov  8 2024)
* Project:        upconv_core_top_ucb3
* Solution:       hls (Vivado IP Flow Target)
* Product family: zynquplus
* Target device:  xczu7ev-ffvc1156-2-e


================================================================
== Performance Estimates
================================================================
+ Timing: 
    * Summary: 
    +--------+---------+----------+------------+
    |  Clock |  Target | Estimated| Uncertainty|
    +--------+---------+----------+------------+
    |ap_clk  |  3.33 ns|  2.433 ns|     0.90 ns|
    +--------+---------+----------+------------+

+ Latency: 
    * Summary: 
    +---------+---------+----------+----------+-----+-----+------------------------------------------------+
    |  Latency (cycles) |  Latency (absolute) |  Interval |                    Pipeline                    |
    |   min   |   max   |    min   |    max   | min | max |                      Type                      |
    +---------+---------+----------+----------+-----+-----+------------------------------------------------+
    |       75|       75|  0.250 us|  0.250 us|   73|   73|  loop auto-rewind stp (delay=0 clock cycles(s))|
    +---------+---------+----------+----------+-----+-----+------------------------------------------------+

    + Detail: 
        * Instance: 
        N/A

        * Loop: 
        +-------------------------------------+---------+---------+----------+-----------+-----------+------+----------+
        |                                     |  Latency (cycles) | Iteration|  Initiation Interval  | Trip |          |
        |              Loop Name              |   min   |   max   |  Latency |  achieved |   target  | Count| Pipelined|
        +-------------------------------------+---------+---------+----------+-----------+-----------+------+----------+
        |- VITIS_LOOP_142_2_VITIS_LOOP_143_3  |       73|       73|         3|          1|          1|    72|       yes|
        +-------------------------------------+---------+---------+----------+-----------+-----------+------+----------+



================================================================
== Utilization Estimates
================================================================
* Summary: 
+-----------------+---------+------+--------+--------+-----+
|       Name      | BRAM_18K|  DSP |   FF   |   LUT  | URAM|
+-----------------+---------+------+--------+--------+-----+
|DSP              |        -|     -|       -|       -|    -|
|Expression       |        -|     -|       0|      92|    -|
|FIFO             |        -|     -|       -|       -|    -|
|Instance         |        -|     -|       -|       -|    -|
|Memory           |        -|     -|       -|       -|    -|
|Multiplexer      |        -|     -|       0|      63|    -|
|Register         |        -|     -|     284|       -|    -|
+-----------------+---------+------+--------+--------+-----+
|Total            |        0|     0|     284|     155|    0|
+-----------------+---------+------+--------+--------+-----+
|Available        |      624|  1728|  460800|  230400|   96|
+-----------------+---------+------+--------+--------+-----+
|Utilization (%)  |        0|     0|      ~0|      ~0|    0|
+-----------------+---------+------+--------+--------+-----+

+ Detail: 
    * Instance: 
    N/A

    * DSP: 
    N/A

    * Memory: 
    N/A

    * FIFO: 
    N/A

    * Expression: 
    +---------------------------+----------+----+---+----+------------+------------+
    |       Variable Name       | Operation| DSP| FF| LUT| Bitwidth P0| Bitwidth P1|
    +---------------------------+----------+----+---+----+------------+------------+
    |add_ln142_1_fu_257_p2      |         +|   0|  0|  14|           7|           1|
    |add_ln142_fu_280_p2        |         +|   0|  0|  12|           4|           1|
    |add_ln143_fu_326_p2        |         +|   0|  0|  12|           4|           1|
    |add_ln146_fu_320_p2        |         +|   0|  0|  14|           7|           7|
    |ap_block_pp0_stage0_11001  |       and|   0|  0|   2|           1|           1|
    |ap_condition_181           |       and|   0|  0|   2|           1|           1|
    |icmp_ln142_fu_251_p2       |      icmp|   0|  0|  14|           7|           7|
    |icmp_ln143_fu_286_p2       |      icmp|   0|  0|  12|           4|           5|
    |select_ln142_1_fu_300_p3   |    select|   0|  0|   4|           1|           4|
    |select_ln142_fu_292_p3     |    select|   0|  0|   4|           1|           1|
    |ap_enable_pp0              |       xor|   0|  0|   2|           1|           2|
    +---------------------------+----------+----+---+----+------------+------------+
    |Total                      |          |   0|  0|  92|          38|          31|
    +---------------------------+----------+----+---+----+------------+------------+

    * Multiplexer: 
    +--------------------------------------+----+-----------+-----+-----------+
    |                 Name                 | LUT| Input Size| Bits| Total Bits|
    +--------------------------------------+----+-----------+-----+-----------+
    |ap_done_int                           |   9|          2|    1|          2|
    |ap_enable_reg_pp0_iter1               |   9|          2|    1|          2|
    |ap_sig_allocacmp_indvar_flatten_load  |   9|          2|    7|         14|
    |ci_w_fu_96                            |   9|          2|    4|          8|
    |gmem_weight_blk_n_R                   |   9|          2|    1|          2|
    |indvar_flatten_fu_104                 |   9|          2|    7|         14|
    |k_fu_100                              |   9|          2|    4|          8|
    +--------------------------------------+----+-----------+-----+-----------+
    |Total                                 |  63|         14|   25|         50|
    +--------------------------------------+----+-----------+-----+-----------+

    * Register: 
    +-------------------------------------------+-----+----+-----+-----------+
    |                    Name                   |  FF | LUT| Bits| Const Bits|
    +-------------------------------------------+-----+----+-----+-----------+
    |add_ln146_reg_387                          |    7|   0|    7|          0|
    |ap_CS_fsm                                  |    1|   0|    1|          0|
    |ap_block_pp0_stage0_subdone_grp0_done_reg  |    1|   0|    1|          0|
    |ap_done_reg                                |    1|   0|    1|          0|
    |ap_enable_reg_pp0_iter1                    |    1|   0|    1|          0|
    |ap_enable_reg_pp0_iter2                    |    1|   0|    1|          0|
    |ap_loop_exit_ready_pp0_iter1_reg           |    1|   0|    1|          0|
    |ci_w_fu_96                                 |    4|   0|    4|          0|
    |gmem_weight_addr_read_reg_392              |  256|   0|  256|          0|
    |indvar_flatten_fu_104                      |    7|   0|    7|          0|
    |k_fu_100                                   |    4|   0|    4|          0|
    +-------------------------------------------+-----+----+-----+-----------+
    |Total                                      |  284|   0|  284|          0|
    +-------------------------------------------+-----+----+-----+-----------+



================================================================
== Interface
================================================================
* Summary: 
+------------------------------+-----+-----+------------+-------------------------------------------------------------+--------------+
|           RTL Ports          | Dir | Bits|  Protocol  |                        Source Object                        |    C Type    |
+------------------------------+-----+-----+------------+-------------------------------------------------------------+--------------+
|ap_clk                        |   in|    1|  ap_ctrl_hs|  UpConv_Fused_Row_Pipeline_VITIS_LOOP_142_2_VITIS_LOOP_143_3|  return value|
|ap_rst                        |   in|    1|  ap_ctrl_hs|  UpConv_Fused_Row_Pipeline_VITIS_LOOP_142_2_VITIS_LOOP_143_3|  return value|
|ap_start                      |   in|    1|  ap_ctrl_hs|  UpConv_Fused_Row_Pipeline_VITIS_LOOP_142_2_VITIS_LOOP_143_3|  return value|
|ap_done                       |  out|    1|  ap_ctrl_hs|  UpConv_Fused_Row_Pipeline_VITIS_LOOP_142_2_VITIS_LOOP_143_3|  return value|
|ap_idle                       |  out|    1|  ap_ctrl_hs|  UpConv_Fused_Row_Pipeline_VITIS_LOOP_142_2_VITIS_LOOP_143_3|  return value|
|ap_ready                      |  out|    1|  ap_ctrl_hs|  UpConv_Fused_Row_Pipeline_VITIS_LOOP_142_2_VITIS_LOOP_143_3|  return value|
|m_axi_gmem_weight_0_AWVALID   |  out|    1|       m_axi|                                                  gmem_weight|       pointer|
|m_axi_gmem_weight_0_AWREADY   |   in|    1|       m_axi|                                                  gmem_weight|       pointer|
|m_axi_gmem_weight_0_AWADDR    |  out|   64|       m_axi|                                                  gmem_weight|       pointer|
|m_axi_gmem_weight_0_AWID      |  out|    1|       m_axi|                                                  gmem_weight|       pointer|
|m_axi_gmem_weight_0_AWLEN     |  out|   32|       m_axi|                                                  gmem_weight|       pointer|
|m_axi_gmem_weight_0_AWSIZE    |  out|    3|       m_axi|                                                  gmem_weight|       pointer|
|m_axi_gmem_weight_0_AWBURST   |  out|    2|       m_axi|                                                  gmem_weight|       pointer|
|m_axi_gmem_weight_0_AWLOCK    |  out|    2|       m_axi|                                                  gmem_weight|       pointer|
|m_axi_gmem_weight_0_AWCACHE   |  out|    4|       m_axi|                                                  gmem_weight|       pointer|
|m_axi_gmem_weight_0_AWPROT    |  out|    3|       m_axi|                                                  gmem_weight|       pointer|
|m_axi_gmem_weight_0_AWQOS     |  out|    4|       m_axi|                                                  gmem_weight|       pointer|
|m_axi_gmem_weight_0_AWREGION  |  out|    4|       m_axi|                                                  gmem_weight|       pointer|
|m_axi_gmem_weight_0_AWUSER    |  out|    1|       m_axi|                                                  gmem_weight|       pointer|
|m_axi_gmem_weight_0_WVALID    |  out|    1|       m_axi|                                                  gmem_weight|       pointer|
|m_axi_gmem_weight_0_WREADY    |   in|    1|       m_axi|                                                  gmem_weight|       pointer|
|m_axi_gmem_weight_0_WDATA     |  out|  256|       m_axi|                                                  gmem_weight|       pointer|
|m_axi_gmem_weight_0_WSTRB     |  out|   32|       m_axi|                                                  gmem_weight|       pointer|
|m_axi_gmem_weight_0_WLAST     |  out|    1|       m_axi|                                                  gmem_weight|       pointer|
|m_axi_gmem_weight_0_WID       |  out|    1|       m_axi|                                                  gmem_weight|       pointer|
|m_axi_gmem_weight_0_WUSER     |  out|    1|       m_axi|                                                  gmem_weight|       pointer|
|m_axi_gmem_weight_0_ARVALID   |  out|    1|       m_axi|                                                  gmem_weight|       pointer|
|m_axi_gmem_weight_0_ARREADY   |   in|    1|       m_axi|                                                  gmem_weight|       pointer|
|m_axi_gmem_weight_0_ARADDR    |  out|   64|       m_axi|                                                  gmem_weight|       pointer|
|m_axi_gmem_weight_0_ARID      |  out|    1|       m_axi|                                                  gmem_weight|       pointer|
|m_axi_gmem_weight_0_ARLEN     |  out|   32|       m_axi|                                                  gmem_weight|       pointer|
|m_axi_gmem_weight_0_ARSIZE    |  out|    3|       m_axi|                                                  gmem_weight|       pointer|
|m_axi_gmem_weight_0_ARBURST   |  out|    2|       m_axi|                                                  gmem_weight|       pointer|
|m_axi_gmem_weight_0_ARLOCK    |  out|    2|       m_axi|                                                  gmem_weight|       pointer|
|m_axi_gmem_weight_0_ARCACHE   |  out|    4|       m_axi|                                                  gmem_weight|       pointer|
|m_axi_gmem_weight_0_ARPROT    |  out|    3|       m_axi|                                                  gmem_weight|       pointer|
|m_axi_gmem_weight_0_ARQOS     |  out|    4|       m_axi|                                                  gmem_weight|       pointer|
|m_axi_gmem_weight_0_ARREGION  |  out|    4|       m_axi|                                                  gmem_weight|       pointer|
|m_axi_gmem_weight_0_ARUSER    |  out|    1|       m_axi|                                                  gmem_weight|       pointer|
|m_axi_gmem_weight_0_RVALID    |   in|    1|       m_axi|                                                  gmem_weight|       pointer|
|m_axi_gmem_weight_0_RREADY    |  out|    1|       m_axi|                                                  gmem_weight|       pointer|
|m_axi_gmem_weight_0_RDATA     |   in|  256|       m_axi|                                                  gmem_weight|       pointer|
|m_axi_gmem_weight_0_RLAST     |   in|    1|       m_axi|                                                  gmem_weight|       pointer|
|m_axi_gmem_weight_0_RID       |   in|    1|       m_axi|                                                  gmem_weight|       pointer|
|m_axi_gmem_weight_0_RFIFONUM  |   in|   11|       m_axi|                                                  gmem_weight|       pointer|
|m_axi_gmem_weight_0_RUSER     |   in|    1|       m_axi|                                                  gmem_weight|       pointer|
|m_axi_gmem_weight_0_RRESP     |   in|    2|       m_axi|                                                  gmem_weight|       pointer|
|m_axi_gmem_weight_0_BVALID    |   in|    1|       m_axi|                                                  gmem_weight|       pointer|
|m_axi_gmem_weight_0_BREADY    |  out|    1|       m_axi|                                                  gmem_weight|       pointer|
|m_axi_gmem_weight_0_BRESP     |   in|    2|       m_axi|                                                  gmem_weight|       pointer|
|m_axi_gmem_weight_0_BID       |   in|    1|       m_axi|                                                  gmem_weight|       pointer|
|m_axi_gmem_weight_0_BUSER     |   in|    1|       m_axi|                                                  gmem_weight|       pointer|
|sext_ln142                    |   in|   59|     ap_none|                                                   sext_ln142|        scalar|
|w_local_7_address0            |  out|    7|   ap_memory|                                                    w_local_7|         array|
|w_local_7_ce0                 |  out|    1|   ap_memory|                                                    w_local_7|         array|
|w_local_7_we0                 |  out|    1|   ap_memory|                                                    w_local_7|         array|
|w_local_7_d0                  |  out|  256|   ap_memory|                                                    w_local_7|         array|
|w_local_6_address0            |  out|    7|   ap_memory|                                                    w_local_6|         array|
|w_local_6_ce0                 |  out|    1|   ap_memory|                                                    w_local_6|         array|
|w_local_6_we0                 |  out|    1|   ap_memory|                                                    w_local_6|         array|
|w_local_6_d0                  |  out|  256|   ap_memory|                                                    w_local_6|         array|
|w_local_5_address0            |  out|    7|   ap_memory|                                                    w_local_5|         array|
|w_local_5_ce0                 |  out|    1|   ap_memory|                                                    w_local_5|         array|
|w_local_5_we0                 |  out|    1|   ap_memory|                                                    w_local_5|         array|
|w_local_5_d0                  |  out|  256|   ap_memory|                                                    w_local_5|         array|
|w_local_4_address0            |  out|    7|   ap_memory|                                                    w_local_4|         array|
|w_local_4_ce0                 |  out|    1|   ap_memory|                                                    w_local_4|         array|
|w_local_4_we0                 |  out|    1|   ap_memory|                                                    w_local_4|         array|
|w_local_4_d0                  |  out|  256|   ap_memory|                                                    w_local_4|         array|
|w_local_3_address0            |  out|    7|   ap_memory|                                                    w_local_3|         array|
|w_local_3_ce0                 |  out|    1|   ap_memory|                                                    w_local_3|         array|
|w_local_3_we0                 |  out|    1|   ap_memory|                                                    w_local_3|         array|
|w_local_3_d0                  |  out|  256|   ap_memory|                                                    w_local_3|         array|
|w_local_2_address0            |  out|    7|   ap_memory|                                                    w_local_2|         array|
|w_local_2_ce0                 |  out|    1|   ap_memory|                                                    w_local_2|         array|
|w_local_2_we0                 |  out|    1|   ap_memory|                                                    w_local_2|         array|
|w_local_2_d0                  |  out|  256|   ap_memory|                                                    w_local_2|         array|
|w_local_1_address0            |  out|    7|   ap_memory|                                                    w_local_1|         array|
|w_local_1_ce0                 |  out|    1|   ap_memory|                                                    w_local_1|         array|
|w_local_1_we0                 |  out|    1|   ap_memory|                                                    w_local_1|         array|
|w_local_1_d0                  |  out|  256|   ap_memory|                                                    w_local_1|         array|
|w_local_address0              |  out|    7|   ap_memory|                                                      w_local|         array|
|w_local_ce0                   |  out|    1|   ap_memory|                                                      w_local|         array|
|w_local_we0                   |  out|    1|   ap_memory|                                                      w_local|         array|
|w_local_d0                    |  out|  256|   ap_memory|                                                      w_local|         array|
|tc                            |   in|    3|     ap_none|                                                           tc|        scalar|
+------------------------------+-----+-----+------------+-------------------------------------------------------------+--------------+

============================================================
+ Verbose Summary: Synthesis Manager
============================================================
InlineROM: 1
ExposeGlobal: 0
============================================================
+ Verbose Summary: CDFG Model
============================================================
IsTopModel: 0
ResetActiveHigh: 1
IsCombinational: 2
IsDatapathOnly: 2
HasWiredReturn: 1
HasMFsm: 2
HasVarLatency: 1
IsPipeline: 0
IsRtlPipelined: 0
IsInstanceOverlapped: 0
IsDontTouch: 0
HasImplIP: 0
IsGatedGlobalClock: 0

+ Individual pipeline summary: 
  * Pipeline-0: initiation interval (II) = 1, depth = 3


============================================================
+ Verbose Summary: Schedule
============================================================
* Number of FSM states : 3
* Pipeline : 1
  Pipeline-0 : II = 1, D = 3, States = { 1 2 3 }
* Dataflow Pipeline: 0

* FSM state transitions: 
1 --> 2 
2 --> 3 
3 --> 

* FSM state operations: 

State 1 <SV = 0> <Delay = 1.62>
ST_1 : Operation 6 [1/1] (0.00ns)   --->   "%ci_w = alloca i32 1" [../gen/Hls_Layers_UpConv.tpp:143]   --->   Operation 6 'alloca' 'ci_w' <Predicate = true> <Delay = 0.00>
ST_1 : Operation 7 [1/1] (0.00ns)   --->   "%k = alloca i32 1" [../gen/Hls_Layers_UpConv.tpp:142]   --->   Operation 7 'alloca' 'k' <Predicate = true> <Delay = 0.00>
ST_1 : Operation 8 [1/1] (0.00ns)   --->   "%indvar_flatten = alloca i32 1"   --->   Operation 8 'alloca' 'indvar_flatten' <Predicate = true> <Delay = 0.00>
ST_1 : Operation 9 [1/1] (0.00ns)   --->   "%tc_read = read i3 @_ssdm_op_Read.ap_auto.i3, i3 %tc"   --->   Operation 9 'read' 'tc_read' <Predicate = true> <Delay = 0.00>
ST_1 : Operation 10 [1/1] (0.00ns)   --->   "%sext_ln142_read = read i59 @_ssdm_op_Read.ap_auto.i59, i59 %sext_ln142"   --->   Operation 10 'read' 'sext_ln142_read' <Predicate = true> <Delay = 0.00>
ST_1 : Operation 11 [1/1] (0.00ns)   --->   "%sext_ln142_cast = sext i59 %sext_ln142_read"   --->   Operation 11 'sext' 'sext_ln142_cast' <Predicate = true> <Delay = 0.00>
ST_1 : Operation 12 [1/1] (0.00ns)   --->   "%specmemcore_ln0 = specmemcore void @_ssdm_op_SpecMemCore, i256 %w_local_7, i64 666, i64 30, i64 18446744073709551615"   --->   Operation 12 'specmemcore' 'specmemcore_ln0' <Predicate = true> <Delay = 0.00>
ST_1 : Operation 13 [1/1] (0.00ns)   --->   "%specmemcore_ln0 = specmemcore void @_ssdm_op_SpecMemCore, i256 %w_local_6, i64 666, i64 30, i64 18446744073709551615"   --->   Operation 13 'specmemcore' 'specmemcore_ln0' <Predicate = true> <Delay = 0.00>
ST_1 : Operation 14 [1/1] (0.00ns)   --->   "%specmemcore_ln0 = specmemcore void @_ssdm_op_SpecMemCore, i256 %w_local_5, i64 666, i64 30, i64 18446744073709551615"   --->   Operation 14 'specmemcore' 'specmemcore_ln0' <Predicate = true> <Delay = 0.00>
ST_1 : Operation 15 [1/1] (0.00ns)   --->   "%specmemcore_ln0 = specmemcore void @_ssdm_op_SpecMemCore, i256 %w_local_4, i64 666, i64 30, i64 18446744073709551615"   --->   Operation 15 'specmemcore' 'specmemcore_ln0' <Predicate = true> <Delay = 0.00>
ST_1 : Operation 16 [1/1] (0.00ns)   --->   "%specmemcore_ln0 = specmemcore void @_ssdm_op_SpecMemCore, i256 %w_local_3, i64 666, i64 30, i64 18446744073709551615"   --->   Operation 16 'specmemcore' 'specmemcore_ln0' <Predicate = true> <Delay = 0.00>
ST_1 : Operation 17 [1/1] (0.00ns)   --->   "%specmemcore_ln0 = specmemcore void @_ssdm_op_SpecMemCore, i256 %w_local_2, i64 666, i64 30, i64 18446744073709551615"   --->   Operation 17 'specmemcore' 'specmemcore_ln0' <Predicate = true> <Delay = 0.00>
ST_1 : Operation 18 [1/1] (0.00ns)   --->   "%specmemcore_ln0 = specmemcore void @_ssdm_op_SpecMemCore, i256 %w_local_1, i64 666, i64 30, i64 18446744073709551615"   --->   Operation 18 'specmemcore' 'specmemcore_ln0' <Predicate = true> <Delay = 0.00>
ST_1 : Operation 19 [1/1] (0.00ns)   --->   "%specmemcore_ln0 = specmemcore void @_ssdm_op_SpecMemCore, i256 %w_local, i64 666, i64 30, i64 18446744073709551615"   --->   Operation 19 'specmemcore' 'specmemcore_ln0' <Predicate = true> <Delay = 0.00>
ST_1 : Operation 20 [1/1] (0.00ns)   --->   "%specinterface_ln0 = specinterface void @_ssdm_op_SpecInterface, i256 %gmem_weight, void @empty_7, i32 0, i32 0, void @empty_21, i32 0, i32 0, void @empty_5, void @empty_19, void @empty_21, i32 16, i32 16, i32 64, i32 16, void @empty_21, void @empty_21, i32 4294967295, i32 0, i32 0"   --->   Operation 20 'specinterface' 'specinterface_ln0' <Predicate = true> <Delay = 0.00>
ST_1 : Operation 21 [1/1] (0.42ns)   --->   "%store_ln0 = store i7 0, i7 %indvar_flatten"   --->   Operation 21 'store' 'store_ln0' <Predicate = true> <Delay = 0.42>
ST_1 : Operation 22 [1/1] (0.42ns)   --->   "%store_ln142 = store i4 0, i4 %k" [../gen/Hls_Layers_UpConv.tpp:142]   --->   Operation 22 'store' 'store_ln142' <Predicate = true> <Delay = 0.42>
ST_1 : Operation 23 [1/1] (0.42ns)   --->   "%store_ln143 = store i4 0, i4 %ci_w" [../gen/Hls_Layers_UpConv.tpp:143]   --->   Operation 23 'store' 'store_ln143' <Predicate = true> <Delay = 0.42>
ST_1 : Operation 24 [1/1] (0.00ns)   --->   "%br_ln142 = br void %for.inc39" [../gen/Hls_Layers_UpConv.tpp:142]   --->   Operation 24 'br' 'br_ln142' <Predicate = true> <Delay = 0.00>
ST_1 : Operation 25 [1/1] (0.00ns)   --->   "%indvar_flatten_load = load i7 %indvar_flatten" [../gen/Hls_Layers_UpConv.tpp:142]   --->   Operation 25 'load' 'indvar_flatten_load' <Predicate = true> <Delay = 0.00>
ST_1 : Operation 26 [1/1] (0.77ns)   --->   "%icmp_ln142 = icmp_eq  i7 %indvar_flatten_load, i7 72" [../gen/Hls_Layers_UpConv.tpp:142]   --->   Operation 26 'icmp' 'icmp_ln142' <Predicate = true> <Delay = 0.77> <CoreInst = "Cmp">   --->   Core 9 'Cmp' <Latency = 0> <II = 1> <Delay = 0.77> <FuncUnit> <Opcode : 'seteq' 'setne' 'setle' 'setge' 'setlt' 'setgt'> <InPorts = 2> <OutPorts = 1>
ST_1 : Operation 27 [1/1] (0.77ns)   --->   "%add_ln142_1 = add i7 %indvar_flatten_load, i7 1" [../gen/Hls_Layers_UpConv.tpp:142]   --->   Operation 27 'add' 'add_ln142_1' <Predicate = true> <Delay = 0.77> <CoreInst = "Adder">   --->   Core 1 'Adder' <Latency = 0> <II = 1> <Delay = 0.77> <FuncUnit> <Opcode : 'add' 'sub'> <InPorts = 2> <OutPorts = 1>
ST_1 : Operation 28 [1/1] (0.00ns)   --->   "%br_ln142 = br i1 %icmp_ln142, void %for.inc42, void %for.inc45.loopexit.exitStub" [../gen/Hls_Layers_UpConv.tpp:142]   --->   Operation 28 'br' 'br_ln142' <Predicate = true> <Delay = 0.00>
ST_1 : Operation 29 [1/1] (0.67ns)   --->   "%switch_ln146 = switch i3 %tc_read, void %arrayidx3812.case.7, i3 0, void %arrayidx3812.case.0, i3 1, void %arrayidx3812.case.1, i3 2, void %arrayidx3812.case.2, i3 3, void %arrayidx3812.case.3, i3 4, void %arrayidx3812.case.4, i3 5, void %arrayidx3812.case.5, i3 6, void %arrayidx3812.case.6" [../gen/Hls_Layers_UpConv.tpp:146]   --->   Operation 29 'switch' 'switch_ln146' <Predicate = (!icmp_ln142)> <Delay = 0.67>
ST_1 : Operation 30 [1/1] (0.42ns)   --->   "%store_ln142 = store i7 %add_ln142_1, i7 %indvar_flatten" [../gen/Hls_Layers_UpConv.tpp:142]   --->   Operation 30 'store' 'store_ln142' <Predicate = (!icmp_ln142)> <Delay = 0.42>

State 2 <SV = 1> <Delay = 2.43>
ST_2 : Operation 31 [1/1] (0.00ns)   --->   "%ci_w_load = load i4 %ci_w" [../gen/Hls_Layers_UpConv.tpp:143]   --->   Operation 31 'load' 'ci_w_load' <Predicate = true> <Delay = 0.00>
ST_2 : Operation 32 [1/1] (0.00ns)   --->   "%k_load = load i4 %k" [../gen/Hls_Layers_UpConv.tpp:142]   --->   Operation 32 'load' 'k_load' <Predicate = true> <Delay = 0.00>
ST_2 : Operation 33 [1/1] (0.00ns)   --->   "%gmem_weight_addr = getelementptr i256 %gmem_weight, i64 %sext_ln142_cast" [../gen/Hls_Layers_UpConv.tpp:142]   --->   Operation 33 'getelementptr' 'gmem_weight_addr' <Predicate = true> <Delay = 0.00>
ST_2 : Operation 34 [1/1] (0.79ns)   --->   "%add_ln142 = add i4 %k_load, i4 1" [../gen/Hls_Layers_UpConv.tpp:142]   --->   Operation 34 'add' 'add_ln142' <Predicate = true> <Delay = 0.79> <CoreInst = "Adder">   --->   Core 1 'Adder' <Latency = 0> <II = 1> <Delay = 0.79> <FuncUnit> <Opcode : 'add' 'sub'> <InPorts = 2> <OutPorts = 1>
ST_2 : Operation 35 [1/1] (0.79ns)   --->   "%icmp_ln143 = icmp_eq  i4 %ci_w_load, i4 8" [../gen/Hls_Layers_UpConv.tpp:143]   --->   Operation 35 'icmp' 'icmp_ln143' <Predicate = true> <Delay = 0.79> <CoreInst = "Cmp">   --->   Core 9 'Cmp' <Latency = 0> <II = 1> <Delay = 0.78> <FuncUnit> <Opcode : 'seteq' 'setne' 'setle' 'setge' 'setlt' 'setgt'> <InPorts = 2> <OutPorts = 1>
ST_2 : Operation 36 [1/1] (0.39ns)   --->   "%select_ln142 = select i1 %icmp_ln143, i4 0, i4 %ci_w_load" [../gen/Hls_Layers_UpConv.tpp:142]   --->   Operation 36 'select' 'select_ln142' <Predicate = true> <Delay = 0.39> <CoreInst = "Sel">   --->   Core 73 'Sel' <Latency = 0> <II = 1> <Delay = 0.39> <FuncUnit> <Opcode : 'select'> <InPorts = 3> <OutPorts = 1>
ST_2 : Operation 37 [1/1] (0.39ns)   --->   "%select_ln142_1 = select i1 %icmp_ln143, i4 %add_ln142, i4 %k_load" [../gen/Hls_Layers_UpConv.tpp:142]   --->   Operation 37 'select' 'select_ln142_1' <Predicate = true> <Delay = 0.39> <CoreInst = "Sel">   --->   Core 73 'Sel' <Latency = 0> <II = 1> <Delay = 0.39> <FuncUnit> <Opcode : 'select'> <InPorts = 3> <OutPorts = 1>
ST_2 : Operation 38 [1/1] (0.00ns)   --->   "%tmp_s = bitconcatenate i7 @_ssdm_op_BitConcatenate.i7.i4.i3, i4 %select_ln142_1, i3 0" [../gen/Hls_Layers_UpConv.tpp:142]   --->   Operation 38 'bitconcatenate' 'tmp_s' <Predicate = true> <Delay = 0.00>
ST_2 : Operation 39 [1/1] (0.00ns)   --->   "%zext_ln143 = zext i4 %select_ln142" [../gen/Hls_Layers_UpConv.tpp:143]   --->   Operation 39 'zext' 'zext_ln143' <Predicate = true> <Delay = 0.00>
ST_2 : Operation 40 [1/1] (0.77ns)   --->   "%add_ln146 = add i7 %zext_ln143, i7 %tmp_s" [../gen/Hls_Layers_UpConv.tpp:146]   --->   Operation 40 'add' 'add_ln146' <Predicate = true> <Delay = 0.77> <CoreInst = "Adder">   --->   Core 1 'Adder' <Latency = 0> <II = 1> <Delay = 0.77> <FuncUnit> <Opcode : 'add' 'sub'> <InPorts = 2> <OutPorts = 1>
ST_2 : Operation 41 [1/1] (2.43ns)   --->   "%gmem_weight_addr_read = read i256 @_ssdm_op_Read.m_axi.p1i256, i64 %gmem_weight_addr" [../gen/Hls_Layers_UpConv.tpp:146]   --->   Operation 41 'read' 'gmem_weight_addr_read' <Predicate = true> <Delay = 2.43> <CoreInst = "m_axi">   --->   Core 119 'm_axi' <Latency = 3> <II = 1> <Delay = 1.00> <Adapter> <Opcode : 'read' 'write' 'readreq' 'writereq' 'writeresp'>
ST_2 : Operation 42 [1/1] (0.79ns)   --->   "%add_ln143 = add i4 %select_ln142, i4 1" [../gen/Hls_Layers_UpConv.tpp:143]   --->   Operation 42 'add' 'add_ln143' <Predicate = true> <Delay = 0.79> <CoreInst = "Adder">   --->   Core 1 'Adder' <Latency = 0> <II = 1> <Delay = 0.79> <FuncUnit> <Opcode : 'add' 'sub'> <InPorts = 2> <OutPorts = 1>
ST_2 : Operation 43 [1/1] (0.42ns)   --->   "%store_ln142 = store i4 %select_ln142_1, i4 %k" [../gen/Hls_Layers_UpConv.tpp:142]   --->   Operation 43 'store' 'store_ln142' <Predicate = true> <Delay = 0.42>
ST_2 : Operation 44 [1/1] (0.42ns)   --->   "%store_ln143 = store i4 %add_ln143, i4 %ci_w" [../gen/Hls_Layers_UpConv.tpp:143]   --->   Operation 44 'store' 'store_ln143' <Predicate = true> <Delay = 0.42>
ST_2 : Operation 45 [1/1] (0.00ns)   --->   "%br_ln143 = br void %for.inc39" [../gen/Hls_Layers_UpConv.tpp:143]   --->   Operation 45 'br' 'br_ln143' <Predicate = true> <Delay = 0.00>
ST_2 : Operation 74 [1/1] (0.42ns)   --->   "%ret_ln0 = ret"   --->   Operation 74 'ret' 'ret_ln0' <Predicate = (icmp_ln142)> <Delay = 0.42>

State 3 <SV = 2> <Delay = 1.23>
ST_3 : Operation 46 [1/1] (0.00ns)   --->   "%specloopname_ln0 = specloopname void @_ssdm_op_SpecLoopName, void @VITIS_LOOP_142_2_VITIS_LOOP_143_3_str"   --->   Operation 46 'specloopname' 'specloopname_ln0' <Predicate = true> <Delay = 0.00>
ST_3 : Operation 47 [1/1] (0.00ns)   --->   "%speclooptripcount_ln0 = speclooptripcount void @_ssdm_op_SpecLoopTripCount, i64 72, i64 72, i64 72"   --->   Operation 47 'speclooptripcount' 'speclooptripcount_ln0' <Predicate = true> <Delay = 0.00>
ST_3 : Operation 48 [1/1] (0.00ns)   --->   "%specpipeline_ln144 = specpipeline void @_ssdm_op_SpecPipeline, i32 1, i32 0, i32 0, i32 0, void @empty_21" [../gen/Hls_Layers_UpConv.tpp:144]   --->   Operation 48 'specpipeline' 'specpipeline_ln144' <Predicate = true> <Delay = 0.00>
ST_3 : Operation 49 [1/1] (0.00ns)   --->   "%zext_ln146 = zext i7 %add_ln146" [../gen/Hls_Layers_UpConv.tpp:146]   --->   Operation 49 'zext' 'zext_ln146' <Predicate = true> <Delay = 0.00>
ST_3 : Operation 50 [1/1] (0.00ns)   --->   "%w_local_addr = getelementptr i256 %w_local, i64 0, i64 %zext_ln146" [../gen/Hls_Layers_UpConv.tpp:146]   --->   Operation 50 'getelementptr' 'w_local_addr' <Predicate = true> <Delay = 0.00>
ST_3 : Operation 51 [1/1] (0.00ns)   --->   "%w_local_1_addr = getelementptr i256 %w_local_1, i64 0, i64 %zext_ln146" [../gen/Hls_Layers_UpConv.tpp:146]   --->   Operation 51 'getelementptr' 'w_local_1_addr' <Predicate = true> <Delay = 0.00>
ST_3 : Operation 52 [1/1] (0.00ns)   --->   "%w_local_2_addr = getelementptr i256 %w_local_2, i64 0, i64 %zext_ln146" [../gen/Hls_Layers_UpConv.tpp:146]   --->   Operation 52 'getelementptr' 'w_local_2_addr' <Predicate = true> <Delay = 0.00>
ST_3 : Operation 53 [1/1] (0.00ns)   --->   "%w_local_3_addr = getelementptr i256 %w_local_3, i64 0, i64 %zext_ln146" [../gen/Hls_Layers_UpConv.tpp:146]   --->   Operation 53 'getelementptr' 'w_local_3_addr' <Predicate = true> <Delay = 0.00>
ST_3 : Operation 54 [1/1] (0.00ns)   --->   "%w_local_4_addr = getelementptr i256 %w_local_4, i64 0, i64 %zext_ln146" [../gen/Hls_Layers_UpConv.tpp:146]   --->   Operation 54 'getelementptr' 'w_local_4_addr' <Predicate = true> <Delay = 0.00>
ST_3 : Operation 55 [1/1] (0.00ns)   --->   "%w_local_5_addr = getelementptr i256 %w_local_5, i64 0, i64 %zext_ln146" [../gen/Hls_Layers_UpConv.tpp:146]   --->   Operation 55 'getelementptr' 'w_local_5_addr' <Predicate = true> <Delay = 0.00>
ST_3 : Operation 56 [1/1] (0.00ns)   --->   "%w_local_6_addr = getelementptr i256 %w_local_6, i64 0, i64 %zext_ln146" [../gen/Hls_Layers_UpConv.tpp:146]   --->   Operation 56 'getelementptr' 'w_local_6_addr' <Predicate = true> <Delay = 0.00>
ST_3 : Operation 57 [1/1] (0.00ns)   --->   "%w_local_7_addr = getelementptr i256 %w_local_7, i64 0, i64 %zext_ln146" [../gen/Hls_Layers_UpConv.tpp:146]   --->   Operation 57 'getelementptr' 'w_local_7_addr' <Predicate = true> <Delay = 0.00>
ST_3 : Operation 58 [1/1] ( I:1.23ns O:1.23ns )   --->   "%store_ln146 = store i256 %gmem_weight_addr_read, i7 %w_local_6_addr" [../gen/Hls_Layers_UpConv.tpp:146]   --->   Operation 58 'store' 'store_ln146' <Predicate = (tc_read == 6)> <Delay = 1.23> <CoreInst = "RAM_T2P_BRAM">   --->   Core 98 'RAM_T2P_BRAM' <Latency = 1> <II = 1> <Delay = 1.23> <Storage> <Opcode : 'load' 'store'> <Ports = 2> <Width = 256> <Depth = 72> <RAM>
ST_3 : Operation 59 [1/1] (0.00ns)   --->   "%br_ln146 = br void %arrayidx3812.exit" [../gen/Hls_Layers_UpConv.tpp:146]   --->   Operation 59 'br' 'br_ln146' <Predicate = (tc_read == 6)> <Delay = 0.00>
ST_3 : Operation 60 [1/1] ( I:1.23ns O:1.23ns )   --->   "%store_ln146 = store i256 %gmem_weight_addr_read, i7 %w_local_5_addr" [../gen/Hls_Layers_UpConv.tpp:146]   --->   Operation 60 'store' 'store_ln146' <Predicate = (tc_read == 5)> <Delay = 1.23> <CoreInst = "RAM_T2P_BRAM">   --->   Core 98 'RAM_T2P_BRAM' <Latency = 1> <II = 1> <Delay = 1.23> <Storage> <Opcode : 'load' 'store'> <Ports = 2> <Width = 256> <Depth = 72> <RAM>
ST_3 : Operation 61 [1/1] (0.00ns)   --->   "%br_ln146 = br void %arrayidx3812.exit" [../gen/Hls_Layers_UpConv.tpp:146]   --->   Operation 61 'br' 'br_ln146' <Predicate = (tc_read == 5)> <Delay = 0.00>
ST_3 : Operation 62 [1/1] ( I:1.23ns O:1.23ns )   --->   "%store_ln146 = store i256 %gmem_weight_addr_read, i7 %w_local_4_addr" [../gen/Hls_Layers_UpConv.tpp:146]   --->   Operation 62 'store' 'store_ln146' <Predicate = (tc_read == 4)> <Delay = 1.23> <CoreInst = "RAM_T2P_BRAM">   --->   Core 98 'RAM_T2P_BRAM' <Latency = 1> <II = 1> <Delay = 1.23> <Storage> <Opcode : 'load' 'store'> <Ports = 2> <Width = 256> <Depth = 72> <RAM>
ST_3 : Operation 63 [1/1] (0.00ns)   --->   "%br_ln146 = br void %arrayidx3812.exit" [../gen/Hls_Layers_UpConv.tpp:146]   --->   Operation 63 'br' 'br_ln146' <Predicate = (tc_read == 4)> <Delay = 0.00>
ST_3 : Operation 64 [1/1] ( I:1.23ns O:1.23ns )   --->   "%store_ln146 = store i256 %gmem_weight_addr_read, i7 %w_local_3_addr" [../gen/Hls_Layers_UpConv.tpp:146]   --->   Operation 64 'store' 'store_ln146' <Predicate = (tc_read == 3)> <Delay = 1.23> <CoreInst = "RAM_T2P_BRAM">   --->   Core 98 'RAM_T2P_BRAM' <Latency = 1> <II = 1> <Delay = 1.23> <Storage> <Opcode : 'load' 'store'> <Ports = 2> <Width = 256> <Depth = 72> <RAM>
ST_3 : Operation 65 [1/1] (0.00ns)   --->   "%br_ln146 = br void %arrayidx3812.exit" [../gen/Hls_Layers_UpConv.tpp:146]   --->   Operation 65 'br' 'br_ln146' <Predicate = (tc_read == 3)> <Delay = 0.00>
ST_3 : Operation 66 [1/1] ( I:1.23ns O:1.23ns )   --->   "%store_ln146 = store i256 %gmem_weight_addr_read, i7 %w_local_2_addr" [../gen/Hls_Layers_UpConv.tpp:146]   --->   Operation 66 'store' 'store_ln146' <Predicate = (tc_read == 2)> <Delay = 1.23> <CoreInst = "RAM_T2P_BRAM">   --->   Core 98 'RAM_T2P_BRAM' <Latency = 1> <II = 1> <Delay = 1.23> <Storage> <Opcode : 'load' 'store'> <Ports = 2> <Width = 256> <Depth = 72> <RAM>
ST_3 : Operation 67 [1/1] (0.00ns)   --->   "%br_ln146 = br void %arrayidx3812.exit" [../gen/Hls_Layers_UpConv.tpp:146]   --->   Operation 67 'br' 'br_ln146' <Predicate = (tc_read == 2)> <Delay = 0.00>
ST_3 : Operation 68 [1/1] ( I:1.23ns O:1.23ns )   --->   "%store_ln146 = store i256 %gmem_weight_addr_read, i7 %w_local_1_addr" [../gen/Hls_Layers_UpConv.tpp:146]   --->   Operation 68 'store' 'store_ln146' <Predicate = (tc_read == 1)> <Delay = 1.23> <CoreInst = "RAM_T2P_BRAM">   --->   Core 98 'RAM_T2P_BRAM' <Latency = 1> <II = 1> <Delay = 1.23> <Storage> <Opcode : 'load' 'store'> <Ports = 2> <Width = 256> <Depth = 72> <RAM>
ST_3 : Operation 69 [1/1] (0.00ns)   --->   "%br_ln146 = br void %arrayidx3812.exit" [../gen/Hls_Layers_UpConv.tpp:146]   --->   Operation 69 'br' 'br_ln146' <Predicate = (tc_read == 1)> <Delay = 0.00>
ST_3 : Operation 70 [1/1] ( I:1.23ns O:1.23ns )   --->   "%store_ln146 = store i256 %gmem_weight_addr_read, i7 %w_local_addr" [../gen/Hls_Layers_UpConv.tpp:146]   --->   Operation 70 'store' 'store_ln146' <Predicate = (tc_read == 0)> <Delay = 1.23> <CoreInst = "RAM_T2P_BRAM">   --->   Core 98 'RAM_T2P_BRAM' <Latency = 1> <II = 1> <Delay = 1.23> <Storage> <Opcode : 'load' 'store'> <Ports = 2> <Width = 256> <Depth = 72> <RAM>
ST_3 : Operation 71 [1/1] (0.00ns)   --->   "%br_ln146 = br void %arrayidx3812.exit" [../gen/Hls_Layers_UpConv.tpp:146]   --->   Operation 71 'br' 'br_ln146' <Predicate = (tc_read == 0)> <Delay = 0.00>
ST_3 : Operation 72 [1/1] ( I:1.23ns O:1.23ns )   --->   "%store_ln146 = store i256 %gmem_weight_addr_read, i7 %w_local_7_addr" [../gen/Hls_Layers_UpConv.tpp:146]   --->   Operation 72 'store' 'store_ln146' <Predicate = (tc_read == 7)> <Delay = 1.23> <CoreInst = "RAM_T2P_BRAM">   --->   Core 98 'RAM_T2P_BRAM' <Latency = 1> <II = 1> <Delay = 1.23> <Storage> <Opcode : 'load' 'store'> <Ports = 2> <Width = 256> <Depth = 72> <RAM>
ST_3 : Operation 73 [1/1] (0.00ns)   --->   "%br_ln146 = br void %arrayidx3812.exit" [../gen/Hls_Layers_UpConv.tpp:146]   --->   Operation 73 'br' 'br_ln146' <Predicate = (tc_read == 7)> <Delay = 0.00>


============================================================
+ Verbose Summary: Binding
============================================================
STG Binding: 
---------------- STG Properties BEGIN ----------------
- Is combinational: 0
- Is one-state seq: 0
- Is datapath-only: 0
- Is pipelined: 0
- Is top level: 0
Port [ Return ] is wired: 1; IO mode=ap_ctrl_hs:ce=0
Port [ gmem_weight]:  wired=1; compound=1; hidden=0; nouse=0; global=0; static=0; extern=0; dir=0; type=4; pingpong=0; private_global=0; IO mode=m_axi:ce=0
Port [ sext_ln142]:  wired=1; compound=0; hidden=0; nouse=0; global=0; static=0; extern=0; dir=0; type=0; pingpong=0; private_global=0; IO mode=ap_none:ce=0
Port [ w_local_7]:  wired=1; compound=1; hidden=0; nouse=0; global=0; static=0; extern=0; dir=1; type=1; pingpong=0; private_global=0; MemPort=[03]; IO mode=ap_memory:ce=0
Port [ w_local_6]:  wired=1; compound=1; hidden=0; nouse=0; global=0; static=0; extern=0; dir=1; type=1; pingpong=0; private_global=0; MemPort=[03]; IO mode=ap_memory:ce=0
Port [ w_local_5]:  wired=1; compound=1; hidden=0; nouse=0; global=0; static=0; extern=0; dir=1; type=1; pingpong=0; private_global=0; MemPort=[03]; IO mode=ap_memory:ce=0
Port [ w_local_4]:  wired=1; compound=1; hidden=0; nouse=0; global=0; static=0; extern=0; dir=1; type=1; pingpong=0; private_global=0; MemPort=[03]; IO mode=ap_memory:ce=0
Port [ w_local_3]:  wired=1; compound=1; hidden=0; nouse=0; global=0; static=0; extern=0; dir=1; type=1; pingpong=0; private_global=0; MemPort=[03]; IO mode=ap_memory:ce=0
Port [ w_local_2]:  wired=1; compound=1; hidden=0; nouse=0; global=0; static=0; extern=0; dir=1; type=1; pingpong=0; private_global=0; MemPort=[03]; IO mode=ap_memory:ce=0
Port [ w_local_1]:  wired=1; compound=1; hidden=0; nouse=0; global=0; static=0; extern=0; dir=1; type=1; pingpong=0; private_global=0; MemPort=[03]; IO mode=ap_memory:ce=0
Port [ w_local]:  wired=1; compound=1; hidden=0; nouse=0; global=0; static=0; extern=0; dir=1; type=1; pingpong=0; private_global=0; MemPort=[03]; IO mode=ap_memory:ce=0
Port [ tc]:  wired=1; compound=0; hidden=0; nouse=0; global=0; static=0; extern=0; dir=0; type=0; pingpong=0; private_global=0; IO mode=ap_none:ce=0
---------------- STG Properties END ------------------

---------------- Datapath Model BEGIN ----------------

<LifeTime>
<method=bitvector/>
ci_w                  (alloca           ) [ 0110]
k                     (alloca           ) [ 0110]
indvar_flatten        (alloca           ) [ 0100]
tc_read               (read             ) [ 0111]
sext_ln142_read       (read             ) [ 0000]
sext_ln142_cast       (sext             ) [ 0110]
specmemcore_ln0       (specmemcore      ) [ 0000]
specmemcore_ln0       (specmemcore      ) [ 0000]
specmemcore_ln0       (specmemcore      ) [ 0000]
specmemcore_ln0       (specmemcore      ) [ 0000]
specmemcore_ln0       (specmemcore      ) [ 0000]
specmemcore_ln0       (specmemcore      ) [ 0000]
specmemcore_ln0       (specmemcore      ) [ 0000]
specmemcore_ln0       (specmemcore      ) [ 0000]
specinterface_ln0     (specinterface    ) [ 0000]
store_ln0             (store            ) [ 0000]
store_ln142           (store            ) [ 0000]
store_ln143           (store            ) [ 0000]
br_ln142              (br               ) [ 0000]
indvar_flatten_load   (load             ) [ 0000]
icmp_ln142            (icmp             ) [ 0110]
add_ln142_1           (add              ) [ 0000]
br_ln142              (br               ) [ 0000]
switch_ln146          (switch           ) [ 0000]
store_ln142           (store            ) [ 0000]
ci_w_load             (load             ) [ 0000]
k_load                (load             ) [ 0000]
gmem_weight_addr      (getelementptr    ) [ 0000]
add_ln142             (add              ) [ 0000]
icmp_ln143            (icmp             ) [ 0000]
select_ln142          (select           ) [ 0000]
select_ln142_1        (select           ) [ 0000]
tmp_s                 (bitconcatenate   ) [ 0000]
zext_ln143            (zext             ) [ 0000]
add_ln146             (add              ) [ 0101]
gmem_weight_addr_read (read             ) [ 0101]
add_ln143             (add              ) [ 0000]
store_ln142           (store            ) [ 0000]
store_ln143           (store            ) [ 0000]
br_ln143              (br               ) [ 0000]
specloopname_ln0      (specloopname     ) [ 0000]
speclooptripcount_ln0 (speclooptripcount) [ 0000]
specpipeline_ln144    (specpipeline     ) [ 0000]
zext_ln146            (zext             ) [ 0000]
w_local_addr          (getelementptr    ) [ 0000]
w_local_1_addr        (getelementptr    ) [ 0000]
w_local_2_addr        (getelementptr    ) [ 0000]
w_local_3_addr        (getelementptr    ) [ 0000]
w_local_4_addr        (getelementptr    ) [ 0000]
w_local_5_addr        (getelementptr    ) [ 0000]
w_local_6_addr        (getelementptr    ) [ 0000]
w_local_7_addr        (getelementptr    ) [ 0000]
store_ln146           (store            ) [ 0000]
br_ln146              (br               ) [ 0000]
store_ln146           (store            ) [ 0000]
br_ln146              (br               ) [ 0000]
store_ln146           (store            ) [ 0000]
br_ln146              (br               ) [ 0000]
store_ln146           (store            ) [ 0000]
br_ln146              (br               ) [ 0000]
store_ln146           (store            ) [ 0000]
br_ln146              (br               ) [ 0000]
store_ln146           (store            ) [ 0000]
br_ln146              (br               ) [ 0000]
store_ln146           (store            ) [ 0000]
br_ln146              (br               ) [ 0000]
store_ln146           (store            ) [ 0000]
br_ln146              (br               ) [ 0000]
ret_ln0               (ret              ) [ 0000]
</LifeTime>

<model>

<comp_list>
<comp id="0" class="1000" name="gmem_weight">
<pin_list>
<pin id="1" dir="1" index="0" bw="1" slack="0"/>
</pin_list>
<bind>
<StgValue><ssdm name="gmem_weight"/><MemPortTyVec>0 </MemPortTyVec>
</StgValue>
</bind>
</comp>

<comp id="2" class="1000" name="sext_ln142">
<pin_list>
<pin id="3" dir="1" index="0" bw="1" slack="0"/>
</pin_list>
<bind>
<StgValue><ssdm name="sext_ln142"/></StgValue>
</bind>
</comp>

<comp id="4" class="1000" name="w_local_7">
<pin_list>
<pin id="5" dir="1" index="0" bw="1" slack="0"/>
</pin_list>
<bind>
<StgValue><ssdm name="w_local_7"/><MemPortTyVec>0 3 </MemPortTyVec>
</StgValue>
</bind>
</comp>

<comp id="6" class="1000" name="w_local_6">
<pin_list>
<pin id="7" dir="1" index="0" bw="1" slack="0"/>
</pin_list>
<bind>
<StgValue><ssdm name="w_local_6"/><MemPortTyVec>0 3 </MemPortTyVec>
</StgValue>
</bind>
</comp>

<comp id="8" class="1000" name="w_local_5">
<pin_list>
<pin id="9" dir="1" index="0" bw="1" slack="0"/>
</pin_list>
<bind>
<StgValue><ssdm name="w_local_5"/><MemPortTyVec>0 3 </MemPortTyVec>
</StgValue>
</bind>
</comp>

<comp id="10" class="1000" name="w_local_4">
<pin_list>
<pin id="11" dir="1" index="0" bw="1" slack="0"/>
</pin_list>
<bind>
<StgValue><ssdm name="w_local_4"/><MemPortTyVec>0 3 </MemPortTyVec>
</StgValue>
</bind>
</comp>

<comp id="12" class="1000" name="w_local_3">
<pin_list>
<pin id="13" dir="1" index="0" bw="1" slack="0"/>
</pin_list>
<bind>
<StgValue><ssdm name="w_local_3"/><MemPortTyVec>0 3 </MemPortTyVec>
</StgValue>
</bind>
</comp>

<comp id="14" class="1000" name="w_local_2">
<pin_list>
<pin id="15" dir="1" index="0" bw="1" slack="0"/>
</pin_list>
<bind>
<StgValue><ssdm name="w_local_2"/><MemPortTyVec>0 3 </MemPortTyVec>
</StgValue>
</bind>
</comp>

<comp id="16" class="1000" name="w_local_1">
<pin_list>
<pin id="17" dir="1" index="0" bw="1" slack="0"/>
</pin_list>
<bind>
<StgValue><ssdm name="w_local_1"/><MemPortTyVec>0 3 </MemPortTyVec>
</StgValue>
</bind>
</comp>

<comp id="18" class="1000" name="w_local">
<pin_list>
<pin id="19" dir="1" index="0" bw="1" slack="0"/>
</pin_list>
<bind>
<StgValue><ssdm name="w_local"/><MemPortTyVec>0 3 </MemPortTyVec>
</StgValue>
</bind>
</comp>

<comp id="20" class="1000" name="tc">
<pin_list>
<pin id="21" dir="1" index="0" bw="1" slack="0"/>
</pin_list>
<bind>
<StgValue><ssdm name="tc"/></StgValue>
</bind>
</comp>

<comp id="22" class="1001" name="const_22">
<pin_list>
<pin id="23" dir="1" index="0" bw="1" slack="0"/>
</pin_list>
<bind>
<StgValue><ssdm name=""/></StgValue>
</bind>
</comp>

<comp id="24" class="1001" name="const_24">
<pin_list>
<pin id="25" dir="1" index="0" bw="1" slack="0"/>
</pin_list>
<bind>
<StgValue><ssdm name="_ssdm_op_Read.ap_auto.i3"/></StgValue>
</bind>
</comp>

<comp id="26" class="1001" name="const_26">
<pin_list>
<pin id="27" dir="1" index="0" bw="1" slack="0"/>
</pin_list>
<bind>
<StgValue><ssdm name="_ssdm_op_Read.ap_auto.i59"/></StgValue>
</bind>
</comp>

<comp id="28" class="1001" name="const_28">
<pin_list>
<pin id="29" dir="1" index="0" bw="1" slack="2147483647"/>
</pin_list>
<bind>
<StgValue><ssdm name="_ssdm_op_SpecMemCore"/></StgValue>
</bind>
</comp>

<comp id="30" class="1001" name="const_30">
<pin_list>
<pin id="31" dir="1" index="0" bw="1" slack="2147483647"/>
</pin_list>
<bind>
<StgValue><ssdm name=""/></StgValue>
</bind>
</comp>

<comp id="32" class="1001" name="const_32">
<pin_list>
<pin id="33" dir="1" index="0" bw="1" slack="2147483647"/>
</pin_list>
<bind>
<StgValue><ssdm name=""/></StgValue>
</bind>
</comp>

<comp id="34" class="1001" name="const_34">
<pin_list>
<pin id="35" dir="1" index="0" bw="1" slack="2147483647"/>
</pin_list>
<bind>
<StgValue><ssdm name=""/></StgValue>
</bind>
</comp>

<comp id="36" class="1001" name="const_36">
<pin_list>
<pin id="37" dir="1" index="0" bw="1" slack="2147483647"/>
</pin_list>
<bind>
<StgValue><ssdm name="_ssdm_op_SpecInterface"/></StgValue>
</bind>
</comp>

<comp id="38" class="1001" name="const_38">
<pin_list>
<pin id="39" dir="1" index="0" bw="1" slack="2147483647"/>
</pin_list>
<bind>
<StgValue><ssdm name="empty_7"/></StgValue>
</bind>
</comp>

<comp id="40" class="1001" name="const_40">
<pin_list>
<pin id="41" dir="1" index="0" bw="1" slack="2147483647"/>
</pin_list>
<bind>
<StgValue><ssdm name=""/></StgValue>
</bind>
</comp>

<comp id="42" class="1001" name="const_42">
<pin_list>
<pin id="43" dir="1" index="0" bw="1" slack="2147483647"/>
</pin_list>
<bind>
<StgValue><ssdm name="empty_21"/></StgValue>
</bind>
</comp>

<comp id="44" class="1001" name="const_44">
<pin_list>
<pin id="45" dir="1" index="0" bw="1" slack="2147483647"/>
</pin_list>
<bind>
<StgValue><ssdm name="empty_5"/></StgValue>
</bind>
</comp>

<comp id="46" class="1001" name="const_46">
<pin_list>
<pin id="47" dir="1" index="0" bw="1" slack="2147483647"/>
</pin_list>
<bind>
<StgValue><ssdm name="empty_19"/></StgValue>
</bind>
</comp>

<comp id="48" class="1001" name="const_48">
<pin_list>
<pin id="49" dir="1" index="0" bw="1" slack="2147483647"/>
</pin_list>
<bind>
<StgValue><ssdm name=""/></StgValue>
</bind>
</comp>

<comp id="50" class="1001" name="const_50">
<pin_list>
<pin id="51" dir="1" index="0" bw="1" slack="2147483647"/>
</pin_list>
<bind>
<StgValue><ssdm name=""/></StgValue>
</bind>
</comp>

<comp id="52" class="1001" name="const_52">
<pin_list>
<pin id="53" dir="1" index="0" bw="1" slack="2147483647"/>
</pin_list>
<bind>
<StgValue><ssdm name=""/></StgValue>
</bind>
</comp>

<comp id="54" class="1001" name="const_54">
<pin_list>
<pin id="55" dir="1" index="0" bw="1" slack="0"/>
</pin_list>
<bind>
<StgValue><ssdm name=""/></StgValue>
</bind>
</comp>

<comp id="56" class="1001" name="const_56">
<pin_list>
<pin id="57" dir="1" index="0" bw="1" slack="0"/>
</pin_list>
<bind>
<StgValue><ssdm name=""/></StgValue>
</bind>
</comp>

<comp id="58" class="1001" name="const_58">
<pin_list>
<pin id="59" dir="1" index="0" bw="1" slack="0"/>
</pin_list>
<bind>
<StgValue><ssdm name=""/></StgValue>
</bind>
</comp>

<comp id="60" class="1001" name="const_60">
<pin_list>
<pin id="61" dir="1" index="0" bw="1" slack="0"/>
</pin_list>
<bind>
<StgValue><ssdm name=""/></StgValue>
</bind>
</comp>

<comp id="62" class="1001" name="const_62">
<pin_list>
<pin id="63" dir="1" index="0" bw="1" slack="0"/>
</pin_list>
<bind>
<StgValue><ssdm name=""/></StgValue>
</bind>
</comp>

<comp id="64" class="1001" name="const_64">
<pin_list>
<pin id="65" dir="1" index="0" bw="1" slack="2147483647"/>
</pin_list>
<bind>
<StgValue><ssdm name=""/></StgValue>
</bind>
</comp>

<comp id="66" class="1001" name="const_66">
<pin_list>
<pin id="67" dir="1" index="0" bw="1" slack="2147483647"/>
</pin_list>
<bind>
<StgValue><ssdm name=""/></StgValue>
</bind>
</comp>

<comp id="68" class="1001" name="const_68">
<pin_list>
<pin id="69" dir="1" index="0" bw="1" slack="2147483647"/>
</pin_list>
<bind>
<StgValue><ssdm name=""/></StgValue>
</bind>
</comp>

<comp id="70" class="1001" name="const_70">
<pin_list>
<pin id="71" dir="1" index="0" bw="1" slack="2147483647"/>
</pin_list>
<bind>
<StgValue><ssdm name=""/></StgValue>
</bind>
</comp>

<comp id="72" class="1001" name="const_72">
<pin_list>
<pin id="73" dir="1" index="0" bw="1" slack="2147483647"/>
</pin_list>
<bind>
<StgValue><ssdm name=""/></StgValue>
</bind>
</comp>

<comp id="74" class="1001" name="const_74">
<pin_list>
<pin id="75" dir="1" index="0" bw="1" slack="2147483647"/>
</pin_list>
<bind>
<StgValue><ssdm name=""/></StgValue>
</bind>
</comp>

<comp id="76" class="1001" name="const_76">
<pin_list>
<pin id="77" dir="1" index="0" bw="1" slack="0"/>
</pin_list>
<bind>
<StgValue><ssdm name=""/></StgValue>
</bind>
</comp>

<comp id="78" class="1001" name="const_78">
<pin_list>
<pin id="79" dir="1" index="0" bw="1" slack="0"/>
</pin_list>
<bind>
<StgValue><ssdm name=""/></StgValue>
</bind>
</comp>

<comp id="80" class="1001" name="const_80">
<pin_list>
<pin id="81" dir="1" index="0" bw="1" slack="0"/>
</pin_list>
<bind>
<StgValue><ssdm name="_ssdm_op_BitConcatenate.i7.i4.i3"/></StgValue>
</bind>
</comp>

<comp id="82" class="1001" name="const_82">
<pin_list>
<pin id="83" dir="1" index="0" bw="1" slack="0"/>
</pin_list>
<bind>
<StgValue><ssdm name="_ssdm_op_Read.m_axi.p1i256"/></StgValue>
</bind>
</comp>

<comp id="84" class="1001" name="const_84">
<pin_list>
<pin id="85" dir="1" index="0" bw="1" slack="2147483647"/>
</pin_list>
<bind>
<StgValue><ssdm name="_ssdm_op_SpecLoopName"/></StgValue>
</bind>
</comp>

<comp id="86" class="1001" name="const_86">
<pin_list>
<pin id="87" dir="1" index="0" bw="1" slack="2147483647"/>
</pin_list>
<bind>
<StgValue><ssdm name="VITIS_LOOP_142_2_VITIS_LOOP_143_3_str"/></StgValue>
</bind>
</comp>

<comp id="88" class="1001" name="const_88">
<pin_list>
<pin id="89" dir="1" index="0" bw="1" slack="2147483647"/>
</pin_list>
<bind>
<StgValue><ssdm name="_ssdm_op_SpecLoopTripCount"/></StgValue>
</bind>
</comp>

<comp id="90" class="1001" name="const_90">
<pin_list>
<pin id="91" dir="1" index="0" bw="1" slack="2147483647"/>
</pin_list>
<bind>
<StgValue><ssdm name=""/></StgValue>
</bind>
</comp>

<comp id="92" class="1001" name="const_92">
<pin_list>
<pin id="93" dir="1" index="0" bw="1" slack="2147483647"/>
</pin_list>
<bind>
<StgValue><ssdm name="_ssdm_op_SpecPipeline"/></StgValue>
</bind>
</comp>

<comp id="94" class="1001" name="const_94">
<pin_list>
<pin id="95" dir="1" index="0" bw="1" slack="0"/>
</pin_list>
<bind>
<StgValue><ssdm name=""/></StgValue>
</bind>
</comp>

<comp id="96" class="1004" name="ci_w_fu_96">
<pin_list>
<pin id="97" dir="0" index="0" bw="1" slack="0"/>
<pin id="98" dir="1" index="1" bw="4" slack="0"/>
</pin_list>
<bind>
<opcode="alloca(26) " fcode="alloca"/>
<opset="ci_w/1 "/>
</bind>
</comp>

<comp id="100" class="1004" name="k_fu_100">
<pin_list>
<pin id="101" dir="0" index="0" bw="1" slack="0"/>
<pin id="102" dir="1" index="1" bw="4" slack="0"/>
</pin_list>
<bind>
<opcode="alloca(26) " fcode="alloca"/>
<opset="k/1 "/>
</bind>
</comp>

<comp id="104" class="1004" name="indvar_flatten_fu_104">
<pin_list>
<pin id="105" dir="0" index="0" bw="1" slack="0"/>
<pin id="106" dir="1" index="1" bw="7" slack="0"/>
</pin_list>
<bind>
<opcode="alloca(26) " fcode="alloca"/>
<opset="indvar_flatten/1 "/>
</bind>
</comp>

<comp id="108" class="1004" name="tc_read_read_fu_108">
<pin_list>
<pin id="109" dir="0" index="0" bw="3" slack="0"/>
<pin id="110" dir="0" index="1" bw="3" slack="0"/>
<pin id="111" dir="1" index="2" bw="3" slack="2"/>
</pin_list>
<bind>
<opcode="read(1150) " fcode="read"/>
<opset="tc_read/1 "/>
</bind>
</comp>

<comp id="114" class="1004" name="sext_ln142_read_read_fu_114">
<pin_list>
<pin id="115" dir="0" index="0" bw="59" slack="0"/>
<pin id="116" dir="0" index="1" bw="59" slack="0"/>
<pin id="117" dir="1" index="2" bw="59" slack="0"/>
</pin_list>
<bind>
<opcode="read(1150) " fcode="read"/>
<opset="sext_ln142_read/1 "/>
</bind>
</comp>

<comp id="120" class="1004" name="gmem_weight_addr_read_read_fu_120">
<pin_list>
<pin id="121" dir="0" index="0" bw="256" slack="0"/>
<pin id="122" dir="0" index="1" bw="256" slack="0"/>
<pin id="123" dir="1" index="2" bw="256" slack="1"/>
</pin_list>
<bind>
<opcode="read(1150) " fcode="read"/>
<opset="gmem_weight_addr_read/2 "/>
</bind>
</comp>

<comp id="125" class="1004" name="w_local_addr_gep_fu_125">
<pin_list>
<pin id="126" dir="0" index="0" bw="256" slack="0"/>
<pin id="127" dir="0" index="1" bw="1" slack="0"/>
<pin id="128" dir="0" index="2" bw="7" slack="0"/>
<pin id="129" dir="1" index="3" bw="7" slack="0"/>
</pin_list>
<bind>
<opcode="getelementptr(29) " fcode="getelementptr"/>
<opset="w_local_addr/3 "/>
</bind>
</comp>

<comp id="132" class="1004" name="w_local_1_addr_gep_fu_132">
<pin_list>
<pin id="133" dir="0" index="0" bw="256" slack="0"/>
<pin id="134" dir="0" index="1" bw="1" slack="0"/>
<pin id="135" dir="0" index="2" bw="7" slack="0"/>
<pin id="136" dir="1" index="3" bw="7" slack="0"/>
</pin_list>
<bind>
<opcode="getelementptr(29) " fcode="getelementptr"/>
<opset="w_local_1_addr/3 "/>
</bind>
</comp>

<comp id="139" class="1004" name="w_local_2_addr_gep_fu_139">
<pin_list>
<pin id="140" dir="0" index="0" bw="256" slack="0"/>
<pin id="141" dir="0" index="1" bw="1" slack="0"/>
<pin id="142" dir="0" index="2" bw="7" slack="0"/>
<pin id="143" dir="1" index="3" bw="7" slack="0"/>
</pin_list>
<bind>
<opcode="getelementptr(29) " fcode="getelementptr"/>
<opset="w_local_2_addr/3 "/>
</bind>
</comp>

<comp id="146" class="1004" name="w_local_3_addr_gep_fu_146">
<pin_list>
<pin id="147" dir="0" index="0" bw="256" slack="0"/>
<pin id="148" dir="0" index="1" bw="1" slack="0"/>
<pin id="149" dir="0" index="2" bw="7" slack="0"/>
<pin id="150" dir="1" index="3" bw="7" slack="0"/>
</pin_list>
<bind>
<opcode="getelementptr(29) " fcode="getelementptr"/>
<opset="w_local_3_addr/3 "/>
</bind>
</comp>

<comp id="153" class="1004" name="w_local_4_addr_gep_fu_153">
<pin_list>
<pin id="154" dir="0" index="0" bw="256" slack="0"/>
<pin id="155" dir="0" index="1" bw="1" slack="0"/>
<pin id="156" dir="0" index="2" bw="7" slack="0"/>
<pin id="157" dir="1" index="3" bw="7" slack="0"/>
</pin_list>
<bind>
<opcode="getelementptr(29) " fcode="getelementptr"/>
<opset="w_local_4_addr/3 "/>
</bind>
</comp>

<comp id="160" class="1004" name="w_local_5_addr_gep_fu_160">
<pin_list>
<pin id="161" dir="0" index="0" bw="256" slack="0"/>
<pin id="162" dir="0" index="1" bw="1" slack="0"/>
<pin id="163" dir="0" index="2" bw="7" slack="0"/>
<pin id="164" dir="1" index="3" bw="7" slack="0"/>
</pin_list>
<bind>
<opcode="getelementptr(29) " fcode="getelementptr"/>
<opset="w_local_5_addr/3 "/>
</bind>
</comp>

<comp id="167" class="1004" name="w_local_6_addr_gep_fu_167">
<pin_list>
<pin id="168" dir="0" index="0" bw="256" slack="0"/>
<pin id="169" dir="0" index="1" bw="1" slack="0"/>
<pin id="170" dir="0" index="2" bw="7" slack="0"/>
<pin id="171" dir="1" index="3" bw="7" slack="0"/>
</pin_list>
<bind>
<opcode="getelementptr(29) " fcode="getelementptr"/>
<opset="w_local_6_addr/3 "/>
</bind>
</comp>

<comp id="174" class="1004" name="w_local_7_addr_gep_fu_174">
<pin_list>
<pin id="175" dir="0" index="0" bw="256" slack="0"/>
<pin id="176" dir="0" index="1" bw="1" slack="0"/>
<pin id="177" dir="0" index="2" bw="7" slack="0"/>
<pin id="178" dir="1" index="3" bw="7" slack="0"/>
</pin_list>
<bind>
<opcode="getelementptr(29) " fcode="getelementptr"/>
<opset="w_local_7_addr/3 "/>
</bind>
</comp>

<comp id="181" class="1004" name="store_ln146_access_fu_181">
<pin_list>
<pin id="182" dir="0" index="0" bw="7" slack="0"/>
<pin id="183" dir="0" index="1" bw="256" slack="1"/>
<pin id="184" dir="0" index="2" bw="0" slack="2147483647"/>
<pin id="185" dir="1" index="3" bw="256" slack="2147483647"/>
</pin_list>
<bind>
<opcode="store(28) " fcode="store"/>
<opset="store_ln146/3 "/>
</bind>
</comp>

<comp id="187" class="1004" name="store_ln146_access_fu_187">
<pin_list>
<pin id="188" dir="0" index="0" bw="7" slack="0"/>
<pin id="189" dir="0" index="1" bw="256" slack="1"/>
<pin id="190" dir="0" index="2" bw="0" slack="2147483647"/>
<pin id="191" dir="1" index="3" bw="256" slack="2147483647"/>
</pin_list>
<bind>
<opcode="store(28) " fcode="store"/>
<opset="store_ln146/3 "/>
</bind>
</comp>

<comp id="193" class="1004" name="store_ln146_access_fu_193">
<pin_list>
<pin id="194" dir="0" index="0" bw="7" slack="0"/>
<pin id="195" dir="0" index="1" bw="256" slack="1"/>
<pin id="196" dir="0" index="2" bw="0" slack="2147483647"/>
<pin id="197" dir="1" index="3" bw="256" slack="2147483647"/>
</pin_list>
<bind>
<opcode="store(28) " fcode="store"/>
<opset="store_ln146/3 "/>
</bind>
</comp>

<comp id="199" class="1004" name="store_ln146_access_fu_199">
<pin_list>
<pin id="200" dir="0" index="0" bw="7" slack="0"/>
<pin id="201" dir="0" index="1" bw="256" slack="1"/>
<pin id="202" dir="0" index="2" bw="0" slack="2147483647"/>
<pin id="203" dir="1" index="3" bw="256" slack="2147483647"/>
</pin_list>
<bind>
<opcode="store(28) " fcode="store"/>
<opset="store_ln146/3 "/>
</bind>
</comp>

<comp id="205" class="1004" name="store_ln146_access_fu_205">
<pin_list>
<pin id="206" dir="0" index="0" bw="7" slack="0"/>
<pin id="207" dir="0" index="1" bw="256" slack="1"/>
<pin id="208" dir="0" index="2" bw="0" slack="2147483647"/>
<pin id="209" dir="1" index="3" bw="256" slack="2147483647"/>
</pin_list>
<bind>
<opcode="store(28) " fcode="store"/>
<opset="store_ln146/3 "/>
</bind>
</comp>

<comp id="211" class="1004" name="store_ln146_access_fu_211">
<pin_list>
<pin id="212" dir="0" index="0" bw="7" slack="0"/>
<pin id="213" dir="0" index="1" bw="256" slack="1"/>
<pin id="214" dir="0" index="2" bw="0" slack="2147483647"/>
<pin id="215" dir="1" index="3" bw="256" slack="2147483647"/>
</pin_list>
<bind>
<opcode="store(28) " fcode="store"/>
<opset="store_ln146/3 "/>
</bind>
</comp>

<comp id="217" class="1004" name="store_ln146_access_fu_217">
<pin_list>
<pin id="218" dir="0" index="0" bw="7" slack="0"/>
<pin id="219" dir="0" index="1" bw="256" slack="1"/>
<pin id="220" dir="0" index="2" bw="0" slack="2147483647"/>
<pin id="221" dir="1" index="3" bw="256" slack="2147483647"/>
</pin_list>
<bind>
<opcode="store(28) " fcode="store"/>
<opset="store_ln146/3 "/>
</bind>
</comp>

<comp id="223" class="1004" name="store_ln146_access_fu_223">
<pin_list>
<pin id="224" dir="0" index="0" bw="7" slack="0"/>
<pin id="225" dir="0" index="1" bw="256" slack="1"/>
<pin id="226" dir="0" index="2" bw="0" slack="2147483647"/>
<pin id="227" dir="1" index="3" bw="256" slack="2147483647"/>
</pin_list>
<bind>
<opcode="store(28) " fcode="store"/>
<opset="store_ln146/3 "/>
</bind>
</comp>

<comp id="229" class="1004" name="sext_ln142_cast_fu_229">
<pin_list>
<pin id="230" dir="0" index="0" bw="59" slack="0"/>
<pin id="231" dir="1" index="1" bw="64" slack="1"/>
</pin_list>
<bind>
<opcode="sext(35) " fcode="sext"/>
<opset="sext_ln142_cast/1 "/>
</bind>
</comp>

<comp id="233" class="1004" name="store_ln0_store_fu_233">
<pin_list>
<pin id="234" dir="0" index="0" bw="1" slack="0"/>
<pin id="235" dir="0" index="1" bw="7" slack="0"/>
<pin id="236" dir="1" index="2" bw="0" slack="2147483647"/>
</pin_list>
<bind>
<opcode="store(28) " fcode="store"/>
<opset="store_ln0/1 "/>
</bind>
</comp>

<comp id="238" class="1004" name="store_ln142_store_fu_238">
<pin_list>
<pin id="239" dir="0" index="0" bw="1" slack="0"/>
<pin id="240" dir="0" index="1" bw="4" slack="0"/>
<pin id="241" dir="1" index="2" bw="0" slack="2147483647"/>
</pin_list>
<bind>
<opcode="store(28) " fcode="store"/>
<opset="store_ln142/1 "/>
</bind>
</comp>

<comp id="243" class="1004" name="store_ln143_store_fu_243">
<pin_list>
<pin id="244" dir="0" index="0" bw="1" slack="0"/>
<pin id="245" dir="0" index="1" bw="4" slack="0"/>
<pin id="246" dir="1" index="2" bw="0" slack="2147483647"/>
</pin_list>
<bind>
<opcode="store(28) " fcode="store"/>
<opset="store_ln143/1 "/>
</bind>
</comp>

<comp id="248" class="1004" name="indvar_flatten_load_load_fu_248">
<pin_list>
<pin id="249" dir="0" index="0" bw="7" slack="0"/>
<pin id="250" dir="1" index="1" bw="7" slack="0"/>
</pin_list>
<bind>
<opcode="load(27) " fcode="load"/>
<opset="indvar_flatten_load/1 "/>
</bind>
</comp>

<comp id="251" class="1004" name="icmp_ln142_fu_251">
<pin_list>
<pin id="252" dir="0" index="0" bw="7" slack="0"/>
<pin id="253" dir="0" index="1" bw="7" slack="0"/>
<pin id="254" dir="1" index="2" bw="1" slack="1"/>
</pin_list>
<bind>
<opcode="icmp(45) " fcode="icmp"/>
<opset="icmp_ln142/1 "/>
</bind>
</comp>

<comp id="257" class="1004" name="add_ln142_1_fu_257">
<pin_list>
<pin id="258" dir="0" index="0" bw="7" slack="0"/>
<pin id="259" dir="0" index="1" bw="1" slack="0"/>
<pin id="260" dir="1" index="2" bw="7" slack="0"/>
</pin_list>
<bind>
<opcode="add(8) " fcode="add"/>
<opset="add_ln142_1/1 "/>
</bind>
</comp>

<comp id="263" class="1004" name="store_ln142_store_fu_263">
<pin_list>
<pin id="264" dir="0" index="0" bw="7" slack="0"/>
<pin id="265" dir="0" index="1" bw="7" slack="0"/>
<pin id="266" dir="1" index="2" bw="0" slack="2147483647"/>
</pin_list>
<bind>
<opcode="store(28) " fcode="store"/>
<opset="store_ln142/1 "/>
</bind>
</comp>

<comp id="268" class="1004" name="ci_w_load_load_fu_268">
<pin_list>
<pin id="269" dir="0" index="0" bw="4" slack="1"/>
<pin id="270" dir="1" index="1" bw="4" slack="0"/>
</pin_list>
<bind>
<opcode="load(27) " fcode="load"/>
<opset="ci_w_load/2 "/>
</bind>
</comp>

<comp id="271" class="1004" name="k_load_load_fu_271">
<pin_list>
<pin id="272" dir="0" index="0" bw="4" slack="1"/>
<pin id="273" dir="1" index="1" bw="4" slack="0"/>
</pin_list>
<bind>
<opcode="load(27) " fcode="load"/>
<opset="k_load/2 "/>
</bind>
</comp>

<comp id="274" class="1004" name="gmem_weight_addr_fu_274">
<pin_list>
<pin id="275" dir="0" index="0" bw="64" slack="0"/>
<pin id="276" dir="0" index="1" bw="64" slack="1"/>
<pin id="277" dir="1" index="2" bw="64" slack="0"/>
</pin_list>
<bind>
<opcode="getelementptr(29) " fcode="getelementptr"/>
<opset="gmem_weight_addr/2 "/>
</bind>
</comp>

<comp id="280" class="1004" name="add_ln142_fu_280">
<pin_list>
<pin id="281" dir="0" index="0" bw="4" slack="0"/>
<pin id="282" dir="0" index="1" bw="1" slack="0"/>
<pin id="283" dir="1" index="2" bw="4" slack="0"/>
</pin_list>
<bind>
<opcode="add(8) " fcode="add"/>
<opset="add_ln142/2 "/>
</bind>
</comp>

<comp id="286" class="1004" name="icmp_ln143_fu_286">
<pin_list>
<pin id="287" dir="0" index="0" bw="4" slack="0"/>
<pin id="288" dir="0" index="1" bw="4" slack="0"/>
<pin id="289" dir="1" index="2" bw="1" slack="0"/>
</pin_list>
<bind>
<opcode="icmp(45) " fcode="icmp"/>
<opset="icmp_ln143/2 "/>
</bind>
</comp>

<comp id="292" class="1004" name="select_ln142_fu_292">
<pin_list>
<pin id="293" dir="0" index="0" bw="1" slack="0"/>
<pin id="294" dir="0" index="1" bw="4" slack="0"/>
<pin id="295" dir="0" index="2" bw="4" slack="0"/>
<pin id="296" dir="1" index="3" bw="4" slack="0"/>
</pin_list>
<bind>
<opcode="select(49) " fcode="select"/>
<opset="select_ln142/2 "/>
</bind>
</comp>

<comp id="300" class="1004" name="select_ln142_1_fu_300">
<pin_list>
<pin id="301" dir="0" index="0" bw="1" slack="0"/>
<pin id="302" dir="0" index="1" bw="4" slack="0"/>
<pin id="303" dir="0" index="2" bw="4" slack="0"/>
<pin id="304" dir="1" index="3" bw="4" slack="0"/>
</pin_list>
<bind>
<opcode="select(49) " fcode="select"/>
<opset="select_ln142_1/2 "/>
</bind>
</comp>

<comp id="308" class="1004" name="tmp_s_fu_308">
<pin_list>
<pin id="309" dir="0" index="0" bw="7" slack="0"/>
<pin id="310" dir="0" index="1" bw="4" slack="0"/>
<pin id="311" dir="0" index="2" bw="1" slack="0"/>
<pin id="312" dir="1" index="3" bw="7" slack="0"/>
</pin_list>
<bind>
<opcode="bitconcatenate(1004) " fcode="bitconcatenate"/>
<opset="tmp_s/2 "/>
</bind>
</comp>

<comp id="316" class="1004" name="zext_ln143_fu_316">
<pin_list>
<pin id="317" dir="0" index="0" bw="4" slack="0"/>
<pin id="318" dir="1" index="1" bw="7" slack="0"/>
</pin_list>
<bind>
<opcode="zext(34) " fcode="zext"/>
<opset="zext_ln143/2 "/>
</bind>
</comp>

<comp id="320" class="1004" name="add_ln146_fu_320">
<pin_list>
<pin id="321" dir="0" index="0" bw="4" slack="0"/>
<pin id="322" dir="0" index="1" bw="7" slack="0"/>
<pin id="323" dir="1" index="2" bw="7" slack="1"/>
</pin_list>
<bind>
<opcode="add(8) " fcode="add"/>
<opset="add_ln146/2 "/>
</bind>
</comp>

<comp id="326" class="1004" name="add_ln143_fu_326">
<pin_list>
<pin id="327" dir="0" index="0" bw="4" slack="0"/>
<pin id="328" dir="0" index="1" bw="1" slack="0"/>
<pin id="329" dir="1" index="2" bw="4" slack="0"/>
</pin_list>
<bind>
<opcode="add(8) " fcode="add"/>
<opset="add_ln143/2 "/>
</bind>
</comp>

<comp id="332" class="1004" name="store_ln142_store_fu_332">
<pin_list>
<pin id="333" dir="0" index="0" bw="4" slack="0"/>
<pin id="334" dir="0" index="1" bw="4" slack="1"/>
<pin id="335" dir="1" index="2" bw="0" slack="2147483647"/>
</pin_list>
<bind>
<opcode="store(28) " fcode="store"/>
<opset="store_ln142/2 "/>
</bind>
</comp>

<comp id="337" class="1004" name="store_ln143_store_fu_337">
<pin_list>
<pin id="338" dir="0" index="0" bw="4" slack="0"/>
<pin id="339" dir="0" index="1" bw="4" slack="1"/>
<pin id="340" dir="1" index="2" bw="0" slack="2147483647"/>
</pin_list>
<bind>
<opcode="store(28) " fcode="store"/>
<opset="store_ln143/2 "/>
</bind>
</comp>

<comp id="342" class="1004" name="zext_ln146_fu_342">
<pin_list>
<pin id="343" dir="0" index="0" bw="7" slack="1"/>
<pin id="344" dir="1" index="1" bw="64" slack="0"/>
</pin_list>
<bind>
<opcode="zext(34) " fcode="zext"/>
<opset="zext_ln146/3 "/>
</bind>
</comp>

<comp id="353" class="1005" name="ci_w_reg_353">
<pin_list>
<pin id="354" dir="0" index="0" bw="4" slack="0"/>
<pin id="355" dir="1" index="1" bw="4" slack="0"/>
</pin_list>
<bind>
<opset="ci_w "/>
</bind>
</comp>

<comp id="360" class="1005" name="k_reg_360">
<pin_list>
<pin id="361" dir="0" index="0" bw="4" slack="0"/>
<pin id="362" dir="1" index="1" bw="4" slack="0"/>
</pin_list>
<bind>
<opset="k "/>
</bind>
</comp>

<comp id="367" class="1005" name="indvar_flatten_reg_367">
<pin_list>
<pin id="368" dir="0" index="0" bw="7" slack="0"/>
<pin id="369" dir="1" index="1" bw="7" slack="0"/>
</pin_list>
<bind>
<opset="indvar_flatten "/>
</bind>
</comp>

<comp id="374" class="1005" name="tc_read_reg_374">
<pin_list>
<pin id="375" dir="0" index="0" bw="3" slack="2"/>
<pin id="376" dir="1" index="1" bw="3" slack="2147483647"/>
</pin_list>
<bind>
<opset="tc_read "/>
</bind>
</comp>

<comp id="378" class="1005" name="sext_ln142_cast_reg_378">
<pin_list>
<pin id="379" dir="0" index="0" bw="64" slack="1"/>
<pin id="380" dir="1" index="1" bw="64" slack="1"/>
</pin_list>
<bind>
<opset="sext_ln142_cast "/>
</bind>
</comp>

<comp id="383" class="1005" name="icmp_ln142_reg_383">
<pin_list>
<pin id="384" dir="0" index="0" bw="1" slack="1"/>
<pin id="385" dir="1" index="1" bw="1" slack="2147483647"/>
</pin_list>
<bind>
<opset="icmp_ln142 "/>
</bind>
</comp>

<comp id="387" class="1005" name="add_ln146_reg_387">
<pin_list>
<pin id="388" dir="0" index="0" bw="7" slack="1"/>
<pin id="389" dir="1" index="1" bw="7" slack="1"/>
</pin_list>
<bind>
<opset="add_ln146 "/>
</bind>
</comp>

<comp id="392" class="1005" name="gmem_weight_addr_read_reg_392">
<pin_list>
<pin id="393" dir="0" index="0" bw="256" slack="1"/>
<pin id="394" dir="1" index="1" bw="256" slack="1"/>
</pin_list>
<bind>
<opset="gmem_weight_addr_read "/>
</bind>
</comp>

</comp_list>

<net_list>
<net id="99"><net_src comp="22" pin="0"/><net_sink comp="96" pin=0"/></net>

<net id="103"><net_src comp="22" pin="0"/><net_sink comp="100" pin=0"/></net>

<net id="107"><net_src comp="22" pin="0"/><net_sink comp="104" pin=0"/></net>

<net id="112"><net_src comp="24" pin="0"/><net_sink comp="108" pin=0"/></net>

<net id="113"><net_src comp="20" pin="0"/><net_sink comp="108" pin=1"/></net>

<net id="118"><net_src comp="26" pin="0"/><net_sink comp="114" pin=0"/></net>

<net id="119"><net_src comp="2" pin="0"/><net_sink comp="114" pin=1"/></net>

<net id="124"><net_src comp="82" pin="0"/><net_sink comp="120" pin=0"/></net>

<net id="130"><net_src comp="18" pin="0"/><net_sink comp="125" pin=0"/></net>

<net id="131"><net_src comp="94" pin="0"/><net_sink comp="125" pin=1"/></net>

<net id="137"><net_src comp="16" pin="0"/><net_sink comp="132" pin=0"/></net>

<net id="138"><net_src comp="94" pin="0"/><net_sink comp="132" pin=1"/></net>

<net id="144"><net_src comp="14" pin="0"/><net_sink comp="139" pin=0"/></net>

<net id="145"><net_src comp="94" pin="0"/><net_sink comp="139" pin=1"/></net>

<net id="151"><net_src comp="12" pin="0"/><net_sink comp="146" pin=0"/></net>

<net id="152"><net_src comp="94" pin="0"/><net_sink comp="146" pin=1"/></net>

<net id="158"><net_src comp="10" pin="0"/><net_sink comp="153" pin=0"/></net>

<net id="159"><net_src comp="94" pin="0"/><net_sink comp="153" pin=1"/></net>

<net id="165"><net_src comp="8" pin="0"/><net_sink comp="160" pin=0"/></net>

<net id="166"><net_src comp="94" pin="0"/><net_sink comp="160" pin=1"/></net>

<net id="172"><net_src comp="6" pin="0"/><net_sink comp="167" pin=0"/></net>

<net id="173"><net_src comp="94" pin="0"/><net_sink comp="167" pin=1"/></net>

<net id="179"><net_src comp="4" pin="0"/><net_sink comp="174" pin=0"/></net>

<net id="180"><net_src comp="94" pin="0"/><net_sink comp="174" pin=1"/></net>

<net id="186"><net_src comp="167" pin="3"/><net_sink comp="181" pin=0"/></net>

<net id="192"><net_src comp="160" pin="3"/><net_sink comp="187" pin=0"/></net>

<net id="198"><net_src comp="153" pin="3"/><net_sink comp="193" pin=0"/></net>

<net id="204"><net_src comp="146" pin="3"/><net_sink comp="199" pin=0"/></net>

<net id="210"><net_src comp="139" pin="3"/><net_sink comp="205" pin=0"/></net>

<net id="216"><net_src comp="132" pin="3"/><net_sink comp="211" pin=0"/></net>

<net id="222"><net_src comp="125" pin="3"/><net_sink comp="217" pin=0"/></net>

<net id="228"><net_src comp="174" pin="3"/><net_sink comp="223" pin=0"/></net>

<net id="232"><net_src comp="114" pin="2"/><net_sink comp="229" pin=0"/></net>

<net id="237"><net_src comp="54" pin="0"/><net_sink comp="233" pin=0"/></net>

<net id="242"><net_src comp="56" pin="0"/><net_sink comp="238" pin=0"/></net>

<net id="247"><net_src comp="56" pin="0"/><net_sink comp="243" pin=0"/></net>

<net id="255"><net_src comp="248" pin="1"/><net_sink comp="251" pin=0"/></net>

<net id="256"><net_src comp="58" pin="0"/><net_sink comp="251" pin=1"/></net>

<net id="261"><net_src comp="248" pin="1"/><net_sink comp="257" pin=0"/></net>

<net id="262"><net_src comp="60" pin="0"/><net_sink comp="257" pin=1"/></net>

<net id="267"><net_src comp="257" pin="2"/><net_sink comp="263" pin=0"/></net>

<net id="278"><net_src comp="0" pin="0"/><net_sink comp="274" pin=0"/></net>

<net id="279"><net_src comp="274" pin="2"/><net_sink comp="120" pin=1"/></net>

<net id="284"><net_src comp="271" pin="1"/><net_sink comp="280" pin=0"/></net>

<net id="285"><net_src comp="76" pin="0"/><net_sink comp="280" pin=1"/></net>

<net id="290"><net_src comp="268" pin="1"/><net_sink comp="286" pin=0"/></net>

<net id="291"><net_src comp="78" pin="0"/><net_sink comp="286" pin=1"/></net>

<net id="297"><net_src comp="286" pin="2"/><net_sink comp="292" pin=0"/></net>

<net id="298"><net_src comp="56" pin="0"/><net_sink comp="292" pin=1"/></net>

<net id="299"><net_src comp="268" pin="1"/><net_sink comp="292" pin=2"/></net>

<net id="305"><net_src comp="286" pin="2"/><net_sink comp="300" pin=0"/></net>

<net id="306"><net_src comp="280" pin="2"/><net_sink comp="300" pin=1"/></net>

<net id="307"><net_src comp="271" pin="1"/><net_sink comp="300" pin=2"/></net>

<net id="313"><net_src comp="80" pin="0"/><net_sink comp="308" pin=0"/></net>

<net id="314"><net_src comp="300" pin="3"/><net_sink comp="308" pin=1"/></net>

<net id="315"><net_src comp="62" pin="0"/><net_sink comp="308" pin=2"/></net>

<net id="319"><net_src comp="292" pin="3"/><net_sink comp="316" pin=0"/></net>

<net id="324"><net_src comp="316" pin="1"/><net_sink comp="320" pin=0"/></net>

<net id="325"><net_src comp="308" pin="3"/><net_sink comp="320" pin=1"/></net>

<net id="330"><net_src comp="292" pin="3"/><net_sink comp="326" pin=0"/></net>

<net id="331"><net_src comp="76" pin="0"/><net_sink comp="326" pin=1"/></net>

<net id="336"><net_src comp="300" pin="3"/><net_sink comp="332" pin=0"/></net>

<net id="341"><net_src comp="326" pin="2"/><net_sink comp="337" pin=0"/></net>

<net id="345"><net_src comp="342" pin="1"/><net_sink comp="125" pin=2"/></net>

<net id="346"><net_src comp="342" pin="1"/><net_sink comp="132" pin=2"/></net>

<net id="347"><net_src comp="342" pin="1"/><net_sink comp="139" pin=2"/></net>

<net id="348"><net_src comp="342" pin="1"/><net_sink comp="146" pin=2"/></net>

<net id="349"><net_src comp="342" pin="1"/><net_sink comp="153" pin=2"/></net>

<net id="350"><net_src comp="342" pin="1"/><net_sink comp="160" pin=2"/></net>

<net id="351"><net_src comp="342" pin="1"/><net_sink comp="167" pin=2"/></net>

<net id="352"><net_src comp="342" pin="1"/><net_sink comp="174" pin=2"/></net>

<net id="356"><net_src comp="96" pin="1"/><net_sink comp="353" pin=0"/></net>

<net id="357"><net_src comp="353" pin="1"/><net_sink comp="243" pin=1"/></net>

<net id="358"><net_src comp="353" pin="1"/><net_sink comp="268" pin=0"/></net>

<net id="359"><net_src comp="353" pin="1"/><net_sink comp="337" pin=1"/></net>

<net id="363"><net_src comp="100" pin="1"/><net_sink comp="360" pin=0"/></net>

<net id="364"><net_src comp="360" pin="1"/><net_sink comp="238" pin=1"/></net>

<net id="365"><net_src comp="360" pin="1"/><net_sink comp="271" pin=0"/></net>

<net id="366"><net_src comp="360" pin="1"/><net_sink comp="332" pin=1"/></net>

<net id="370"><net_src comp="104" pin="1"/><net_sink comp="367" pin=0"/></net>

<net id="371"><net_src comp="367" pin="1"/><net_sink comp="233" pin=1"/></net>

<net id="372"><net_src comp="367" pin="1"/><net_sink comp="248" pin=0"/></net>

<net id="373"><net_src comp="367" pin="1"/><net_sink comp="263" pin=1"/></net>

<net id="377"><net_src comp="108" pin="2"/><net_sink comp="374" pin=0"/></net>

<net id="381"><net_src comp="229" pin="1"/><net_sink comp="378" pin=0"/></net>

<net id="382"><net_src comp="378" pin="1"/><net_sink comp="274" pin=1"/></net>

<net id="386"><net_src comp="251" pin="2"/><net_sink comp="383" pin=0"/></net>

<net id="390"><net_src comp="320" pin="2"/><net_sink comp="387" pin=0"/></net>

<net id="391"><net_src comp="387" pin="1"/><net_sink comp="342" pin=0"/></net>

<net id="395"><net_src comp="120" pin="2"/><net_sink comp="392" pin=0"/></net>

<net id="396"><net_src comp="392" pin="1"/><net_sink comp="181" pin=1"/></net>

<net id="397"><net_src comp="392" pin="1"/><net_sink comp="187" pin=1"/></net>

<net id="398"><net_src comp="392" pin="1"/><net_sink comp="193" pin=1"/></net>

<net id="399"><net_src comp="392" pin="1"/><net_sink comp="199" pin=1"/></net>

<net id="400"><net_src comp="392" pin="1"/><net_sink comp="205" pin=1"/></net>

<net id="401"><net_src comp="392" pin="1"/><net_sink comp="211" pin=1"/></net>

<net id="402"><net_src comp="392" pin="1"/><net_sink comp="217" pin=1"/></net>

<net id="403"><net_src comp="392" pin="1"/><net_sink comp="223" pin=1"/></net>

</net_list>

</model> 
---------------- Datapath Model END ------------------

* FSMD analyzer results:
  - Output states:
	Port: gmem_weight | {}
	Port: w_local_7 | {3 }
	Port: w_local_6 | {3 }
	Port: w_local_5 | {3 }
	Port: w_local_4 | {3 }
	Port: w_local_3 | {3 }
	Port: w_local_2 | {3 }
	Port: w_local_1 | {3 }
	Port: w_local | {3 }
 - Input state : 
	Port: UpConv_Fused_Row_Pipeline_VITIS_LOOP_142_2_VITIS_LOOP_143_3 : gmem_weight | {2 }
	Port: UpConv_Fused_Row_Pipeline_VITIS_LOOP_142_2_VITIS_LOOP_143_3 : sext_ln142 | {1 }
	Port: UpConv_Fused_Row_Pipeline_VITIS_LOOP_142_2_VITIS_LOOP_143_3 : tc | {1 }
  - Chain level:
	State 1
		store_ln0 : 1
		store_ln142 : 1
		store_ln143 : 1
		indvar_flatten_load : 1
		icmp_ln142 : 2
		add_ln142_1 : 2
		br_ln142 : 3
		store_ln142 : 3
	State 2
		add_ln142 : 1
		icmp_ln143 : 1
		select_ln142 : 2
		select_ln142_1 : 2
		tmp_s : 3
		zext_ln143 : 3
		add_ln146 : 4
		gmem_weight_addr_read : 1
		add_ln143 : 3
		store_ln142 : 3
		store_ln143 : 4
	State 3
		w_local_addr : 1
		w_local_1_addr : 1
		w_local_2_addr : 1
		w_local_3_addr : 1
		w_local_4_addr : 1
		w_local_5_addr : 1
		w_local_6_addr : 1
		w_local_7_addr : 1
		store_ln146 : 2
		store_ln146 : 2
		store_ln146 : 2
		store_ln146 : 2
		store_ln146 : 2
		store_ln146 : 2
		store_ln146 : 2
		store_ln146 : 2


============================================================
+ Verbose Summary: Datapath Resource usage 
============================================================

* Functional unit list:
|----------|-----------------------------------|---------|---------|
| Operation|          Functional Unit          |    FF   |   LUT   |
|----------|-----------------------------------|---------|---------|
|          |         add_ln142_1_fu_257        |    0    |    14   |
|    add   |          add_ln142_fu_280         |    0    |    12   |
|          |          add_ln146_fu_320         |    0    |    14   |
|          |          add_ln143_fu_326         |    0    |    12   |
|----------|-----------------------------------|---------|---------|
|   icmp   |         icmp_ln142_fu_251         |    0    |    14   |
|          |         icmp_ln143_fu_286         |    0    |    12   |
|----------|-----------------------------------|---------|---------|
|  select  |        select_ln142_fu_292        |    0    |    4    |
|          |       select_ln142_1_fu_300       |    0    |    4    |
|----------|-----------------------------------|---------|---------|
|          |        tc_read_read_fu_108        |    0    |    0    |
|   read   |    sext_ln142_read_read_fu_114    |    0    |    0    |
|          | gmem_weight_addr_read_read_fu_120 |    0    |    0    |
|----------|-----------------------------------|---------|---------|
|   sext   |       sext_ln142_cast_fu_229      |    0    |    0    |
|----------|-----------------------------------|---------|---------|
|bitconcatenate|            tmp_s_fu_308           |    0    |    0    |
|----------|-----------------------------------|---------|---------|
|   zext   |         zext_ln143_fu_316         |    0    |    0    |
|          |         zext_ln146_fu_342         |    0    |    0    |
|----------|-----------------------------------|---------|---------|
|   Total  |                                   |    0    |    86   |
|----------|-----------------------------------|---------|---------|

Memories:
N/A

* Register list:
+-----------------------------+--------+
|                             |   FF   |
+-----------------------------+--------+
|      add_ln146_reg_387      |    7   |
|         ci_w_reg_353        |    4   |
|gmem_weight_addr_read_reg_392|   256  |
|      icmp_ln142_reg_383     |    1   |
|    indvar_flatten_reg_367   |    7   |
|          k_reg_360          |    4   |
|   sext_ln142_cast_reg_378   |   64   |
|       tc_read_reg_374       |    3   |
+-----------------------------+--------+
|            Total            |   346  |
+-----------------------------+--------+

* Multiplexer (MUX) list: 
|--------|------|------|------|--------|
|  Comp  |  Pin | Size |  BW  | S x BW |
|--------|------|------|------|--------|
|  Total |      |      |      |    0   |
|--------|------|------|------|--------|



* Summary:
+-----------+--------+--------+
|           |   FF   |   LUT  |
+-----------+--------+--------+
|  Function |    0   |   86   |
|   Memory  |    -   |    -   |
|Multiplexer|    -   |    -   |
|  Register |   346  |    -   |
+-----------+--------+--------+
|   Total   |   346  |   86   |
+-----------+--------+--------+
