

================================================================
== Vitis HLS Report for 'UpConv_Fused_Row_8_128_128_120_60_Pipeline_LOAD_PARAMS'
================================================================
* Date:           Fri May  8 13:50:30 2026

* Version:        2024.2 (Build 5238294 on Nov  8 2024)
* Project:        upconv_core_top_ucb3
* Solution:       hls (Vivado IP Flow Target)
* Product family: zynquplus
* Target device:  xczu7ev-ffvc1156-2-e


================================================================
== Performance Estimates
================================================================
+ Timing: 
    * Summary: 
    +--------+---------+----------+------------+
    |  Clock |  Target | Estimated| Uncertainty|
    +--------+---------+----------+------------+
    |ap_clk  |  3.33 ns|  2.433 ns|     0.90 ns|
    +--------+---------+----------+------------+

+ Latency: 
    * Summary: 
    +---------+---------+-----------+-----------+-----+-----+------------------------------------------------+
    |  Latency (cycles) |   Latency (absolute)  |  Interval |                    Pipeline                    |
    |   min   |   max   |    min    |    max    | min | max |                      Type                      |
    +---------+---------+-----------+-----------+-----+-----+------------------------------------------------+
    |       23|       23|  76.659 ns|  76.659 ns|   15|   15|  loop auto-rewind stp (delay=0 clock cycles(s))|
    +---------+---------+-----------+-----------+-----+-----+------------------------------------------------+

    + Detail: 
        * Instance: 
        N/A

        * Loop: 
        +---------------+---------+---------+----------+-----------+-----------+------+----------+
        |               |  Latency (cycles) | Iteration|  Initiation Interval  | Trip |          |
        |   Loop Name   |   min   |   max   |  Latency |  achieved |   target  | Count| Pipelined|
        +---------------+---------+---------+----------+-----------+-----------+------+----------+
        |- LOAD_PARAMS  |       21|       21|        13|          3|          1|     4|       yes|
        +---------------+---------+---------+----------+-----------+-----------+------+----------+

============================================================
+ Verbose Summary: Synthesis Manager
============================================================
InlineROM: 1
ExposeGlobal: 0
============================================================
+ Verbose Summary: CDFG Model
============================================================
IsTopModel: 0
ResetActiveHigh: 1
IsCombinational: 0
IsDatapathOnly: 0
HasWiredReturn: 1
HasMFsm: 2
HasVarLatency: 1
IsPipeline: 0
IsRtlPipelined: 0
IsInstanceOverlapped: 0
IsDontTouch: 0
HasImplIP: 0
IsGatedGlobalClock: 0

+ Individual pipeline summary: 
  * Pipeline-0: initiation interval (II) = 3, depth = 13


============================================================
+ Verbose Summary: Schedule
============================================================
* Number of FSM states : 13
* Pipeline : 1
  Pipeline-0 : II = 3, D = 13, States = { 1 2 3 4 5 6 7 8 9 10 11 12 13 }
* Dataflow Pipeline: 0

* FSM state transitions: 
1 --> 2 
2 --> 3 
3 --> 4 
4 --> 5 
5 --> 6 
6 --> 7 
7 --> 8 
8 --> 9 
9 --> 10 
10 --> 11 
11 --> 12 
12 --> 13 
13 --> 

* FSM state operations: 

State 1 <SV = 0> <Delay = 1.52>
ST_1 : Operation 16 [1/1] (0.00ns)   --->   "%i = alloca i32 1" [../gen/Hls_Layers_UpConv.tpp:228]   --->   Operation 16 'alloca' 'i' <Predicate = true> <Delay = 0.00>
ST_1 : Operation 17 [1/1] (0.00ns)   --->   "%sext_ln228_2_read = read i59 @_ssdm_op_Read.ap_auto.i59, i59 %sext_ln228_2"   --->   Operation 17 'read' 'sext_ln228_2_read' <Predicate = true> <Delay = 0.00>
ST_1 : Operation 18 [1/1] (0.00ns)   --->   "%sext_ln228_1_read = read i59 @_ssdm_op_Read.ap_auto.i59, i59 %sext_ln228_1"   --->   Operation 18 'read' 'sext_ln228_1_read' <Predicate = true> <Delay = 0.00>
ST_1 : Operation 19 [1/1] (0.00ns)   --->   "%sext_ln228_read = read i59 @_ssdm_op_Read.ap_auto.i59, i59 %sext_ln228"   --->   Operation 19 'read' 'sext_ln228_read' <Predicate = true> <Delay = 0.00>
ST_1 : Operation 20 [1/1] (0.00ns)   --->   "%sext_ln228_2_cast = sext i59 %sext_ln228_2_read"   --->   Operation 20 'sext' 'sext_ln228_2_cast' <Predicate = true> <Delay = 0.00>
ST_1 : Operation 21 [1/1] (0.00ns)   --->   "%sext_ln228_1_cast = sext i59 %sext_ln228_1_read"   --->   Operation 21 'sext' 'sext_ln228_1_cast' <Predicate = true> <Delay = 0.00>
ST_1 : Operation 22 [1/1] (0.00ns)   --->   "%sext_ln228_cast = sext i59 %sext_ln228_read"   --->   Operation 22 'sext' 'sext_ln228_cast' <Predicate = true> <Delay = 0.00>
ST_1 : Operation 23 [1/1] (0.00ns)   --->   "%specmemcore_ln0 = specmemcore void @_ssdm_op_SpecMemCore, i256 %be_buf, i64 666, i64 30, i64 18446744073709551615"   --->   Operation 23 'specmemcore' 'specmemcore_ln0' <Predicate = true> <Delay = 0.00>
ST_1 : Operation 24 [1/1] (0.00ns)   --->   "%specmemcore_ln0 = specmemcore void @_ssdm_op_SpecMemCore, i256 %g_buf, i64 666, i64 30, i64 18446744073709551615"   --->   Operation 24 'specmemcore' 'specmemcore_ln0' <Predicate = true> <Delay = 0.00>
ST_1 : Operation 25 [1/1] (0.00ns)   --->   "%specmemcore_ln0 = specmemcore void @_ssdm_op_SpecMemCore, i256 %b_buf, i64 666, i64 30, i64 18446744073709551615"   --->   Operation 25 'specmemcore' 'specmemcore_ln0' <Predicate = true> <Delay = 0.00>
ST_1 : Operation 26 [1/1] (0.00ns)   --->   "%specinterface_ln0 = specinterface void @_ssdm_op_SpecInterface, i256 %gmem_param, void @empty_7, i32 0, i32 0, void @empty_21, i32 0, i32 0, void @empty_17, void @empty_19, void @empty_21, i32 16, i32 16, i32 64, i32 16, void @empty_21, void @empty_21, i32 4294967295, i32 0, i32 0"   --->   Operation 26 'specinterface' 'specinterface_ln0' <Predicate = true> <Delay = 0.00>
ST_1 : Operation 27 [1/1] (0.42ns)   --->   "%store_ln228 = store i3 0, i3 %i" [../gen/Hls_Layers_UpConv.tpp:228]   --->   Operation 27 'store' 'store_ln228' <Predicate = true> <Delay = 0.42>
ST_1 : Operation 28 [1/1] (0.00ns)   --->   "%br_ln0 = br void %for.inc229"   --->   Operation 28 'br' 'br_ln0' <Predicate = true> <Delay = 0.00>
ST_1 : Operation 29 [1/1] (0.00ns)   --->   "%i_1 = load i3 %i" [../gen/Hls_Layers_UpConv.tpp:228]   --->   Operation 29 'load' 'i_1' <Predicate = true> <Delay = 0.00>
ST_1 : Operation 30 [1/1] (0.67ns)   --->   "%icmp_ln228 = icmp_eq  i3 %i_1, i3 4" [../gen/Hls_Layers_UpConv.tpp:228]   --->   Operation 30 'icmp' 'icmp_ln228' <Predicate = true> <Delay = 0.67> <CoreInst = "Cmp">   --->   Core 9 'Cmp' <Latency = 0> <II = 1> <Delay = 0.67> <FuncUnit> <Opcode : 'seteq' 'setne' 'setle' 'setge' 'setlt' 'setgt'> <InPorts = 2> <OutPorts = 1>
ST_1 : Operation 31 [1/1] (0.67ns)   --->   "%add_ln228 = add i3 %i_1, i3 1" [../gen/Hls_Layers_UpConv.tpp:228]   --->   Operation 31 'add' 'add_ln228' <Predicate = true> <Delay = 0.67> <CoreInst = "Adder">   --->   Core 1 'Adder' <Latency = 0> <II = 1> <Delay = 0.67> <FuncUnit> <Opcode : 'add' 'sub'> <InPorts = 2> <OutPorts = 1>
ST_1 : Operation 32 [1/1] (0.00ns)   --->   "%br_ln228 = br i1 %icmp_ln228, void %for.inc229.split, void %PIXEL_NORM.exitStub" [../gen/Hls_Layers_UpConv.tpp:228]   --->   Operation 32 'br' 'br_ln228' <Predicate = true> <Delay = 0.00>
ST_1 : Operation 33 [1/1] (0.00ns)   --->   "%zext_ln228_1 = zext i3 %i_1" [../gen/Hls_Layers_UpConv.tpp:228]   --->   Operation 33 'zext' 'zext_ln228_1' <Predicate = (!icmp_ln228)> <Delay = 0.00>
ST_1 : Operation 34 [1/1] (1.09ns)   --->   "%add_ln230 = add i60 %zext_ln228_1, i60 %sext_ln228_cast" [../gen/Hls_Layers_UpConv.tpp:230]   --->   Operation 34 'add' 'add_ln230' <Predicate = (!icmp_ln228)> <Delay = 1.09> <CoreInst = "Adder">   --->   Core 1 'Adder' <Latency = 0> <II = 1> <Delay = 1.09> <FuncUnit> <Opcode : 'add' 'sub'> <InPorts = 2> <OutPorts = 1>
ST_1 : Operation 35 [1/1] (0.42ns)   --->   "%store_ln228 = store i3 %add_ln228, i3 %i" [../gen/Hls_Layers_UpConv.tpp:228]   --->   Operation 35 'store' 'store_ln228' <Predicate = (!icmp_ln228)> <Delay = 0.42>

State 2 <SV = 1> <Delay = 2.43>
ST_2 : Operation 36 [1/1] (0.00ns)   --->   "%sext_ln230 = sext i60 %add_ln230" [../gen/Hls_Layers_UpConv.tpp:230]   --->   Operation 36 'sext' 'sext_ln230' <Predicate = (!icmp_ln228)> <Delay = 0.00>
ST_2 : Operation 37 [1/1] (0.00ns)   --->   "%gmem_param_addr = getelementptr i256 %gmem_param, i64 %sext_ln230" [../gen/Hls_Layers_UpConv.tpp:230]   --->   Operation 37 'getelementptr' 'gmem_param_addr' <Predicate = (!icmp_ln228)> <Delay = 0.00>
ST_2 : Operation 38 [8/8] (2.43ns)   --->   "%gmem_param_load_req = readreq i1 @_ssdm_op_ReadReq.m_axi.i256P1A, i256 %gmem_param_addr, i64 1" [../gen/Hls_Layers_UpConv.tpp:230]   --->   Operation 38 'readreq' 'gmem_param_load_req' <Predicate = (!icmp_ln228)> <Delay = 2.43> <CoreInst = "m_axi">   --->   Core 119 'm_axi' <Latency = 6> <II = 1> <Delay = 1.00> <Adapter> <Opcode : 'read' 'write' 'readreq' 'writereq' 'writeresp'>
ST_2 : Operation 39 [1/1] (1.09ns)   --->   "%add_ln231 = add i60 %zext_ln228_1, i60 %sext_ln228_1_cast" [../gen/Hls_Layers_UpConv.tpp:231]   --->   Operation 39 'add' 'add_ln231' <Predicate = (!icmp_ln228)> <Delay = 1.09> <CoreInst = "Adder">   --->   Core 1 'Adder' <Latency = 0> <II = 1> <Delay = 1.09> <FuncUnit> <Opcode : 'add' 'sub'> <InPorts = 2> <OutPorts = 1>
ST_2 : Operation 40 [1/1] (1.09ns)   --->   "%add_ln232 = add i60 %zext_ln228_1, i60 %sext_ln228_2_cast" [../gen/Hls_Layers_UpConv.tpp:232]   --->   Operation 40 'add' 'add_ln232' <Predicate = (!icmp_ln228)> <Delay = 1.09> <CoreInst = "Adder">   --->   Core 1 'Adder' <Latency = 0> <II = 1> <Delay = 1.09> <FuncUnit> <Opcode : 'add' 'sub'> <InPorts = 2> <OutPorts = 1>

State 3 <SV = 2> <Delay = 2.43>
ST_3 : Operation 41 [7/8] (2.43ns)   --->   "%gmem_param_load_req = readreq i1 @_ssdm_op_ReadReq.m_axi.i256P1A, i256 %gmem_param_addr, i64 1" [../gen/Hls_Layers_UpConv.tpp:230]   --->   Operation 41 'readreq' 'gmem_param_load_req' <Predicate = (!icmp_ln228)> <Delay = 2.43> <CoreInst = "m_axi">   --->   Core 119 'm_axi' <Latency = 6> <II = 1> <Delay = 1.00> <Adapter> <Opcode : 'read' 'write' 'readreq' 'writereq' 'writeresp'>
ST_3 : Operation 42 [1/1] (0.00ns)   --->   "%sext_ln231 = sext i60 %add_ln231" [../gen/Hls_Layers_UpConv.tpp:231]   --->   Operation 42 'sext' 'sext_ln231' <Predicate = (!icmp_ln228)> <Delay = 0.00>
ST_3 : Operation 43 [1/1] (0.00ns)   --->   "%gmem_param_addr_1 = getelementptr i256 %gmem_param, i64 %sext_ln231" [../gen/Hls_Layers_UpConv.tpp:231]   --->   Operation 43 'getelementptr' 'gmem_param_addr_1' <Predicate = (!icmp_ln228)> <Delay = 0.00>
ST_3 : Operation 44 [8/8] (2.43ns)   --->   "%gmem_param_load_1_req = readreq i1 @_ssdm_op_ReadReq.m_axi.i256P1A, i256 %gmem_param_addr_1, i64 1" [../gen/Hls_Layers_UpConv.tpp:231]   --->   Operation 44 'readreq' 'gmem_param_load_1_req' <Predicate = (!icmp_ln228)> <Delay = 2.43> <CoreInst = "m_axi">   --->   Core 119 'm_axi' <Latency = 6> <II = 1> <Delay = 1.00> <Adapter> <Opcode : 'read' 'write' 'readreq' 'writereq' 'writeresp'>

State 4 <SV = 3> <Delay = 2.43>
ST_4 : Operation 45 [6/8] (2.43ns)   --->   "%gmem_param_load_req = readreq i1 @_ssdm_op_ReadReq.m_axi.i256P1A, i256 %gmem_param_addr, i64 1" [../gen/Hls_Layers_UpConv.tpp:230]   --->   Operation 45 'readreq' 'gmem_param_load_req' <Predicate = true> <Delay = 2.43> <CoreInst = "m_axi">   --->   Core 119 'm_axi' <Latency = 6> <II = 1> <Delay = 1.00> <Adapter> <Opcode : 'read' 'write' 'readreq' 'writereq' 'writeresp'>
ST_4 : Operation 46 [7/8] (2.43ns)   --->   "%gmem_param_load_1_req = readreq i1 @_ssdm_op_ReadReq.m_axi.i256P1A, i256 %gmem_param_addr_1, i64 1" [../gen/Hls_Layers_UpConv.tpp:231]   --->   Operation 46 'readreq' 'gmem_param_load_1_req' <Predicate = true> <Delay = 2.43> <CoreInst = "m_axi">   --->   Core 119 'm_axi' <Latency = 6> <II = 1> <Delay = 1.00> <Adapter> <Opcode : 'read' 'write' 'readreq' 'writereq' 'writeresp'>
ST_4 : Operation 47 [1/1] (0.00ns)   --->   "%sext_ln232 = sext i60 %add_ln232" [../gen/Hls_Layers_UpConv.tpp:232]   --->   Operation 47 'sext' 'sext_ln232' <Predicate = true> <Delay = 0.00>
ST_4 : Operation 48 [1/1] (0.00ns)   --->   "%gmem_param_addr_2 = getelementptr i256 %gmem_param, i64 %sext_ln232" [../gen/Hls_Layers_UpConv.tpp:232]   --->   Operation 48 'getelementptr' 'gmem_param_addr_2' <Predicate = true> <Delay = 0.00>
ST_4 : Operation 49 [8/8] (2.43ns)   --->   "%gmem_param_load_2_req = readreq i1 @_ssdm_op_ReadReq.m_axi.i256P1A, i256 %gmem_param_addr_2, i64 1" [../gen/Hls_Layers_UpConv.tpp:232]   --->   Operation 49 'readreq' 'gmem_param_load_2_req' <Predicate = true> <Delay = 2.43> <CoreInst = "m_axi">   --->   Core 119 'm_axi' <Latency = 6> <II = 1> <Delay = 1.00> <Adapter> <Opcode : 'read' 'write' 'readreq' 'writereq' 'writeresp'>

State 5 <SV = 4> <Delay = 2.43>
ST_5 : Operation 50 [5/8] (2.43ns)   --->   "%gmem_param_load_req = readreq i1 @_ssdm_op_ReadReq.m_axi.i256P1A, i256 %gmem_param_addr, i64 1" [../gen/Hls_Layers_UpConv.tpp:230]   --->   Operation 50 'readreq' 'gmem_param_load_req' <Predicate = true> <Delay = 2.43> <CoreInst = "m_axi">   --->   Core 119 'm_axi' <Latency = 6> <II = 1> <Delay = 1.00> <Adapter> <Opcode : 'read' 'write' 'readreq' 'writereq' 'writeresp'>
ST_5 : Operation 51 [6/8] (2.43ns)   --->   "%gmem_param_load_1_req = readreq i1 @_ssdm_op_ReadReq.m_axi.i256P1A, i256 %gmem_param_addr_1, i64 1" [../gen/Hls_Layers_UpConv.tpp:231]   --->   Operation 51 'readreq' 'gmem_param_load_1_req' <Predicate = true> <Delay = 2.43> <CoreInst = "m_axi">   --->   Core 119 'm_axi' <Latency = 6> <II = 1> <Delay = 1.00> <Adapter> <Opcode : 'read' 'write' 'readreq' 'writereq' 'writeresp'>
ST_5 : Operation 52 [7/8] (2.43ns)   --->   "%gmem_param_load_2_req = readreq i1 @_ssdm_op_ReadReq.m_axi.i256P1A, i256 %gmem_param_addr_2, i64 1" [../gen/Hls_Layers_UpConv.tpp:232]   --->   Operation 52 'readreq' 'gmem_param_load_2_req' <Predicate = true> <Delay = 2.43> <CoreInst = "m_axi">   --->   Core 119 'm_axi' <Latency = 6> <II = 1> <Delay = 1.00> <Adapter> <Opcode : 'read' 'write' 'readreq' 'writereq' 'writeresp'>

State 6 <SV = 5> <Delay = 2.43>
ST_6 : Operation 53 [4/8] (2.43ns)   --->   "%gmem_param_load_req = readreq i1 @_ssdm_op_ReadReq.m_axi.i256P1A, i256 %gmem_param_addr, i64 1" [../gen/Hls_Layers_UpConv.tpp:230]   --->   Operation 53 'readreq' 'gmem_param_load_req' <Predicate = true> <Delay = 2.43> <CoreInst = "m_axi">   --->   Core 119 'm_axi' <Latency = 6> <II = 1> <Delay = 1.00> <Adapter> <Opcode : 'read' 'write' 'readreq' 'writereq' 'writeresp'>
ST_6 : Operation 54 [5/8] (2.43ns)   --->   "%gmem_param_load_1_req = readreq i1 @_ssdm_op_ReadReq.m_axi.i256P1A, i256 %gmem_param_addr_1, i64 1" [../gen/Hls_Layers_UpConv.tpp:231]   --->   Operation 54 'readreq' 'gmem_param_load_1_req' <Predicate = true> <Delay = 2.43> <CoreInst = "m_axi">   --->   Core 119 'm_axi' <Latency = 6> <II = 1> <Delay = 1.00> <Adapter> <Opcode : 'read' 'write' 'readreq' 'writereq' 'writeresp'>
ST_6 : Operation 55 [6/8] (2.43ns)   --->   "%gmem_param_load_2_req = readreq i1 @_ssdm_op_ReadReq.m_axi.i256P1A, i256 %gmem_param_addr_2, i64 1" [../gen/Hls_Layers_UpConv.tpp:232]   --->   Operation 55 'readreq' 'gmem_param_load_2_req' <Predicate = true> <Delay = 2.43> <CoreInst = "m_axi">   --->   Core 119 'm_axi' <Latency = 6> <II = 1> <Delay = 1.00> <Adapter> <Opcode : 'read' 'write' 'readreq' 'writereq' 'writeresp'>

State 7 <SV = 6> <Delay = 2.43>
ST_7 : Operation 56 [3/8] (2.43ns)   --->   "%gmem_param_load_req = readreq i1 @_ssdm_op_ReadReq.m_axi.i256P1A, i256 %gmem_param_addr, i64 1" [../gen/Hls_Layers_UpConv.tpp:230]   --->   Operation 56 'readreq' 'gmem_param_load_req' <Predicate = true> <Delay = 2.43> <CoreInst = "m_axi">   --->   Core 119 'm_axi' <Latency = 6> <II = 1> <Delay = 1.00> <Adapter> <Opcode : 'read' 'write' 'readreq' 'writereq' 'writeresp'>
ST_7 : Operation 57 [4/8] (2.43ns)   --->   "%gmem_param_load_1_req = readreq i1 @_ssdm_op_ReadReq.m_axi.i256P1A, i256 %gmem_param_addr_1, i64 1" [../gen/Hls_Layers_UpConv.tpp:231]   --->   Operation 57 'readreq' 'gmem_param_load_1_req' <Predicate = true> <Delay = 2.43> <CoreInst = "m_axi">   --->   Core 119 'm_axi' <Latency = 6> <II = 1> <Delay = 1.00> <Adapter> <Opcode : 'read' 'write' 'readreq' 'writereq' 'writeresp'>
ST_7 : Operation 58 [5/8] (2.43ns)   --->   "%gmem_param_load_2_req = readreq i1 @_ssdm_op_ReadReq.m_axi.i256P1A, i256 %gmem_param_addr_2, i64 1" [../gen/Hls_Layers_UpConv.tpp:232]   --->   Operation 58 'readreq' 'gmem_param_load_2_req' <Predicate = true> <Delay = 2.43> <CoreInst = "m_axi">   --->   Core 119 'm_axi' <Latency = 6> <II = 1> <Delay = 1.00> <Adapter> <Opcode : 'read' 'write' 'readreq' 'writereq' 'writeresp'>

State 8 <SV = 7> <Delay = 2.43>
ST_8 : Operation 59 [2/8] (2.43ns)   --->   "%gmem_param_load_req = readreq i1 @_ssdm_op_ReadReq.m_axi.i256P1A, i256 %gmem_param_addr, i64 1" [../gen/Hls_Layers_UpConv.tpp:230]   --->   Operation 59 'readreq' 'gmem_param_load_req' <Predicate = true> <Delay = 2.43> <CoreInst = "m_axi">   --->   Core 119 'm_axi' <Latency = 6> <II = 1> <Delay = 1.00> <Adapter> <Opcode : 'read' 'write' 'readreq' 'writereq' 'writeresp'>
ST_8 : Operation 60 [3/8] (2.43ns)   --->   "%gmem_param_load_1_req = readreq i1 @_ssdm_op_ReadReq.m_axi.i256P1A, i256 %gmem_param_addr_1, i64 1" [../gen/Hls_Layers_UpConv.tpp:231]   --->   Operation 60 'readreq' 'gmem_param_load_1_req' <Predicate = true> <Delay = 2.43> <CoreInst = "m_axi">   --->   Core 119 'm_axi' <Latency = 6> <II = 1> <Delay = 1.00> <Adapter> <Opcode : 'read' 'write' 'readreq' 'writereq' 'writeresp'>
ST_8 : Operation 61 [4/8] (2.43ns)   --->   "%gmem_param_load_2_req = readreq i1 @_ssdm_op_ReadReq.m_axi.i256P1A, i256 %gmem_param_addr_2, i64 1" [../gen/Hls_Layers_UpConv.tpp:232]   --->   Operation 61 'readreq' 'gmem_param_load_2_req' <Predicate = true> <Delay = 2.43> <CoreInst = "m_axi">   --->   Core 119 'm_axi' <Latency = 6> <II = 1> <Delay = 1.00> <Adapter> <Opcode : 'read' 'write' 'readreq' 'writereq' 'writeresp'>

State 9 <SV = 8> <Delay = 2.43>
ST_9 : Operation 62 [1/8] (2.43ns)   --->   "%gmem_param_load_req = readreq i1 @_ssdm_op_ReadReq.m_axi.i256P1A, i256 %gmem_param_addr, i64 1" [../gen/Hls_Layers_UpConv.tpp:230]   --->   Operation 62 'readreq' 'gmem_param_load_req' <Predicate = true> <Delay = 2.43> <CoreInst = "m_axi">   --->   Core 119 'm_axi' <Latency = 6> <II = 1> <Delay = 1.00> <Adapter> <Opcode : 'read' 'write' 'readreq' 'writereq' 'writeresp'>
ST_9 : Operation 63 [2/8] (2.43ns)   --->   "%gmem_param_load_1_req = readreq i1 @_ssdm_op_ReadReq.m_axi.i256P1A, i256 %gmem_param_addr_1, i64 1" [../gen/Hls_Layers_UpConv.tpp:231]   --->   Operation 63 'readreq' 'gmem_param_load_1_req' <Predicate = true> <Delay = 2.43> <CoreInst = "m_axi">   --->   Core 119 'm_axi' <Latency = 6> <II = 1> <Delay = 1.00> <Adapter> <Opcode : 'read' 'write' 'readreq' 'writereq' 'writeresp'>
ST_9 : Operation 64 [3/8] (2.43ns)   --->   "%gmem_param_load_2_req = readreq i1 @_ssdm_op_ReadReq.m_axi.i256P1A, i256 %gmem_param_addr_2, i64 1" [../gen/Hls_Layers_UpConv.tpp:232]   --->   Operation 64 'readreq' 'gmem_param_load_2_req' <Predicate = true> <Delay = 2.43> <CoreInst = "m_axi">   --->   Core 119 'm_axi' <Latency = 6> <II = 1> <Delay = 1.00> <Adapter> <Opcode : 'read' 'write' 'readreq' 'writereq' 'writeresp'>

State 10 <SV = 9> <Delay = 2.43>
ST_10 : Operation 65 [1/1] (2.43ns)   --->   "%gmem_param_addr_read = read i256 @_ssdm_op_Read.m_axi.i256P1A, i256 %gmem_param_addr" [../gen/Hls_Layers_UpConv.tpp:230]   --->   Operation 65 'read' 'gmem_param_addr_read' <Predicate = true> <Delay = 2.43> <CoreInst = "m_axi">   --->   Core 119 'm_axi' <Latency = 3> <II = 1> <Delay = 1.00> <Adapter> <Opcode : 'read' 'write' 'readreq' 'writereq' 'writeresp'>
ST_10 : Operation 66 [1/8] (2.43ns)   --->   "%gmem_param_load_1_req = readreq i1 @_ssdm_op_ReadReq.m_axi.i256P1A, i256 %gmem_param_addr_1, i64 1" [../gen/Hls_Layers_UpConv.tpp:231]   --->   Operation 66 'readreq' 'gmem_param_load_1_req' <Predicate = true> <Delay = 2.43> <CoreInst = "m_axi">   --->   Core 119 'm_axi' <Latency = 6> <II = 1> <Delay = 1.00> <Adapter> <Opcode : 'read' 'write' 'readreq' 'writereq' 'writeresp'>
ST_10 : Operation 67 [2/8] (2.43ns)   --->   "%gmem_param_load_2_req = readreq i1 @_ssdm_op_ReadReq.m_axi.i256P1A, i256 %gmem_param_addr_2, i64 1" [../gen/Hls_Layers_UpConv.tpp:232]   --->   Operation 67 'readreq' 'gmem_param_load_2_req' <Predicate = true> <Delay = 2.43> <CoreInst = "m_axi">   --->   Core 119 'm_axi' <Latency = 6> <II = 1> <Delay = 1.00> <Adapter> <Opcode : 'read' 'write' 'readreq' 'writereq' 'writeresp'>
ST_10 : Operation 82 [1/1] (0.42ns)   --->   "%ret_ln0 = ret"   --->   Operation 82 'ret' 'ret_ln0' <Predicate = (icmp_ln228)> <Delay = 0.42>

State 11 <SV = 10> <Delay = 2.43>
ST_11 : Operation 68 [1/1] (0.00ns)   --->   "%zext_ln228 = zext i3 %i_1" [../gen/Hls_Layers_UpConv.tpp:228]   --->   Operation 68 'zext' 'zext_ln228' <Predicate = true> <Delay = 0.00>
ST_11 : Operation 69 [1/1] (0.00ns)   --->   "%b_buf_addr = getelementptr i256 %b_buf, i64 0, i64 %zext_ln228" [../gen/Hls_Layers_UpConv.tpp:230]   --->   Operation 69 'getelementptr' 'b_buf_addr' <Predicate = true> <Delay = 0.00>
ST_11 : Operation 70 [1/1] ( I:1.23ns O:1.23ns )   --->   "%store_ln230 = store i256 %gmem_param_addr_read, i2 %b_buf_addr" [../gen/Hls_Layers_UpConv.tpp:230]   --->   Operation 70 'store' 'store_ln230' <Predicate = true> <Delay = 1.23> <CoreInst = "RAM_T2P_BRAM">   --->   Core 98 'RAM_T2P_BRAM' <Latency = 1> <II = 1> <Delay = 1.23> <Storage> <Opcode : 'load' 'store'> <Ports = 2> <Width = 256> <Depth = 4> <RAM>
ST_11 : Operation 71 [1/1] (2.43ns)   --->   "%gmem_param_addr_1_read = read i256 @_ssdm_op_Read.m_axi.i256P1A, i256 %gmem_param_addr_1" [../gen/Hls_Layers_UpConv.tpp:231]   --->   Operation 71 'read' 'gmem_param_addr_1_read' <Predicate = true> <Delay = 2.43> <CoreInst = "m_axi">   --->   Core 119 'm_axi' <Latency = 3> <II = 1> <Delay = 1.00> <Adapter> <Opcode : 'read' 'write' 'readreq' 'writereq' 'writeresp'>
ST_11 : Operation 72 [1/8] (2.43ns)   --->   "%gmem_param_load_2_req = readreq i1 @_ssdm_op_ReadReq.m_axi.i256P1A, i256 %gmem_param_addr_2, i64 1" [../gen/Hls_Layers_UpConv.tpp:232]   --->   Operation 72 'readreq' 'gmem_param_load_2_req' <Predicate = true> <Delay = 2.43> <CoreInst = "m_axi">   --->   Core 119 'm_axi' <Latency = 6> <II = 1> <Delay = 1.00> <Adapter> <Opcode : 'read' 'write' 'readreq' 'writereq' 'writeresp'>

State 12 <SV = 11> <Delay = 2.43>
ST_12 : Operation 73 [1/1] (0.00ns)   --->   "%g_buf_addr = getelementptr i256 %g_buf, i64 0, i64 %zext_ln228" [../gen/Hls_Layers_UpConv.tpp:231]   --->   Operation 73 'getelementptr' 'g_buf_addr' <Predicate = true> <Delay = 0.00>
ST_12 : Operation 74 [1/1] ( I:1.23ns O:1.23ns )   --->   "%store_ln231 = store i256 %gmem_param_addr_1_read, i2 %g_buf_addr" [../gen/Hls_Layers_UpConv.tpp:231]   --->   Operation 74 'store' 'store_ln231' <Predicate = true> <Delay = 1.23> <CoreInst = "RAM_T2P_BRAM">   --->   Core 98 'RAM_T2P_BRAM' <Latency = 1> <II = 1> <Delay = 1.23> <Storage> <Opcode : 'load' 'store'> <Ports = 2> <Width = 256> <Depth = 4> <RAM>
ST_12 : Operation 75 [1/1] (2.43ns)   --->   "%gmem_param_addr_2_read = read i256 @_ssdm_op_Read.m_axi.i256P1A, i256 %gmem_param_addr_2" [../gen/Hls_Layers_UpConv.tpp:232]   --->   Operation 75 'read' 'gmem_param_addr_2_read' <Predicate = true> <Delay = 2.43> <CoreInst = "m_axi">   --->   Core 119 'm_axi' <Latency = 3> <II = 1> <Delay = 1.00> <Adapter> <Opcode : 'read' 'write' 'readreq' 'writereq' 'writeresp'>

State 13 <SV = 12> <Delay = 1.23>
ST_13 : Operation 76 [1/1] (0.00ns)   --->   "%specpipeline_ln229 = specpipeline void @_ssdm_op_SpecPipeline, i32 1, i32 0, i32 0, i32 0, void @empty_21" [../gen/Hls_Layers_UpConv.tpp:229]   --->   Operation 76 'specpipeline' 'specpipeline_ln229' <Predicate = true> <Delay = 0.00>
ST_13 : Operation 77 [1/1] (0.00ns)   --->   "%speclooptripcount_ln228 = speclooptripcount void @_ssdm_op_SpecLoopTripCount, i64 4, i64 4, i64 4" [../gen/Hls_Layers_UpConv.tpp:228]   --->   Operation 77 'speclooptripcount' 'speclooptripcount_ln228' <Predicate = true> <Delay = 0.00>
ST_13 : Operation 78 [1/1] (0.00ns)   --->   "%specloopname_ln228 = specloopname void @_ssdm_op_SpecLoopName, void @empty_16" [../gen/Hls_Layers_UpConv.tpp:228]   --->   Operation 78 'specloopname' 'specloopname_ln228' <Predicate = true> <Delay = 0.00>
ST_13 : Operation 79 [1/1] (0.00ns)   --->   "%be_buf_addr = getelementptr i256 %be_buf, i64 0, i64 %zext_ln228" [../gen/Hls_Layers_UpConv.tpp:232]   --->   Operation 79 'getelementptr' 'be_buf_addr' <Predicate = true> <Delay = 0.00>
ST_13 : Operation 80 [1/1] ( I:1.23ns O:1.23ns )   --->   "%store_ln232 = store i256 %gmem_param_addr_2_read, i2 %be_buf_addr" [../gen/Hls_Layers_UpConv.tpp:232]   --->   Operation 80 'store' 'store_ln232' <Predicate = true> <Delay = 1.23> <CoreInst = "RAM_T2P_BRAM">   --->   Core 98 'RAM_T2P_BRAM' <Latency = 1> <II = 1> <Delay = 1.23> <Storage> <Opcode : 'load' 'store'> <Ports = 2> <Width = 256> <Depth = 4> <RAM>
ST_13 : Operation 81 [1/1] (0.00ns)   --->   "%br_ln228 = br void %for.inc229" [../gen/Hls_Layers_UpConv.tpp:228]   --->   Operation 81 'br' 'br_ln228' <Predicate = true> <Delay = 0.00>


============================================================
+ Verbose Summary: Timing violations
============================================================
Target clock period: 3.333ns, clock uncertainty: 0.900ns.

 <State 1>: 1.527ns
The critical path consists of the following:
	'store' operation 0 bit ('store_ln228', ../gen/Hls_Layers_UpConv.tpp:228) of constant 0 on local variable 'i', ../gen/Hls_Layers_UpConv.tpp:228 [19]  (0.427 ns)
	'load' operation 3 bit ('i', ../gen/Hls_Layers_UpConv.tpp:228) on local variable 'i', ../gen/Hls_Layers_UpConv.tpp:228 [22]  (0.000 ns)
	'icmp' operation 1 bit ('icmp_ln228', ../gen/Hls_Layers_UpConv.tpp:228) [23]  (0.673 ns)
	'store' operation 0 bit ('store_ln228', ../gen/Hls_Layers_UpConv.tpp:228) of variable 'add_ln228', ../gen/Hls_Layers_UpConv.tpp:228 on local variable 'i', ../gen/Hls_Layers_UpConv.tpp:228 [53]  (0.427 ns)

 <State 2>: 2.433ns
The critical path consists of the following:
	'getelementptr' operation 256 bit ('gmem_param_addr', ../gen/Hls_Layers_UpConv.tpp:230) [35]  (0.000 ns)
	bus request operation ('gmem_param_load_req', ../gen/Hls_Layers_UpConv.tpp:230) on port 'gmem_param' (../gen/Hls_Layers_UpConv.tpp:230) [36]  (2.433 ns)

 <State 3>: 2.433ns
The critical path consists of the following:
	bus request operation ('gmem_param_load_req', ../gen/Hls_Layers_UpConv.tpp:230) on port 'gmem_param' (../gen/Hls_Layers_UpConv.tpp:230) [36]  (2.433 ns)

 <State 4>: 2.433ns
The critical path consists of the following:
	bus request operation ('gmem_param_load_req', ../gen/Hls_Layers_UpConv.tpp:230) on port 'gmem_param' (../gen/Hls_Layers_UpConv.tpp:230) [36]  (2.433 ns)

 <State 5>: 2.433ns
The critical path consists of the following:
	bus request operation ('gmem_param_load_req', ../gen/Hls_Layers_UpConv.tpp:230) on port 'gmem_param' (../gen/Hls_Layers_UpConv.tpp:230) [36]  (2.433 ns)

 <State 6>: 2.433ns
The critical path consists of the following:
	bus request operation ('gmem_param_load_req', ../gen/Hls_Layers_UpConv.tpp:230) on port 'gmem_param' (../gen/Hls_Layers_UpConv.tpp:230) [36]  (2.433 ns)

 <State 7>: 2.433ns
The critical path consists of the following:
	bus request operation ('gmem_param_load_req', ../gen/Hls_Layers_UpConv.tpp:230) on port 'gmem_param' (../gen/Hls_Layers_UpConv.tpp:230) [36]  (2.433 ns)

 <State 8>: 2.433ns
The critical path consists of the following:
	bus request operation ('gmem_param_load_req', ../gen/Hls_Layers_UpConv.tpp:230) on port 'gmem_param' (../gen/Hls_Layers_UpConv.tpp:230) [36]  (2.433 ns)

 <State 9>: 2.433ns
The critical path consists of the following:
	bus request operation ('gmem_param_load_req', ../gen/Hls_Layers_UpConv.tpp:230) on port 'gmem_param' (../gen/Hls_Layers_UpConv.tpp:230) [36]  (2.433 ns)

 <State 10>: 2.433ns
The critical path consists of the following:
	bus read operation ('gmem_param_addr_read', ../gen/Hls_Layers_UpConv.tpp:230) on port 'gmem_param' (../gen/Hls_Layers_UpConv.tpp:230) [37]  (2.433 ns)

 <State 11>: 2.433ns
The critical path consists of the following:
	bus read operation ('gmem_param_addr_1_read', ../gen/Hls_Layers_UpConv.tpp:231) on port 'gmem_param' (../gen/Hls_Layers_UpConv.tpp:231) [44]  (2.433 ns)

 <State 12>: 2.433ns
The critical path consists of the following:
	bus read operation ('gmem_param_addr_2_read', ../gen/Hls_Layers_UpConv.tpp:232) on port 'gmem_param' (../gen/Hls_Layers_UpConv.tpp:232) [51]  (2.433 ns)

 <State 13>: 1.237ns
The critical path consists of the following:
	'getelementptr' operation 2 bit ('be_buf_addr', ../gen/Hls_Layers_UpConv.tpp:232) [46]  (0.000 ns)
	'store' operation 0 bit ('store_ln232', ../gen/Hls_Layers_UpConv.tpp:232) of variable 'gmem_param_addr_2_read', ../gen/Hls_Layers_UpConv.tpp:232 on array 'be_buf' [52]  (1.237 ns)


============================================================
+ Verbose Summary: Binding
============================================================
N/A
* FSMD analyzer results:
  - Output states:
 - Input state : 
  - Chain level:
	State 1
	State 2
	State 3
	State 4
	State 5
	State 6
	State 7
	State 8
	State 9
	State 10
	State 11
	State 12
	State 13


============================================================
+ Verbose Summary: Datapath Resource usage 
============================================================
N/A
