

================================================================
== Vitis HLS Report for 'dataflow_in_loop_TILE_LOOP_1'
================================================================
* Date:           Thu Jun 18 11:44:32 2026

* Version:        2024.2 (Build 5238294 on Nov  8 2024)
* Project:        upconv_block0
* Solution:       hls (Vivado IP Flow Target)
* Product family: zynquplus
* Target device:  xczu7ev-ffvc1156-2-e


================================================================
== Performance Estimates
================================================================
+ Timing: 
    * Summary: 
    +--------+---------+----------+------------+
    |  Clock |  Target | Estimated| Uncertainty|
    +--------+---------+----------+------------+
    |ap_clk  |  3.33 ns|  3.357 ns|     0.90 ns|
    +--------+---------+----------+------------+

+ Latency: 
    * Summary: 
    +---------+---------+-----------+-----------+------+------+----------+
    |  Latency (cycles) |   Latency (absolute)  |   Interval  | Pipeline |
    |   min   |   max   |    min    |    max    |  min |  max |   Type   |
    +---------+---------+-----------+-----------+------+------+----------+
    |     4341|    13329|  14.573 us|  44.745 us|  4320|  8996|  dataflow|
    +---------+---------+-----------+-----------+------+------+----------+

    + Detail: 
        * Instance: 
        +----------------------------------------------------+-----------------------------------------+---------+---------+-----------+-----------+------+------+-------------------------------------------------+
        |                                                    |                                         |  Latency (cycles) |   Latency (absolute)  |   Interval  |                     Pipeline                    |
        |                      Instance                      |                  Module                 |   min   |   max   |    min    |    max    |  min |  max |                       Type                      |
        +----------------------------------------------------+-----------------------------------------+---------+---------+-----------+-----------+------+------+-------------------------------------------------+
        |grp_uc_load_tile_8_480_60_s_fu_152                  |uc_load_tile_8_480_60_s                  |     4333|     4333|  14.546 us|  14.546 us|  4331|  4331|  loop auto-rewind stp (delay=11 clock cycles(s))|
        |call_ln0_entry_proc_fu_178                          |entry_proc                               |        0|        0|       0 ns|       0 ns|     0|     0|                                               no|
        |grp_uc_compute_tile_8_16_16_60_32_480_480_s_fu_185  |uc_compute_tile_8_16_16_60_32_480_480_s  |        7|     8995|  23.331 ns|  29.980 us|     7|  8995|                                               no|
        +----------------------------------------------------+-----------------------------------------+---------+---------+-----------+-----------+------+------+-------------------------------------------------+

        * Loop: 
        N/A

============================================================
+ Verbose Summary: Synthesis Manager
============================================================
InlineROM: 1
ExposeGlobal: 0
============================================================
+ Verbose Summary: CDFG Model
============================================================
IsTopModel: 0
ResetActiveHigh: 1
IsCombinational: 2
IsDatapathOnly: 0
HasWiredReturn: 1
HasMFsm: 0
HasVarLatency: 1
IsPipeline: 0
IsRtlPipelined: 0
IsInstanceOverlapped: 0
IsDontTouch: 0
HasImplIP: 0
IsGatedGlobalClock: 0


============================================================
+ Verbose Summary: Schedule
============================================================
* Number of FSM states : 4
* Pipeline : 0
* Dataflow Pipeline: 1
  DF-Pipeline-0: Size = 4, States = { 1 2 3 4 }

* FSM state transitions: 
1 --> 2 
2 --> 3 
3 --> 4 
4 --> 

* FSM state operations: 

State 1 <SV = 0> <Delay = 2.01>
ST_1 : Operation 5 [1/1] (0.00ns)   --->   "%tile_0_read = read i6 @_ssdm_op_Read.ap_auto.i6, i6 %tile_0"   --->   Operation 5 'read' 'tile_0_read' <Predicate = true> <Delay = 0.00>
ST_1 : Operation 6 [1/1] (0.00ns)   --->   "%W_ptr_read = read i64 @_ssdm_op_Read.ap_auto.i64, i64 %W_ptr"   --->   Operation 6 'read' 'W_ptr_read' <Predicate = true> <Delay = 0.00>
ST_1 : Operation 7 [1/1] (0.00ns)   --->   "%ho_c = alloca i64 1"   --->   Operation 7 'alloca' 'ho_c' <Predicate = true> <Delay = 0.00> <CoreInst = "FIFO_SRL">   --->   Core 80 'FIFO_SRL' <Latency = 0> <II = 1> <Delay = 1.83> <Storage> <Opcode : 'read' 'write' 'nbread' 'nbwrite'> <Ports = 0> <Width = 5> <Depth = 3> <FIFO>
ST_1 : Operation 8 [1/1] (1.23ns)   --->   "%wbuf = alloca i64 1" [../gen/Hls_Layers_UpConv.tpp:197]   --->   Operation 8 'alloca' 'wbuf' <Predicate = true> <Delay = 1.23> <CoreInst = "RAM_T2P_URAM">   --->   Core 99 'RAM_T2P_URAM' <Latency = 1> <II = 1> <Delay = 1.23> <Storage> <Opcode : 'load' 'store'> <Ports = 2> <Width = 256> <Depth = 540> <RAM>
ST_1 : Operation 9 [1/1] (1.23ns)   --->   "%wbuf_1_179 = alloca i64 1" [../gen/Hls_Layers_UpConv.tpp:197]   --->   Operation 9 'alloca' 'wbuf_1_179' <Predicate = true> <Delay = 1.23> <CoreInst = "RAM_T2P_URAM">   --->   Core 99 'RAM_T2P_URAM' <Latency = 1> <II = 1> <Delay = 1.23> <Storage> <Opcode : 'load' 'store'> <Ports = 2> <Width = 256> <Depth = 540> <RAM>
ST_1 : Operation 10 [1/1] (1.23ns)   --->   "%wbuf_2_180 = alloca i64 1" [../gen/Hls_Layers_UpConv.tpp:197]   --->   Operation 10 'alloca' 'wbuf_2_180' <Predicate = true> <Delay = 1.23> <CoreInst = "RAM_T2P_URAM">   --->   Core 99 'RAM_T2P_URAM' <Latency = 1> <II = 1> <Delay = 1.23> <Storage> <Opcode : 'load' 'store'> <Ports = 2> <Width = 256> <Depth = 540> <RAM>
ST_1 : Operation 11 [1/1] (1.23ns)   --->   "%wbuf_3_181 = alloca i64 1" [../gen/Hls_Layers_UpConv.tpp:197]   --->   Operation 11 'alloca' 'wbuf_3_181' <Predicate = true> <Delay = 1.23> <CoreInst = "RAM_T2P_URAM">   --->   Core 99 'RAM_T2P_URAM' <Latency = 1> <II = 1> <Delay = 1.23> <Storage> <Opcode : 'load' 'store'> <Ports = 2> <Width = 256> <Depth = 540> <RAM>
ST_1 : Operation 12 [1/1] (1.23ns)   --->   "%wbuf_3 = alloca i64 1" [../gen/Hls_Layers_UpConv.tpp:197]   --->   Operation 12 'alloca' 'wbuf_3' <Predicate = true> <Delay = 1.23> <CoreInst = "RAM_T2P_URAM">   --->   Core 99 'RAM_T2P_URAM' <Latency = 1> <II = 1> <Delay = 1.23> <Storage> <Opcode : 'load' 'store'> <Ports = 2> <Width = 256> <Depth = 540> <RAM>
ST_1 : Operation 13 [1/1] (1.23ns)   --->   "%wbuf_2 = alloca i64 1" [../gen/Hls_Layers_UpConv.tpp:197]   --->   Operation 13 'alloca' 'wbuf_2' <Predicate = true> <Delay = 1.23> <CoreInst = "RAM_T2P_URAM">   --->   Core 99 'RAM_T2P_URAM' <Latency = 1> <II = 1> <Delay = 1.23> <Storage> <Opcode : 'load' 'store'> <Ports = 2> <Width = 256> <Depth = 540> <RAM>
ST_1 : Operation 14 [1/1] (1.23ns)   --->   "%wbuf_1 = alloca i64 1" [../gen/Hls_Layers_UpConv.tpp:197]   --->   Operation 14 'alloca' 'wbuf_1' <Predicate = true> <Delay = 1.23> <CoreInst = "RAM_T2P_URAM">   --->   Core 99 'RAM_T2P_URAM' <Latency = 1> <II = 1> <Delay = 1.23> <Storage> <Opcode : 'load' 'store'> <Ports = 2> <Width = 256> <Depth = 540> <RAM>
ST_1 : Operation 15 [1/1] (1.23ns)   --->   "%wbuf_4 = alloca i64 1" [../gen/Hls_Layers_UpConv.tpp:197]   --->   Operation 15 'alloca' 'wbuf_4' <Predicate = true> <Delay = 1.23> <CoreInst = "RAM_T2P_URAM">   --->   Core 99 'RAM_T2P_URAM' <Latency = 1> <II = 1> <Delay = 1.23> <Storage> <Opcode : 'load' 'store'> <Ports = 2> <Width = 256> <Depth = 540> <RAM>
ST_1 : Operation 16 [2/2] (0.77ns)   --->   "%tile_0_c_channel = call i6 @uc_load_tile<8, 480, 60>, i256 %gmem_weight, i64 %W_ptr_read, i6 %tile_0_read, i256 %wbuf_4, i256 %wbuf_1, i256 %wbuf_2, i256 %wbuf_3, i256 %wbuf_3_181, i256 %wbuf_2_180, i256 %wbuf_1_179, i256 %wbuf" [../gen/Hls_Layers_UpConv.tpp:200]   --->   Operation 16 'call' 'tile_0_c_channel' <Predicate = true> <Delay = 0.77> <CoreInst = "FIFO_SRL">   --->   Core 80 'FIFO_SRL' <Latency = 0> <II = 1> <Delay = 1.83> <Storage> <Opcode : 'read' 'write' 'nbread' 'nbwrite'> <Ports = 0> <Width = 6> <Depth = 2> <FIFO>

State 2 <SV = 1> <Delay = 1.21>
ST_2 : Operation 17 [1/1] (0.00ns)   --->   "%ho_read = read i5 @_ssdm_op_Read.ap_auto.i5, i5 %ho"   --->   Operation 17 'read' 'ho_read' <Predicate = true> <Delay = 0.00>
ST_2 : Operation 18 [1/1] (1.21ns)   --->   "%call_ln0 = call void @entry_proc, i5 %ho_read, i5 %ho_c"   --->   Operation 18 'call' 'call_ln0' <Predicate = true> <Delay = 1.21> <CoreType = "Generic">   --->   Generic Core
ST_2 : Operation 19 [1/2] (0.00ns)   --->   "%tile_0_c_channel = call i6 @uc_load_tile<8, 480, 60>, i256 %gmem_weight, i64 %W_ptr_read, i6 %tile_0_read, i256 %wbuf_4, i256 %wbuf_1, i256 %wbuf_2, i256 %wbuf_3, i256 %wbuf_3_181, i256 %wbuf_2_180, i256 %wbuf_1_179, i256 %wbuf" [../gen/Hls_Layers_UpConv.tpp:200]   --->   Operation 19 'call' 'tile_0_c_channel' <Predicate = true> <Delay = 0.00> <CoreInst = "FIFO_SRL">   --->   Core 80 'FIFO_SRL' <Latency = 0> <II = 1> <Delay = 1.83> <Storage> <Opcode : 'read' 'write' 'nbread' 'nbwrite'> <Ports = 0> <Width = 6> <Depth = 2> <FIFO>

State 3 <SV = 2> <Delay = 1.21>
ST_3 : Operation 20 [2/2] (1.21ns)   --->   "%call_ln201 = call void @uc_compute_tile<8, 16, 16, 60, 32, 480, 480>, i256 %wbuf_4, i256 %wbuf_1, i256 %wbuf_2, i256 %wbuf_3, i256 %wbuf_3_181, i256 %wbuf_2_180, i256 %wbuf_1_179, i256 %wbuf, i6 %tile_0_c_channel, i5 %ho_c, i256 %x_buf, i16 %void_UpConv_Fused_Row_ap_uint_ap_uint_const_ap_uint_const_ap_uint_const_ap_u_2, i16 %p_ZZ16UpConv_Fused_RowILi8ELi16ELi16ELi960ELi480EEvP7ap_uintILi256EEPKS1_S4_S4_S4, i16 %void_UpConv_Fused_Row_ap_uint_ap_uint_const_ap_uint_const_ap_uint_const_ap_u_3, i16 %p_ZZ16UpConv_Fused_RowILi8ELi16ELi16ELi960ELi480EEvP7ap_uintILi256EEPKS1_S4_S4_S4_1, i16 %void_UpConv_Fused_Row_ap_uint_ap_uint_const_ap_uint_const_ap_uint_const_ap_u_4, i16 %p_ZZ16UpConv_Fused_RowILi8ELi16ELi16ELi960ELi480EEvP7ap_uintILi256EEPKS1_S4_S4_S4_2, i16 %void_UpConv_Fused_Row_ap_uint_ap_uint_const_ap_uint_const_ap_uint_const_ap_u_5, i16 %p_ZZ16UpConv_Fused_RowILi8ELi16ELi16ELi960ELi480EEvP7ap_uintILi256EEPKS1_S4_S4_S4_3, i16 %void_UpConv_Fused_Row_ap_uint_ap_uint_const_ap_uint_const_ap_uint_const_ap_u_6, i16 %p_ZZ16UpConv_Fused_RowILi8ELi16ELi16ELi960ELi480EEvP7ap_uintILi256EEPKS1_S4_S4_S4_4, i16 %void_UpConv_Fused_Row_ap_uint_ap_uint_const_ap_uint_const_ap_uint_const_ap_u_7, i16 %p_ZZ16UpConv_Fused_RowILi8ELi16ELi16ELi960ELi480EEvP7ap_uintILi256EEPKS1_S4_S4_S4_5, i16 %void_UpConv_Fused_Row_ap_uint_ap_uint_const_ap_uint_const_ap_uint_const_ap_u_8, i16 %void_UpConv_Fused_Row_ap_uint_ap_uint_const_ap_uint_const_ap_uint_const_ap_u, i16 %void_UpConv_Fused_Row_ap_uint_ap_uint_const_ap_uint_const_ap_uint_const_ap_u_9, i16 %void_UpConv_Fused_Row_ap_uint_ap_uint_const_ap_uint_const_ap_uint_const_ap_u_1" [../gen/Hls_Layers_UpConv.tpp:201]   --->   Operation 20 'call' 'call_ln201' <Predicate = true> <Delay = 1.21> <CoreType = "Generic">   --->   Generic Core

State 4 <SV = 3> <Delay = 0.54>
ST_4 : Operation 21 [1/1] (0.00ns)   --->   "%empty = specchannel i32 @_ssdm_op_SpecChannel, void @ho_c_str, i32 1, void @p_str, void @p_str, i32 3, i32 0, i5 %ho_c, i5 %ho_c"   --->   Operation 21 'specchannel' 'empty' <Predicate = true> <Delay = 0.00>
ST_4 : Operation 22 [1/1] (0.00ns)   --->   "%specinterface_ln0 = specinterface void @_ssdm_op_SpecInterface, i5 %ho_c, void @ap_fifo_str, i32 0, i32 0, void @p_str, i32 0, i32 0, void @p_str, void @p_str, void @p_str, i32 2, i32 2, i32 16, i32 16, void @p_str, void @p_str, i32 4294967295, i32 0, i32 0"   --->   Operation 22 'specinterface' 'specinterface_ln0' <Predicate = true> <Delay = 0.00>
ST_4 : Operation 23 [1/1] (0.00ns)   --->   "%specdataflowpipeline_ln0 = specdataflowpipeline void @_ssdm_op_SpecDataflowPipeline, i32 4294967295, i32 0, void @empty_65"   --->   Operation 23 'specdataflowpipeline' 'specdataflowpipeline_ln0' <Predicate = true> <Delay = 0.00>
ST_4 : Operation 24 [1/1] (0.00ns)   --->   "%specinterface_ln0 = specinterface void @_ssdm_op_SpecInterface, i256 %gmem_weight, void @empty_109, i32 0, i32 0, void @empty_65, i32 0, i32 0, void @empty_134, void @empty_67, void @empty_65, i32 16, i32 16, i32 64, i32 16, void @empty_65, void @empty_65, i32 4294967295, i32 0, i32 0"   --->   Operation 24 'specinterface' 'specinterface_ln0' <Predicate = true> <Delay = 0.00>
ST_4 : Operation 25 [1/1] (0.00ns)   --->   "%specmemcore_ln198 = specmemcore void @_ssdm_op_SpecMemCore, i256 %wbuf, i64 666, i64 31, i64 18446744073709551615" [../gen/Hls_Layers_UpConv.tpp:198]   --->   Operation 25 'specmemcore' 'specmemcore_ln198' <Predicate = true> <Delay = 0.00>
ST_4 : Operation 26 [1/1] (0.00ns)   --->   "%specmemcore_ln198 = specmemcore void @_ssdm_op_SpecMemCore, i256 %wbuf_1_179, i64 666, i64 31, i64 18446744073709551615" [../gen/Hls_Layers_UpConv.tpp:198]   --->   Operation 26 'specmemcore' 'specmemcore_ln198' <Predicate = true> <Delay = 0.00>
ST_4 : Operation 27 [1/1] (0.00ns)   --->   "%specmemcore_ln198 = specmemcore void @_ssdm_op_SpecMemCore, i256 %wbuf_2_180, i64 666, i64 31, i64 18446744073709551615" [../gen/Hls_Layers_UpConv.tpp:198]   --->   Operation 27 'specmemcore' 'specmemcore_ln198' <Predicate = true> <Delay = 0.00>
ST_4 : Operation 28 [1/1] (0.00ns)   --->   "%specmemcore_ln198 = specmemcore void @_ssdm_op_SpecMemCore, i256 %wbuf_3_181, i64 666, i64 31, i64 18446744073709551615" [../gen/Hls_Layers_UpConv.tpp:198]   --->   Operation 28 'specmemcore' 'specmemcore_ln198' <Predicate = true> <Delay = 0.00>
ST_4 : Operation 29 [1/1] (0.00ns)   --->   "%specmemcore_ln198 = specmemcore void @_ssdm_op_SpecMemCore, i256 %wbuf_3, i64 666, i64 31, i64 18446744073709551615" [../gen/Hls_Layers_UpConv.tpp:198]   --->   Operation 29 'specmemcore' 'specmemcore_ln198' <Predicate = true> <Delay = 0.00>
ST_4 : Operation 30 [1/1] (0.00ns)   --->   "%specmemcore_ln198 = specmemcore void @_ssdm_op_SpecMemCore, i256 %wbuf_2, i64 666, i64 31, i64 18446744073709551615" [../gen/Hls_Layers_UpConv.tpp:198]   --->   Operation 30 'specmemcore' 'specmemcore_ln198' <Predicate = true> <Delay = 0.00>
ST_4 : Operation 31 [1/1] (0.00ns)   --->   "%specmemcore_ln198 = specmemcore void @_ssdm_op_SpecMemCore, i256 %wbuf_1, i64 666, i64 31, i64 18446744073709551615" [../gen/Hls_Layers_UpConv.tpp:198]   --->   Operation 31 'specmemcore' 'specmemcore_ln198' <Predicate = true> <Delay = 0.00>
ST_4 : Operation 32 [1/1] (0.00ns)   --->   "%specmemcore_ln198 = specmemcore void @_ssdm_op_SpecMemCore, i256 %wbuf_4, i64 666, i64 31, i64 18446744073709551615" [../gen/Hls_Layers_UpConv.tpp:198]   --->   Operation 32 'specmemcore' 'specmemcore_ln198' <Predicate = true> <Delay = 0.00>
ST_4 : Operation 33 [1/2] (0.54ns)   --->   "%call_ln201 = call void @uc_compute_tile<8, 16, 16, 60, 32, 480, 480>, i256 %wbuf_4, i256 %wbuf_1, i256 %wbuf_2, i256 %wbuf_3, i256 %wbuf_3_181, i256 %wbuf_2_180, i256 %wbuf_1_179, i256 %wbuf, i6 %tile_0_c_channel, i5 %ho_c, i256 %x_buf, i16 %void_UpConv_Fused_Row_ap_uint_ap_uint_const_ap_uint_const_ap_uint_const_ap_u_2, i16 %p_ZZ16UpConv_Fused_RowILi8ELi16ELi16ELi960ELi480EEvP7ap_uintILi256EEPKS1_S4_S4_S4, i16 %void_UpConv_Fused_Row_ap_uint_ap_uint_const_ap_uint_const_ap_uint_const_ap_u_3, i16 %p_ZZ16UpConv_Fused_RowILi8ELi16ELi16ELi960ELi480EEvP7ap_uintILi256EEPKS1_S4_S4_S4_1, i16 %void_UpConv_Fused_Row_ap_uint_ap_uint_const_ap_uint_const_ap_uint_const_ap_u_4, i16 %p_ZZ16UpConv_Fused_RowILi8ELi16ELi16ELi960ELi480EEvP7ap_uintILi256EEPKS1_S4_S4_S4_2, i16 %void_UpConv_Fused_Row_ap_uint_ap_uint_const_ap_uint_const_ap_uint_const_ap_u_5, i16 %p_ZZ16UpConv_Fused_RowILi8ELi16ELi16ELi960ELi480EEvP7ap_uintILi256EEPKS1_S4_S4_S4_3, i16 %void_UpConv_Fused_Row_ap_uint_ap_uint_const_ap_uint_const_ap_uint_const_ap_u_6, i16 %p_ZZ16UpConv_Fused_RowILi8ELi16ELi16ELi960ELi480EEvP7ap_uintILi256EEPKS1_S4_S4_S4_4, i16 %void_UpConv_Fused_Row_ap_uint_ap_uint_const_ap_uint_const_ap_uint_const_ap_u_7, i16 %p_ZZ16UpConv_Fused_RowILi8ELi16ELi16ELi960ELi480EEvP7ap_uintILi256EEPKS1_S4_S4_S4_5, i16 %void_UpConv_Fused_Row_ap_uint_ap_uint_const_ap_uint_const_ap_uint_const_ap_u_8, i16 %void_UpConv_Fused_Row_ap_uint_ap_uint_const_ap_uint_const_ap_uint_const_ap_u, i16 %void_UpConv_Fused_Row_ap_uint_ap_uint_const_ap_uint_const_ap_uint_const_ap_u_9, i16 %void_UpConv_Fused_Row_ap_uint_ap_uint_const_ap_uint_const_ap_uint_const_ap_u_1" [../gen/Hls_Layers_UpConv.tpp:201]   --->   Operation 33 'call' 'call_ln201' <Predicate = true> <Delay = 0.54> <CoreType = "Generic">   --->   Generic Core
ST_4 : Operation 34 [1/1] (0.00ns)   --->   "%ret_ln0 = ret"   --->   Operation 34 'ret' 'ret_ln0' <Predicate = true> <Delay = 0.00>


============================================================
+ Verbose Summary: Binding
============================================================
STG Binding: 
---------------- STG Properties BEGIN ----------------
- Is combinational: 0
- Is one-state seq: 0
- Is datapath-only: 0
- Is pipelined: 0
- Is top level: 0
Port [ Return ] is wired: 1; IO mode=ap_ctrl_hs:ce=0
Port [ gmem_weight]:  wired=1; compound=1; hidden=0; nouse=0; global=0; static=0; extern=0; dir=0; type=4; pingpong=0; private_global=0; IO mode=m_axi:ce=0
Port [ W_ptr]:  wired=1; compound=0; hidden=0; nouse=0; global=0; static=0; extern=0; dir=0; type=0; pingpong=0; private_global=0; IO mode=ap_none:ce=0
Port [ tile_0]:  wired=1; compound=0; hidden=0; nouse=0; global=0; static=0; extern=0; dir=0; type=0; pingpong=0; private_global=0; IO mode=ap_none:ce=0
Port [ ho]:  wired=1; compound=0; hidden=0; nouse=0; global=0; static=0; extern=0; dir=0; type=0; pingpong=0; private_global=0; IO mode=ap_none:ce=0
Port [ x_buf]:  wired=1; compound=1; hidden=0; nouse=0; global=1; static=1; extern=0; dir=0; type=1; pingpong=0; private_global=0; MemPort=[13]; IO mode=ap_memory:ce=0
Port [ void_UpConv_Fused_Row_ap_uint_ap_uint_const_ap_uint_const_ap_uint_const_ap_u_2]:  wired=1; compound=1; hidden=0; nouse=0; global=1; static=1; extern=0; dir=2; type=1; pingpong=0; private_global=0; MemPort=[01]; IO mode=ap_memory:ce=0
Port [ p_ZZ16UpConv_Fused_RowILi8ELi16ELi16ELi960ELi480EEvP7ap_uintILi256EEPKS1_S4_S4_S4]:  wired=1; compound=1; hidden=0; nouse=0; global=1; static=1; extern=0; dir=2; type=1; pingpong=0; private_global=0; MemPort=[01]; IO mode=ap_memory:ce=0
Port [ void_UpConv_Fused_Row_ap_uint_ap_uint_const_ap_uint_const_ap_uint_const_ap_u_3]:  wired=1; compound=1; hidden=0; nouse=0; global=1; static=1; extern=0; dir=2; type=1; pingpong=0; private_global=0; MemPort=[01]; IO mode=ap_memory:ce=0
Port [ p_ZZ16UpConv_Fused_RowILi8ELi16ELi16ELi960ELi480EEvP7ap_uintILi256EEPKS1_S4_S4_S4_1]:  wired=1; compound=1; hidden=0; nouse=0; global=1; static=1; extern=0; dir=2; type=1; pingpong=0; private_global=0; MemPort=[01]; IO mode=ap_memory:ce=0
Port [ void_UpConv_Fused_Row_ap_uint_ap_uint_const_ap_uint_const_ap_uint_const_ap_u_4]:  wired=1; compound=1; hidden=0; nouse=0; global=1; static=1; extern=0; dir=2; type=1; pingpong=0; private_global=0; MemPort=[01]; IO mode=ap_memory:ce=0
Port [ p_ZZ16UpConv_Fused_RowILi8ELi16ELi16ELi960ELi480EEvP7ap_uintILi256EEPKS1_S4_S4_S4_2]:  wired=1; compound=1; hidden=0; nouse=0; global=1; static=1; extern=0; dir=2; type=1; pingpong=0; private_global=0; MemPort=[01]; IO mode=ap_memory:ce=0
Port [ void_UpConv_Fused_Row_ap_uint_ap_uint_const_ap_uint_const_ap_uint_const_ap_u_5]:  wired=1; compound=1; hidden=0; nouse=0; global=1; static=1; extern=0; dir=2; type=1; pingpong=0; private_global=0; MemPort=[01]; IO mode=ap_memory:ce=0
Port [ p_ZZ16UpConv_Fused_RowILi8ELi16ELi16ELi960ELi480EEvP7ap_uintILi256EEPKS1_S4_S4_S4_3]:  wired=1; compound=1; hidden=0; nouse=0; global=1; static=1; extern=0; dir=2; type=1; pingpong=0; private_global=0; MemPort=[01]; IO mode=ap_memory:ce=0
Port [ void_UpConv_Fused_Row_ap_uint_ap_uint_const_ap_uint_const_ap_uint_const_ap_u_6]:  wired=1; compound=1; hidden=0; nouse=0; global=1; static=1; extern=0; dir=2; type=1; pingpong=0; private_global=0; MemPort=[01]; IO mode=ap_memory:ce=0
Port [ p_ZZ16UpConv_Fused_RowILi8ELi16ELi16ELi960ELi480EEvP7ap_uintILi256EEPKS1_S4_S4_S4_4]:  wired=1; compound=1; hidden=0; nouse=0; global=1; static=1; extern=0; dir=2; type=1; pingpong=0; private_global=0; MemPort=[01]; IO mode=ap_memory:ce=0
Port [ void_UpConv_Fused_Row_ap_uint_ap_uint_const_ap_uint_const_ap_uint_const_ap_u_7]:  wired=1; compound=1; hidden=0; nouse=0; global=1; static=1; extern=0; dir=2; type=1; pingpong=0; private_global=0; MemPort=[01]; IO mode=ap_memory:ce=0
Port [ p_ZZ16UpConv_Fused_RowILi8ELi16ELi16ELi960ELi480EEvP7ap_uintILi256EEPKS1_S4_S4_S4_5]:  wired=1; compound=1; hidden=0; nouse=0; global=1; static=1; extern=0; dir=2; type=1; pingpong=0; private_global=0; MemPort=[01]; IO mode=ap_memory:ce=0
Port [ void_UpConv_Fused_Row_ap_uint_ap_uint_const_ap_uint_const_ap_uint_const_ap_u_8]:  wired=1; compound=1; hidden=0; nouse=0; global=1; static=1; extern=0; dir=2; type=1; pingpong=0; private_global=0; MemPort=[01]; IO mode=ap_memory:ce=0
Port [ void_UpConv_Fused_Row_ap_uint_ap_uint_const_ap_uint_const_ap_uint_const_ap_u]:  wired=1; compound=1; hidden=0; nouse=0; global=1; static=1; extern=0; dir=2; type=1; pingpong=0; private_global=0; MemPort=[01]; IO mode=ap_memory:ce=0
Port [ void_UpConv_Fused_Row_ap_uint_ap_uint_const_ap_uint_const_ap_uint_const_ap_u_9]:  wired=1; compound=1; hidden=0; nouse=0; global=1; static=1; extern=0; dir=2; type=1; pingpong=0; private_global=0; MemPort=[01]; IO mode=ap_memory:ce=0
Port [ void_UpConv_Fused_Row_ap_uint_ap_uint_const_ap_uint_const_ap_uint_const_ap_u_1]:  wired=1; compound=1; hidden=0; nouse=0; global=1; static=1; extern=0; dir=2; type=1; pingpong=0; private_global=0; MemPort=[01]; IO mode=ap_memory:ce=0
---------------- STG Properties END ------------------

---------------- Datapath Model BEGIN ----------------

<LifeTime>
<method=bitvector/>
tile_0_read              (read                ) [ 00100]
W_ptr_read               (read                ) [ 00100]
ho_c                     (alloca              ) [ 00111]
wbuf                     (alloca              ) [ 00111]
wbuf_1_179               (alloca              ) [ 00111]
wbuf_2_180               (alloca              ) [ 00111]
wbuf_3_181               (alloca              ) [ 00111]
wbuf_3                   (alloca              ) [ 00111]
wbuf_2                   (alloca              ) [ 00111]
wbuf_1                   (alloca              ) [ 00111]
wbuf_4                   (alloca              ) [ 00111]
ho_read                  (read                ) [ 00000]
call_ln0                 (call                ) [ 00000]
tile_0_c_channel         (call                ) [ 00011]
empty                    (specchannel         ) [ 00000]
specinterface_ln0        (specinterface       ) [ 00000]
specdataflowpipeline_ln0 (specdataflowpipeline) [ 00000]
specinterface_ln0        (specinterface       ) [ 00000]
specmemcore_ln198        (specmemcore         ) [ 00000]
specmemcore_ln198        (specmemcore         ) [ 00000]
specmemcore_ln198        (specmemcore         ) [ 00000]
specmemcore_ln198        (specmemcore         ) [ 00000]
specmemcore_ln198        (specmemcore         ) [ 00000]
specmemcore_ln198        (specmemcore         ) [ 00000]
specmemcore_ln198        (specmemcore         ) [ 00000]
specmemcore_ln198        (specmemcore         ) [ 00000]
call_ln201               (call                ) [ 00000]
ret_ln0                  (ret                 ) [ 00000]
</LifeTime>

<model>

<comp_list>
<comp id="0" class="1000" name="gmem_weight">
<pin_list>
<pin id="1" dir="1" index="0" bw="1" slack="0"/>
</pin_list>
<bind>
<StgValue><ssdm name="gmem_weight"/><MemPortTyVec>0 </MemPortTyVec>
</StgValue>
</bind>
</comp>

<comp id="2" class="1000" name="W_ptr">
<pin_list>
<pin id="3" dir="1" index="0" bw="1" slack="0"/>
</pin_list>
<bind>
<StgValue><ssdm name="W_ptr"/></StgValue>
</bind>
</comp>

<comp id="4" class="1000" name="tile_0">
<pin_list>
<pin id="5" dir="1" index="0" bw="1" slack="0"/>
</pin_list>
<bind>
<StgValue><ssdm name="tile_0"/></StgValue>
</bind>
</comp>

<comp id="6" class="1000" name="ho">
<pin_list>
<pin id="7" dir="1" index="0" bw="1" slack="0"/>
</pin_list>
<bind>
<StgValue><ssdm name="ho"/></StgValue>
</bind>
</comp>

<comp id="8" class="1000" name="x_buf">
<pin_list>
<pin id="9" dir="1" index="0" bw="1" slack="0"/>
</pin_list>
<bind>
<StgValue><ssdm name="x_buf"/><MemPortTyVec>1 3 </MemPortTyVec>
</StgValue>
</bind>
</comp>

<comp id="10" class="1000" name="void_UpConv_Fused_Row_ap_uint_ap_uint_const_ap_uint_const_ap_uint_const_ap_u_2">
<pin_list>
<pin id="11" dir="1" index="0" bw="1" slack="0"/>
</pin_list>
<bind>
<StgValue><ssdm name="void_UpConv_Fused_Row_ap_uint_ap_uint_const_ap_uint_const_ap_uint_const_ap_u_2"/><MemPortTyVec>0 1 </MemPortTyVec>
</StgValue>
</bind>
</comp>

<comp id="12" class="1000" name="p_ZZ16UpConv_Fused_RowILi8ELi16ELi16ELi960ELi480EEvP7ap_uintILi256EEPKS1_S4_S4_S4">
<pin_list>
<pin id="13" dir="1" index="0" bw="1" slack="0"/>
</pin_list>
<bind>
<StgValue><ssdm name="p_ZZ16UpConv_Fused_RowILi8ELi16ELi16ELi960ELi480EEvP7ap_uintILi256EEPKS1_S4_S4_S4"/><MemPortTyVec>0 1 </MemPortTyVec>
</StgValue>
</bind>
</comp>

<comp id="14" class="1000" name="void_UpConv_Fused_Row_ap_uint_ap_uint_const_ap_uint_const_ap_uint_const_ap_u_3">
<pin_list>
<pin id="15" dir="1" index="0" bw="1" slack="0"/>
</pin_list>
<bind>
<StgValue><ssdm name="void_UpConv_Fused_Row_ap_uint_ap_uint_const_ap_uint_const_ap_uint_const_ap_u_3"/><MemPortTyVec>0 1 </MemPortTyVec>
</StgValue>
</bind>
</comp>

<comp id="16" class="1000" name="p_ZZ16UpConv_Fused_RowILi8ELi16ELi16ELi960ELi480EEvP7ap_uintILi256EEPKS1_S4_S4_S4_1">
<pin_list>
<pin id="17" dir="1" index="0" bw="1" slack="0"/>
</pin_list>
<bind>
<StgValue><ssdm name="p_ZZ16UpConv_Fused_RowILi8ELi16ELi16ELi960ELi480EEvP7ap_uintILi256EEPKS1_S4_S4_S4_1"/><MemPortTyVec>0 1 </MemPortTyVec>
</StgValue>
</bind>
</comp>

<comp id="18" class="1000" name="void_UpConv_Fused_Row_ap_uint_ap_uint_const_ap_uint_const_ap_uint_const_ap_u_4">
<pin_list>
<pin id="19" dir="1" index="0" bw="1" slack="0"/>
</pin_list>
<bind>
<StgValue><ssdm name="void_UpConv_Fused_Row_ap_uint_ap_uint_const_ap_uint_const_ap_uint_const_ap_u_4"/><MemPortTyVec>0 1 </MemPortTyVec>
</StgValue>
</bind>
</comp>

<comp id="20" class="1000" name="p_ZZ16UpConv_Fused_RowILi8ELi16ELi16ELi960ELi480EEvP7ap_uintILi256EEPKS1_S4_S4_S4_2">
<pin_list>
<pin id="21" dir="1" index="0" bw="1" slack="0"/>
</pin_list>
<bind>
<StgValue><ssdm name="p_ZZ16UpConv_Fused_RowILi8ELi16ELi16ELi960ELi480EEvP7ap_uintILi256EEPKS1_S4_S4_S4_2"/><MemPortTyVec>0 1 </MemPortTyVec>
</StgValue>
</bind>
</comp>

<comp id="22" class="1000" name="void_UpConv_Fused_Row_ap_uint_ap_uint_const_ap_uint_const_ap_uint_const_ap_u_5">
<pin_list>
<pin id="23" dir="1" index="0" bw="1" slack="0"/>
</pin_list>
<bind>
<StgValue><ssdm name="void_UpConv_Fused_Row_ap_uint_ap_uint_const_ap_uint_const_ap_uint_const_ap_u_5"/><MemPortTyVec>0 1 </MemPortTyVec>
</StgValue>
</bind>
</comp>

<comp id="24" class="1000" name="p_ZZ16UpConv_Fused_RowILi8ELi16ELi16ELi960ELi480EEvP7ap_uintILi256EEPKS1_S4_S4_S4_3">
<pin_list>
<pin id="25" dir="1" index="0" bw="1" slack="0"/>
</pin_list>
<bind>
<StgValue><ssdm name="p_ZZ16UpConv_Fused_RowILi8ELi16ELi16ELi960ELi480EEvP7ap_uintILi256EEPKS1_S4_S4_S4_3"/><MemPortTyVec>0 1 </MemPortTyVec>
</StgValue>
</bind>
</comp>

<comp id="26" class="1000" name="void_UpConv_Fused_Row_ap_uint_ap_uint_const_ap_uint_const_ap_uint_const_ap_u_6">
<pin_list>
<pin id="27" dir="1" index="0" bw="1" slack="0"/>
</pin_list>
<bind>
<StgValue><ssdm name="void_UpConv_Fused_Row_ap_uint_ap_uint_const_ap_uint_const_ap_uint_const_ap_u_6"/><MemPortTyVec>0 1 </MemPortTyVec>
</StgValue>
</bind>
</comp>

<comp id="28" class="1000" name="p_ZZ16UpConv_Fused_RowILi8ELi16ELi16ELi960ELi480EEvP7ap_uintILi256EEPKS1_S4_S4_S4_4">
<pin_list>
<pin id="29" dir="1" index="0" bw="1" slack="0"/>
</pin_list>
<bind>
<StgValue><ssdm name="p_ZZ16UpConv_Fused_RowILi8ELi16ELi16ELi960ELi480EEvP7ap_uintILi256EEPKS1_S4_S4_S4_4"/><MemPortTyVec>0 1 </MemPortTyVec>
</StgValue>
</bind>
</comp>

<comp id="30" class="1000" name="void_UpConv_Fused_Row_ap_uint_ap_uint_const_ap_uint_const_ap_uint_const_ap_u_7">
<pin_list>
<pin id="31" dir="1" index="0" bw="1" slack="0"/>
</pin_list>
<bind>
<StgValue><ssdm name="void_UpConv_Fused_Row_ap_uint_ap_uint_const_ap_uint_const_ap_uint_const_ap_u_7"/><MemPortTyVec>0 1 </MemPortTyVec>
</StgValue>
</bind>
</comp>

<comp id="32" class="1000" name="p_ZZ16UpConv_Fused_RowILi8ELi16ELi16ELi960ELi480EEvP7ap_uintILi256EEPKS1_S4_S4_S4_5">
<pin_list>
<pin id="33" dir="1" index="0" bw="1" slack="0"/>
</pin_list>
<bind>
<StgValue><ssdm name="p_ZZ16UpConv_Fused_RowILi8ELi16ELi16ELi960ELi480EEvP7ap_uintILi256EEPKS1_S4_S4_S4_5"/><MemPortTyVec>0 1 </MemPortTyVec>
</StgValue>
</bind>
</comp>

<comp id="34" class="1000" name="void_UpConv_Fused_Row_ap_uint_ap_uint_const_ap_uint_const_ap_uint_const_ap_u_8">
<pin_list>
<pin id="35" dir="1" index="0" bw="1" slack="0"/>
</pin_list>
<bind>
<StgValue><ssdm name="void_UpConv_Fused_Row_ap_uint_ap_uint_const_ap_uint_const_ap_uint_const_ap_u_8"/><MemPortTyVec>0 1 </MemPortTyVec>
</StgValue>
</bind>
</comp>

<comp id="36" class="1000" name="void_UpConv_Fused_Row_ap_uint_ap_uint_const_ap_uint_const_ap_uint_const_ap_u">
<pin_list>
<pin id="37" dir="1" index="0" bw="1" slack="0"/>
</pin_list>
<bind>
<StgValue><ssdm name="void_UpConv_Fused_Row_ap_uint_ap_uint_const_ap_uint_const_ap_uint_const_ap_u"/><MemPortTyVec>0 1 </MemPortTyVec>
</StgValue>
</bind>
</comp>

<comp id="38" class="1000" name="void_UpConv_Fused_Row_ap_uint_ap_uint_const_ap_uint_const_ap_uint_const_ap_u_9">
<pin_list>
<pin id="39" dir="1" index="0" bw="1" slack="0"/>
</pin_list>
<bind>
<StgValue><ssdm name="void_UpConv_Fused_Row_ap_uint_ap_uint_const_ap_uint_const_ap_uint_const_ap_u_9"/><MemPortTyVec>0 1 </MemPortTyVec>
</StgValue>
</bind>
</comp>

<comp id="40" class="1000" name="void_UpConv_Fused_Row_ap_uint_ap_uint_const_ap_uint_const_ap_uint_const_ap_u_1">
<pin_list>
<pin id="41" dir="1" index="0" bw="1" slack="0"/>
</pin_list>
<bind>
<StgValue><ssdm name="void_UpConv_Fused_Row_ap_uint_ap_uint_const_ap_uint_const_ap_uint_const_ap_u_1"/><MemPortTyVec>0 1 </MemPortTyVec>
</StgValue>
</bind>
</comp>

<comp id="42" class="1001" name="const_42">
<pin_list>
<pin id="43" dir="1" index="0" bw="1" slack="0"/>
</pin_list>
<bind>
<StgValue><ssdm name="_ssdm_op_Read.ap_auto.i6"/></StgValue>
</bind>
</comp>

<comp id="44" class="1001" name="const_44">
<pin_list>
<pin id="45" dir="1" index="0" bw="1" slack="0"/>
</pin_list>
<bind>
<StgValue><ssdm name="_ssdm_op_Read.ap_auto.i64"/></StgValue>
</bind>
</comp>

<comp id="46" class="1001" name="const_46">
<pin_list>
<pin id="47" dir="1" index="0" bw="1" slack="0"/>
</pin_list>
<bind>
<StgValue><ssdm name=""/></StgValue>
</bind>
</comp>

<comp id="48" class="1001" name="const_48">
<pin_list>
<pin id="49" dir="1" index="0" bw="1" slack="0"/>
</pin_list>
<bind>
<StgValue><ssdm name="uc_load_tile<8, 480, 60>"/></StgValue>
</bind>
</comp>

<comp id="50" class="1001" name="const_50">
<pin_list>
<pin id="51" dir="1" index="0" bw="1" slack="0"/>
</pin_list>
<bind>
<StgValue><ssdm name="_ssdm_op_Read.ap_auto.i5"/></StgValue>
</bind>
</comp>

<comp id="52" class="1001" name="const_52">
<pin_list>
<pin id="53" dir="1" index="0" bw="1" slack="0"/>
</pin_list>
<bind>
<StgValue><ssdm name="entry_proc"/></StgValue>
</bind>
</comp>

<comp id="54" class="1001" name="const_54">
<pin_list>
<pin id="55" dir="1" index="0" bw="1" slack="0"/>
</pin_list>
<bind>
<StgValue><ssdm name="uc_compute_tile<8, 16, 16, 60, 32, 480, 480>"/></StgValue>
</bind>
</comp>

<comp id="56" class="1001" name="const_56">
<pin_list>
<pin id="57" dir="1" index="0" bw="1" slack="2147483647"/>
</pin_list>
<bind>
<StgValue><ssdm name="_ssdm_op_SpecChannel"/></StgValue>
</bind>
</comp>

<comp id="58" class="1001" name="const_58">
<pin_list>
<pin id="59" dir="1" index="0" bw="1" slack="2147483647"/>
</pin_list>
<bind>
<StgValue><ssdm name="ho_c_str"/></StgValue>
</bind>
</comp>

<comp id="60" class="1001" name="const_60">
<pin_list>
<pin id="61" dir="1" index="0" bw="1" slack="2147483647"/>
</pin_list>
<bind>
<StgValue><ssdm name=""/></StgValue>
</bind>
</comp>

<comp id="62" class="1001" name="const_62">
<pin_list>
<pin id="63" dir="1" index="0" bw="1" slack="2147483647"/>
</pin_list>
<bind>
<StgValue><ssdm name="p_str"/></StgValue>
</bind>
</comp>

<comp id="64" class="1001" name="const_64">
<pin_list>
<pin id="65" dir="1" index="0" bw="1" slack="2147483647"/>
</pin_list>
<bind>
<StgValue><ssdm name=""/></StgValue>
</bind>
</comp>

<comp id="66" class="1001" name="const_66">
<pin_list>
<pin id="67" dir="1" index="0" bw="1" slack="2147483647"/>
</pin_list>
<bind>
<StgValue><ssdm name=""/></StgValue>
</bind>
</comp>

<comp id="68" class="1001" name="const_68">
<pin_list>
<pin id="69" dir="1" index="0" bw="1" slack="2147483647"/>
</pin_list>
<bind>
<StgValue><ssdm name="_ssdm_op_SpecInterface"/></StgValue>
</bind>
</comp>

<comp id="70" class="1001" name="const_70">
<pin_list>
<pin id="71" dir="1" index="0" bw="1" slack="2147483647"/>
</pin_list>
<bind>
<StgValue><ssdm name="ap_fifo_str"/></StgValue>
</bind>
</comp>

<comp id="72" class="1001" name="const_72">
<pin_list>
<pin id="73" dir="1" index="0" bw="1" slack="2147483647"/>
</pin_list>
<bind>
<StgValue><ssdm name=""/></StgValue>
</bind>
</comp>

<comp id="74" class="1001" name="const_74">
<pin_list>
<pin id="75" dir="1" index="0" bw="1" slack="2147483647"/>
</pin_list>
<bind>
<StgValue><ssdm name=""/></StgValue>
</bind>
</comp>

<comp id="76" class="1001" name="const_76">
<pin_list>
<pin id="77" dir="1" index="0" bw="1" slack="2147483647"/>
</pin_list>
<bind>
<StgValue><ssdm name=""/></StgValue>
</bind>
</comp>

<comp id="78" class="1001" name="const_78">
<pin_list>
<pin id="79" dir="1" index="0" bw="1" slack="2147483647"/>
</pin_list>
<bind>
<StgValue><ssdm name="_ssdm_op_SpecDataflowPipeline"/></StgValue>
</bind>
</comp>

<comp id="80" class="1001" name="const_80">
<pin_list>
<pin id="81" dir="1" index="0" bw="1" slack="2147483647"/>
</pin_list>
<bind>
<StgValue><ssdm name="empty_65"/></StgValue>
</bind>
</comp>

<comp id="82" class="1001" name="const_82">
<pin_list>
<pin id="83" dir="1" index="0" bw="1" slack="2147483647"/>
</pin_list>
<bind>
<StgValue><ssdm name="empty_109"/></StgValue>
</bind>
</comp>

<comp id="84" class="1001" name="const_84">
<pin_list>
<pin id="85" dir="1" index="0" bw="1" slack="2147483647"/>
</pin_list>
<bind>
<StgValue><ssdm name="empty_134"/></StgValue>
</bind>
</comp>

<comp id="86" class="1001" name="const_86">
<pin_list>
<pin id="87" dir="1" index="0" bw="1" slack="2147483647"/>
</pin_list>
<bind>
<StgValue><ssdm name="empty_67"/></StgValue>
</bind>
</comp>

<comp id="88" class="1001" name="const_88">
<pin_list>
<pin id="89" dir="1" index="0" bw="1" slack="2147483647"/>
</pin_list>
<bind>
<StgValue><ssdm name=""/></StgValue>
</bind>
</comp>

<comp id="90" class="1001" name="const_90">
<pin_list>
<pin id="91" dir="1" index="0" bw="1" slack="2147483647"/>
</pin_list>
<bind>
<StgValue><ssdm name="_ssdm_op_SpecMemCore"/></StgValue>
</bind>
</comp>

<comp id="92" class="1001" name="const_92">
<pin_list>
<pin id="93" dir="1" index="0" bw="1" slack="2147483647"/>
</pin_list>
<bind>
<StgValue><ssdm name=""/></StgValue>
</bind>
</comp>

<comp id="94" class="1001" name="const_94">
<pin_list>
<pin id="95" dir="1" index="0" bw="1" slack="2147483647"/>
</pin_list>
<bind>
<StgValue><ssdm name=""/></StgValue>
</bind>
</comp>

<comp id="96" class="1001" name="const_96">
<pin_list>
<pin id="97" dir="1" index="0" bw="1" slack="2147483647"/>
</pin_list>
<bind>
<StgValue><ssdm name=""/></StgValue>
</bind>
</comp>

<comp id="98" class="1004" name="ho_c_fu_98">
<pin_list>
<pin id="99" dir="0" index="0" bw="1" slack="0"/>
<pin id="100" dir="1" index="1" bw="5" slack="1"/>
</pin_list>
<bind>
<opcode="alloca(26) " fcode="alloca"/>
<opset="ho_c/1 "/>
</bind>
</comp>

<comp id="102" class="1004" name="wbuf_alloca_fu_102">
<pin_list>
<pin id="103" dir="0" index="0" bw="1" slack="0"/>
<pin id="104" dir="1" index="1" bw="256" slack="0"/>
</pin_list>
<bind>
<opcode="alloca(26) " fcode="alloca"/>
<opset="wbuf/1 "/>
</bind>
</comp>

<comp id="106" class="1004" name="wbuf_1_179_alloca_fu_106">
<pin_list>
<pin id="107" dir="0" index="0" bw="1" slack="0"/>
<pin id="108" dir="1" index="1" bw="256" slack="0"/>
</pin_list>
<bind>
<opcode="alloca(26) " fcode="alloca"/>
<opset="wbuf_1_179/1 "/>
</bind>
</comp>

<comp id="110" class="1004" name="wbuf_2_180_alloca_fu_110">
<pin_list>
<pin id="111" dir="0" index="0" bw="1" slack="0"/>
<pin id="112" dir="1" index="1" bw="256" slack="0"/>
</pin_list>
<bind>
<opcode="alloca(26) " fcode="alloca"/>
<opset="wbuf_2_180/1 "/>
</bind>
</comp>

<comp id="114" class="1004" name="wbuf_3_181_alloca_fu_114">
<pin_list>
<pin id="115" dir="0" index="0" bw="1" slack="0"/>
<pin id="116" dir="1" index="1" bw="256" slack="0"/>
</pin_list>
<bind>
<opcode="alloca(26) " fcode="alloca"/>
<opset="wbuf_3_181/1 "/>
</bind>
</comp>

<comp id="118" class="1004" name="wbuf_3_alloca_fu_118">
<pin_list>
<pin id="119" dir="0" index="0" bw="1" slack="0"/>
<pin id="120" dir="1" index="1" bw="256" slack="0"/>
</pin_list>
<bind>
<opcode="alloca(26) " fcode="alloca"/>
<opset="wbuf_3/1 "/>
</bind>
</comp>

<comp id="122" class="1004" name="wbuf_2_alloca_fu_122">
<pin_list>
<pin id="123" dir="0" index="0" bw="1" slack="0"/>
<pin id="124" dir="1" index="1" bw="256" slack="0"/>
</pin_list>
<bind>
<opcode="alloca(26) " fcode="alloca"/>
<opset="wbuf_2/1 "/>
</bind>
</comp>

<comp id="126" class="1004" name="wbuf_1_alloca_fu_126">
<pin_list>
<pin id="127" dir="0" index="0" bw="1" slack="0"/>
<pin id="128" dir="1" index="1" bw="256" slack="0"/>
</pin_list>
<bind>
<opcode="alloca(26) " fcode="alloca"/>
<opset="wbuf_1/1 "/>
</bind>
</comp>

<comp id="130" class="1004" name="wbuf_4_alloca_fu_130">
<pin_list>
<pin id="131" dir="0" index="0" bw="1" slack="0"/>
<pin id="132" dir="1" index="1" bw="256" slack="0"/>
</pin_list>
<bind>
<opcode="alloca(26) " fcode="alloca"/>
<opset="wbuf_4/1 "/>
</bind>
</comp>

<comp id="134" class="1004" name="tile_0_read_read_fu_134">
<pin_list>
<pin id="135" dir="0" index="0" bw="6" slack="0"/>
<pin id="136" dir="0" index="1" bw="6" slack="0"/>
<pin id="137" dir="1" index="2" bw="6" slack="0"/>
</pin_list>
<bind>
<opcode="read(1150) " fcode="read"/>
<opset="tile_0_read/1 "/>
</bind>
</comp>

<comp id="140" class="1004" name="W_ptr_read_read_fu_140">
<pin_list>
<pin id="141" dir="0" index="0" bw="64" slack="0"/>
<pin id="142" dir="0" index="1" bw="64" slack="0"/>
<pin id="143" dir="1" index="2" bw="64" slack="0"/>
</pin_list>
<bind>
<opcode="read(1150) " fcode="read"/>
<opset="W_ptr_read/1 "/>
</bind>
</comp>

<comp id="146" class="1004" name="ho_read_read_fu_146">
<pin_list>
<pin id="147" dir="0" index="0" bw="5" slack="0"/>
<pin id="148" dir="0" index="1" bw="5" slack="0"/>
<pin id="149" dir="1" index="2" bw="5" slack="0"/>
</pin_list>
<bind>
<opcode="read(1150) " fcode="read"/>
<opset="ho_read/2 "/>
</bind>
</comp>

<comp id="152" class="1004" name="grp_uc_load_tile_8_480_60_s_fu_152">
<pin_list>
<pin id="153" dir="0" index="0" bw="6" slack="0"/>
<pin id="154" dir="0" index="1" bw="256" slack="0"/>
<pin id="155" dir="0" index="2" bw="64" slack="0"/>
<pin id="156" dir="0" index="3" bw="6" slack="0"/>
<pin id="157" dir="0" index="4" bw="256" slack="0"/>
<pin id="158" dir="0" index="5" bw="256" slack="0"/>
<pin id="159" dir="0" index="6" bw="256" slack="0"/>
<pin id="160" dir="0" index="7" bw="256" slack="0"/>
<pin id="161" dir="0" index="8" bw="256" slack="0"/>
<pin id="162" dir="0" index="9" bw="256" slack="0"/>
<pin id="163" dir="0" index="10" bw="256" slack="0"/>
<pin id="164" dir="0" index="11" bw="256" slack="0"/>
<pin id="165" dir="1" index="12" bw="6" slack="1"/>
</pin_list>
<bind>
<opcode="call(48) " fcode="call"/>
<opset="tile_0_c_channel/1 "/>
</bind>
</comp>

<comp id="178" class="1004" name="call_ln0_entry_proc_fu_178">
<pin_list>
<pin id="179" dir="0" index="0" bw="0" slack="0"/>
<pin id="180" dir="0" index="1" bw="5" slack="0"/>
<pin id="181" dir="0" index="2" bw="5" slack="1"/>
<pin id="182" dir="1" index="3" bw="0" slack="2147483647"/>
</pin_list>
<bind>
<opcode="call(48) " fcode="call"/>
<opset="call_ln0/2 "/>
</bind>
</comp>

<comp id="185" class="1004" name="grp_uc_compute_tile_8_16_16_60_32_480_480_s_fu_185">
<pin_list>
<pin id="186" dir="0" index="0" bw="0" slack="0"/>
<pin id="187" dir="0" index="1" bw="256" slack="2147483647"/>
<pin id="188" dir="0" index="2" bw="256" slack="2147483647"/>
<pin id="189" dir="0" index="3" bw="256" slack="2147483647"/>
<pin id="190" dir="0" index="4" bw="256" slack="2147483647"/>
<pin id="191" dir="0" index="5" bw="256" slack="2147483647"/>
<pin id="192" dir="0" index="6" bw="256" slack="2147483647"/>
<pin id="193" dir="0" index="7" bw="256" slack="2147483647"/>
<pin id="194" dir="0" index="8" bw="256" slack="2147483647"/>
<pin id="195" dir="0" index="9" bw="6" slack="1"/>
<pin id="196" dir="0" index="10" bw="5" slack="2"/>
<pin id="197" dir="0" index="11" bw="256" slack="0"/>
<pin id="198" dir="0" index="12" bw="16" slack="0"/>
<pin id="199" dir="0" index="13" bw="16" slack="0"/>
<pin id="200" dir="0" index="14" bw="16" slack="0"/>
<pin id="201" dir="0" index="15" bw="16" slack="0"/>
<pin id="202" dir="0" index="16" bw="16" slack="0"/>
<pin id="203" dir="0" index="17" bw="16" slack="0"/>
<pin id="204" dir="0" index="18" bw="16" slack="0"/>
<pin id="205" dir="0" index="19" bw="16" slack="0"/>
<pin id="206" dir="0" index="20" bw="16" slack="0"/>
<pin id="207" dir="0" index="21" bw="16" slack="0"/>
<pin id="208" dir="0" index="22" bw="16" slack="0"/>
<pin id="209" dir="0" index="23" bw="16" slack="0"/>
<pin id="210" dir="0" index="24" bw="16" slack="0"/>
<pin id="211" dir="0" index="25" bw="16" slack="0"/>
<pin id="212" dir="0" index="26" bw="16" slack="0"/>
<pin id="213" dir="0" index="27" bw="16" slack="0"/>
<pin id="214" dir="1" index="28" bw="0" slack="2147483647"/>
</pin_list>
<bind>
<opcode="call(48) " fcode="call"/>
<opset="call_ln201/3 "/>
</bind>
</comp>

<comp id="233" class="1005" name="tile_0_read_reg_233">
<pin_list>
<pin id="234" dir="0" index="0" bw="6" slack="1"/>
<pin id="235" dir="1" index="1" bw="6" slack="1"/>
</pin_list>
<bind>
<opset="tile_0_read "/>
</bind>
</comp>

<comp id="238" class="1005" name="W_ptr_read_reg_238">
<pin_list>
<pin id="239" dir="0" index="0" bw="64" slack="1"/>
<pin id="240" dir="1" index="1" bw="64" slack="1"/>
</pin_list>
<bind>
<opset="W_ptr_read "/>
</bind>
</comp>

<comp id="243" class="1005" name="ho_c_reg_243">
<pin_list>
<pin id="244" dir="0" index="0" bw="5" slack="1"/>
<pin id="245" dir="1" index="1" bw="5" slack="1"/>
</pin_list>
<bind>
<opset="ho_c "/>
</bind>
</comp>

<comp id="249" class="1005" name="tile_0_c_channel_reg_249">
<pin_list>
<pin id="250" dir="0" index="0" bw="6" slack="1"/>
<pin id="251" dir="1" index="1" bw="6" slack="1"/>
</pin_list>
<bind>
<opset="tile_0_c_channel "/>
</bind>
</comp>

</comp_list>

<net_list>
<net id="101"><net_src comp="46" pin="0"/><net_sink comp="98" pin=0"/></net>

<net id="105"><net_src comp="46" pin="0"/><net_sink comp="102" pin=0"/></net>

<net id="109"><net_src comp="46" pin="0"/><net_sink comp="106" pin=0"/></net>

<net id="113"><net_src comp="46" pin="0"/><net_sink comp="110" pin=0"/></net>

<net id="117"><net_src comp="46" pin="0"/><net_sink comp="114" pin=0"/></net>

<net id="121"><net_src comp="46" pin="0"/><net_sink comp="118" pin=0"/></net>

<net id="125"><net_src comp="46" pin="0"/><net_sink comp="122" pin=0"/></net>

<net id="129"><net_src comp="46" pin="0"/><net_sink comp="126" pin=0"/></net>

<net id="133"><net_src comp="46" pin="0"/><net_sink comp="130" pin=0"/></net>

<net id="138"><net_src comp="42" pin="0"/><net_sink comp="134" pin=0"/></net>

<net id="139"><net_src comp="4" pin="0"/><net_sink comp="134" pin=1"/></net>

<net id="144"><net_src comp="44" pin="0"/><net_sink comp="140" pin=0"/></net>

<net id="145"><net_src comp="2" pin="0"/><net_sink comp="140" pin=1"/></net>

<net id="150"><net_src comp="50" pin="0"/><net_sink comp="146" pin=0"/></net>

<net id="151"><net_src comp="6" pin="0"/><net_sink comp="146" pin=1"/></net>

<net id="166"><net_src comp="48" pin="0"/><net_sink comp="152" pin=0"/></net>

<net id="167"><net_src comp="0" pin="0"/><net_sink comp="152" pin=1"/></net>

<net id="168"><net_src comp="140" pin="2"/><net_sink comp="152" pin=2"/></net>

<net id="169"><net_src comp="134" pin="2"/><net_sink comp="152" pin=3"/></net>

<net id="170"><net_src comp="130" pin="1"/><net_sink comp="152" pin=4"/></net>

<net id="171"><net_src comp="126" pin="1"/><net_sink comp="152" pin=5"/></net>

<net id="172"><net_src comp="122" pin="1"/><net_sink comp="152" pin=6"/></net>

<net id="173"><net_src comp="118" pin="1"/><net_sink comp="152" pin=7"/></net>

<net id="174"><net_src comp="114" pin="1"/><net_sink comp="152" pin=8"/></net>

<net id="175"><net_src comp="110" pin="1"/><net_sink comp="152" pin=9"/></net>

<net id="176"><net_src comp="106" pin="1"/><net_sink comp="152" pin=10"/></net>

<net id="177"><net_src comp="102" pin="1"/><net_sink comp="152" pin=11"/></net>

<net id="183"><net_src comp="52" pin="0"/><net_sink comp="178" pin=0"/></net>

<net id="184"><net_src comp="146" pin="2"/><net_sink comp="178" pin=1"/></net>

<net id="215"><net_src comp="54" pin="0"/><net_sink comp="185" pin=0"/></net>

<net id="216"><net_src comp="8" pin="0"/><net_sink comp="185" pin=11"/></net>

<net id="217"><net_src comp="10" pin="0"/><net_sink comp="185" pin=12"/></net>

<net id="218"><net_src comp="12" pin="0"/><net_sink comp="185" pin=13"/></net>

<net id="219"><net_src comp="14" pin="0"/><net_sink comp="185" pin=14"/></net>

<net id="220"><net_src comp="16" pin="0"/><net_sink comp="185" pin=15"/></net>

<net id="221"><net_src comp="18" pin="0"/><net_sink comp="185" pin=16"/></net>

<net id="222"><net_src comp="20" pin="0"/><net_sink comp="185" pin=17"/></net>

<net id="223"><net_src comp="22" pin="0"/><net_sink comp="185" pin=18"/></net>

<net id="224"><net_src comp="24" pin="0"/><net_sink comp="185" pin=19"/></net>

<net id="225"><net_src comp="26" pin="0"/><net_sink comp="185" pin=20"/></net>

<net id="226"><net_src comp="28" pin="0"/><net_sink comp="185" pin=21"/></net>

<net id="227"><net_src comp="30" pin="0"/><net_sink comp="185" pin=22"/></net>

<net id="228"><net_src comp="32" pin="0"/><net_sink comp="185" pin=23"/></net>

<net id="229"><net_src comp="34" pin="0"/><net_sink comp="185" pin=24"/></net>

<net id="230"><net_src comp="36" pin="0"/><net_sink comp="185" pin=25"/></net>

<net id="231"><net_src comp="38" pin="0"/><net_sink comp="185" pin=26"/></net>

<net id="232"><net_src comp="40" pin="0"/><net_sink comp="185" pin=27"/></net>

<net id="236"><net_src comp="134" pin="2"/><net_sink comp="233" pin=0"/></net>

<net id="237"><net_src comp="233" pin="1"/><net_sink comp="152" pin=3"/></net>

<net id="241"><net_src comp="140" pin="2"/><net_sink comp="238" pin=0"/></net>

<net id="242"><net_src comp="238" pin="1"/><net_sink comp="152" pin=2"/></net>

<net id="246"><net_src comp="98" pin="1"/><net_sink comp="243" pin=0"/></net>

<net id="247"><net_src comp="243" pin="1"/><net_sink comp="178" pin=2"/></net>

<net id="248"><net_src comp="243" pin="1"/><net_sink comp="185" pin=10"/></net>

<net id="252"><net_src comp="152" pin="12"/><net_sink comp="249" pin=0"/></net>

<net id="253"><net_src comp="249" pin="1"/><net_sink comp="185" pin=9"/></net>

</net_list>

</model> 
---------------- Datapath Model END ------------------

* FSMD analyzer results:
  - Output states:
	Port: void_UpConv_Fused_Row_ap_uint_ap_uint_const_ap_uint_const_ap_uint_const_ap_u_2 | {3 4 }
	Port: p_ZZ16UpConv_Fused_RowILi8ELi16ELi16ELi960ELi480EEvP7ap_uintILi256EEPKS1_S4_S4_S4 | {3 4 }
	Port: void_UpConv_Fused_Row_ap_uint_ap_uint_const_ap_uint_const_ap_uint_const_ap_u_3 | {3 4 }
	Port: p_ZZ16UpConv_Fused_RowILi8ELi16ELi16ELi960ELi480EEvP7ap_uintILi256EEPKS1_S4_S4_S4_1 | {3 4 }
	Port: void_UpConv_Fused_Row_ap_uint_ap_uint_const_ap_uint_const_ap_uint_const_ap_u_4 | {3 4 }
	Port: p_ZZ16UpConv_Fused_RowILi8ELi16ELi16ELi960ELi480EEvP7ap_uintILi256EEPKS1_S4_S4_S4_2 | {3 4 }
	Port: void_UpConv_Fused_Row_ap_uint_ap_uint_const_ap_uint_const_ap_uint_const_ap_u_5 | {3 4 }
	Port: p_ZZ16UpConv_Fused_RowILi8ELi16ELi16ELi960ELi480EEvP7ap_uintILi256EEPKS1_S4_S4_S4_3 | {3 4 }
	Port: void_UpConv_Fused_Row_ap_uint_ap_uint_const_ap_uint_const_ap_uint_const_ap_u_6 | {3 4 }
	Port: p_ZZ16UpConv_Fused_RowILi8ELi16ELi16ELi960ELi480EEvP7ap_uintILi256EEPKS1_S4_S4_S4_4 | {3 4 }
	Port: void_UpConv_Fused_Row_ap_uint_ap_uint_const_ap_uint_const_ap_uint_const_ap_u_7 | {3 4 }
	Port: p_ZZ16UpConv_Fused_RowILi8ELi16ELi16ELi960ELi480EEvP7ap_uintILi256EEPKS1_S4_S4_S4_5 | {3 4 }
	Port: void_UpConv_Fused_Row_ap_uint_ap_uint_const_ap_uint_const_ap_uint_const_ap_u_8 | {3 4 }
	Port: void_UpConv_Fused_Row_ap_uint_ap_uint_const_ap_uint_const_ap_uint_const_ap_u | {3 4 }
	Port: void_UpConv_Fused_Row_ap_uint_ap_uint_const_ap_uint_const_ap_uint_const_ap_u_9 | {3 4 }
	Port: void_UpConv_Fused_Row_ap_uint_ap_uint_const_ap_uint_const_ap_uint_const_ap_u_1 | {3 4 }
 - Input state : 
	Port: dataflow_in_loop_TILE_LOOP.1 : gmem_weight | {1 2 }
	Port: dataflow_in_loop_TILE_LOOP.1 : W_ptr | {1 }
	Port: dataflow_in_loop_TILE_LOOP.1 : tile_0 | {1 }
	Port: dataflow_in_loop_TILE_LOOP.1 : ho | {2 }
	Port: dataflow_in_loop_TILE_LOOP.1 : x_buf | {3 4 }
	Port: dataflow_in_loop_TILE_LOOP.1 : void_UpConv_Fused_Row_ap_uint_ap_uint_const_ap_uint_const_ap_uint_const_ap_u_2 | {3 4 }
	Port: dataflow_in_loop_TILE_LOOP.1 : p_ZZ16UpConv_Fused_RowILi8ELi16ELi16ELi960ELi480EEvP7ap_uintILi256EEPKS1_S4_S4_S4 | {3 4 }
	Port: dataflow_in_loop_TILE_LOOP.1 : void_UpConv_Fused_Row_ap_uint_ap_uint_const_ap_uint_const_ap_uint_const_ap_u_3 | {3 4 }
	Port: dataflow_in_loop_TILE_LOOP.1 : p_ZZ16UpConv_Fused_RowILi8ELi16ELi16ELi960ELi480EEvP7ap_uintILi256EEPKS1_S4_S4_S4_1 | {3 4 }
	Port: dataflow_in_loop_TILE_LOOP.1 : void_UpConv_Fused_Row_ap_uint_ap_uint_const_ap_uint_const_ap_uint_const_ap_u_4 | {3 4 }
	Port: dataflow_in_loop_TILE_LOOP.1 : p_ZZ16UpConv_Fused_RowILi8ELi16ELi16ELi960ELi480EEvP7ap_uintILi256EEPKS1_S4_S4_S4_2 | {3 4 }
	Port: dataflow_in_loop_TILE_LOOP.1 : void_UpConv_Fused_Row_ap_uint_ap_uint_const_ap_uint_const_ap_uint_const_ap_u_5 | {3 4 }
	Port: dataflow_in_loop_TILE_LOOP.1 : p_ZZ16UpConv_Fused_RowILi8ELi16ELi16ELi960ELi480EEvP7ap_uintILi256EEPKS1_S4_S4_S4_3 | {3 4 }
	Port: dataflow_in_loop_TILE_LOOP.1 : void_UpConv_Fused_Row_ap_uint_ap_uint_const_ap_uint_const_ap_uint_const_ap_u_6 | {3 4 }
	Port: dataflow_in_loop_TILE_LOOP.1 : p_ZZ16UpConv_Fused_RowILi8ELi16ELi16ELi960ELi480EEvP7ap_uintILi256EEPKS1_S4_S4_S4_4 | {3 4 }
	Port: dataflow_in_loop_TILE_LOOP.1 : void_UpConv_Fused_Row_ap_uint_ap_uint_const_ap_uint_const_ap_uint_const_ap_u_7 | {3 4 }
	Port: dataflow_in_loop_TILE_LOOP.1 : p_ZZ16UpConv_Fused_RowILi8ELi16ELi16ELi960ELi480EEvP7ap_uintILi256EEPKS1_S4_S4_S4_5 | {3 4 }
	Port: dataflow_in_loop_TILE_LOOP.1 : void_UpConv_Fused_Row_ap_uint_ap_uint_const_ap_uint_const_ap_uint_const_ap_u_8 | {3 4 }
	Port: dataflow_in_loop_TILE_LOOP.1 : void_UpConv_Fused_Row_ap_uint_ap_uint_const_ap_uint_const_ap_uint_const_ap_u | {3 4 }
	Port: dataflow_in_loop_TILE_LOOP.1 : void_UpConv_Fused_Row_ap_uint_ap_uint_const_ap_uint_const_ap_uint_const_ap_u_9 | {3 4 }
	Port: dataflow_in_loop_TILE_LOOP.1 : void_UpConv_Fused_Row_ap_uint_ap_uint_const_ap_uint_const_ap_uint_const_ap_u_1 | {3 4 }
  - Chain level:
	State 1
		tile_0_c_channel : 1
	State 2
	State 3
	State 4


============================================================
+ Verbose Summary: Datapath Resource usage 
============================================================

* Functional unit list:
|----------|----------------------------------------------------|---------|---------|---------|---------|
| Operation|                   Functional Unit                  |   DSP   |  Delay  |    FF   |   LUT   |
|----------|----------------------------------------------------|---------|---------|---------|---------|
|          |         grp_uc_load_tile_8_480_60_s_fu_152         |    1    |  0.427  |   794   |   484   |
|   call   |             call_ln0_entry_proc_fu_178             |    0    |    0    |    0    |    0    |
|          | grp_uc_compute_tile_8_16_16_60_32_480_480_s_fu_185 |   336   | 134.505 |  43198  |  45249  |
|----------|----------------------------------------------------|---------|---------|---------|---------|
|          |               tile_0_read_read_fu_134              |    0    |    0    |    0    |    0    |
|   read   |               W_ptr_read_read_fu_140               |    0    |    0    |    0    |    0    |
|          |                 ho_read_read_fu_146                |    0    |    0    |    0    |    0    |
|----------|----------------------------------------------------|---------|---------|---------|---------|
|   Total  |                                                    |   337   | 134.932 |  43992  |  45733  |
|----------|----------------------------------------------------|---------|---------|---------|---------|

Memories:
+----------+--------+--------+--------+
|          |   FF   |   LUT  |  URAM  |
+----------+--------+--------+--------+
|   wbuf   |    0   |    0   |    4   |
|  wbuf_1  |    0   |    0   |    4   |
|wbuf_1_179|    0   |    0   |    4   |
|  wbuf_2  |    0   |    0   |    4   |
|wbuf_2_180|    0   |    0   |    4   |
|  wbuf_3  |    0   |    0   |    4   |
|wbuf_3_181|    0   |    0   |    4   |
|  wbuf_4  |    0   |    0   |    4   |
+----------+--------+--------+--------+
|   Total  |    0   |    0   |   32   |
+----------+--------+--------+--------+

* Register list:
+------------------------+--------+
|                        |   FF   |
+------------------------+--------+
|   W_ptr_read_reg_238   |   64   |
|      ho_c_reg_243      |    5   |
|tile_0_c_channel_reg_249|    6   |
|   tile_0_read_reg_233  |    6   |
+------------------------+--------+
|          Total         |   81   |
+------------------------+--------+

* Multiplexer (MUX) list: 
|------------------------------------|------|------|------|--------||---------||---------||---------|
|                Comp                |  Pin | Size |  BW  | S x BW ||  Delay  ||    FF   ||   LUT   |
|------------------------------------|------|------|------|--------||---------||---------||---------|
| grp_uc_load_tile_8_480_60_s_fu_152 |  p2  |   2  |  64  |   128  ||    0    ||    9    |
| grp_uc_load_tile_8_480_60_s_fu_152 |  p3  |   2  |   6  |   12   ||    0    ||    9    |
|------------------------------------|------|------|------|--------||---------||---------||---------|
|                Total               |      |      |      |   140  ||  0.854  ||    0    ||    18   |
|------------------------------------|------|------|------|--------||---------||---------||---------|



* Summary:
+-----------+--------+--------+--------+--------+--------+
|           |   DSP  |  Delay |   FF   |   LUT  |  URAM  |
+-----------+--------+--------+--------+--------+--------+
|  Function |   337  |   134  |  43992 |  45733 |    -   |
|   Memory  |    -   |    -   |    0   |    0   |   32   |
|Multiplexer|    -   |    0   |    0   |   18   |    -   |
|  Register |    -   |    -   |   81   |    -   |    -   |
+-----------+--------+--------+--------+--------+--------+
|   Total   |   337  |   135  |  44073 |  45751 |   32   |
+-----------+--------+--------+--------+--------+--------+
