

================================================================
== Vitis HLS Report for 'uc_compute_tile_8_16_16_60_32_480_480_s'
================================================================
* Date:           Thu Jun 18 11:44:32 2026

* Version:        2024.2 (Build 5238294 on Nov  8 2024)
* Project:        upconv_block0
* Solution:       hls (Vivado IP Flow Target)
* Product family: zynquplus
* Target device:  xczu7ev-ffvc1156-2-e


================================================================
== Performance Estimates
================================================================
+ Timing: 
    * Summary: 
    +--------+---------+----------+------------+
    |  Clock |  Target | Estimated| Uncertainty|
    +--------+---------+----------+------------+
    |ap_clk  |  3.33 ns|  2.430 ns|     0.90 ns|
    +--------+---------+----------+------------+

+ Latency: 
    * Summary: 
    +---------+---------+-----------+-----------+-----+------+---------+
    |  Latency (cycles) |   Latency (absolute)  |  Interval  | Pipeline|
    |   min   |   max   |    min    |    max    | min |  max |   Type  |
    +---------+---------+-----------+-----------+-----+------+---------+
    |        7|     8995|  23.331 ns|  29.980 us|    7|  8995|       no|
    +---------+---------+-----------+-----------+-----+------+---------+

    + Detail: 
        * Instance: 
        N/A

        * Loop: 
        +-----------+---------+---------+----------+-----------+-----------+------+----------+
        |           |  Latency (cycles) | Iteration|  Initiation Interval  | Trip |          |
        | Loop Name |   min   |   max   |  Latency |  achieved |   target  | Count| Pipelined|
        +-----------+---------+---------+----------+-----------+-----------+------+----------+
        |- KH_LOOP  |        6|     8994|  2 ~ 2998|          -|          -|     3|        no|
        +-----------+---------+---------+----------+-----------+-----------+------+----------+

============================================================
+ Verbose Summary: Synthesis Manager
============================================================
InlineROM: 1
ExposeGlobal: 0
============================================================
+ Verbose Summary: CDFG Model
============================================================
IsTopModel: 0
ResetActiveHigh: 1
IsCombinational: 2
IsDatapathOnly: 0
HasWiredReturn: 1
HasMFsm: 0
HasVarLatency: 1
IsPipeline: 0
IsRtlPipelined: 0
IsInstanceOverlapped: 0
IsDontTouch: 0
HasImplIP: 0
IsGatedGlobalClock: 0


============================================================
+ Verbose Summary: Schedule
============================================================
* Number of FSM states : 3
* Pipeline : 0
* Dataflow Pipeline: 0

* FSM state transitions: 
1 --> 2 
2 --> 3 
3 --> 2 

* FSM state operations: 

State 1 <SV = 0> <Delay = 2.00>
ST_1 : Operation 4 [1/1] (0.00ns)   --->   "%kh = alloca i32 1" [../gen/Hls_Layers_UpConv.tpp:91]   --->   Operation 4 'alloca' 'kh' <Predicate = true> <Delay = 0.00>
ST_1 : Operation 5 [1/1] (1.21ns)   --->   "%p_read_2 = read i6 @_ssdm_op_Read.ap_auto.i6, i6 %p_read"   --->   Operation 5 'read' 'p_read_2' <Predicate = true> <Delay = 1.21> <CoreInst = "FIFO_SRL">   --->   Core 80 'FIFO_SRL' <Latency = 0> <II = 1> <Delay = 1.83> <Storage> <Opcode : 'read' 'write' 'nbread' 'nbwrite'> <Ports = 0> <Width = -1> <Depth = -1> <FIFO>
ST_1 : Operation 6 [1/1] (0.00ns)   --->   "%empty = trunc i6 %p_read_2"   --->   Operation 6 'trunc' 'empty' <Predicate = true> <Delay = 0.00>
ST_1 : Operation 7 [1/1] (0.00ns)   --->   "%specinterface_ln0 = specinterface void @_ssdm_op_SpecInterface, i5 %ho, void @ap_fifo_str, i32 0, i32 0, void @p_str, i32 0, i32 0, void @p_str, void @p_str, void @p_str, i32 2, i32 2, i32 16, i32 16, void @p_str, void @ScalarProp_str, i32 4294967295, i32 0, i32 0"   --->   Operation 7 'specinterface' 'specinterface_ln0' <Predicate = true> <Delay = 0.00>
ST_1 : Operation 8 [1/1] ( I:1.21ns O:1.21ns )   --->   "%ho_1 = read i5 @_ssdm_op_Read.ap_fifo.i5P0A, i5 %ho"   --->   Operation 8 'read' 'ho_1' <Predicate = true> <Delay = 1.21> <CoreInst = "FIFO_SRL">   --->   Core 80 'FIFO_SRL' <Latency = 0> <II = 1> <Delay = 1.83> <Storage> <Opcode : 'read' 'write' 'nbread' 'nbwrite'> <Ports = 0> <Width = 5> <Depth = 3> <FIFO>
ST_1 : Operation 9 [1/1] (0.00ns)   --->   "%ho_cast = zext i5 %ho_1"   --->   Operation 9 'zext' 'ho_cast' <Predicate = true> <Delay = 0.00>
ST_1 : Operation 10 [1/1] (0.00ns)   --->   "%specmemcore_ln0 = specmemcore void @_ssdm_op_SpecMemCore, i256 %wbuf_0, i64 666, i64 31, i64 18446744073709551615"   --->   Operation 10 'specmemcore' 'specmemcore_ln0' <Predicate = true> <Delay = 0.00>
ST_1 : Operation 11 [1/1] (0.00ns)   --->   "%specmemcore_ln0 = specmemcore void @_ssdm_op_SpecMemCore, i256 %wbuf_1, i64 666, i64 31, i64 18446744073709551615"   --->   Operation 11 'specmemcore' 'specmemcore_ln0' <Predicate = true> <Delay = 0.00>
ST_1 : Operation 12 [1/1] (0.00ns)   --->   "%specmemcore_ln0 = specmemcore void @_ssdm_op_SpecMemCore, i256 %wbuf_2, i64 666, i64 31, i64 18446744073709551615"   --->   Operation 12 'specmemcore' 'specmemcore_ln0' <Predicate = true> <Delay = 0.00>
ST_1 : Operation 13 [1/1] (0.00ns)   --->   "%specmemcore_ln0 = specmemcore void @_ssdm_op_SpecMemCore, i256 %wbuf_3, i64 666, i64 31, i64 18446744073709551615"   --->   Operation 13 'specmemcore' 'specmemcore_ln0' <Predicate = true> <Delay = 0.00>
ST_1 : Operation 14 [1/1] (0.00ns)   --->   "%specmemcore_ln0 = specmemcore void @_ssdm_op_SpecMemCore, i256 %wbuf_4, i64 666, i64 31, i64 18446744073709551615"   --->   Operation 14 'specmemcore' 'specmemcore_ln0' <Predicate = true> <Delay = 0.00>
ST_1 : Operation 15 [1/1] (0.00ns)   --->   "%specmemcore_ln0 = specmemcore void @_ssdm_op_SpecMemCore, i256 %wbuf_5, i64 666, i64 31, i64 18446744073709551615"   --->   Operation 15 'specmemcore' 'specmemcore_ln0' <Predicate = true> <Delay = 0.00>
ST_1 : Operation 16 [1/1] (0.00ns)   --->   "%specmemcore_ln0 = specmemcore void @_ssdm_op_SpecMemCore, i256 %wbuf_6, i64 666, i64 31, i64 18446744073709551615"   --->   Operation 16 'specmemcore' 'specmemcore_ln0' <Predicate = true> <Delay = 0.00>
ST_1 : Operation 17 [1/1] (0.00ns)   --->   "%specmemcore_ln0 = specmemcore void @_ssdm_op_SpecMemCore, i256 %wbuf_7, i64 666, i64 31, i64 18446744073709551615"   --->   Operation 17 'specmemcore' 'specmemcore_ln0' <Predicate = true> <Delay = 0.00>
ST_1 : Operation 18 [1/1] (0.00ns)   --->   "%specmemcore_ln0 = specmemcore void @_ssdm_op_SpecMemCore, i16 %void_UpConv_Fused_Row_ap_uint_ap_uint_const_ap_uint_const_ap_uint_const_ap_u_9, i64 666, i64 31, i64 18446744073709551615"   --->   Operation 18 'specmemcore' 'specmemcore_ln0' <Predicate = true> <Delay = 0.00>
ST_1 : Operation 19 [1/1] (0.00ns)   --->   "%specmemcore_ln0 = specmemcore void @_ssdm_op_SpecMemCore, i16 %void_UpConv_Fused_Row_ap_uint_ap_uint_const_ap_uint_const_ap_uint_const_ap_u_8, i64 666, i64 31, i64 18446744073709551615"   --->   Operation 19 'specmemcore' 'specmemcore_ln0' <Predicate = true> <Delay = 0.00>
ST_1 : Operation 20 [1/1] (0.00ns)   --->   "%specmemcore_ln0 = specmemcore void @_ssdm_op_SpecMemCore, i16 %void_UpConv_Fused_Row_ap_uint_ap_uint_const_ap_uint_const_ap_uint_const_ap_u_7, i64 666, i64 31, i64 18446744073709551615"   --->   Operation 20 'specmemcore' 'specmemcore_ln0' <Predicate = true> <Delay = 0.00>
ST_1 : Operation 21 [1/1] (0.00ns)   --->   "%specmemcore_ln0 = specmemcore void @_ssdm_op_SpecMemCore, i16 %void_UpConv_Fused_Row_ap_uint_ap_uint_const_ap_uint_const_ap_uint_const_ap_u_6, i64 666, i64 31, i64 18446744073709551615"   --->   Operation 21 'specmemcore' 'specmemcore_ln0' <Predicate = true> <Delay = 0.00>
ST_1 : Operation 22 [1/1] (0.00ns)   --->   "%specmemcore_ln0 = specmemcore void @_ssdm_op_SpecMemCore, i16 %void_UpConv_Fused_Row_ap_uint_ap_uint_const_ap_uint_const_ap_uint_const_ap_u_5, i64 666, i64 31, i64 18446744073709551615"   --->   Operation 22 'specmemcore' 'specmemcore_ln0' <Predicate = true> <Delay = 0.00>
ST_1 : Operation 23 [1/1] (0.00ns)   --->   "%specmemcore_ln0 = specmemcore void @_ssdm_op_SpecMemCore, i16 %void_UpConv_Fused_Row_ap_uint_ap_uint_const_ap_uint_const_ap_uint_const_ap_u_4, i64 666, i64 31, i64 18446744073709551615"   --->   Operation 23 'specmemcore' 'specmemcore_ln0' <Predicate = true> <Delay = 0.00>
ST_1 : Operation 24 [1/1] (0.00ns)   --->   "%specmemcore_ln0 = specmemcore void @_ssdm_op_SpecMemCore, i16 %void_UpConv_Fused_Row_ap_uint_ap_uint_const_ap_uint_const_ap_uint_const_ap_u_3, i64 666, i64 31, i64 18446744073709551615"   --->   Operation 24 'specmemcore' 'specmemcore_ln0' <Predicate = true> <Delay = 0.00>
ST_1 : Operation 25 [1/1] (0.00ns)   --->   "%specmemcore_ln0 = specmemcore void @_ssdm_op_SpecMemCore, i16 %void_UpConv_Fused_Row_ap_uint_ap_uint_const_ap_uint_const_ap_uint_const_ap_u_2, i64 666, i64 31, i64 18446744073709551615"   --->   Operation 25 'specmemcore' 'specmemcore_ln0' <Predicate = true> <Delay = 0.00>
ST_1 : Operation 26 [1/1] (0.00ns)   --->   "%specmemcore_ln0 = specmemcore void @_ssdm_op_SpecMemCore, i16 %void_UpConv_Fused_Row_ap_uint_ap_uint_const_ap_uint_const_ap_uint_const_ap_u_1, i64 666, i64 31, i64 18446744073709551615"   --->   Operation 26 'specmemcore' 'specmemcore_ln0' <Predicate = true> <Delay = 0.00>
ST_1 : Operation 27 [1/1] (0.00ns)   --->   "%specmemcore_ln0 = specmemcore void @_ssdm_op_SpecMemCore, i16 %void_UpConv_Fused_Row_ap_uint_ap_uint_const_ap_uint_const_ap_uint_const_ap_u, i64 666, i64 31, i64 18446744073709551615"   --->   Operation 27 'specmemcore' 'specmemcore_ln0' <Predicate = true> <Delay = 0.00>
ST_1 : Operation 28 [1/1] (0.00ns)   --->   "%specmemcore_ln0 = specmemcore void @_ssdm_op_SpecMemCore, i16 %p_ZZ16UpConv_Fused_RowILi8ELi16ELi16ELi960ELi480EEvP7ap_uintILi256EEPKS1_S4_S4_S4_5, i64 666, i64 31, i64 18446744073709551615"   --->   Operation 28 'specmemcore' 'specmemcore_ln0' <Predicate = true> <Delay = 0.00>
ST_1 : Operation 29 [1/1] (0.00ns)   --->   "%specmemcore_ln0 = specmemcore void @_ssdm_op_SpecMemCore, i16 %p_ZZ16UpConv_Fused_RowILi8ELi16ELi16ELi960ELi480EEvP7ap_uintILi256EEPKS1_S4_S4_S4_4, i64 666, i64 31, i64 18446744073709551615"   --->   Operation 29 'specmemcore' 'specmemcore_ln0' <Predicate = true> <Delay = 0.00>
ST_1 : Operation 30 [1/1] (0.00ns)   --->   "%specmemcore_ln0 = specmemcore void @_ssdm_op_SpecMemCore, i16 %p_ZZ16UpConv_Fused_RowILi8ELi16ELi16ELi960ELi480EEvP7ap_uintILi256EEPKS1_S4_S4_S4_3, i64 666, i64 31, i64 18446744073709551615"   --->   Operation 30 'specmemcore' 'specmemcore_ln0' <Predicate = true> <Delay = 0.00>
ST_1 : Operation 31 [1/1] (0.00ns)   --->   "%specmemcore_ln0 = specmemcore void @_ssdm_op_SpecMemCore, i16 %p_ZZ16UpConv_Fused_RowILi8ELi16ELi16ELi960ELi480EEvP7ap_uintILi256EEPKS1_S4_S4_S4_2, i64 666, i64 31, i64 18446744073709551615"   --->   Operation 31 'specmemcore' 'specmemcore_ln0' <Predicate = true> <Delay = 0.00>
ST_1 : Operation 32 [1/1] (0.00ns)   --->   "%specmemcore_ln0 = specmemcore void @_ssdm_op_SpecMemCore, i16 %p_ZZ16UpConv_Fused_RowILi8ELi16ELi16ELi960ELi480EEvP7ap_uintILi256EEPKS1_S4_S4_S4_1, i64 666, i64 31, i64 18446744073709551615"   --->   Operation 32 'specmemcore' 'specmemcore_ln0' <Predicate = true> <Delay = 0.00>
ST_1 : Operation 33 [1/1] (0.00ns)   --->   "%specmemcore_ln0 = specmemcore void @_ssdm_op_SpecMemCore, i16 %p_ZZ16UpConv_Fused_RowILi8ELi16ELi16ELi960ELi480EEvP7ap_uintILi256EEPKS1_S4_S4_S4, i64 666, i64 31, i64 18446744073709551615"   --->   Operation 33 'specmemcore' 'specmemcore_ln0' <Predicate = true> <Delay = 0.00>
ST_1 : Operation 34 [1/1] (0.00ns)   --->   "%specmemcore_ln0 = specmemcore void @_ssdm_op_SpecMemCore, i256 %x_buf, i64 666, i64 31, i64 18446744073709551615"   --->   Operation 34 'specmemcore' 'specmemcore_ln0' <Predicate = true> <Delay = 0.00>
ST_1 : Operation 35 [1/1] (0.00ns)   --->   "%lshr_ln = partselect i5 @_ssdm_op_PartSelect.i5.i6.i32.i32, i6 %p_read_2, i32 1, i32 5" [../gen/Hls_Layers_UpConv.tpp:90]   --->   Operation 35 'partselect' 'lshr_ln' <Predicate = true> <Delay = 0.00>
ST_1 : Operation 36 [1/1] (0.78ns)   --->   "%add = add i6 %ho_cast, i6 1"   --->   Operation 36 'add' 'add' <Predicate = true> <Delay = 0.78> <CoreInst = "Adder">   --->   Core 1 'Adder' <Latency = 0> <II = 1> <Delay = 0.78> <FuncUnit> <Opcode : 'add' 'sub'> <InPorts = 2> <OutPorts = 1>
ST_1 : Operation 37 [1/1] (0.00ns)   --->   "%add_cast = zext i6 %add"   --->   Operation 37 'zext' 'add_cast' <Predicate = true> <Delay = 0.00>
ST_1 : Operation 38 [1/1] (0.42ns)   --->   "%store_ln91 = store i2 0, i2 %kh" [../gen/Hls_Layers_UpConv.tpp:91]   --->   Operation 38 'store' 'store_ln91' <Predicate = true> <Delay = 0.42>
ST_1 : Operation 39 [1/1] (0.00ns)   --->   "%br_ln91 = br void %for.body" [../gen/Hls_Layers_UpConv.tpp:91]   --->   Operation 39 'br' 'br_ln91' <Predicate = true> <Delay = 0.00>

State 2 <SV = 1> <Delay = 2.08>
ST_2 : Operation 40 [1/1] (0.00ns)   --->   "%kh_1 = load i2 %kh"   --->   Operation 40 'load' 'kh_1' <Predicate = true> <Delay = 0.00>
ST_2 : Operation 41 [1/1] (0.54ns)   --->   "%icmp_ln91 = icmp_eq  i2 %kh_1, i2 3" [../gen/Hls_Layers_UpConv.tpp:91]   --->   Operation 41 'icmp' 'icmp_ln91' <Predicate = true> <Delay = 0.54> <CoreInst = "Cmp">   --->   Core 9 'Cmp' <Latency = 0> <II = 1> <Delay = 0.54> <FuncUnit> <Opcode : 'seteq' 'setne' 'setle' 'setge' 'setlt' 'setgt'> <InPorts = 2> <OutPorts = 1>
ST_2 : Operation 42 [1/1] (0.00ns)   --->   "%speclooptripcount_ln0 = speclooptripcount void @_ssdm_op_SpecLoopTripCount, i64 3, i64 3, i64 3"   --->   Operation 42 'speclooptripcount' 'speclooptripcount_ln0' <Predicate = true> <Delay = 0.00>
ST_2 : Operation 43 [1/1] (0.54ns)   --->   "%kh_2 = add i2 %kh_1, i2 1" [../gen/Hls_Layers_UpConv.tpp:91]   --->   Operation 43 'add' 'kh_2' <Predicate = true> <Delay = 0.54> <CoreInst = "Adder">   --->   Core 1 'Adder' <Latency = 0> <II = 1> <Delay = 0.54> <FuncUnit> <Opcode : 'add' 'sub'> <InPorts = 2> <OutPorts = 1>
ST_2 : Operation 44 [1/1] (0.00ns)   --->   "%br_ln91 = br i1 %icmp_ln91, void %for.body.split, void %for.end118" [../gen/Hls_Layers_UpConv.tpp:91]   --->   Operation 44 'br' 'br_ln91' <Predicate = true> <Delay = 0.00>
ST_2 : Operation 45 [1/1] (0.00ns)   --->   "%zext_ln91 = zext i2 %kh_1" [../gen/Hls_Layers_UpConv.tpp:91]   --->   Operation 45 'zext' 'zext_ln91' <Predicate = (!icmp_ln91)> <Delay = 0.00>
ST_2 : Operation 46 [1/1] (0.00ns)   --->   "%specloopname_ln91 = specloopname void @_ssdm_op_SpecLoopName, void @empty_18" [../gen/Hls_Layers_UpConv.tpp:91]   --->   Operation 46 'specloopname' 'specloopname_ln91' <Predicate = (!icmp_ln91)> <Delay = 0.00>
ST_2 : Operation 47 [1/1] (0.78ns)   --->   "%hpk = sub i7 %add_cast, i7 %zext_ln91" [../gen/Hls_Layers_UpConv.tpp:92]   --->   Operation 47 'sub' 'hpk' <Predicate = (!icmp_ln91)> <Delay = 0.78> <CoreInst = "Adder">   --->   Core 1 'Adder' <Latency = 0> <II = 1> <Delay = 0.78> <FuncUnit> <Opcode : 'add' 'sub'> <InPorts = 2> <OutPorts = 1>
ST_2 : Operation 48 [1/1] (0.00ns)   --->   "%tmp = bitselect i1 @_ssdm_op_BitSelect.i1.i7.i32, i7 %hpk, i32 6" [../gen/Hls_Layers_UpConv.tpp:93]   --->   Operation 48 'bitselect' 'tmp' <Predicate = (!icmp_ln91)> <Delay = 0.00>
ST_2 : Operation 49 [1/1] (0.00ns)   --->   "%trunc_ln93 = trunc i7 %hpk" [../gen/Hls_Layers_UpConv.tpp:93]   --->   Operation 49 'trunc' 'trunc_ln93' <Predicate = (!icmp_ln91)> <Delay = 0.00>
ST_2 : Operation 50 [1/1] (0.00ns)   --->   "%and_ln = bitconcatenate i32 @_ssdm_op_BitConcatenate.i32.i1.i30.i1, i1 %tmp, i30 0, i1 %trunc_ln93" [../gen/Hls_Layers_UpConv.tpp:93]   --->   Operation 50 'bitconcatenate' 'and_ln' <Predicate = (!icmp_ln91)> <Delay = 0.00>
ST_2 : Operation 51 [1/1] (1.01ns)   --->   "%icmp_ln95 = icmp_ne  i32 %and_ln, i32 0" [../gen/Hls_Layers_UpConv.tpp:95]   --->   Operation 51 'icmp' 'icmp_ln95' <Predicate = (!icmp_ln91)> <Delay = 1.01> <CoreInst = "Cmp">   --->   Core 9 'Cmp' <Latency = 0> <II = 1> <Delay = 1.01> <FuncUnit> <Opcode : 'seteq' 'setne' 'setle' 'setge' 'setlt' 'setgt'> <InPorts = 2> <OutPorts = 1>
ST_2 : Operation 52 [1/1] (0.00ns)   --->   "%tmp_10 = partselect i2 @_ssdm_op_PartSelect.i2.i7.i32.i32, i7 %hpk, i32 5, i32 6" [../gen/Hls_Layers_UpConv.tpp:95]   --->   Operation 52 'partselect' 'tmp_10' <Predicate = (!icmp_ln91)> <Delay = 0.00>
ST_2 : Operation 53 [1/1] (0.54ns)   --->   "%icmp_ln95_1 = icmp_ne  i2 %tmp_10, i2 0" [../gen/Hls_Layers_UpConv.tpp:95]   --->   Operation 53 'icmp' 'icmp_ln95_1' <Predicate = (!icmp_ln91)> <Delay = 0.54> <CoreInst = "Cmp">   --->   Core 9 'Cmp' <Latency = 0> <II = 1> <Delay = 0.54> <FuncUnit> <Opcode : 'seteq' 'setne' 'setle' 'setge' 'setlt' 'setgt'> <InPorts = 2> <OutPorts = 1>
ST_2 : Operation 54 [1/1] (0.28ns)   --->   "%or_ln95 = or i1 %icmp_ln95, i1 %icmp_ln95_1" [../gen/Hls_Layers_UpConv.tpp:95]   --->   Operation 54 'or' 'or_ln95' <Predicate = (!icmp_ln91)> <Delay = 0.28> <CoreInst = "LogicGate">   --->   Core 74 'LogicGate' <Latency = 0> <II = 1> <Delay = 0.28> <FuncUnit> <Opcode : 'and' 'or' 'xor'> <InPorts = 2> <OutPorts = 1>
ST_2 : Operation 55 [1/1] (0.00ns)   --->   "%br_ln93 = br i1 %or_ln95, void %KW_LOOP, void %cleanup114" [../gen/Hls_Layers_UpConv.tpp:93]   --->   Operation 55 'br' 'br_ln93' <Predicate = (!icmp_ln91)> <Delay = 0.00>
ST_2 : Operation 56 [1/1] (0.00ns)   --->   "%empty_176 = trunc i2 %kh_1"   --->   Operation 56 'trunc' 'empty_176' <Predicate = (!icmp_ln91 & !or_ln95)> <Delay = 0.00>
ST_2 : Operation 57 [1/1] (0.00ns)   --->   "%tmp_11 = bitconcatenate i3 @_ssdm_op_BitConcatenate.i3.i1.i2, i1 %empty_176, i2 0"   --->   Operation 57 'bitconcatenate' 'tmp_11' <Predicate = (!icmp_ln91 & !or_ln95)> <Delay = 0.00>
ST_2 : Operation 58 [1/1] (0.00ns)   --->   "%empty_177 = zext i2 %kh_1"   --->   Operation 58 'zext' 'empty_177' <Predicate = (!icmp_ln91 & !or_ln95)> <Delay = 0.00>
ST_2 : Operation 59 [1/1] (0.67ns)   --->   "%empty_178 = sub i3 %tmp_11, i3 %empty_177"   --->   Operation 59 'sub' 'empty_178' <Predicate = (!icmp_ln91 & !or_ln95)> <Delay = 0.67> <CoreInst = "Adder">   --->   Core 1 'Adder' <Latency = 0> <II = 1> <Delay = 0.67> <FuncUnit> <Opcode : 'add' 'sub'> <InPorts = 2> <OutPorts = 1>
ST_2 : Operation 60 [1/1] (0.00ns)   --->   "%tmp_12 = bitselect i1 @_ssdm_op_BitSelect.i1.i7.i32, i7 %hpk, i32 1" [../gen/Hls_Layers_UpConv.tpp:92]   --->   Operation 60 'bitselect' 'tmp_12' <Predicate = (!icmp_ln91 & !or_ln95)> <Delay = 0.00>
ST_2 : Operation 61 [1/1] (0.00ns)   --->   "%p_shl = bitconcatenate i11 @_ssdm_op_BitConcatenate.i11.i1.i10, i1 %tmp_12, i10 0" [../gen/Hls_Layers_UpConv.tpp:92]   --->   Operation 61 'bitconcatenate' 'p_shl' <Predicate = (!icmp_ln91 & !or_ln95)> <Delay = 0.00>
ST_2 : Operation 62 [1/1] (0.00ns)   --->   "%tmp_13 = bitconcatenate i7 @_ssdm_op_BitConcatenate.i7.i1.i6, i1 %tmp_12, i6 0" [../gen/Hls_Layers_UpConv.tpp:92]   --->   Operation 62 'bitconcatenate' 'tmp_13' <Predicate = (!icmp_ln91 & !or_ln95)> <Delay = 0.00>
ST_2 : Operation 63 [1/1] (0.00ns)   --->   "%p_shl165 = zext i7 %tmp_13" [../gen/Hls_Layers_UpConv.tpp:92]   --->   Operation 63 'zext' 'p_shl165' <Predicate = (!icmp_ln91 & !or_ln95)> <Delay = 0.00>
ST_2 : Operation 64 [1/1] (0.79ns)   --->   "%x_base = sub i11 %p_shl, i11 %p_shl165" [../gen/Hls_Layers_UpConv.tpp:92]   --->   Operation 64 'sub' 'x_base' <Predicate = (!icmp_ln91 & !or_ln95)> <Delay = 0.79> <CoreInst = "Adder">   --->   Core 1 'Adder' <Latency = 0> <II = 1> <Delay = 0.79> <FuncUnit> <Opcode : 'add' 'sub'> <InPorts = 2> <OutPorts = 1>
ST_2 : Operation 65 [2/2] (0.00ns)   --->   "%call_ln92 = call void @uc_compute_tile<8, 16, 16, 60, 32, 480, 480>_Pipeline_KW_LOOP_FLAT_LOOP, i3 %empty_178, i11 %x_base, i256 %wbuf_0, i256 %wbuf_1, i256 %wbuf_2, i256 %wbuf_3, i256 %wbuf_4, i256 %wbuf_5, i256 %wbuf_6, i256 %wbuf_7, i5 %lshr_ln, i1 %empty, i256 %x_buf, i16 %void_UpConv_Fused_Row_ap_uint_ap_uint_const_ap_uint_const_ap_uint_const_ap_u_2, i16 %p_ZZ16UpConv_Fused_RowILi8ELi16ELi16ELi960ELi480EEvP7ap_uintILi256EEPKS1_S4_S4_S4, i16 %void_UpConv_Fused_Row_ap_uint_ap_uint_const_ap_uint_const_ap_uint_const_ap_u_3, i16 %p_ZZ16UpConv_Fused_RowILi8ELi16ELi16ELi960ELi480EEvP7ap_uintILi256EEPKS1_S4_S4_S4_1, i16 %void_UpConv_Fused_Row_ap_uint_ap_uint_const_ap_uint_const_ap_uint_const_ap_u_4, i16 %p_ZZ16UpConv_Fused_RowILi8ELi16ELi16ELi960ELi480EEvP7ap_uintILi256EEPKS1_S4_S4_S4_2, i16 %void_UpConv_Fused_Row_ap_uint_ap_uint_const_ap_uint_const_ap_uint_const_ap_u_5, i16 %p_ZZ16UpConv_Fused_RowILi8ELi16ELi16ELi960ELi480EEvP7ap_uintILi256EEPKS1_S4_S4_S4_3, i16 %void_UpConv_Fused_Row_ap_uint_ap_uint_const_ap_uint_const_ap_uint_const_ap_u_6, i16 %p_ZZ16UpConv_Fused_RowILi8ELi16ELi16ELi960ELi480EEvP7ap_uintILi256EEPKS1_S4_S4_S4_4, i16 %void_UpConv_Fused_Row_ap_uint_ap_uint_const_ap_uint_const_ap_uint_const_ap_u_7, i16 %p_ZZ16UpConv_Fused_RowILi8ELi16ELi16ELi960ELi480EEvP7ap_uintILi256EEPKS1_S4_S4_S4_5, i16 %void_UpConv_Fused_Row_ap_uint_ap_uint_const_ap_uint_const_ap_uint_const_ap_u_8, i16 %void_UpConv_Fused_Row_ap_uint_ap_uint_const_ap_uint_const_ap_uint_const_ap_u, i16 %void_UpConv_Fused_Row_ap_uint_ap_uint_const_ap_uint_const_ap_uint_const_ap_u_9, i16 %void_UpConv_Fused_Row_ap_uint_ap_uint_const_ap_uint_const_ap_uint_const_ap_u_1" [../gen/Hls_Layers_UpConv.tpp:92]   --->   Operation 65 'call' 'call_ln92' <Predicate = (!icmp_ln91 & !or_ln95)> <Delay = 0.00> <CoreType = "Generic">   --->   Generic Core
ST_2 : Operation 66 [1/1] (0.00ns)   --->   "%ret_ln150 = ret" [../gen/Hls_Layers_UpConv.tpp:150]   --->   Operation 66 'ret' 'ret_ln150' <Predicate = (icmp_ln91)> <Delay = 0.00>

State 3 <SV = 2> <Delay = 0.42>
ST_3 : Operation 67 [1/2] (0.00ns)   --->   "%call_ln92 = call void @uc_compute_tile<8, 16, 16, 60, 32, 480, 480>_Pipeline_KW_LOOP_FLAT_LOOP, i3 %empty_178, i11 %x_base, i256 %wbuf_0, i256 %wbuf_1, i256 %wbuf_2, i256 %wbuf_3, i256 %wbuf_4, i256 %wbuf_5, i256 %wbuf_6, i256 %wbuf_7, i5 %lshr_ln, i1 %empty, i256 %x_buf, i16 %void_UpConv_Fused_Row_ap_uint_ap_uint_const_ap_uint_const_ap_uint_const_ap_u_2, i16 %p_ZZ16UpConv_Fused_RowILi8ELi16ELi16ELi960ELi480EEvP7ap_uintILi256EEPKS1_S4_S4_S4, i16 %void_UpConv_Fused_Row_ap_uint_ap_uint_const_ap_uint_const_ap_uint_const_ap_u_3, i16 %p_ZZ16UpConv_Fused_RowILi8ELi16ELi16ELi960ELi480EEvP7ap_uintILi256EEPKS1_S4_S4_S4_1, i16 %void_UpConv_Fused_Row_ap_uint_ap_uint_const_ap_uint_const_ap_uint_const_ap_u_4, i16 %p_ZZ16UpConv_Fused_RowILi8ELi16ELi16ELi960ELi480EEvP7ap_uintILi256EEPKS1_S4_S4_S4_2, i16 %void_UpConv_Fused_Row_ap_uint_ap_uint_const_ap_uint_const_ap_uint_const_ap_u_5, i16 %p_ZZ16UpConv_Fused_RowILi8ELi16ELi16ELi960ELi480EEvP7ap_uintILi256EEPKS1_S4_S4_S4_3, i16 %void_UpConv_Fused_Row_ap_uint_ap_uint_const_ap_uint_const_ap_uint_const_ap_u_6, i16 %p_ZZ16UpConv_Fused_RowILi8ELi16ELi16ELi960ELi480EEvP7ap_uintILi256EEPKS1_S4_S4_S4_4, i16 %void_UpConv_Fused_Row_ap_uint_ap_uint_const_ap_uint_const_ap_uint_const_ap_u_7, i16 %p_ZZ16UpConv_Fused_RowILi8ELi16ELi16ELi960ELi480EEvP7ap_uintILi256EEPKS1_S4_S4_S4_5, i16 %void_UpConv_Fused_Row_ap_uint_ap_uint_const_ap_uint_const_ap_uint_const_ap_u_8, i16 %void_UpConv_Fused_Row_ap_uint_ap_uint_const_ap_uint_const_ap_uint_const_ap_u, i16 %void_UpConv_Fused_Row_ap_uint_ap_uint_const_ap_uint_const_ap_uint_const_ap_u_9, i16 %void_UpConv_Fused_Row_ap_uint_ap_uint_const_ap_uint_const_ap_uint_const_ap_u_1" [../gen/Hls_Layers_UpConv.tpp:92]   --->   Operation 67 'call' 'call_ln92' <Predicate = (!or_ln95)> <Delay = 0.00> <CoreType = "Generic">   --->   Generic Core
ST_3 : Operation 68 [1/1] (0.00ns)   --->   "%br_ln0 = br void %cleanup114"   --->   Operation 68 'br' 'br_ln0' <Predicate = (!or_ln95)> <Delay = 0.00>
ST_3 : Operation 69 [1/1] (0.42ns)   --->   "%store_ln91 = store i2 %kh_2, i2 %kh" [../gen/Hls_Layers_UpConv.tpp:91]   --->   Operation 69 'store' 'store_ln91' <Predicate = true> <Delay = 0.42>
ST_3 : Operation 70 [1/1] (0.00ns)   --->   "%br_ln91 = br void %for.body" [../gen/Hls_Layers_UpConv.tpp:91]   --->   Operation 70 'br' 'br_ln91' <Predicate = true> <Delay = 0.00>


============================================================
+ Verbose Summary: Timing violations
============================================================
Target clock period: 3.333ns, clock uncertainty: 0.900ns.

 <State 1>: 2.006ns
The critical path consists of the following:
	fifo read operation ('ho') on port 'ho' [32]  (1.217 ns)
	'add' operation 6 bit ('add') [60]  (0.789 ns)

 <State 2>: 2.084ns
The critical path consists of the following:
	'load' operation 2 bit ('kh') on local variable 'kh', ../gen/Hls_Layers_UpConv.tpp:91 [65]  (0.000 ns)
	'sub' operation 7 bit ('hpk', ../gen/Hls_Layers_UpConv.tpp:92) [73]  (0.781 ns)
	'icmp' operation 1 bit ('icmp_ln95', ../gen/Hls_Layers_UpConv.tpp:95) [77]  (1.016 ns)
	'or' operation 1 bit ('or_ln95', ../gen/Hls_Layers_UpConv.tpp:95) [80]  (0.287 ns)

 <State 3>: 0.427ns
The critical path consists of the following:
	'store' operation 0 bit ('store_ln91', ../gen/Hls_Layers_UpConv.tpp:91) of variable 'kh', ../gen/Hls_Layers_UpConv.tpp:91 on local variable 'kh', ../gen/Hls_Layers_UpConv.tpp:91 [95]  (0.427 ns)


============================================================
+ Verbose Summary: Binding
============================================================
N/A
* FSMD analyzer results:
  - Output states:
 - Input state : 
  - Chain level:
	State 1
	State 2
	State 3


============================================================
+ Verbose Summary: Datapath Resource usage 
============================================================
N/A
