

================================================================
== Vitis HLS Report for 'uc_load_tile_8_480_60_s'
================================================================
* Date:           Thu Jun 18 11:44:31 2026

* Version:        2024.2 (Build 5238294 on Nov  8 2024)
* Project:        upconv_block0
* Solution:       hls (Vivado IP Flow Target)
* Product family: zynquplus
* Target device:  xczu7ev-ffvc1156-2-e


================================================================
== Performance Estimates
================================================================
+ Timing: 
    * Summary: 
    +--------+---------+----------+------------+
    |  Clock |  Target | Estimated| Uncertainty|
    +--------+---------+----------+------------+
    |ap_clk  |  3.33 ns|  3.357 ns|     0.90 ns|
    +--------+---------+----------+------------+

+ Latency: 
    * Summary: 
    +---------+---------+-----------+-----------+------+------+-------------------------------------------------+
    |  Latency (cycles) |   Latency (absolute)  |   Interval  |                     Pipeline                    |
    |   min   |   max   |    min    |    max    |  min |  max |                       Type                      |
    +---------+---------+-----------+-----------+------+------+-------------------------------------------------+
    |     4333|     4333|  14.546 us|  14.546 us|  4331|  4331|  loop auto-rewind stp (delay=11 clock cycles(s))|
    +---------+---------+-----------+-----------+------+------+-------------------------------------------------+

    + Detail: 
        * Instance: 
        N/A

        * Loop: 
        +--------------------+---------+---------+----------+-----------+-----------+------+----------+
        |                    |  Latency (cycles) | Iteration|  Initiation Interval  | Trip |          |
        |      Loop Name     |   min   |   max   |  Latency |  achieved |   target  | Count| Pipelined|
        +--------------------+---------+---------+----------+-----------+-----------+------+----------+
        |- PRELOAD_W_W_FLAT  |     4331|     4331|        13|          1|          1|  4320|       yes|
        +--------------------+---------+---------+----------+-----------+-----------+------+----------+

============================================================
+ Verbose Summary: Synthesis Manager
============================================================
InlineROM: 1
ExposeGlobal: 0
============================================================
+ Verbose Summary: CDFG Model
============================================================
IsTopModel: 0
ResetActiveHigh: 1
IsCombinational: 2
IsDatapathOnly: 0
HasWiredReturn: 1
HasMFsm: 2
HasVarLatency: 1
IsPipeline: 0
IsRtlPipelined: 0
IsInstanceOverlapped: 0
IsDontTouch: 0
HasImplIP: 0
IsGatedGlobalClock: 0

+ Individual pipeline summary: 
  * Pipeline-0: initiation interval (II) = 1, depth = 13


============================================================
+ Verbose Summary: Schedule
============================================================
* Number of FSM states : 13
* Pipeline : 1
  Pipeline-0 : II = 1, D = 13, States = { 1 2 3 4 5 6 7 8 9 10 11 12 13 }
* Dataflow Pipeline: 0

* FSM state transitions: 
1 --> 2 
2 --> 3 
3 --> 4 
4 --> 5 
5 --> 6 
6 --> 7 
7 --> 8 
8 --> 9 
9 --> 10 
10 --> 11 
11 --> 12 
12 --> 13 
13 --> 

* FSM state operations: 

State 1 <SV = 0> <Delay = 2.40>
ST_1 : Operation 16 [1/1] (0.00ns)   --->   "%indvar_flatten48 = alloca i32 1"   --->   Operation 16 'alloca' 'indvar_flatten48' <Predicate = true> <Delay = 0.00>
ST_1 : Operation 17 [1/1] (0.00ns)   --->   "%tc49 = alloca i32 1"   --->   Operation 17 'alloca' 'tc49' <Predicate = true> <Delay = 0.00>
ST_1 : Operation 18 [1/1] (0.00ns)   --->   "%kci51 = alloca i32 1"   --->   Operation 18 'alloca' 'kci51' <Predicate = true> <Delay = 0.00>
ST_1 : Operation 19 [1/1] (0.00ns)   --->   "%ci_cnt52 = alloca i32 1"   --->   Operation 19 'alloca' 'ci_cnt52' <Predicate = true> <Delay = 0.00>
ST_1 : Operation 20 [1/1] (0.00ns)   --->   "%k_cnt53 = alloca i32 1"   --->   Operation 20 'alloca' 'k_cnt53' <Predicate = true> <Delay = 0.00>
ST_1 : Operation 21 [1/1] (0.00ns)   --->   "%tile_read = read i6 @_ssdm_op_Read.ap_auto.i6, i6 %tile"   --->   Operation 21 'read' 'tile_read' <Predicate = true> <Delay = 0.00>
ST_1 : Operation 22 [1/1] (0.00ns)   --->   "%W_ptr_read = read i64 @_ssdm_op_Read.ap_auto.i64, i64 %W_ptr"   --->   Operation 22 'read' 'W_ptr_read' <Predicate = true> <Delay = 0.00>
ST_1 : Operation 23 [1/1] (0.00ns)   --->   "%specmemcore_ln0 = specmemcore void @_ssdm_op_SpecMemCore, i256 %wbuf_0, i64 666, i64 31, i64 18446744073709551615"   --->   Operation 23 'specmemcore' 'specmemcore_ln0' <Predicate = true> <Delay = 0.00>
ST_1 : Operation 24 [1/1] (0.00ns)   --->   "%specmemcore_ln0 = specmemcore void @_ssdm_op_SpecMemCore, i256 %wbuf_1, i64 666, i64 31, i64 18446744073709551615"   --->   Operation 24 'specmemcore' 'specmemcore_ln0' <Predicate = true> <Delay = 0.00>
ST_1 : Operation 25 [1/1] (0.00ns)   --->   "%specmemcore_ln0 = specmemcore void @_ssdm_op_SpecMemCore, i256 %wbuf_2, i64 666, i64 31, i64 18446744073709551615"   --->   Operation 25 'specmemcore' 'specmemcore_ln0' <Predicate = true> <Delay = 0.00>
ST_1 : Operation 26 [1/1] (0.00ns)   --->   "%specmemcore_ln0 = specmemcore void @_ssdm_op_SpecMemCore, i256 %wbuf_3, i64 666, i64 31, i64 18446744073709551615"   --->   Operation 26 'specmemcore' 'specmemcore_ln0' <Predicate = true> <Delay = 0.00>
ST_1 : Operation 27 [1/1] (0.00ns)   --->   "%specmemcore_ln0 = specmemcore void @_ssdm_op_SpecMemCore, i256 %wbuf_4, i64 666, i64 31, i64 18446744073709551615"   --->   Operation 27 'specmemcore' 'specmemcore_ln0' <Predicate = true> <Delay = 0.00>
ST_1 : Operation 28 [1/1] (0.00ns)   --->   "%specmemcore_ln0 = specmemcore void @_ssdm_op_SpecMemCore, i256 %wbuf_5, i64 666, i64 31, i64 18446744073709551615"   --->   Operation 28 'specmemcore' 'specmemcore_ln0' <Predicate = true> <Delay = 0.00>
ST_1 : Operation 29 [1/1] (0.00ns)   --->   "%specmemcore_ln0 = specmemcore void @_ssdm_op_SpecMemCore, i256 %wbuf_6, i64 666, i64 31, i64 18446744073709551615"   --->   Operation 29 'specmemcore' 'specmemcore_ln0' <Predicate = true> <Delay = 0.00>
ST_1 : Operation 30 [1/1] (0.00ns)   --->   "%specmemcore_ln0 = specmemcore void @_ssdm_op_SpecMemCore, i256 %wbuf_7, i64 666, i64 31, i64 18446744073709551615"   --->   Operation 30 'specmemcore' 'specmemcore_ln0' <Predicate = true> <Delay = 0.00>
ST_1 : Operation 31 [1/1] (0.00ns)   --->   "%specinterface_ln0 = specinterface void @_ssdm_op_SpecInterface, i256 %gmem_weight, void @empty_109, i32 0, i32 0, void @empty_65, i32 0, i32 0, void @empty_134, void @empty_67, void @empty_65, i32 16, i32 16, i32 64, i32 16, void @empty_65, void @empty_65, i32 4294967295, i32 0, i32 0"   --->   Operation 31 'specinterface' 'specinterface_ln0' <Predicate = true> <Delay = 0.00>
ST_1 : Operation 32 [1/1] (0.00ns)   --->   "%co_base = bitconcatenate i9 @_ssdm_op_BitConcatenate.i9.i6.i3, i6 %tile_read, i3 0" [../gen/Hls_Layers_UpConv.tpp:70]   --->   Operation 32 'bitconcatenate' 'co_base' <Predicate = true> <Delay = 0.00>
ST_1 : Operation 33 [1/1] (0.42ns)   --->   "%store_ln0 = store i32 0, i32 %k_cnt53"   --->   Operation 33 'store' 'store_ln0' <Predicate = true> <Delay = 0.42>
ST_1 : Operation 34 [1/1] (0.42ns)   --->   "%store_ln0 = store i32 0, i32 %ci_cnt52"   --->   Operation 34 'store' 'store_ln0' <Predicate = true> <Delay = 0.42>
ST_1 : Operation 35 [1/1] (0.42ns)   --->   "%store_ln0 = store i10 0, i10 %kci51"   --->   Operation 35 'store' 'store_ln0' <Predicate = true> <Delay = 0.42>
ST_1 : Operation 36 [1/1] (0.42ns)   --->   "%store_ln0 = store i4 0, i4 %tc49"   --->   Operation 36 'store' 'store_ln0' <Predicate = true> <Delay = 0.42>
ST_1 : Operation 37 [1/1] (0.42ns)   --->   "%store_ln0 = store i13 0, i13 %indvar_flatten48"   --->   Operation 37 'store' 'store_ln0' <Predicate = true> <Delay = 0.42>
ST_1 : Operation 38 [1/1] (0.42ns)   --->   "%br_ln0 = br void %for.inc20"   --->   Operation 38 'br' 'br_ln0' <Predicate = true> <Delay = 0.42>
ST_1 : Operation 39 [1/1] (0.00ns)   --->   "%icmp_ln7554 = phi i1 0, void %entry, i1 %icmp_ln75, void %arrayidx1411.exit" [../gen/Hls_Layers_UpConv.tpp:75]   --->   Operation 39 'phi' 'icmp_ln7554' <Predicate = true> <Delay = 0.00>
ST_1 : Operation 40 [1/1] (0.00ns)   --->   "%first_iter_050 = phi i1 1, void %entry, i1 0, void %arrayidx1411.exit"   --->   Operation 40 'phi' 'first_iter_050' <Predicate = true> <Delay = 0.00>
ST_1 : Operation 41 [1/1] (0.00ns)   --->   "%indvar_flatten48_load = load i13 %indvar_flatten48" [../gen/Hls_Layers_UpConv.tpp:71]   --->   Operation 41 'load' 'indvar_flatten48_load' <Predicate = true> <Delay = 0.00>
ST_1 : Operation 42 [1/1] (0.00ns)   --->   "%tc49_load = load i4 %tc49" [../gen/Hls_Layers_UpConv.tpp:71]   --->   Operation 42 'load' 'tc49_load' <Predicate = true> <Delay = 0.00>
ST_1 : Operation 43 [1/1] (0.00ns)   --->   "%kci51_load = load i10 %kci51" [../gen/Hls_Layers_UpConv.tpp:75]   --->   Operation 43 'load' 'kci51_load' <Predicate = true> <Delay = 0.00>
ST_1 : Operation 44 [1/1] (0.79ns)   --->   "%add_ln71_2 = add i4 %tc49_load, i4 1" [../gen/Hls_Layers_UpConv.tpp:71]   --->   Operation 44 'add' 'add_ln71_2' <Predicate = true> <Delay = 0.79> <CoreInst = "Adder">   --->   Core 1 'Adder' <Latency = 0> <II = 1> <Delay = 0.79> <FuncUnit> <Opcode : 'add' 'sub'> <InPorts = 2> <OutPorts = 1>
ST_1 : Operation 45 [1/1] (0.28ns)   --->   "%or_ln71 = or i1 %icmp_ln7554, i1 %first_iter_050" [../gen/Hls_Layers_UpConv.tpp:71]   --->   Operation 45 'or' 'or_ln71' <Predicate = true> <Delay = 0.28> <CoreInst = "LogicGate">   --->   Core 74 'LogicGate' <Latency = 0> <II = 1> <Delay = 0.28> <FuncUnit> <Opcode : 'and' 'or' 'xor'> <InPorts = 2> <OutPorts = 1>
ST_1 : Operation 46 [1/1] (0.39ns)   --->   "%tc = select i1 %icmp_ln7554, i4 %add_ln71_2, i4 %tc49_load" [../gen/Hls_Layers_UpConv.tpp:71]   --->   Operation 46 'select' 'tc' <Predicate = true> <Delay = 0.39> <CoreInst = "Sel">   --->   Core 73 'Sel' <Latency = 0> <II = 1> <Delay = 0.39> <FuncUnit> <Opcode : 'select'> <InPorts = 3> <OutPorts = 1>
ST_1 : Operation 47 [1/1] (0.00ns)   --->   "%zext_ln71 = zext i4 %tc" [../gen/Hls_Layers_UpConv.tpp:71]   --->   Operation 47 'zext' 'zext_ln71' <Predicate = true> <Delay = 0.00>
ST_1 : Operation 48 [1/1] (0.77ns)   --->   "%add_ln71 = add i9 %co_base, i9 %zext_ln71" [../gen/Hls_Layers_UpConv.tpp:71]   --->   Operation 48 'add' 'add_ln71' <Predicate = true> <Delay = 0.77> <CoreInst = "Adder">   --->   Core 1 'Adder' <Latency = 0> <II = 1> <Delay = 0.77> <FuncUnit> <Opcode : 'add' 'sub'> <InPorts = 2> <OutPorts = 1>
ST_1 : Operation 49 [1/1] (0.82ns)   --->   "%add_ln71_3 = add i13 %indvar_flatten48_load, i13 1" [../gen/Hls_Layers_UpConv.tpp:71]   --->   Operation 49 'add' 'add_ln71_3' <Predicate = true> <Delay = 0.82> <CoreInst = "Adder">   --->   Core 1 'Adder' <Latency = 0> <II = 1> <Delay = 0.82> <FuncUnit> <Opcode : 'add' 'sub'> <InPorts = 2> <OutPorts = 1>
ST_1 : Operation 50 [1/1] (0.00ns)   --->   "%br_ln75 = br i1 %or_ln71, void %for.body5.split, void %for.first.iter.for.body5" [../gen/Hls_Layers_UpConv.tpp:75]   --->   Operation 50 'br' 'br_ln75' <Predicate = true> <Delay = 0.00>
ST_1 : Operation 51 [1/1] (0.00ns)   --->   "%trunc_ln71 = trunc i4 %tc" [../gen/Hls_Layers_UpConv.tpp:71]   --->   Operation 51 'trunc' 'trunc_ln71' <Predicate = true> <Delay = 0.00>
ST_1 : Operation 52 [1/1] (0.67ns)   --->   "%switch_ln77 = switch i3 %trunc_ln71, void %arrayidx1411.case.7, i3 0, void %arrayidx1411.case.0, i3 1, void %arrayidx1411.case.1, i3 2, void %arrayidx1411.case.2, i3 3, void %arrayidx1411.case.3, i3 4, void %arrayidx1411.case.4, i3 5, void %arrayidx1411.case.5, i3 6, void %arrayidx1411.case.6" [../gen/Hls_Layers_UpConv.tpp:77]   --->   Operation 52 'switch' 'switch_ln77' <Predicate = true> <Delay = 0.67>
ST_1 : Operation 53 [1/1] (0.78ns)   --->   "%add_ln75 = add i10 %kci51_load, i10 1" [../gen/Hls_Layers_UpConv.tpp:75]   --->   Operation 53 'add' 'add_ln75' <Predicate = true> <Delay = 0.78> <CoreInst = "Adder">   --->   Core 1 'Adder' <Latency = 0> <II = 1> <Delay = 0.78> <FuncUnit> <Opcode : 'add' 'sub'> <InPorts = 2> <OutPorts = 1>
ST_1 : Operation 54 [1/1] (0.40ns)   --->   "%kci = select i1 %icmp_ln7554, i10 1, i10 %add_ln75" [../gen/Hls_Layers_UpConv.tpp:75]   --->   Operation 54 'select' 'kci' <Predicate = true> <Delay = 0.40> <CoreInst = "Sel">   --->   Core 73 'Sel' <Latency = 0> <II = 1> <Delay = 0.40> <FuncUnit> <Opcode : 'select'> <InPorts = 3> <OutPorts = 1>
ST_1 : Operation 55 [1/1] (0.78ns)   --->   "%icmp_ln75 = icmp_eq  i10 %kci, i10 540" [../gen/Hls_Layers_UpConv.tpp:75]   --->   Operation 55 'icmp' 'icmp_ln75' <Predicate = true> <Delay = 0.78> <CoreInst = "Cmp">   --->   Core 9 'Cmp' <Latency = 0> <II = 1> <Delay = 0.78> <FuncUnit> <Opcode : 'seteq' 'setne' 'setle' 'setge' 'setlt' 'setgt'> <InPorts = 2> <OutPorts = 1>
ST_1 : Operation 56 [1/1] (0.82ns)   --->   "%icmp_ln71 = icmp_eq  i13 %indvar_flatten48_load, i13 4319" [../gen/Hls_Layers_UpConv.tpp:71]   --->   Operation 56 'icmp' 'icmp_ln71' <Predicate = true> <Delay = 0.82> <CoreInst = "Cmp">   --->   Core 9 'Cmp' <Latency = 0> <II = 1> <Delay = 0.82> <FuncUnit> <Opcode : 'seteq' 'setne' 'setle' 'setge' 'setlt' 'setgt'> <InPorts = 2> <OutPorts = 1>
ST_1 : Operation 57 [1/1] (0.42ns)   --->   "%store_ln75 = store i10 %kci, i10 %kci51" [../gen/Hls_Layers_UpConv.tpp:75]   --->   Operation 57 'store' 'store_ln75' <Predicate = true> <Delay = 0.42>
ST_1 : Operation 58 [1/1] (0.42ns)   --->   "%store_ln71 = store i4 %tc, i4 %tc49" [../gen/Hls_Layers_UpConv.tpp:71]   --->   Operation 58 'store' 'store_ln71' <Predicate = true> <Delay = 0.42>
ST_1 : Operation 59 [1/1] (0.42ns)   --->   "%store_ln71 = store i13 %add_ln71_3, i13 %indvar_flatten48" [../gen/Hls_Layers_UpConv.tpp:71]   --->   Operation 59 'store' 'store_ln71' <Predicate = true> <Delay = 0.42>
ST_1 : Operation 60 [1/1] (0.00ns)   --->   "%br_ln71 = br i1 %icmp_ln71, void %for.inc20, void %for.end22" [../gen/Hls_Layers_UpConv.tpp:71]   --->   Operation 60 'br' 'br_ln71' <Predicate = true> <Delay = 0.00>

State 2 <SV = 1> <Delay = 2.38>
ST_2 : Operation 61 [1/1] (0.00ns)   --->   "%zext_ln71_1 = zext i9 %add_ln71" [../gen/Hls_Layers_UpConv.tpp:71]   --->   Operation 61 'zext' 'zext_ln71_1' <Predicate = true> <Delay = 0.00>
ST_2 : Operation 62 [1/1] (2.38ns)   --->   "%mul_ln71 = mul i24 %zext_ln71_1, i24 17280" [../gen/Hls_Layers_UpConv.tpp:71]   --->   Operation 62 'mul' 'mul_ln71' <Predicate = true> <Delay = 2.38> <CoreInst = "Multiplier">   --->   Core 3 'Multiplier' <Latency = 0> <II = 1> <Delay = 2.38> <FuncUnit> <Opcode : 'mul'> <InPorts = 2> <OutPorts = 1>

State 3 <SV = 2> <Delay = 1.08>
ST_3 : Operation 63 [1/1] (0.00ns)   --->   "%zext_ln71_2 = zext i24 %mul_ln71" [../gen/Hls_Layers_UpConv.tpp:71]   --->   Operation 63 'zext' 'zext_ln71_2' <Predicate = true> <Delay = 0.00>
ST_3 : Operation 64 [1/1] (1.08ns)   --->   "%add_ln71_1 = add i64 %zext_ln71_2, i64 %W_ptr_read" [../gen/Hls_Layers_UpConv.tpp:71]   --->   Operation 64 'add' 'add_ln71_1' <Predicate = true> <Delay = 1.08> <CoreInst = "Adder">   --->   Core 1 'Adder' <Latency = 0> <II = 1> <Delay = 1.08> <FuncUnit> <Opcode : 'add' 'sub'> <InPorts = 2> <OutPorts = 1>
ST_3 : Operation 65 [1/1] (0.00ns)   --->   "%trunc_ln = partselect i59 @_ssdm_op_PartSelect.i59.i64.i32.i32, i64 %add_ln71_1, i32 5, i32 63" [../gen/Hls_Layers_UpConv.tpp:75]   --->   Operation 65 'partselect' 'trunc_ln' <Predicate = true> <Delay = 0.00>

State 4 <SV = 3> <Delay = 2.43>
ST_4 : Operation 66 [1/1] (0.00ns)   --->   "%specloopname_ln0 = specloopname void @_ssdm_op_SpecLoopName, void @PRELOAD_W_W_FLAT_str"   --->   Operation 66 'specloopname' 'specloopname_ln0' <Predicate = true> <Delay = 0.00>
ST_4 : Operation 67 [1/1] (0.00ns)   --->   "%speclooptripcount_ln0 = speclooptripcount void @_ssdm_op_SpecLoopTripCount, i64 4320, i64 4320, i64 4320"   --->   Operation 67 'speclooptripcount' 'speclooptripcount_ln0' <Predicate = true> <Delay = 0.00>
ST_4 : Operation 68 [1/1] (0.00ns)   --->   "%sext_ln75 = sext i59 %trunc_ln" [../gen/Hls_Layers_UpConv.tpp:75]   --->   Operation 68 'sext' 'sext_ln75' <Predicate = true> <Delay = 0.00>
ST_4 : Operation 69 [1/1] (0.00ns)   --->   "%gmem_weight_addr = getelementptr i256 %gmem_weight, i64 %sext_ln75" [../gen/Hls_Layers_UpConv.tpp:75]   --->   Operation 69 'getelementptr' 'gmem_weight_addr' <Predicate = true> <Delay = 0.00>
ST_4 : Operation 70 [8/8] (2.43ns)   --->   "%empty = readreq i1 @_ssdm_op_ReadReq.m_axi.p1i256, i256 %gmem_weight_addr, i64 540" [../gen/Hls_Layers_UpConv.tpp:75]   --->   Operation 70 'readreq' 'empty' <Predicate = (or_ln71)> <Delay = 2.43> <CoreInst = "m_axi">   --->   Core 119 'm_axi' <Latency = 6> <II = 1> <Delay = 1.00> <Adapter> <Opcode : 'read' 'write' 'readreq' 'writereq' 'writeresp'>

State 5 <SV = 4> <Delay = 2.43>
ST_5 : Operation 71 [7/8] (2.43ns)   --->   "%empty = readreq i1 @_ssdm_op_ReadReq.m_axi.p1i256, i256 %gmem_weight_addr, i64 540" [../gen/Hls_Layers_UpConv.tpp:75]   --->   Operation 71 'readreq' 'empty' <Predicate = (or_ln71)> <Delay = 2.43> <CoreInst = "m_axi">   --->   Core 119 'm_axi' <Latency = 6> <II = 1> <Delay = 1.00> <Adapter> <Opcode : 'read' 'write' 'readreq' 'writereq' 'writeresp'>

State 6 <SV = 5> <Delay = 2.43>
ST_6 : Operation 72 [6/8] (2.43ns)   --->   "%empty = readreq i1 @_ssdm_op_ReadReq.m_axi.p1i256, i256 %gmem_weight_addr, i64 540" [../gen/Hls_Layers_UpConv.tpp:75]   --->   Operation 72 'readreq' 'empty' <Predicate = (or_ln71)> <Delay = 2.43> <CoreInst = "m_axi">   --->   Core 119 'm_axi' <Latency = 6> <II = 1> <Delay = 1.00> <Adapter> <Opcode : 'read' 'write' 'readreq' 'writereq' 'writeresp'>

State 7 <SV = 6> <Delay = 2.43>
ST_7 : Operation 73 [5/8] (2.43ns)   --->   "%empty = readreq i1 @_ssdm_op_ReadReq.m_axi.p1i256, i256 %gmem_weight_addr, i64 540" [../gen/Hls_Layers_UpConv.tpp:75]   --->   Operation 73 'readreq' 'empty' <Predicate = (or_ln71)> <Delay = 2.43> <CoreInst = "m_axi">   --->   Core 119 'm_axi' <Latency = 6> <II = 1> <Delay = 1.00> <Adapter> <Opcode : 'read' 'write' 'readreq' 'writereq' 'writeresp'>

State 8 <SV = 7> <Delay = 2.43>
ST_8 : Operation 74 [4/8] (2.43ns)   --->   "%empty = readreq i1 @_ssdm_op_ReadReq.m_axi.p1i256, i256 %gmem_weight_addr, i64 540" [../gen/Hls_Layers_UpConv.tpp:75]   --->   Operation 74 'readreq' 'empty' <Predicate = (or_ln71)> <Delay = 2.43> <CoreInst = "m_axi">   --->   Core 119 'm_axi' <Latency = 6> <II = 1> <Delay = 1.00> <Adapter> <Opcode : 'read' 'write' 'readreq' 'writereq' 'writeresp'>

State 9 <SV = 8> <Delay = 2.43>
ST_9 : Operation 75 [3/8] (2.43ns)   --->   "%empty = readreq i1 @_ssdm_op_ReadReq.m_axi.p1i256, i256 %gmem_weight_addr, i64 540" [../gen/Hls_Layers_UpConv.tpp:75]   --->   Operation 75 'readreq' 'empty' <Predicate = (or_ln71)> <Delay = 2.43> <CoreInst = "m_axi">   --->   Core 119 'm_axi' <Latency = 6> <II = 1> <Delay = 1.00> <Adapter> <Opcode : 'read' 'write' 'readreq' 'writereq' 'writeresp'>

State 10 <SV = 9> <Delay = 2.43>
ST_10 : Operation 76 [2/8] (2.43ns)   --->   "%empty = readreq i1 @_ssdm_op_ReadReq.m_axi.p1i256, i256 %gmem_weight_addr, i64 540" [../gen/Hls_Layers_UpConv.tpp:75]   --->   Operation 76 'readreq' 'empty' <Predicate = (or_ln71)> <Delay = 2.43> <CoreInst = "m_axi">   --->   Core 119 'm_axi' <Latency = 6> <II = 1> <Delay = 1.00> <Adapter> <Opcode : 'read' 'write' 'readreq' 'writereq' 'writeresp'>

State 11 <SV = 10> <Delay = 3.35>
ST_11 : Operation 77 [1/8] (2.43ns)   --->   "%empty = readreq i1 @_ssdm_op_ReadReq.m_axi.p1i256, i256 %gmem_weight_addr, i64 540" [../gen/Hls_Layers_UpConv.tpp:75]   --->   Operation 77 'readreq' 'empty' <Predicate = (or_ln71)> <Delay = 2.43> <CoreInst = "m_axi">   --->   Core 119 'm_axi' <Latency = 6> <II = 1> <Delay = 1.00> <Adapter> <Opcode : 'read' 'write' 'readreq' 'writereq' 'writeresp'>
ST_11 : Operation 78 [1/1] (0.00ns)   --->   "%br_ln75 = br void %for.body5.split" [../gen/Hls_Layers_UpConv.tpp:75]   --->   Operation 78 'br' 'br_ln75' <Predicate = (or_ln71)> <Delay = 0.00>
ST_11 : Operation 79 [1/1] (0.00ns)   --->   "%ci_cnt52_load = load i32 %ci_cnt52" [../gen/Hls_Layers_UpConv.tpp:71]   --->   Operation 79 'load' 'ci_cnt52_load' <Predicate = true> <Delay = 0.00>
ST_11 : Operation 80 [1/1] (0.44ns)   --->   "%select_ln71_1 = select i1 %icmp_ln7554, i32 0, i32 %ci_cnt52_load" [../gen/Hls_Layers_UpConv.tpp:71]   --->   Operation 80 'select' 'select_ln71_1' <Predicate = true> <Delay = 0.44> <CoreInst = "Sel">   --->   Core 73 'Sel' <Latency = 0> <II = 1> <Delay = 0.44> <FuncUnit> <Opcode : 'select'> <InPorts = 3> <OutPorts = 1>
ST_11 : Operation 81 [1/1] (0.00ns)   --->   "%trunc_ln75 = trunc i32 %select_ln71_1" [../gen/Hls_Layers_UpConv.tpp:75]   --->   Operation 81 'trunc' 'trunc_ln75' <Predicate = true> <Delay = 0.00>
ST_11 : Operation 82 [1/1] (1.01ns)   --->   "%ci_cnt_1 = add i32 %select_ln71_1, i32 1" [../gen/Hls_Layers_UpConv.tpp:78]   --->   Operation 82 'add' 'ci_cnt_1' <Predicate = true> <Delay = 1.01> <CoreInst = "Adder">   --->   Core 1 'Adder' <Latency = 0> <II = 1> <Delay = 1.01> <FuncUnit> <Opcode : 'add' 'sub'> <InPorts = 2> <OutPorts = 1>
ST_11 : Operation 83 [1/1] (1.01ns)   --->   "%icmp_ln79 = icmp_sgt  i32 %ci_cnt_1, i32 59" [../gen/Hls_Layers_UpConv.tpp:79]   --->   Operation 83 'icmp' 'icmp_ln79' <Predicate = true> <Delay = 1.01> <CoreInst = "Cmp">   --->   Core 9 'Cmp' <Latency = 0> <II = 1> <Delay = 1.01> <FuncUnit> <Opcode : 'seteq' 'setne' 'setle' 'setge' 'setlt' 'setgt'> <InPorts = 2> <OutPorts = 1>
ST_11 : Operation 84 [1/1] (0.44ns)   --->   "%ci_cnt = select i1 %icmp_ln79, i32 0, i32 %ci_cnt_1" [../gen/Hls_Layers_UpConv.tpp:79]   --->   Operation 84 'select' 'ci_cnt' <Predicate = true> <Delay = 0.44> <CoreInst = "Sel">   --->   Core 73 'Sel' <Latency = 0> <II = 1> <Delay = 0.44> <FuncUnit> <Opcode : 'select'> <InPorts = 3> <OutPorts = 1>
ST_11 : Operation 85 [1/1] (0.42ns)   --->   "%store_ln79 = store i32 %ci_cnt, i32 %ci_cnt52" [../gen/Hls_Layers_UpConv.tpp:79]   --->   Operation 85 'store' 'store_ln79' <Predicate = true> <Delay = 0.42>

State 12 <SV = 11> <Delay = 2.43>
ST_12 : Operation 86 [1/1] (0.00ns)   --->   "%k_cnt53_load = load i32 %k_cnt53" [../gen/Hls_Layers_UpConv.tpp:71]   --->   Operation 86 'load' 'k_cnt53_load' <Predicate = true> <Delay = 0.00>
ST_12 : Operation 87 [1/1] (0.44ns)   --->   "%select_ln71_2 = select i1 %icmp_ln7554, i32 0, i32 %k_cnt53_load" [../gen/Hls_Layers_UpConv.tpp:71]   --->   Operation 87 'select' 'select_ln71_2' <Predicate = true> <Delay = 0.44> <CoreInst = "Sel">   --->   Core 73 'Sel' <Latency = 0> <II = 1> <Delay = 0.44> <FuncUnit> <Opcode : 'select'> <InPorts = 3> <OutPorts = 1>
ST_12 : Operation 88 [1/1] (0.00ns)   --->   "%trunc_ln77 = trunc i32 %select_ln71_2" [../gen/Hls_Layers_UpConv.tpp:77]   --->   Operation 88 'trunc' 'trunc_ln77' <Predicate = true> <Delay = 0.00>
ST_12 : Operation 89 [1/1] (0.00ns)   --->   "%p_shl = bitconcatenate i10 @_ssdm_op_BitConcatenate.i10.i4.i6, i4 %trunc_ln77, i6 0" [../gen/Hls_Layers_UpConv.tpp:77]   --->   Operation 89 'bitconcatenate' 'p_shl' <Predicate = true> <Delay = 0.00>
ST_12 : Operation 90 [1/1] (0.00ns)   --->   "%trunc_ln77_1 = trunc i32 %select_ln71_2" [../gen/Hls_Layers_UpConv.tpp:77]   --->   Operation 90 'trunc' 'trunc_ln77_1' <Predicate = true> <Delay = 0.00>
ST_12 : Operation 91 [1/1] (0.00ns)   --->   "%p_shl1 = bitconcatenate i10 @_ssdm_op_BitConcatenate.i10.i8.i2, i8 %trunc_ln77_1, i2 0" [../gen/Hls_Layers_UpConv.tpp:77]   --->   Operation 91 'bitconcatenate' 'p_shl1' <Predicate = true> <Delay = 0.00>
ST_12 : Operation 92 [1/1] (0.00ns) (grouped into TernaryAdder)   --->   "%sub_ln77 = sub i10 %p_shl, i10 %p_shl1" [../gen/Hls_Layers_UpConv.tpp:77]   --->   Operation 92 'sub' 'sub_ln77' <Predicate = true> <Delay = 0.00> <CoreInst = "TAddSub">   --->   Core 10 'TAddSub' <Latency = 0> <II = 1> <Delay = 0.48> <IPBlock> <Opcode : '' 'add' 'sub'> <InPorts = 3> <OutPorts = 1> <Sync> <CReg>
ST_12 : Operation 93 [1/1] (0.96ns) (root node of TernaryAdder)   --->   "%add_ln77 = add i10 %sub_ln77, i10 %trunc_ln75" [../gen/Hls_Layers_UpConv.tpp:77]   --->   Operation 93 'add' 'add_ln77' <Predicate = true> <Delay = 0.96> <CoreInst = "TAddSub">   --->   Core 10 'TAddSub' <Latency = 0> <II = 1> <Delay = 0.48> <IPBlock> <Opcode : '' 'add' 'sub'> <InPorts = 3> <OutPorts = 1> <Sync> <CReg>
ST_12 : Operation 94 [1/1] (2.43ns)   --->   "%gmem_weight_addr_read = read i256 @_ssdm_op_Read.m_axi.p1i256, i256 %gmem_weight_addr" [../gen/Hls_Layers_UpConv.tpp:77]   --->   Operation 94 'read' 'gmem_weight_addr_read' <Predicate = true> <Delay = 2.43> <CoreInst = "m_axi">   --->   Core 119 'm_axi' <Latency = 3> <II = 1> <Delay = 1.00> <Adapter> <Opcode : 'read' 'write' 'readreq' 'writereq' 'writeresp'>
ST_12 : Operation 95 [1/1] (1.01ns)   --->   "%add_ln79 = add i32 %select_ln71_2, i32 1" [../gen/Hls_Layers_UpConv.tpp:79]   --->   Operation 95 'add' 'add_ln79' <Predicate = (icmp_ln79)> <Delay = 1.01> <CoreInst = "Adder">   --->   Core 1 'Adder' <Latency = 0> <II = 1> <Delay = 1.01> <FuncUnit> <Opcode : 'add' 'sub'> <InPorts = 2> <OutPorts = 1>
ST_12 : Operation 96 [1/1] (0.44ns)   --->   "%k_cnt = select i1 %icmp_ln79, i32 %add_ln79, i32 %select_ln71_2" [../gen/Hls_Layers_UpConv.tpp:79]   --->   Operation 96 'select' 'k_cnt' <Predicate = true> <Delay = 0.44> <CoreInst = "Sel">   --->   Core 73 'Sel' <Latency = 0> <II = 1> <Delay = 0.44> <FuncUnit> <Opcode : 'select'> <InPorts = 3> <OutPorts = 1>
ST_12 : Operation 97 [1/1] (0.42ns)   --->   "%store_ln79 = store i32 %k_cnt, i32 %k_cnt53" [../gen/Hls_Layers_UpConv.tpp:79]   --->   Operation 97 'store' 'store_ln79' <Predicate = true> <Delay = 0.42>

State 13 <SV = 12> <Delay = 1.23>
ST_13 : Operation 98 [1/1] (0.00ns)   --->   "%specpipeline_ln76 = specpipeline void @_ssdm_op_SpecPipeline, i32 1, i32 0, i32 0, i32 0, void @empty_65" [../gen/Hls_Layers_UpConv.tpp:76]   --->   Operation 98 'specpipeline' 'specpipeline_ln76' <Predicate = true> <Delay = 0.00>
ST_13 : Operation 99 [1/1] (0.00ns)   --->   "%zext_ln77 = zext i10 %add_ln77" [../gen/Hls_Layers_UpConv.tpp:77]   --->   Operation 99 'zext' 'zext_ln77' <Predicate = true> <Delay = 0.00>
ST_13 : Operation 100 [1/1] (0.00ns)   --->   "%wbuf_0_addr = getelementptr i256 %wbuf_0, i64 0, i64 %zext_ln77" [../gen/Hls_Layers_UpConv.tpp:77]   --->   Operation 100 'getelementptr' 'wbuf_0_addr' <Predicate = true> <Delay = 0.00>
ST_13 : Operation 101 [1/1] (0.00ns)   --->   "%wbuf_1_addr = getelementptr i256 %wbuf_1, i64 0, i64 %zext_ln77" [../gen/Hls_Layers_UpConv.tpp:77]   --->   Operation 101 'getelementptr' 'wbuf_1_addr' <Predicate = true> <Delay = 0.00>
ST_13 : Operation 102 [1/1] (0.00ns)   --->   "%wbuf_2_addr = getelementptr i256 %wbuf_2, i64 0, i64 %zext_ln77" [../gen/Hls_Layers_UpConv.tpp:77]   --->   Operation 102 'getelementptr' 'wbuf_2_addr' <Predicate = true> <Delay = 0.00>
ST_13 : Operation 103 [1/1] (0.00ns)   --->   "%wbuf_3_addr = getelementptr i256 %wbuf_3, i64 0, i64 %zext_ln77" [../gen/Hls_Layers_UpConv.tpp:77]   --->   Operation 103 'getelementptr' 'wbuf_3_addr' <Predicate = true> <Delay = 0.00>
ST_13 : Operation 104 [1/1] (0.00ns)   --->   "%wbuf_4_addr = getelementptr i256 %wbuf_4, i64 0, i64 %zext_ln77" [../gen/Hls_Layers_UpConv.tpp:77]   --->   Operation 104 'getelementptr' 'wbuf_4_addr' <Predicate = true> <Delay = 0.00>
ST_13 : Operation 105 [1/1] (0.00ns)   --->   "%wbuf_5_addr = getelementptr i256 %wbuf_5, i64 0, i64 %zext_ln77" [../gen/Hls_Layers_UpConv.tpp:77]   --->   Operation 105 'getelementptr' 'wbuf_5_addr' <Predicate = true> <Delay = 0.00>
ST_13 : Operation 106 [1/1] (0.00ns)   --->   "%wbuf_6_addr = getelementptr i256 %wbuf_6, i64 0, i64 %zext_ln77" [../gen/Hls_Layers_UpConv.tpp:77]   --->   Operation 106 'getelementptr' 'wbuf_6_addr' <Predicate = true> <Delay = 0.00>
ST_13 : Operation 107 [1/1] (0.00ns)   --->   "%wbuf_7_addr = getelementptr i256 %wbuf_7, i64 0, i64 %zext_ln77" [../gen/Hls_Layers_UpConv.tpp:77]   --->   Operation 107 'getelementptr' 'wbuf_7_addr' <Predicate = true> <Delay = 0.00>
ST_13 : Operation 108 [1/1] ( I:1.23ns O:1.23ns )   --->   "%store_ln77 = store i256 %gmem_weight_addr_read, i10 %wbuf_6_addr" [../gen/Hls_Layers_UpConv.tpp:77]   --->   Operation 108 'store' 'store_ln77' <Predicate = (trunc_ln71 == 6)> <Delay = 1.23> <CoreInst = "RAM_T2P_URAM">   --->   Core 99 'RAM_T2P_URAM' <Latency = 1> <II = 1> <Delay = 1.23> <Storage> <Opcode : 'load' 'store'> <Ports = 2> <Width = 256> <Depth = 540> <RAM>
ST_13 : Operation 109 [1/1] (0.00ns)   --->   "%br_ln77 = br void %arrayidx1411.exit" [../gen/Hls_Layers_UpConv.tpp:77]   --->   Operation 109 'br' 'br_ln77' <Predicate = (trunc_ln71 == 6)> <Delay = 0.00>
ST_13 : Operation 110 [1/1] ( I:1.23ns O:1.23ns )   --->   "%store_ln77 = store i256 %gmem_weight_addr_read, i10 %wbuf_5_addr" [../gen/Hls_Layers_UpConv.tpp:77]   --->   Operation 110 'store' 'store_ln77' <Predicate = (trunc_ln71 == 5)> <Delay = 1.23> <CoreInst = "RAM_T2P_URAM">   --->   Core 99 'RAM_T2P_URAM' <Latency = 1> <II = 1> <Delay = 1.23> <Storage> <Opcode : 'load' 'store'> <Ports = 2> <Width = 256> <Depth = 540> <RAM>
ST_13 : Operation 111 [1/1] (0.00ns)   --->   "%br_ln77 = br void %arrayidx1411.exit" [../gen/Hls_Layers_UpConv.tpp:77]   --->   Operation 111 'br' 'br_ln77' <Predicate = (trunc_ln71 == 5)> <Delay = 0.00>
ST_13 : Operation 112 [1/1] ( I:1.23ns O:1.23ns )   --->   "%store_ln77 = store i256 %gmem_weight_addr_read, i10 %wbuf_4_addr" [../gen/Hls_Layers_UpConv.tpp:77]   --->   Operation 112 'store' 'store_ln77' <Predicate = (trunc_ln71 == 4)> <Delay = 1.23> <CoreInst = "RAM_T2P_URAM">   --->   Core 99 'RAM_T2P_URAM' <Latency = 1> <II = 1> <Delay = 1.23> <Storage> <Opcode : 'load' 'store'> <Ports = 2> <Width = 256> <Depth = 540> <RAM>
ST_13 : Operation 113 [1/1] (0.00ns)   --->   "%br_ln77 = br void %arrayidx1411.exit" [../gen/Hls_Layers_UpConv.tpp:77]   --->   Operation 113 'br' 'br_ln77' <Predicate = (trunc_ln71 == 4)> <Delay = 0.00>
ST_13 : Operation 114 [1/1] ( I:1.23ns O:1.23ns )   --->   "%store_ln77 = store i256 %gmem_weight_addr_read, i10 %wbuf_3_addr" [../gen/Hls_Layers_UpConv.tpp:77]   --->   Operation 114 'store' 'store_ln77' <Predicate = (trunc_ln71 == 3)> <Delay = 1.23> <CoreInst = "RAM_T2P_URAM">   --->   Core 99 'RAM_T2P_URAM' <Latency = 1> <II = 1> <Delay = 1.23> <Storage> <Opcode : 'load' 'store'> <Ports = 2> <Width = 256> <Depth = 540> <RAM>
ST_13 : Operation 115 [1/1] (0.00ns)   --->   "%br_ln77 = br void %arrayidx1411.exit" [../gen/Hls_Layers_UpConv.tpp:77]   --->   Operation 115 'br' 'br_ln77' <Predicate = (trunc_ln71 == 3)> <Delay = 0.00>
ST_13 : Operation 116 [1/1] ( I:1.23ns O:1.23ns )   --->   "%store_ln77 = store i256 %gmem_weight_addr_read, i10 %wbuf_2_addr" [../gen/Hls_Layers_UpConv.tpp:77]   --->   Operation 116 'store' 'store_ln77' <Predicate = (trunc_ln71 == 2)> <Delay = 1.23> <CoreInst = "RAM_T2P_URAM">   --->   Core 99 'RAM_T2P_URAM' <Latency = 1> <II = 1> <Delay = 1.23> <Storage> <Opcode : 'load' 'store'> <Ports = 2> <Width = 256> <Depth = 540> <RAM>
ST_13 : Operation 117 [1/1] (0.00ns)   --->   "%br_ln77 = br void %arrayidx1411.exit" [../gen/Hls_Layers_UpConv.tpp:77]   --->   Operation 117 'br' 'br_ln77' <Predicate = (trunc_ln71 == 2)> <Delay = 0.00>
ST_13 : Operation 118 [1/1] ( I:1.23ns O:1.23ns )   --->   "%store_ln77 = store i256 %gmem_weight_addr_read, i10 %wbuf_1_addr" [../gen/Hls_Layers_UpConv.tpp:77]   --->   Operation 118 'store' 'store_ln77' <Predicate = (trunc_ln71 == 1)> <Delay = 1.23> <CoreInst = "RAM_T2P_URAM">   --->   Core 99 'RAM_T2P_URAM' <Latency = 1> <II = 1> <Delay = 1.23> <Storage> <Opcode : 'load' 'store'> <Ports = 2> <Width = 256> <Depth = 540> <RAM>
ST_13 : Operation 119 [1/1] (0.00ns)   --->   "%br_ln77 = br void %arrayidx1411.exit" [../gen/Hls_Layers_UpConv.tpp:77]   --->   Operation 119 'br' 'br_ln77' <Predicate = (trunc_ln71 == 1)> <Delay = 0.00>
ST_13 : Operation 120 [1/1] ( I:1.23ns O:1.23ns )   --->   "%store_ln77 = store i256 %gmem_weight_addr_read, i10 %wbuf_0_addr" [../gen/Hls_Layers_UpConv.tpp:77]   --->   Operation 120 'store' 'store_ln77' <Predicate = (trunc_ln71 == 0)> <Delay = 1.23> <CoreInst = "RAM_T2P_URAM">   --->   Core 99 'RAM_T2P_URAM' <Latency = 1> <II = 1> <Delay = 1.23> <Storage> <Opcode : 'load' 'store'> <Ports = 2> <Width = 256> <Depth = 540> <RAM>
ST_13 : Operation 121 [1/1] (0.00ns)   --->   "%br_ln77 = br void %arrayidx1411.exit" [../gen/Hls_Layers_UpConv.tpp:77]   --->   Operation 121 'br' 'br_ln77' <Predicate = (trunc_ln71 == 0)> <Delay = 0.00>
ST_13 : Operation 122 [1/1] ( I:1.23ns O:1.23ns )   --->   "%store_ln77 = store i256 %gmem_weight_addr_read, i10 %wbuf_7_addr" [../gen/Hls_Layers_UpConv.tpp:77]   --->   Operation 122 'store' 'store_ln77' <Predicate = (trunc_ln71 == 7)> <Delay = 1.23> <CoreInst = "RAM_T2P_URAM">   --->   Core 99 'RAM_T2P_URAM' <Latency = 1> <II = 1> <Delay = 1.23> <Storage> <Opcode : 'load' 'store'> <Ports = 2> <Width = 256> <Depth = 540> <RAM>
ST_13 : Operation 123 [1/1] (0.00ns)   --->   "%br_ln77 = br void %arrayidx1411.exit" [../gen/Hls_Layers_UpConv.tpp:77]   --->   Operation 123 'br' 'br_ln77' <Predicate = (trunc_ln71 == 7)> <Delay = 0.00>
ST_13 : Operation 124 [1/1] (0.42ns)   --->   "%ret_ln83 = ret i6 %tile_read" [../gen/Hls_Layers_UpConv.tpp:83]   --->   Operation 124 'ret' 'ret_ln83' <Predicate = (icmp_ln71)> <Delay = 0.42>


============================================================
+ Verbose Summary: Timing violations
============================================================
Target clock period: 3.333ns, clock uncertainty: 0.900ns.

 <State 1>: 2.404ns
The critical path consists of the following:
	'store' operation 0 bit ('store_ln0') of constant 0 on local variable 'kci51' [31]  (0.427 ns)
	'load' operation 10 bit ('kci51_load', ../gen/Hls_Layers_UpConv.tpp:75) on local variable 'kci51' [40]  (0.000 ns)
	'add' operation 10 bit ('add_ln75', ../gen/Hls_Layers_UpConv.tpp:75) [115]  (0.787 ns)
	'select' operation 10 bit ('kci', ../gen/Hls_Layers_UpConv.tpp:75) [116]  (0.403 ns)
	'icmp' operation 1 bit ('icmp_ln75', ../gen/Hls_Layers_UpConv.tpp:75) [117]  (0.787 ns)

 <State 2>: 2.380ns
The critical path consists of the following:
	'mul' operation 24 bit ('mul_ln71', ../gen/Hls_Layers_UpConv.tpp:71) [49]  (2.380 ns)

 <State 3>: 1.085ns
The critical path consists of the following:
	'add' operation 64 bit ('add_ln71_1', ../gen/Hls_Layers_UpConv.tpp:71) [51]  (1.085 ns)

 <State 4>: 2.433ns
The critical path consists of the following:
	'getelementptr' operation 256 bit ('gmem_weight_addr', ../gen/Hls_Layers_UpConv.tpp:75) [54]  (0.000 ns)
	bus request operation ('empty', ../gen/Hls_Layers_UpConv.tpp:75) on port 'gmem_weight' (../gen/Hls_Layers_UpConv.tpp:75) [58]  (2.433 ns)

 <State 5>: 2.433ns
The critical path consists of the following:
	bus request operation ('empty', ../gen/Hls_Layers_UpConv.tpp:75) on port 'gmem_weight' (../gen/Hls_Layers_UpConv.tpp:75) [58]  (2.433 ns)

 <State 6>: 2.433ns
The critical path consists of the following:
	bus request operation ('empty', ../gen/Hls_Layers_UpConv.tpp:75) on port 'gmem_weight' (../gen/Hls_Layers_UpConv.tpp:75) [58]  (2.433 ns)

 <State 7>: 2.433ns
The critical path consists of the following:
	bus request operation ('empty', ../gen/Hls_Layers_UpConv.tpp:75) on port 'gmem_weight' (../gen/Hls_Layers_UpConv.tpp:75) [58]  (2.433 ns)

 <State 8>: 2.433ns
The critical path consists of the following:
	bus request operation ('empty', ../gen/Hls_Layers_UpConv.tpp:75) on port 'gmem_weight' (../gen/Hls_Layers_UpConv.tpp:75) [58]  (2.433 ns)

 <State 9>: 2.433ns
The critical path consists of the following:
	bus request operation ('empty', ../gen/Hls_Layers_UpConv.tpp:75) on port 'gmem_weight' (../gen/Hls_Layers_UpConv.tpp:75) [58]  (2.433 ns)

 <State 10>: 2.433ns
The critical path consists of the following:
	bus request operation ('empty', ../gen/Hls_Layers_UpConv.tpp:75) on port 'gmem_weight' (../gen/Hls_Layers_UpConv.tpp:75) [58]  (2.433 ns)

 <State 11>: 3.357ns
The critical path consists of the following:
	'load' operation 32 bit ('ci_cnt52_load', ../gen/Hls_Layers_UpConv.tpp:71) on local variable 'ci_cnt52' [61]  (0.000 ns)
	'select' operation 32 bit ('select_ln71_1', ../gen/Hls_Layers_UpConv.tpp:71) [64]  (0.449 ns)
	'add' operation 32 bit ('ci_cnt', ../gen/Hls_Layers_UpConv.tpp:78) [110]  (1.016 ns)
	'icmp' operation 1 bit ('icmp_ln79', ../gen/Hls_Layers_UpConv.tpp:79) [111]  (1.016 ns)
	'select' operation 32 bit ('ci_cnt', ../gen/Hls_Layers_UpConv.tpp:79) [114]  (0.449 ns)
	'store' operation 0 bit ('store_ln79', ../gen/Hls_Layers_UpConv.tpp:79) of variable 'ci_cnt', ../gen/Hls_Layers_UpConv.tpp:79 on local variable 'ci_cnt52' [120]  (0.427 ns)

 <State 12>: 2.433ns
The critical path consists of the following:
	bus read operation ('gmem_weight_addr_read', ../gen/Hls_Layers_UpConv.tpp:77) on port 'gmem_weight' (../gen/Hls_Layers_UpConv.tpp:77) [83]  (2.433 ns)

 <State 13>: 1.237ns
The critical path consists of the following:
	'getelementptr' operation 10 bit ('wbuf_6_addr', ../gen/Hls_Layers_UpConv.tpp:77) [81]  (0.000 ns)
	'store' operation 0 bit ('store_ln77', ../gen/Hls_Layers_UpConv.tpp:77) of variable 'gmem_weight_addr_read', ../gen/Hls_Layers_UpConv.tpp:77 on array 'wbuf_6' [86]  (1.237 ns)


============================================================
+ Verbose Summary: Binding
============================================================
N/A
* FSMD analyzer results:
  - Output states:
 - Input state : 
  - Chain level:
	State 1
	State 2
	State 3
	State 4
	State 5
	State 6
	State 7
	State 8
	State 9
	State 10
	State 11
	State 12
	State 13


============================================================
+ Verbose Summary: Datapath Resource usage 
============================================================
N/A
