

================================================================
== Vitis HLS Report for 'UpConv_Fused_Row_8_16_16_960_480_Pipeline_LOAD_G'
================================================================
* Date:           Wed Jun  3 13:46:32 2026

* Version:        2024.2 (Build 5238294 on Nov  8 2024)
* Project:        upconv_block0
* Solution:       hls (Vivado IP Flow Target)
* Product family: zynquplus
* Target device:  xczu7ev-ffvc1156-2-e


================================================================
== Performance Estimates
================================================================
+ Timing: 
    * Summary: 
    +--------+---------+----------+------------+
    |  Clock |  Target | Estimated| Uncertainty|
    +--------+---------+----------+------------+
    |ap_clk  |  3.33 ns|  2.433 ns|     0.90 ns|
    +--------+---------+----------+------------+

+ Latency: 
    * Summary: 
    +---------+---------+----------+----------+-----+-----+------------------------------------------------+
    |  Latency (cycles) |  Latency (absolute) |  Interval |                    Pipeline                    |
    |   min   |   max   |    min   |    max   | min | max |                      Type                      |
    +---------+---------+----------+----------+-----+-----+------------------------------------------------+
    |       33|       33|  0.110 us|  0.110 us|   31|   31|  loop auto-rewind stp (delay=0 clock cycles(s))|
    +---------+---------+----------+----------+-----+-----+------------------------------------------------+

    + Detail: 
        * Instance: 
        N/A

        * Loop: 
        +----------+---------+---------+----------+-----------+-----------+------+----------+
        |          |  Latency (cycles) | Iteration|  Initiation Interval  | Trip |          |
        | Loop Name|   min   |   max   |  Latency |  achieved |   target  | Count| Pipelined|
        +----------+---------+---------+----------+-----------+-----------+------+----------+
        |- LOAD_G  |       31|       31|         3|          1|          1|    30|       yes|
        +----------+---------+---------+----------+-----------+-----------+------+----------+

============================================================
+ Verbose Summary: Synthesis Manager
============================================================
InlineROM: 1
ExposeGlobal: 0
============================================================
+ Verbose Summary: CDFG Model
============================================================
IsTopModel: 0
ResetActiveHigh: 1
IsCombinational: 0
IsDatapathOnly: 0
HasWiredReturn: 1
HasMFsm: 2
HasVarLatency: 1
IsPipeline: 0
IsRtlPipelined: 0
IsInstanceOverlapped: 0
IsDontTouch: 0
HasImplIP: 0
IsGatedGlobalClock: 0

+ Individual pipeline summary: 
  * Pipeline-0: initiation interval (II) = 1, depth = 3


============================================================
+ Verbose Summary: Schedule
============================================================
* Number of FSM states : 3
* Pipeline : 1
  Pipeline-0 : II = 1, D = 3, States = { 1 2 3 }
* Dataflow Pipeline: 0

* FSM state transitions: 
1 --> 2 
2 --> 3 
3 --> 

* FSM state operations: 

State 1 <SV = 0> <Delay = 1.64>
ST_1 : Operation 6 [1/1] (0.00ns)   --->   "%i = alloca i32 1" [../gen/Hls_Layers_UpConv.tpp:189->../gen/Hls_Layers_UpConv.tpp:354]   --->   Operation 6 'alloca' 'i' <Predicate = true> <Delay = 0.00>
ST_1 : Operation 7 [1/1] (0.00ns)   --->   "%sext_ln189_read = read i59 @_ssdm_op_Read.ap_auto.i59, i59 %sext_ln189"   --->   Operation 7 'read' 'sext_ln189_read' <Predicate = true> <Delay = 0.00>
ST_1 : Operation 8 [1/1] (0.00ns)   --->   "%sext_ln189_cast = sext i59 %sext_ln189_read"   --->   Operation 8 'sext' 'sext_ln189_cast' <Predicate = true> <Delay = 0.00>
ST_1 : Operation 9 [1/1] (0.00ns)   --->   "%specmemcore_ln0 = specmemcore void @_ssdm_op_SpecMemCore, i256 %g_buf, i64 666, i64 30, i64 18446744073709551615"   --->   Operation 9 'specmemcore' 'specmemcore_ln0' <Predicate = true> <Delay = 0.00>
ST_1 : Operation 10 [1/1] (0.00ns)   --->   "%specinterface_ln0 = specinterface void @_ssdm_op_SpecInterface, i256 %gmem_param, void @empty_27, i32 0, i32 0, void @empty_1, i32 0, i32 0, void @empty_22, void @empty_14, void @empty_1, i32 16, i32 16, i32 64, i32 16, void @empty_1, void @empty_1, i32 4294967295, i32 0, i32 0"   --->   Operation 10 'specinterface' 'specinterface_ln0' <Predicate = true> <Delay = 0.00>
ST_1 : Operation 11 [1/1] (0.42ns)   --->   "%store_ln189 = store i5 0, i5 %i" [../gen/Hls_Layers_UpConv.tpp:189->../gen/Hls_Layers_UpConv.tpp:354]   --->   Operation 11 'store' 'store_ln189' <Predicate = true> <Delay = 0.42>
ST_1 : Operation 12 [1/1] (0.00ns)   --->   "%br_ln0 = br void %for.body7.i"   --->   Operation 12 'br' 'br_ln0' <Predicate = true> <Delay = 0.00>
ST_1 : Operation 13 [1/1] (0.00ns)   --->   "%i_1 = load i5 %i" [../gen/Hls_Layers_UpConv.tpp:189->../gen/Hls_Layers_UpConv.tpp:354]   --->   Operation 13 'load' 'i_1' <Predicate = true> <Delay = 0.00>
ST_1 : Operation 14 [1/1] (0.78ns)   --->   "%icmp_ln189 = icmp_eq  i5 %i_1, i5 30" [../gen/Hls_Layers_UpConv.tpp:189->../gen/Hls_Layers_UpConv.tpp:354]   --->   Operation 14 'icmp' 'icmp_ln189' <Predicate = true> <Delay = 0.78> <CoreInst = "Cmp">   --->   Core 9 'Cmp' <Latency = 0> <II = 1> <Delay = 0.78> <FuncUnit> <Opcode : 'seteq' 'setne' 'setle' 'setge' 'setlt' 'setgt'> <InPorts = 2> <OutPorts = 1>
ST_1 : Operation 15 [1/1] (0.78ns)   --->   "%add_ln189 = add i5 %i_1, i5 1" [../gen/Hls_Layers_UpConv.tpp:189->../gen/Hls_Layers_UpConv.tpp:354]   --->   Operation 15 'add' 'add_ln189' <Predicate = true> <Delay = 0.78> <CoreInst = "Adder">   --->   Core 1 'Adder' <Latency = 0> <II = 1> <Delay = 0.78> <FuncUnit> <Opcode : 'add' 'sub'> <InPorts = 2> <OutPorts = 1>
ST_1 : Operation 16 [1/1] (0.00ns)   --->   "%br_ln189 = br i1 %icmp_ln189, void %for.body7.i.split, void %for.cond.cleanup6.i.exitStub" [../gen/Hls_Layers_UpConv.tpp:189->../gen/Hls_Layers_UpConv.tpp:354]   --->   Operation 16 'br' 'br_ln189' <Predicate = true> <Delay = 0.00>
ST_1 : Operation 17 [1/1] (0.42ns)   --->   "%store_ln189 = store i5 %add_ln189, i5 %i" [../gen/Hls_Layers_UpConv.tpp:189->../gen/Hls_Layers_UpConv.tpp:354]   --->   Operation 17 'store' 'store_ln189' <Predicate = (!icmp_ln189)> <Delay = 0.42>

State 2 <SV = 1> <Delay = 2.43>
ST_2 : Operation 18 [1/1] (0.00ns)   --->   "%gmem_param_addr = getelementptr i256 %gmem_param, i64 %sext_ln189_cast" [../gen/Hls_Layers_UpConv.tpp:189->../gen/Hls_Layers_UpConv.tpp:354]   --->   Operation 18 'getelementptr' 'gmem_param_addr' <Predicate = true> <Delay = 0.00>
ST_2 : Operation 19 [1/1] (2.43ns)   --->   "%gmem_param_addr_read = read i256 @_ssdm_op_Read.m_axi.p1i256, i256 %gmem_param_addr" [../gen/Hls_Layers_UpConv.tpp:191->../gen/Hls_Layers_UpConv.tpp:354]   --->   Operation 19 'read' 'gmem_param_addr_read' <Predicate = true> <Delay = 2.43> <CoreInst = "m_axi">   --->   Core 119 'm_axi' <Latency = 3> <II = 1> <Delay = 1.00> <Adapter> <Opcode : 'read' 'write' 'readreq' 'writereq' 'writeresp'>
ST_2 : Operation 27 [1/1] (0.42ns)   --->   "%ret_ln0 = ret"   --->   Operation 27 'ret' 'ret_ln0' <Predicate = (icmp_ln189)> <Delay = 0.42>

State 3 <SV = 2> <Delay = 1.23>
ST_3 : Operation 20 [1/1] (0.00ns)   --->   "%zext_ln189 = zext i5 %i_1" [../gen/Hls_Layers_UpConv.tpp:189->../gen/Hls_Layers_UpConv.tpp:354]   --->   Operation 20 'zext' 'zext_ln189' <Predicate = true> <Delay = 0.00>
ST_3 : Operation 21 [1/1] (0.00ns)   --->   "%specpipeline_ln190 = specpipeline void @_ssdm_op_SpecPipeline, i32 1, i32 0, i32 0, i32 0, void @empty_1" [../gen/Hls_Layers_UpConv.tpp:190->../gen/Hls_Layers_UpConv.tpp:354]   --->   Operation 21 'specpipeline' 'specpipeline_ln190' <Predicate = true> <Delay = 0.00>
ST_3 : Operation 22 [1/1] (0.00ns)   --->   "%speclooptripcount_ln189 = speclooptripcount void @_ssdm_op_SpecLoopTripCount, i64 30, i64 30, i64 30" [../gen/Hls_Layers_UpConv.tpp:189->../gen/Hls_Layers_UpConv.tpp:354]   --->   Operation 22 'speclooptripcount' 'speclooptripcount_ln189' <Predicate = true> <Delay = 0.00>
ST_3 : Operation 23 [1/1] (0.00ns)   --->   "%specloopname_ln189 = specloopname void @_ssdm_op_SpecLoopName, void @empty_4" [../gen/Hls_Layers_UpConv.tpp:189->../gen/Hls_Layers_UpConv.tpp:354]   --->   Operation 23 'specloopname' 'specloopname_ln189' <Predicate = true> <Delay = 0.00>
ST_3 : Operation 24 [1/1] (0.00ns)   --->   "%g_buf_addr = getelementptr i256 %g_buf, i64 0, i64 %zext_ln189" [../gen/Hls_Layers_UpConv.tpp:191->../gen/Hls_Layers_UpConv.tpp:354]   --->   Operation 24 'getelementptr' 'g_buf_addr' <Predicate = true> <Delay = 0.00>
ST_3 : Operation 25 [1/1] ( I:1.23ns O:1.23ns )   --->   "%store_ln191 = store i256 %gmem_param_addr_read, i5 %g_buf_addr" [../gen/Hls_Layers_UpConv.tpp:191->../gen/Hls_Layers_UpConv.tpp:354]   --->   Operation 25 'store' 'store_ln191' <Predicate = true> <Delay = 1.23> <CoreInst = "RAM_T2P_BRAM">   --->   Core 98 'RAM_T2P_BRAM' <Latency = 1> <II = 1> <Delay = 1.23> <Storage> <Opcode : 'load' 'store'> <Ports = 2> <Width = 256> <Depth = 30> <RAM>
ST_3 : Operation 26 [1/1] (0.00ns)   --->   "%br_ln189 = br void %for.body7.i" [../gen/Hls_Layers_UpConv.tpp:189->../gen/Hls_Layers_UpConv.tpp:354]   --->   Operation 26 'br' 'br_ln189' <Predicate = true> <Delay = 0.00>


============================================================
+ Verbose Summary: Timing violations
============================================================
Target clock period: 3.333ns, clock uncertainty: 0.900ns.

 <State 1>: 1.643ns
The critical path consists of the following:
	'store' operation 0 bit ('store_ln189', ../gen/Hls_Layers_UpConv.tpp:189->../gen/Hls_Layers_UpConv.tpp:354) of constant 0 on local variable 'i', ../gen/Hls_Layers_UpConv.tpp:189->../gen/Hls_Layers_UpConv.tpp:354 [9]  (0.427 ns)
	'load' operation 5 bit ('i', ../gen/Hls_Layers_UpConv.tpp:189->../gen/Hls_Layers_UpConv.tpp:354) on local variable 'i', ../gen/Hls_Layers_UpConv.tpp:189->../gen/Hls_Layers_UpConv.tpp:354 [12]  (0.000 ns)
	'icmp' operation 1 bit ('icmp_ln189', ../gen/Hls_Layers_UpConv.tpp:189->../gen/Hls_Layers_UpConv.tpp:354) [13]  (0.789 ns)
	'store' operation 0 bit ('store_ln189', ../gen/Hls_Layers_UpConv.tpp:189->../gen/Hls_Layers_UpConv.tpp:354) of variable 'add_ln189', ../gen/Hls_Layers_UpConv.tpp:189->../gen/Hls_Layers_UpConv.tpp:354 on local variable 'i', ../gen/Hls_Layers_UpConv.tpp:189->../gen/Hls_Layers_UpConv.tpp:354 [25]  (0.427 ns)

 <State 2>: 2.433ns
The critical path consists of the following:
	'getelementptr' operation 256 bit ('gmem_param_addr', ../gen/Hls_Layers_UpConv.tpp:189->../gen/Hls_Layers_UpConv.tpp:354) [17]  (0.000 ns)
	bus read operation ('gmem_param_addr_read', ../gen/Hls_Layers_UpConv.tpp:191->../gen/Hls_Layers_UpConv.tpp:354) on port 'gmem_param' (../gen/Hls_Layers_UpConv.tpp:191->../gen/Hls_Layers_UpConv.tpp:354) [23]  (2.433 ns)

 <State 3>: 1.237ns
The critical path consists of the following:
	'getelementptr' operation 5 bit ('g_buf_addr', ../gen/Hls_Layers_UpConv.tpp:191->../gen/Hls_Layers_UpConv.tpp:354) [22]  (0.000 ns)
	'store' operation 0 bit ('store_ln191', ../gen/Hls_Layers_UpConv.tpp:191->../gen/Hls_Layers_UpConv.tpp:354) of variable 'gmem_param_addr_read', ../gen/Hls_Layers_UpConv.tpp:191->../gen/Hls_Layers_UpConv.tpp:354 on array 'g_buf' [24]  (1.237 ns)


============================================================
+ Verbose Summary: Binding
============================================================
N/A
* FSMD analyzer results:
  - Output states:
 - Input state : 
  - Chain level:
	State 1
	State 2
	State 3


============================================================
+ Verbose Summary: Datapath Resource usage 
============================================================
N/A
