

================================================================
== Vitis HLS Report for 'upconv_core_top_ucb0_Pipeline_LOAD_ROW_VITIS_LOOP_308_2'
================================================================
* Date:           Thu Jun 18 11:44:33 2026

* Version:        2024.2 (Build 5238294 on Nov  8 2024)
* Project:        upconv_block0
* Solution:       hls (Vivado IP Flow Target)
* Product family: zynquplus
* Target device:  xczu7ev-ffvc1156-2-e


================================================================
== Performance Estimates
================================================================
+ Timing: 
    * Summary: 
    +--------+---------+----------+------------+
    |  Clock |  Target | Estimated| Uncertainty|
    +--------+---------+----------+------------+
    |ap_clk  |  3.33 ns|  2.433 ns|     0.90 ns|
    +--------+---------+----------+------------+

+ Latency: 
    * Summary: 
    +---------+---------+----------+----------+-----+-----+------------------------------------------------+
    |  Latency (cycles) |  Latency (absolute) |  Interval |                    Pipeline                    |
    |   min   |   max   |    min   |    max   | min | max |                      Type                      |
    +---------+---------+----------+----------+-----+-----+------------------------------------------------+
    |      973|      973|  3.243 us|  3.243 us|  961|  961|  loop auto-rewind stp (delay=0 clock cycles(s))|
    +---------+---------+----------+----------+-----+-----+------------------------------------------------+

    + Detail: 
        * Instance: 
        N/A

        * Loop: 
        +-----------------------------+---------+---------+----------+-----------+-----------+------+----------+
        |                             |  Latency (cycles) | Iteration|  Initiation Interval  | Trip |          |
        |          Loop Name          |   min   |   max   |  Latency |  achieved |   target  | Count| Pipelined|
        +-----------------------------+---------+---------+----------+-----------+-----------+------+----------+
        |- LOAD_ROW_VITIS_LOOP_308_2  |      971|      971|        13|          1|          1|   960|       yes|
        +-----------------------------+---------+---------+----------+-----------+-----------+------+----------+

============================================================
+ Verbose Summary: Synthesis Manager
============================================================
InlineROM: 1
ExposeGlobal: 0
============================================================
+ Verbose Summary: CDFG Model
============================================================
IsTopModel: 0
ResetActiveHigh: 1
IsCombinational: 0
IsDatapathOnly: 0
HasWiredReturn: 1
HasMFsm: 2
HasVarLatency: 1
IsPipeline: 0
IsRtlPipelined: 0
IsInstanceOverlapped: 0
IsDontTouch: 0
HasImplIP: 0
IsGatedGlobalClock: 0

+ Individual pipeline summary: 
  * Pipeline-0: initiation interval (II) = 1, depth = 13


============================================================
+ Verbose Summary: Schedule
============================================================
* Number of FSM states : 13
* Pipeline : 1
  Pipeline-0 : II = 1, D = 13, States = { 1 2 3 4 5 6 7 8 9 10 11 12 13 }
* Dataflow Pipeline: 0

* FSM state transitions: 
1 --> 2 
2 --> 3 
3 --> 4 
4 --> 5 
5 --> 6 
6 --> 7 
7 --> 8 
8 --> 9 
9 --> 10 
10 --> 11 
11 --> 12 
12 --> 13 
13 --> 

* FSM state operations: 

State 1 <SV = 0> <Delay = 1.64>
ST_1 : Operation 16 [1/1] (0.00ns)   --->   "%ciw = alloca i32 1" [../gen/Hls_Layers_UpConv.tpp:308->../gen/upconv_core_top_ucb0.cpp:40]   --->   Operation 16 'alloca' 'ciw' <Predicate = true> <Delay = 0.00>
ST_1 : Operation 17 [1/1] (0.00ns)   --->   "%wi = alloca i32 1" [../gen/Hls_Layers_UpConv.tpp:307->../gen/upconv_core_top_ucb0.cpp:40]   --->   Operation 17 'alloca' 'wi' <Predicate = true> <Delay = 0.00>
ST_1 : Operation 18 [1/1] (0.00ns)   --->   "%indvar_flatten6 = alloca i32 1"   --->   Operation 18 'alloca' 'indvar_flatten6' <Predicate = true> <Delay = 0.00>
ST_1 : Operation 19 [1/1] (0.00ns)   --->   "%zext_ln306_read = read i14 @_ssdm_op_Read.ap_auto.i14, i14 %zext_ln306"   --->   Operation 19 'read' 'zext_ln306_read' <Predicate = true> <Delay = 0.00>
ST_1 : Operation 20 [1/1] (0.00ns)   --->   "%sext_ln305_read = read i59 @_ssdm_op_Read.ap_auto.i59, i59 %sext_ln305"   --->   Operation 20 'read' 'sext_ln305_read' <Predicate = true> <Delay = 0.00>
ST_1 : Operation 21 [1/1] (0.00ns)   --->   "%tmp = read i5 @_ssdm_op_Read.ap_auto.i5, i5 %empty"   --->   Operation 21 'read' 'tmp' <Predicate = true> <Delay = 0.00>
ST_1 : Operation 22 [1/1] (0.00ns)   --->   "%zext_ln306_cast = zext i14 %zext_ln306_read"   --->   Operation 22 'zext' 'zext_ln306_cast' <Predicate = true> <Delay = 0.00>
ST_1 : Operation 23 [1/1] (0.00ns)   --->   "%sext_ln305_cast = sext i59 %sext_ln305_read"   --->   Operation 23 'sext' 'sext_ln305_cast' <Predicate = true> <Delay = 0.00>
ST_1 : Operation 24 [1/1] (0.00ns)   --->   "%specmemcore_ln0 = specmemcore void @_ssdm_op_SpecMemCore, i256 %x_buf, i64 666, i64 31, i64 18446744073709551615"   --->   Operation 24 'specmemcore' 'specmemcore_ln0' <Predicate = true> <Delay = 0.00>
ST_1 : Operation 25 [1/1] (0.00ns)   --->   "%specinterface_ln0 = specinterface void @_ssdm_op_SpecInterface, i256 %gmem_in, void @empty_109, i32 0, i32 0, void @empty_65, i32 0, i32 0, void @empty_111, void @empty_67, void @empty_65, i32 16, i32 16, i32 64, i32 16, void @empty_65, void @empty_65, i32 4294967295, i32 0, i32 0"   --->   Operation 25 'specinterface' 'specinterface_ln0' <Predicate = true> <Delay = 0.00>
ST_1 : Operation 26 [1/1] (0.42ns)   --->   "%store_ln0 = store i10 0, i10 %indvar_flatten6"   --->   Operation 26 'store' 'store_ln0' <Predicate = true> <Delay = 0.42>
ST_1 : Operation 27 [1/1] (0.42ns)   --->   "%store_ln307 = store i5 0, i5 %wi" [../gen/Hls_Layers_UpConv.tpp:307->../gen/upconv_core_top_ucb0.cpp:40]   --->   Operation 27 'store' 'store_ln307' <Predicate = true> <Delay = 0.42>
ST_1 : Operation 28 [1/1] (0.42ns)   --->   "%store_ln308 = store i6 0, i6 %ciw" [../gen/Hls_Layers_UpConv.tpp:308->../gen/upconv_core_top_ucb0.cpp:40]   --->   Operation 28 'store' 'store_ln308' <Predicate = true> <Delay = 0.42>
ST_1 : Operation 29 [1/1] (0.00ns)   --->   "%br_ln0 = br void %for.body27.i"   --->   Operation 29 'br' 'br_ln0' <Predicate = true> <Delay = 0.00>
ST_1 : Operation 30 [1/1] (0.00ns)   --->   "%indvar_flatten6_load = load i10 %indvar_flatten6" [../gen/Hls_Layers_UpConv.tpp:307->../gen/upconv_core_top_ucb0.cpp:40]   --->   Operation 30 'load' 'indvar_flatten6_load' <Predicate = true> <Delay = 0.00>
ST_1 : Operation 31 [1/1] (0.00ns)   --->   "%specbitsmap_ln0 = specbitsmap void @_ssdm_op_SpecBitsMap, i256 %gmem_in"   --->   Operation 31 'specbitsmap' 'specbitsmap_ln0' <Predicate = true> <Delay = 0.00>
ST_1 : Operation 32 [1/1] (0.78ns)   --->   "%icmp_ln307 = icmp_eq  i10 %indvar_flatten6_load, i10 960" [../gen/Hls_Layers_UpConv.tpp:307->../gen/upconv_core_top_ucb0.cpp:40]   --->   Operation 32 'icmp' 'icmp_ln307' <Predicate = true> <Delay = 0.78> <CoreInst = "Cmp">   --->   Core 9 'Cmp' <Latency = 0> <II = 1> <Delay = 0.78> <FuncUnit> <Opcode : 'seteq' 'setne' 'setle' 'setge' 'setlt' 'setgt'> <InPorts = 2> <OutPorts = 1>
ST_1 : Operation 33 [1/1] (0.78ns)   --->   "%add_ln307_1 = add i10 %indvar_flatten6_load, i10 1" [../gen/Hls_Layers_UpConv.tpp:307->../gen/upconv_core_top_ucb0.cpp:40]   --->   Operation 33 'add' 'add_ln307_1' <Predicate = true> <Delay = 0.78> <CoreInst = "Adder">   --->   Core 1 'Adder' <Latency = 0> <II = 1> <Delay = 0.78> <FuncUnit> <Opcode : 'add' 'sub'> <InPorts = 2> <OutPorts = 1>
ST_1 : Operation 34 [1/1] (0.00ns)   --->   "%br_ln307 = br i1 %icmp_ln307, void %for.cond.cleanup26.i, void %for.cond.cleanup21.i.exitStub" [../gen/Hls_Layers_UpConv.tpp:307->../gen/upconv_core_top_ucb0.cpp:40]   --->   Operation 34 'br' 'br_ln307' <Predicate = true> <Delay = 0.00>
ST_1 : Operation 35 [1/1] (0.42ns)   --->   "%store_ln307 = store i10 %add_ln307_1, i10 %indvar_flatten6" [../gen/Hls_Layers_UpConv.tpp:307->../gen/upconv_core_top_ucb0.cpp:40]   --->   Operation 35 'store' 'store_ln307' <Predicate = (!icmp_ln307)> <Delay = 0.42>

State 2 <SV = 1> <Delay = 2.37>
ST_2 : Operation 36 [1/1] (0.00ns)   --->   "%ciw_load = load i6 %ciw" [../gen/Hls_Layers_UpConv.tpp:308->../gen/upconv_core_top_ucb0.cpp:40]   --->   Operation 36 'load' 'ciw_load' <Predicate = true> <Delay = 0.00>
ST_2 : Operation 37 [1/1] (0.00ns)   --->   "%wi_load = load i5 %wi" [../gen/Hls_Layers_UpConv.tpp:307->../gen/upconv_core_top_ucb0.cpp:40]   --->   Operation 37 'load' 'wi_load' <Predicate = true> <Delay = 0.00>
ST_2 : Operation 38 [1/1] (0.78ns)   --->   "%add_ln307 = add i5 %wi_load, i5 1" [../gen/Hls_Layers_UpConv.tpp:307->../gen/upconv_core_top_ucb0.cpp:40]   --->   Operation 38 'add' 'add_ln307' <Predicate = true> <Delay = 0.78> <CoreInst = "Adder">   --->   Core 1 'Adder' <Latency = 0> <II = 1> <Delay = 0.78> <FuncUnit> <Opcode : 'add' 'sub'> <InPorts = 2> <OutPorts = 1>
ST_2 : Operation 39 [1/1] (0.78ns)   --->   "%icmp_ln308 = icmp_eq  i6 %ciw_load, i6 60" [../gen/Hls_Layers_UpConv.tpp:308->../gen/upconv_core_top_ucb0.cpp:40]   --->   Operation 39 'icmp' 'icmp_ln308' <Predicate = true> <Delay = 0.78> <CoreInst = "Cmp">   --->   Core 9 'Cmp' <Latency = 0> <II = 1> <Delay = 0.78> <FuncUnit> <Opcode : 'seteq' 'setne' 'setle' 'setge' 'setlt' 'setgt'> <InPorts = 2> <OutPorts = 1>
ST_2 : Operation 40 [1/1] (0.38ns)   --->   "%select_ln307 = select i1 %icmp_ln308, i6 0, i6 %ciw_load" [../gen/Hls_Layers_UpConv.tpp:307->../gen/upconv_core_top_ucb0.cpp:40]   --->   Operation 40 'select' 'select_ln307' <Predicate = true> <Delay = 0.38> <CoreInst = "Sel">   --->   Core 73 'Sel' <Latency = 0> <II = 1> <Delay = 0.38> <FuncUnit> <Opcode : 'select'> <InPorts = 3> <OutPorts = 1>
ST_2 : Operation 41 [1/1] (0.41ns)   --->   "%select_ln307_1 = select i1 %icmp_ln308, i5 %add_ln307, i5 %wi_load" [../gen/Hls_Layers_UpConv.tpp:307->../gen/upconv_core_top_ucb0.cpp:40]   --->   Operation 41 'select' 'select_ln307_1' <Predicate = true> <Delay = 0.41> <CoreInst = "Sel">   --->   Core 73 'Sel' <Latency = 0> <II = 1> <Delay = 0.41> <FuncUnit> <Opcode : 'select'> <InPorts = 3> <OutPorts = 1>
ST_2 : Operation 42 [1/1] (0.00ns)   --->   "%empty_170 = trunc i5 %select_ln307_1" [../gen/Hls_Layers_UpConv.tpp:307->../gen/upconv_core_top_ucb0.cpp:40]   --->   Operation 42 'trunc' 'empty_170' <Predicate = true> <Delay = 0.00>
ST_2 : Operation 43 [1/1] (0.78ns)   --->   "%add_ln308 = add i6 %select_ln307, i6 1" [../gen/Hls_Layers_UpConv.tpp:308->../gen/upconv_core_top_ucb0.cpp:40]   --->   Operation 43 'add' 'add_ln308' <Predicate = true> <Delay = 0.78> <CoreInst = "Adder">   --->   Core 1 'Adder' <Latency = 0> <II = 1> <Delay = 0.78> <FuncUnit> <Opcode : 'add' 'sub'> <InPorts = 2> <OutPorts = 1>
ST_2 : Operation 44 [1/1] (0.42ns)   --->   "%store_ln307 = store i5 %select_ln307_1, i5 %wi" [../gen/Hls_Layers_UpConv.tpp:307->../gen/upconv_core_top_ucb0.cpp:40]   --->   Operation 44 'store' 'store_ln307' <Predicate = true> <Delay = 0.42>
ST_2 : Operation 45 [1/1] (0.42ns)   --->   "%store_ln308 = store i6 %add_ln308, i6 %ciw" [../gen/Hls_Layers_UpConv.tpp:308->../gen/upconv_core_top_ucb0.cpp:40]   --->   Operation 45 'store' 'store_ln308' <Predicate = true> <Delay = 0.42>

State 3 <SV = 2> <Delay = 1.76>
ST_3 : Operation 46 [1/1] (0.00ns)   --->   "%p_shl6 = bitconcatenate i10 @_ssdm_op_BitConcatenate.i10.i4.i6, i4 %empty_170, i6 0" [../gen/Hls_Layers_UpConv.tpp:307->../gen/upconv_core_top_ucb0.cpp:40]   --->   Operation 46 'bitconcatenate' 'p_shl6' <Predicate = true> <Delay = 0.00>
ST_3 : Operation 47 [1/1] (0.00ns)   --->   "%tmp_1 = bitconcatenate i7 @_ssdm_op_BitConcatenate.i7.i5.i2, i5 %select_ln307_1, i2 0" [../gen/Hls_Layers_UpConv.tpp:307->../gen/upconv_core_top_ucb0.cpp:40]   --->   Operation 47 'bitconcatenate' 'tmp_1' <Predicate = true> <Delay = 0.00>
ST_3 : Operation 48 [1/1] (0.00ns)   --->   "%p_shl7 = zext i7 %tmp_1" [../gen/Hls_Layers_UpConv.tpp:307->../gen/upconv_core_top_ucb0.cpp:40]   --->   Operation 48 'zext' 'p_shl7' <Predicate = true> <Delay = 0.00>
ST_3 : Operation 49 [1/1] (0.00ns) (grouped into TernaryAdder)   --->   "%empty_171 = sub i10 %p_shl6, i10 %p_shl7" [../gen/Hls_Layers_UpConv.tpp:307->../gen/upconv_core_top_ucb0.cpp:40]   --->   Operation 49 'sub' 'empty_171' <Predicate = true> <Delay = 0.00> <CoreInst = "TAddSub">   --->   Core 10 'TAddSub' <Latency = 0> <II = 1> <Delay = 0.45> <IPBlock> <Opcode : '' 'add' 'sub'> <InPorts = 3> <OutPorts = 1> <Sync> <CReg>
ST_3 : Operation 50 [1/1] (0.78ns)   --->   "%empty_172 = add i5 %select_ln307_1, i5 %tmp" [../gen/Hls_Layers_UpConv.tpp:307->../gen/upconv_core_top_ucb0.cpp:40]   --->   Operation 50 'add' 'empty_172' <Predicate = true> <Delay = 0.78> <CoreInst = "Adder">   --->   Core 1 'Adder' <Latency = 0> <II = 1> <Delay = 0.78> <FuncUnit> <Opcode : 'add' 'sub'> <InPorts = 2> <OutPorts = 1>
ST_3 : Operation 51 [1/1] (0.00ns)   --->   "%zext_ln308 = zext i6 %select_ln307" [../gen/Hls_Layers_UpConv.tpp:308->../gen/upconv_core_top_ucb0.cpp:40]   --->   Operation 51 'zext' 'zext_ln308' <Predicate = true> <Delay = 0.00>
ST_3 : Operation 52 [1/1] (0.00ns) (grouped into TernaryAdder)   --->   "%add_ln310_1 = add i60 %sext_ln305_cast, i60 %zext_ln306_cast" [../gen/Hls_Layers_UpConv.tpp:310->../gen/upconv_core_top_ucb0.cpp:40]   --->   Operation 52 'add' 'add_ln310_1' <Predicate = true> <Delay = 0.00> <CoreInst = "TAddSub">   --->   Core 10 'TAddSub' <Latency = 0> <II = 1> <Delay = 0.45> <IPBlock> <Opcode : '' 'add' 'sub'> <InPorts = 3> <OutPorts = 1> <Sync> <CReg>
ST_3 : Operation 53 [1/1] (0.96ns) (root node of TernaryAdder)   --->   "%add_ln310_3 = add i10 %empty_171, i10 %zext_ln308" [../gen/Hls_Layers_UpConv.tpp:310->../gen/upconv_core_top_ucb0.cpp:40]   --->   Operation 53 'add' 'add_ln310_3' <Predicate = true> <Delay = 0.96> <CoreInst = "TAddSub">   --->   Core 10 'TAddSub' <Latency = 0> <II = 1> <Delay = 0.45> <IPBlock> <Opcode : '' 'add' 'sub'> <InPorts = 3> <OutPorts = 1> <Sync> <CReg>
ST_3 : Operation 54 [1/1] (0.00ns)   --->   "%zext_ln310_1 = zext i10 %add_ln310_3" [../gen/Hls_Layers_UpConv.tpp:310->../gen/upconv_core_top_ucb0.cpp:40]   --->   Operation 54 'zext' 'zext_ln310_1' <Predicate = true> <Delay = 0.00>
ST_3 : Operation 55 [1/1] (0.80ns) (root node of TernaryAdder)   --->   "%add_ln310_2 = add i60 %zext_ln310_1, i60 %add_ln310_1" [../gen/Hls_Layers_UpConv.tpp:310->../gen/upconv_core_top_ucb0.cpp:40]   --->   Operation 55 'add' 'add_ln310_2' <Predicate = true> <Delay = 0.80> <CoreInst = "TAddSub">   --->   Core 10 'TAddSub' <Latency = 0> <II = 1> <Delay = 0.45> <IPBlock> <Opcode : '' 'add' 'sub'> <InPorts = 3> <OutPorts = 1> <Sync> <CReg>

State 4 <SV = 3> <Delay = 2.43>
ST_4 : Operation 56 [1/1] (0.00ns)   --->   "%sext_ln310 = sext i60 %add_ln310_2" [../gen/Hls_Layers_UpConv.tpp:310->../gen/upconv_core_top_ucb0.cpp:40]   --->   Operation 56 'sext' 'sext_ln310' <Predicate = true> <Delay = 0.00>
ST_4 : Operation 57 [1/1] (0.00ns)   --->   "%gmem_in_addr = getelementptr i256 %gmem_in, i64 %sext_ln310" [../gen/Hls_Layers_UpConv.tpp:310->../gen/upconv_core_top_ucb0.cpp:40]   --->   Operation 57 'getelementptr' 'gmem_in_addr' <Predicate = true> <Delay = 0.00>
ST_4 : Operation 58 [8/8] (2.43ns)   --->   "%gmem_in_load_req = readreq i1 @_ssdm_op_ReadReq.m_axi.i256P1A, i256 %gmem_in_addr, i64 1" [../gen/Hls_Layers_UpConv.tpp:310->../gen/upconv_core_top_ucb0.cpp:40]   --->   Operation 58 'readreq' 'gmem_in_load_req' <Predicate = true> <Delay = 2.43> <CoreInst = "m_axi">   --->   Core 119 'm_axi' <Latency = 6> <II = 1> <Delay = 1.00> <Adapter> <Opcode : 'read' 'write' 'readreq' 'writereq' 'writeresp'>

State 5 <SV = 4> <Delay = 2.43>
ST_5 : Operation 59 [7/8] (2.43ns)   --->   "%gmem_in_load_req = readreq i1 @_ssdm_op_ReadReq.m_axi.i256P1A, i256 %gmem_in_addr, i64 1" [../gen/Hls_Layers_UpConv.tpp:310->../gen/upconv_core_top_ucb0.cpp:40]   --->   Operation 59 'readreq' 'gmem_in_load_req' <Predicate = true> <Delay = 2.43> <CoreInst = "m_axi">   --->   Core 119 'm_axi' <Latency = 6> <II = 1> <Delay = 1.00> <Adapter> <Opcode : 'read' 'write' 'readreq' 'writereq' 'writeresp'>

State 6 <SV = 5> <Delay = 2.43>
ST_6 : Operation 60 [6/8] (2.43ns)   --->   "%gmem_in_load_req = readreq i1 @_ssdm_op_ReadReq.m_axi.i256P1A, i256 %gmem_in_addr, i64 1" [../gen/Hls_Layers_UpConv.tpp:310->../gen/upconv_core_top_ucb0.cpp:40]   --->   Operation 60 'readreq' 'gmem_in_load_req' <Predicate = true> <Delay = 2.43> <CoreInst = "m_axi">   --->   Core 119 'm_axi' <Latency = 6> <II = 1> <Delay = 1.00> <Adapter> <Opcode : 'read' 'write' 'readreq' 'writereq' 'writeresp'>

State 7 <SV = 6> <Delay = 2.43>
ST_7 : Operation 61 [5/8] (2.43ns)   --->   "%gmem_in_load_req = readreq i1 @_ssdm_op_ReadReq.m_axi.i256P1A, i256 %gmem_in_addr, i64 1" [../gen/Hls_Layers_UpConv.tpp:310->../gen/upconv_core_top_ucb0.cpp:40]   --->   Operation 61 'readreq' 'gmem_in_load_req' <Predicate = true> <Delay = 2.43> <CoreInst = "m_axi">   --->   Core 119 'm_axi' <Latency = 6> <II = 1> <Delay = 1.00> <Adapter> <Opcode : 'read' 'write' 'readreq' 'writereq' 'writeresp'>

State 8 <SV = 7> <Delay = 2.43>
ST_8 : Operation 62 [4/8] (2.43ns)   --->   "%gmem_in_load_req = readreq i1 @_ssdm_op_ReadReq.m_axi.i256P1A, i256 %gmem_in_addr, i64 1" [../gen/Hls_Layers_UpConv.tpp:310->../gen/upconv_core_top_ucb0.cpp:40]   --->   Operation 62 'readreq' 'gmem_in_load_req' <Predicate = true> <Delay = 2.43> <CoreInst = "m_axi">   --->   Core 119 'm_axi' <Latency = 6> <II = 1> <Delay = 1.00> <Adapter> <Opcode : 'read' 'write' 'readreq' 'writereq' 'writeresp'>

State 9 <SV = 8> <Delay = 2.43>
ST_9 : Operation 63 [3/8] (2.43ns)   --->   "%gmem_in_load_req = readreq i1 @_ssdm_op_ReadReq.m_axi.i256P1A, i256 %gmem_in_addr, i64 1" [../gen/Hls_Layers_UpConv.tpp:310->../gen/upconv_core_top_ucb0.cpp:40]   --->   Operation 63 'readreq' 'gmem_in_load_req' <Predicate = true> <Delay = 2.43> <CoreInst = "m_axi">   --->   Core 119 'm_axi' <Latency = 6> <II = 1> <Delay = 1.00> <Adapter> <Opcode : 'read' 'write' 'readreq' 'writereq' 'writeresp'>

State 10 <SV = 9> <Delay = 2.43>
ST_10 : Operation 64 [2/8] (2.43ns)   --->   "%gmem_in_load_req = readreq i1 @_ssdm_op_ReadReq.m_axi.i256P1A, i256 %gmem_in_addr, i64 1" [../gen/Hls_Layers_UpConv.tpp:310->../gen/upconv_core_top_ucb0.cpp:40]   --->   Operation 64 'readreq' 'gmem_in_load_req' <Predicate = true> <Delay = 2.43> <CoreInst = "m_axi">   --->   Core 119 'm_axi' <Latency = 6> <II = 1> <Delay = 1.00> <Adapter> <Opcode : 'read' 'write' 'readreq' 'writereq' 'writeresp'>

State 11 <SV = 10> <Delay = 2.43>
ST_11 : Operation 65 [1/8] (2.43ns)   --->   "%gmem_in_load_req = readreq i1 @_ssdm_op_ReadReq.m_axi.i256P1A, i256 %gmem_in_addr, i64 1" [../gen/Hls_Layers_UpConv.tpp:310->../gen/upconv_core_top_ucb0.cpp:40]   --->   Operation 65 'readreq' 'gmem_in_load_req' <Predicate = true> <Delay = 2.43> <CoreInst = "m_axi">   --->   Core 119 'm_axi' <Latency = 6> <II = 1> <Delay = 1.00> <Adapter> <Opcode : 'read' 'write' 'readreq' 'writereq' 'writeresp'>

State 12 <SV = 11> <Delay = 2.43>
ST_12 : Operation 66 [1/1] (2.43ns)   --->   "%gmem_in_addr_read = read i256 @_ssdm_op_Read.m_axi.i256P1A, i256 %gmem_in_addr" [../gen/Hls_Layers_UpConv.tpp:310->../gen/upconv_core_top_ucb0.cpp:40]   --->   Operation 66 'read' 'gmem_in_addr_read' <Predicate = true> <Delay = 2.43> <CoreInst = "m_axi">   --->   Core 119 'm_axi' <Latency = 3> <II = 1> <Delay = 1.00> <Adapter> <Opcode : 'read' 'write' 'readreq' 'writereq' 'writeresp'>
ST_12 : Operation 80 [1/1] (0.42ns)   --->   "%ret_ln0 = ret"   --->   Operation 80 'ret' 'ret_ln0' <Predicate = (icmp_ln307)> <Delay = 0.42>

State 13 <SV = 12> <Delay = 2.15>
ST_13 : Operation 67 [1/1] (0.00ns)   --->   "%specloopname_ln0 = specloopname void @_ssdm_op_SpecLoopName, void @LOAD_ROW_VITIS_LOOP_308_2_str"   --->   Operation 67 'specloopname' 'specloopname_ln0' <Predicate = true> <Delay = 0.00>
ST_13 : Operation 68 [1/1] (0.00ns)   --->   "%speclooptripcount_ln0 = speclooptripcount void @_ssdm_op_SpecLoopTripCount, i64 960, i64 960, i64 960"   --->   Operation 68 'speclooptripcount' 'speclooptripcount_ln0' <Predicate = true> <Delay = 0.00>
ST_13 : Operation 69 [1/1] (0.00ns)   --->   "%p_shl = bitconcatenate i11 @_ssdm_op_BitConcatenate.i11.i5.i6, i5 %empty_172, i6 0" [../gen/Hls_Layers_UpConv.tpp:307->../gen/upconv_core_top_ucb0.cpp:40]   --->   Operation 69 'bitconcatenate' 'p_shl' <Predicate = true> <Delay = 0.00>
ST_13 : Operation 70 [1/1] (0.00ns)   --->   "%tmp_2 = bitconcatenate i7 @_ssdm_op_BitConcatenate.i7.i5.i2, i5 %empty_172, i2 0" [../gen/Hls_Layers_UpConv.tpp:307->../gen/upconv_core_top_ucb0.cpp:40]   --->   Operation 70 'bitconcatenate' 'tmp_2' <Predicate = true> <Delay = 0.00>
ST_13 : Operation 71 [1/1] (0.00ns)   --->   "%p_shl5 = zext i7 %tmp_2" [../gen/Hls_Layers_UpConv.tpp:307->../gen/upconv_core_top_ucb0.cpp:40]   --->   Operation 71 'zext' 'p_shl5' <Predicate = true> <Delay = 0.00>
ST_13 : Operation 72 [1/1] (0.00ns) (grouped into TernaryAdder)   --->   "%empty_173 = sub i11 %p_shl, i11 %p_shl5" [../gen/Hls_Layers_UpConv.tpp:307->../gen/upconv_core_top_ucb0.cpp:40]   --->   Operation 72 'sub' 'empty_173' <Predicate = true> <Delay = 0.00> <CoreInst = "TAddSub">   --->   Core 10 'TAddSub' <Latency = 0> <II = 1> <Delay = 0.45> <IPBlock> <Opcode : '' 'add' 'sub'> <InPorts = 3> <OutPorts = 1> <Sync> <CReg>
ST_13 : Operation 73 [1/1] (0.00ns)   --->   "%zext_ln308_1 = zext i6 %select_ln307" [../gen/Hls_Layers_UpConv.tpp:308->../gen/upconv_core_top_ucb0.cpp:40]   --->   Operation 73 'zext' 'zext_ln308_1' <Predicate = true> <Delay = 0.00>
ST_13 : Operation 74 [1/1] (0.00ns)   --->   "%specpipeline_ln309 = specpipeline void @_ssdm_op_SpecPipeline, i32 1, i32 0, i32 0, i32 0, void @empty_65" [../gen/Hls_Layers_UpConv.tpp:309->../gen/upconv_core_top_ucb0.cpp:40]   --->   Operation 74 'specpipeline' 'specpipeline_ln309' <Predicate = true> <Delay = 0.00>
ST_13 : Operation 75 [1/1] (0.91ns) (root node of TernaryAdder)   --->   "%add_ln310 = add i11 %empty_173, i11 %zext_ln308_1" [../gen/Hls_Layers_UpConv.tpp:310->../gen/upconv_core_top_ucb0.cpp:40]   --->   Operation 75 'add' 'add_ln310' <Predicate = true> <Delay = 0.91> <CoreInst = "TAddSub">   --->   Core 10 'TAddSub' <Latency = 0> <II = 1> <Delay = 0.45> <IPBlock> <Opcode : '' 'add' 'sub'> <InPorts = 3> <OutPorts = 1> <Sync> <CReg>
ST_13 : Operation 76 [1/1] (0.00ns)   --->   "%zext_ln310 = zext i11 %add_ln310" [../gen/Hls_Layers_UpConv.tpp:310->../gen/upconv_core_top_ucb0.cpp:40]   --->   Operation 76 'zext' 'zext_ln310' <Predicate = true> <Delay = 0.00>
ST_13 : Operation 77 [1/1] (0.00ns)   --->   "%x_buf_addr = getelementptr i256 %x_buf, i64 0, i64 %zext_ln310" [../gen/Hls_Layers_UpConv.tpp:310->../gen/upconv_core_top_ucb0.cpp:40]   --->   Operation 77 'getelementptr' 'x_buf_addr' <Predicate = true> <Delay = 0.00>
ST_13 : Operation 78 [1/1] ( I:1.23ns O:1.23ns )   --->   "%store_ln310 = store i256 %gmem_in_addr_read, i11 %x_buf_addr" [../gen/Hls_Layers_UpConv.tpp:310->../gen/upconv_core_top_ucb0.cpp:40]   --->   Operation 78 'store' 'store_ln310' <Predicate = true> <Delay = 1.23> <CoreInst = "RAM_T2P_URAM">   --->   Core 99 'RAM_T2P_URAM' <Latency = 1> <II = 1> <Delay = 1.23> <Storage> <Opcode : 'load' 'store'> <Ports = 2> <Width = 256> <Depth = 1920> <RAM>
ST_13 : Operation 79 [1/1] (0.00ns)   --->   "%br_ln308 = br void %for.body27.i" [../gen/Hls_Layers_UpConv.tpp:308->../gen/upconv_core_top_ucb0.cpp:40]   --->   Operation 79 'br' 'br_ln308' <Predicate = true> <Delay = 0.00>


============================================================
+ Verbose Summary: Binding
============================================================
STG Binding: 
---------------- STG Properties BEGIN ----------------
- Is combinational: 0
- Is one-state seq: 0
- Is datapath-only: 0
- Is pipelined: 0
- Is top level: 0
Port [ Return ] is wired: 1; IO mode=ap_ctrl_hs:ce=0
Port [ gmem_in]:  wired=1; compound=1; hidden=0; nouse=0; global=0; static=0; extern=0; dir=0; type=4; pingpong=0; private_global=0; IO mode=m_axi:ce=0
Port [ empty]:  wired=1; compound=0; hidden=0; nouse=0; global=0; static=0; extern=0; dir=0; type=0; pingpong=0; private_global=0; IO mode=ap_none:ce=0
Port [ sext_ln305]:  wired=1; compound=0; hidden=0; nouse=0; global=0; static=0; extern=0; dir=0; type=0; pingpong=0; private_global=0; IO mode=ap_none:ce=0
Port [ zext_ln306]:  wired=1; compound=0; hidden=0; nouse=0; global=0; static=0; extern=0; dir=0; type=0; pingpong=0; private_global=0; IO mode=ap_none:ce=0
Port [ x_buf]:  wired=1; compound=1; hidden=0; nouse=0; global=1; static=1; extern=0; dir=1; type=1; pingpong=0; private_global=0; MemPort=[03]; IO mode=ap_memory:ce=0
---------------- STG Properties END ------------------

---------------- Datapath Model BEGIN ----------------

<LifeTime>
<method=bitvector/>
ciw                   (alloca           ) [ 01100000000000]
wi                    (alloca           ) [ 01100000000000]
indvar_flatten6       (alloca           ) [ 01000000000000]
zext_ln306_read       (read             ) [ 00000000000000]
sext_ln305_read       (read             ) [ 00000000000000]
tmp                   (read             ) [ 01110000000000]
zext_ln306_cast       (zext             ) [ 01110000000000]
sext_ln305_cast       (sext             ) [ 01110000000000]
specmemcore_ln0       (specmemcore      ) [ 00000000000000]
specinterface_ln0     (specinterface    ) [ 00000000000000]
store_ln0             (store            ) [ 00000000000000]
store_ln307           (store            ) [ 00000000000000]
store_ln308           (store            ) [ 00000000000000]
br_ln0                (br               ) [ 00000000000000]
indvar_flatten6_load  (load             ) [ 00000000000000]
specbitsmap_ln0       (specbitsmap      ) [ 00000000000000]
icmp_ln307            (icmp             ) [ 01111111111110]
add_ln307_1           (add              ) [ 00000000000000]
br_ln307              (br               ) [ 00000000000000]
store_ln307           (store            ) [ 00000000000000]
ciw_load              (load             ) [ 00000000000000]
wi_load               (load             ) [ 00000000000000]
add_ln307             (add              ) [ 00000000000000]
icmp_ln308            (icmp             ) [ 00000000000000]
select_ln307          (select           ) [ 01011111111111]
select_ln307_1        (select           ) [ 01010000000000]
empty_170             (trunc            ) [ 01010000000000]
add_ln308             (add              ) [ 00000000000000]
store_ln307           (store            ) [ 00000000000000]
store_ln308           (store            ) [ 00000000000000]
p_shl6                (bitconcatenate   ) [ 00000000000000]
tmp_1                 (bitconcatenate   ) [ 00000000000000]
p_shl7                (zext             ) [ 00000000000000]
empty_171             (sub              ) [ 00000000000000]
empty_172             (add              ) [ 01001111111111]
zext_ln308            (zext             ) [ 00000000000000]
add_ln310_1           (add              ) [ 00000000000000]
add_ln310_3           (add              ) [ 00000000000000]
zext_ln310_1          (zext             ) [ 00000000000000]
add_ln310_2           (add              ) [ 01001000000000]
sext_ln310            (sext             ) [ 00000000000000]
gmem_in_addr          (getelementptr    ) [ 01000111111110]
gmem_in_load_req      (readreq          ) [ 00000000000000]
gmem_in_addr_read     (read             ) [ 01000000000001]
specloopname_ln0      (specloopname     ) [ 00000000000000]
speclooptripcount_ln0 (speclooptripcount) [ 00000000000000]
p_shl                 (bitconcatenate   ) [ 00000000000000]
tmp_2                 (bitconcatenate   ) [ 00000000000000]
p_shl5                (zext             ) [ 00000000000000]
empty_173             (sub              ) [ 00000000000000]
zext_ln308_1          (zext             ) [ 00000000000000]
specpipeline_ln309    (specpipeline     ) [ 00000000000000]
add_ln310             (add              ) [ 00000000000000]
zext_ln310            (zext             ) [ 00000000000000]
x_buf_addr            (getelementptr    ) [ 00000000000000]
store_ln310           (store            ) [ 00000000000000]
br_ln308              (br               ) [ 00000000000000]
ret_ln0               (ret              ) [ 00000000000000]
</LifeTime>

<model>

<comp_list>
<comp id="0" class="1000" name="gmem_in">
<pin_list>
<pin id="1" dir="1" index="0" bw="1" slack="0"/>
</pin_list>
<bind>
<StgValue><ssdm name="gmem_in"/><MemPortTyVec>0 </MemPortTyVec>
</StgValue>
</bind>
</comp>

<comp id="2" class="1000" name="empty">
<pin_list>
<pin id="3" dir="1" index="0" bw="1" slack="0"/>
</pin_list>
<bind>
<StgValue><ssdm name="empty"/></StgValue>
</bind>
</comp>

<comp id="4" class="1000" name="sext_ln305">
<pin_list>
<pin id="5" dir="1" index="0" bw="1" slack="0"/>
</pin_list>
<bind>
<StgValue><ssdm name="sext_ln305"/></StgValue>
</bind>
</comp>

<comp id="6" class="1000" name="zext_ln306">
<pin_list>
<pin id="7" dir="1" index="0" bw="1" slack="0"/>
</pin_list>
<bind>
<StgValue><ssdm name="zext_ln306"/></StgValue>
</bind>
</comp>

<comp id="8" class="1000" name="x_buf">
<pin_list>
<pin id="9" dir="1" index="0" bw="1" slack="0"/>
</pin_list>
<bind>
<StgValue><ssdm name="x_buf"/><MemPortTyVec>0 3 </MemPortTyVec>
</StgValue>
</bind>
</comp>

<comp id="10" class="1001" name="const_10">
<pin_list>
<pin id="11" dir="1" index="0" bw="1" slack="0"/>
</pin_list>
<bind>
<StgValue><ssdm name=""/></StgValue>
</bind>
</comp>

<comp id="12" class="1001" name="const_12">
<pin_list>
<pin id="13" dir="1" index="0" bw="1" slack="0"/>
</pin_list>
<bind>
<StgValue><ssdm name="_ssdm_op_Read.ap_auto.i14"/></StgValue>
</bind>
</comp>

<comp id="14" class="1001" name="const_14">
<pin_list>
<pin id="15" dir="1" index="0" bw="1" slack="0"/>
</pin_list>
<bind>
<StgValue><ssdm name="_ssdm_op_Read.ap_auto.i59"/></StgValue>
</bind>
</comp>

<comp id="16" class="1001" name="const_16">
<pin_list>
<pin id="17" dir="1" index="0" bw="1" slack="0"/>
</pin_list>
<bind>
<StgValue><ssdm name="_ssdm_op_Read.ap_auto.i5"/></StgValue>
</bind>
</comp>

<comp id="18" class="1001" name="const_18">
<pin_list>
<pin id="19" dir="1" index="0" bw="1" slack="2147483647"/>
</pin_list>
<bind>
<StgValue><ssdm name="_ssdm_op_SpecMemCore"/></StgValue>
</bind>
</comp>

<comp id="20" class="1001" name="const_20">
<pin_list>
<pin id="21" dir="1" index="0" bw="1" slack="2147483647"/>
</pin_list>
<bind>
<StgValue><ssdm name=""/></StgValue>
</bind>
</comp>

<comp id="22" class="1001" name="const_22">
<pin_list>
<pin id="23" dir="1" index="0" bw="1" slack="2147483647"/>
</pin_list>
<bind>
<StgValue><ssdm name=""/></StgValue>
</bind>
</comp>

<comp id="24" class="1001" name="const_24">
<pin_list>
<pin id="25" dir="1" index="0" bw="1" slack="2147483647"/>
</pin_list>
<bind>
<StgValue><ssdm name=""/></StgValue>
</bind>
</comp>

<comp id="26" class="1001" name="const_26">
<pin_list>
<pin id="27" dir="1" index="0" bw="1" slack="2147483647"/>
</pin_list>
<bind>
<StgValue><ssdm name="_ssdm_op_SpecInterface"/></StgValue>
</bind>
</comp>

<comp id="28" class="1001" name="const_28">
<pin_list>
<pin id="29" dir="1" index="0" bw="1" slack="2147483647"/>
</pin_list>
<bind>
<StgValue><ssdm name="empty_109"/></StgValue>
</bind>
</comp>

<comp id="30" class="1001" name="const_30">
<pin_list>
<pin id="31" dir="1" index="0" bw="1" slack="2147483647"/>
</pin_list>
<bind>
<StgValue><ssdm name=""/></StgValue>
</bind>
</comp>

<comp id="32" class="1001" name="const_32">
<pin_list>
<pin id="33" dir="1" index="0" bw="1" slack="2147483647"/>
</pin_list>
<bind>
<StgValue><ssdm name="empty_65"/></StgValue>
</bind>
</comp>

<comp id="34" class="1001" name="const_34">
<pin_list>
<pin id="35" dir="1" index="0" bw="1" slack="2147483647"/>
</pin_list>
<bind>
<StgValue><ssdm name="empty_111"/></StgValue>
</bind>
</comp>

<comp id="36" class="1001" name="const_36">
<pin_list>
<pin id="37" dir="1" index="0" bw="1" slack="2147483647"/>
</pin_list>
<bind>
<StgValue><ssdm name="empty_67"/></StgValue>
</bind>
</comp>

<comp id="38" class="1001" name="const_38">
<pin_list>
<pin id="39" dir="1" index="0" bw="1" slack="2147483647"/>
</pin_list>
<bind>
<StgValue><ssdm name=""/></StgValue>
</bind>
</comp>

<comp id="40" class="1001" name="const_40">
<pin_list>
<pin id="41" dir="1" index="0" bw="1" slack="2147483647"/>
</pin_list>
<bind>
<StgValue><ssdm name=""/></StgValue>
</bind>
</comp>

<comp id="42" class="1001" name="const_42">
<pin_list>
<pin id="43" dir="1" index="0" bw="1" slack="2147483647"/>
</pin_list>
<bind>
<StgValue><ssdm name=""/></StgValue>
</bind>
</comp>

<comp id="44" class="1001" name="const_44">
<pin_list>
<pin id="45" dir="1" index="0" bw="1" slack="0"/>
</pin_list>
<bind>
<StgValue><ssdm name=""/></StgValue>
</bind>
</comp>

<comp id="46" class="1001" name="const_46">
<pin_list>
<pin id="47" dir="1" index="0" bw="1" slack="0"/>
</pin_list>
<bind>
<StgValue><ssdm name=""/></StgValue>
</bind>
</comp>

<comp id="48" class="1001" name="const_48">
<pin_list>
<pin id="49" dir="1" index="0" bw="1" slack="0"/>
</pin_list>
<bind>
<StgValue><ssdm name=""/></StgValue>
</bind>
</comp>

<comp id="50" class="1001" name="const_50">
<pin_list>
<pin id="51" dir="1" index="0" bw="1" slack="2147483647"/>
</pin_list>
<bind>
<StgValue><ssdm name="_ssdm_op_SpecBitsMap"/></StgValue>
</bind>
</comp>

<comp id="52" class="1001" name="const_52">
<pin_list>
<pin id="53" dir="1" index="0" bw="1" slack="0"/>
</pin_list>
<bind>
<StgValue><ssdm name=""/></StgValue>
</bind>
</comp>

<comp id="54" class="1001" name="const_54">
<pin_list>
<pin id="55" dir="1" index="0" bw="1" slack="0"/>
</pin_list>
<bind>
<StgValue><ssdm name=""/></StgValue>
</bind>
</comp>

<comp id="56" class="1001" name="const_56">
<pin_list>
<pin id="57" dir="1" index="0" bw="1" slack="0"/>
</pin_list>
<bind>
<StgValue><ssdm name=""/></StgValue>
</bind>
</comp>

<comp id="58" class="1001" name="const_58">
<pin_list>
<pin id="59" dir="1" index="0" bw="1" slack="0"/>
</pin_list>
<bind>
<StgValue><ssdm name=""/></StgValue>
</bind>
</comp>

<comp id="60" class="1001" name="const_60">
<pin_list>
<pin id="61" dir="1" index="0" bw="1" slack="0"/>
</pin_list>
<bind>
<StgValue><ssdm name=""/></StgValue>
</bind>
</comp>

<comp id="62" class="1001" name="const_62">
<pin_list>
<pin id="63" dir="1" index="0" bw="1" slack="0"/>
</pin_list>
<bind>
<StgValue><ssdm name="_ssdm_op_BitConcatenate.i10.i4.i6"/></StgValue>
</bind>
</comp>

<comp id="64" class="1001" name="const_64">
<pin_list>
<pin id="65" dir="1" index="0" bw="1" slack="0"/>
</pin_list>
<bind>
<StgValue><ssdm name="_ssdm_op_BitConcatenate.i7.i5.i2"/></StgValue>
</bind>
</comp>

<comp id="66" class="1001" name="const_66">
<pin_list>
<pin id="67" dir="1" index="0" bw="1" slack="0"/>
</pin_list>
<bind>
<StgValue><ssdm name=""/></StgValue>
</bind>
</comp>

<comp id="68" class="1001" name="const_68">
<pin_list>
<pin id="69" dir="1" index="0" bw="1" slack="0"/>
</pin_list>
<bind>
<StgValue><ssdm name="_ssdm_op_ReadReq.m_axi.i256P1A"/></StgValue>
</bind>
</comp>

<comp id="70" class="1001" name="const_70">
<pin_list>
<pin id="71" dir="1" index="0" bw="1" slack="0"/>
</pin_list>
<bind>
<StgValue><ssdm name=""/></StgValue>
</bind>
</comp>

<comp id="72" class="1001" name="const_72">
<pin_list>
<pin id="73" dir="1" index="0" bw="1" slack="0"/>
</pin_list>
<bind>
<StgValue><ssdm name="_ssdm_op_Read.m_axi.i256P1A"/></StgValue>
</bind>
</comp>

<comp id="74" class="1001" name="const_74">
<pin_list>
<pin id="75" dir="1" index="0" bw="1" slack="2147483647"/>
</pin_list>
<bind>
<StgValue><ssdm name="_ssdm_op_SpecLoopName"/></StgValue>
</bind>
</comp>

<comp id="76" class="1001" name="const_76">
<pin_list>
<pin id="77" dir="1" index="0" bw="1" slack="2147483647"/>
</pin_list>
<bind>
<StgValue><ssdm name="LOAD_ROW_VITIS_LOOP_308_2_str"/></StgValue>
</bind>
</comp>

<comp id="78" class="1001" name="const_78">
<pin_list>
<pin id="79" dir="1" index="0" bw="1" slack="2147483647"/>
</pin_list>
<bind>
<StgValue><ssdm name="_ssdm_op_SpecLoopTripCount"/></StgValue>
</bind>
</comp>

<comp id="80" class="1001" name="const_80">
<pin_list>
<pin id="81" dir="1" index="0" bw="1" slack="2147483647"/>
</pin_list>
<bind>
<StgValue><ssdm name=""/></StgValue>
</bind>
</comp>

<comp id="82" class="1001" name="const_82">
<pin_list>
<pin id="83" dir="1" index="0" bw="1" slack="0"/>
</pin_list>
<bind>
<StgValue><ssdm name="_ssdm_op_BitConcatenate.i11.i5.i6"/></StgValue>
</bind>
</comp>

<comp id="84" class="1001" name="const_84">
<pin_list>
<pin id="85" dir="1" index="0" bw="1" slack="2147483647"/>
</pin_list>
<bind>
<StgValue><ssdm name="_ssdm_op_SpecPipeline"/></StgValue>
</bind>
</comp>

<comp id="86" class="1001" name="const_86">
<pin_list>
<pin id="87" dir="1" index="0" bw="1" slack="0"/>
</pin_list>
<bind>
<StgValue><ssdm name=""/></StgValue>
</bind>
</comp>

<comp id="88" class="1004" name="ciw_fu_88">
<pin_list>
<pin id="89" dir="0" index="0" bw="1" slack="0"/>
<pin id="90" dir="1" index="1" bw="6" slack="0"/>
</pin_list>
<bind>
<opcode="alloca(26) " fcode="alloca"/>
<opset="ciw/1 "/>
</bind>
</comp>

<comp id="92" class="1004" name="wi_fu_92">
<pin_list>
<pin id="93" dir="0" index="0" bw="1" slack="0"/>
<pin id="94" dir="1" index="1" bw="5" slack="0"/>
</pin_list>
<bind>
<opcode="alloca(26) " fcode="alloca"/>
<opset="wi/1 "/>
</bind>
</comp>

<comp id="96" class="1004" name="indvar_flatten6_fu_96">
<pin_list>
<pin id="97" dir="0" index="0" bw="1" slack="0"/>
<pin id="98" dir="1" index="1" bw="10" slack="0"/>
</pin_list>
<bind>
<opcode="alloca(26) " fcode="alloca"/>
<opset="indvar_flatten6/1 "/>
</bind>
</comp>

<comp id="100" class="1004" name="zext_ln306_read_read_fu_100">
<pin_list>
<pin id="101" dir="0" index="0" bw="14" slack="0"/>
<pin id="102" dir="0" index="1" bw="14" slack="0"/>
<pin id="103" dir="1" index="2" bw="14" slack="0"/>
</pin_list>
<bind>
<opcode="read(1150) " fcode="read"/>
<opset="zext_ln306_read/1 "/>
</bind>
</comp>

<comp id="106" class="1004" name="sext_ln305_read_read_fu_106">
<pin_list>
<pin id="107" dir="0" index="0" bw="59" slack="0"/>
<pin id="108" dir="0" index="1" bw="59" slack="0"/>
<pin id="109" dir="1" index="2" bw="59" slack="0"/>
</pin_list>
<bind>
<opcode="read(1150) " fcode="read"/>
<opset="sext_ln305_read/1 "/>
</bind>
</comp>

<comp id="112" class="1004" name="tmp_read_fu_112">
<pin_list>
<pin id="113" dir="0" index="0" bw="5" slack="0"/>
<pin id="114" dir="0" index="1" bw="5" slack="0"/>
<pin id="115" dir="1" index="2" bw="5" slack="2"/>
</pin_list>
<bind>
<opcode="read(1150) " fcode="read"/>
<opset="tmp/1 "/>
</bind>
</comp>

<comp id="118" class="1004" name="grp_readreq_fu_118">
<pin_list>
<pin id="119" dir="0" index="0" bw="1" slack="0"/>
<pin id="120" dir="0" index="1" bw="256" slack="0"/>
<pin id="121" dir="0" index="2" bw="1" slack="0"/>
<pin id="122" dir="1" index="3" bw="1" slack="2147483647"/>
</pin_list>
<bind>
<opcode="readreq(1154) " fcode="readreq"/>
<opset="gmem_in_load_req/4 "/>
</bind>
</comp>

<comp id="125" class="1004" name="gmem_in_addr_read_read_fu_125">
<pin_list>
<pin id="126" dir="0" index="0" bw="256" slack="0"/>
<pin id="127" dir="0" index="1" bw="256" slack="8"/>
<pin id="128" dir="1" index="2" bw="256" slack="1"/>
</pin_list>
<bind>
<opcode="read(1150) " fcode="read"/>
<opset="gmem_in_addr_read/12 "/>
</bind>
</comp>

<comp id="130" class="1004" name="x_buf_addr_gep_fu_130">
<pin_list>
<pin id="131" dir="0" index="0" bw="256" slack="0"/>
<pin id="132" dir="0" index="1" bw="1" slack="0"/>
<pin id="133" dir="0" index="2" bw="11" slack="0"/>
<pin id="134" dir="1" index="3" bw="11" slack="0"/>
</pin_list>
<bind>
<opcode="getelementptr(29) " fcode="getelementptr"/>
<opset="x_buf_addr/13 "/>
</bind>
</comp>

<comp id="137" class="1004" name="store_ln310_access_fu_137">
<pin_list>
<pin id="138" dir="0" index="0" bw="11" slack="0"/>
<pin id="139" dir="0" index="1" bw="256" slack="1"/>
<pin id="140" dir="0" index="2" bw="0" slack="2147483647"/>
<pin id="141" dir="1" index="3" bw="256" slack="2147483647"/>
</pin_list>
<bind>
<opcode="store(28) " fcode="store"/>
<opset="store_ln310/13 "/>
</bind>
</comp>

<comp id="143" class="1004" name="zext_ln306_cast_fu_143">
<pin_list>
<pin id="144" dir="0" index="0" bw="14" slack="0"/>
<pin id="145" dir="1" index="1" bw="60" slack="2"/>
</pin_list>
<bind>
<opcode="zext(34) " fcode="zext"/>
<opset="zext_ln306_cast/1 "/>
</bind>
</comp>

<comp id="147" class="1004" name="sext_ln305_cast_fu_147">
<pin_list>
<pin id="148" dir="0" index="0" bw="59" slack="0"/>
<pin id="149" dir="1" index="1" bw="60" slack="2"/>
</pin_list>
<bind>
<opcode="sext(35) " fcode="sext"/>
<opset="sext_ln305_cast/1 "/>
</bind>
</comp>

<comp id="151" class="1004" name="store_ln0_store_fu_151">
<pin_list>
<pin id="152" dir="0" index="0" bw="1" slack="0"/>
<pin id="153" dir="0" index="1" bw="10" slack="0"/>
<pin id="154" dir="1" index="2" bw="0" slack="2147483647"/>
</pin_list>
<bind>
<opcode="store(28) " fcode="store"/>
<opset="store_ln0/1 "/>
</bind>
</comp>

<comp id="156" class="1004" name="store_ln307_store_fu_156">
<pin_list>
<pin id="157" dir="0" index="0" bw="1" slack="0"/>
<pin id="158" dir="0" index="1" bw="5" slack="0"/>
<pin id="159" dir="1" index="2" bw="0" slack="2147483647"/>
</pin_list>
<bind>
<opcode="store(28) " fcode="store"/>
<opset="store_ln307/1 "/>
</bind>
</comp>

<comp id="161" class="1004" name="store_ln308_store_fu_161">
<pin_list>
<pin id="162" dir="0" index="0" bw="1" slack="0"/>
<pin id="163" dir="0" index="1" bw="6" slack="0"/>
<pin id="164" dir="1" index="2" bw="0" slack="2147483647"/>
</pin_list>
<bind>
<opcode="store(28) " fcode="store"/>
<opset="store_ln308/1 "/>
</bind>
</comp>

<comp id="166" class="1004" name="indvar_flatten6_load_load_fu_166">
<pin_list>
<pin id="167" dir="0" index="0" bw="10" slack="0"/>
<pin id="168" dir="1" index="1" bw="10" slack="0"/>
</pin_list>
<bind>
<opcode="load(27) " fcode="load"/>
<opset="indvar_flatten6_load/1 "/>
</bind>
</comp>

<comp id="169" class="1004" name="icmp_ln307_fu_169">
<pin_list>
<pin id="170" dir="0" index="0" bw="10" slack="0"/>
<pin id="171" dir="0" index="1" bw="7" slack="0"/>
<pin id="172" dir="1" index="2" bw="1" slack="11"/>
</pin_list>
<bind>
<opcode="icmp(45) " fcode="icmp"/>
<opset="icmp_ln307/1 "/>
</bind>
</comp>

<comp id="175" class="1004" name="add_ln307_1_fu_175">
<pin_list>
<pin id="176" dir="0" index="0" bw="10" slack="0"/>
<pin id="177" dir="0" index="1" bw="1" slack="0"/>
<pin id="178" dir="1" index="2" bw="10" slack="0"/>
</pin_list>
<bind>
<opcode="add(8) " fcode="add"/>
<opset="add_ln307_1/1 "/>
</bind>
</comp>

<comp id="181" class="1004" name="store_ln307_store_fu_181">
<pin_list>
<pin id="182" dir="0" index="0" bw="10" slack="0"/>
<pin id="183" dir="0" index="1" bw="10" slack="0"/>
<pin id="184" dir="1" index="2" bw="0" slack="2147483647"/>
</pin_list>
<bind>
<opcode="store(28) " fcode="store"/>
<opset="store_ln307/1 "/>
</bind>
</comp>

<comp id="186" class="1004" name="ciw_load_load_fu_186">
<pin_list>
<pin id="187" dir="0" index="0" bw="6" slack="1"/>
<pin id="188" dir="1" index="1" bw="6" slack="0"/>
</pin_list>
<bind>
<opcode="load(27) " fcode="load"/>
<opset="ciw_load/2 "/>
</bind>
</comp>

<comp id="189" class="1004" name="wi_load_load_fu_189">
<pin_list>
<pin id="190" dir="0" index="0" bw="5" slack="1"/>
<pin id="191" dir="1" index="1" bw="5" slack="0"/>
</pin_list>
<bind>
<opcode="load(27) " fcode="load"/>
<opset="wi_load/2 "/>
</bind>
</comp>

<comp id="192" class="1004" name="add_ln307_fu_192">
<pin_list>
<pin id="193" dir="0" index="0" bw="5" slack="0"/>
<pin id="194" dir="0" index="1" bw="1" slack="0"/>
<pin id="195" dir="1" index="2" bw="5" slack="0"/>
</pin_list>
<bind>
<opcode="add(8) " fcode="add"/>
<opset="add_ln307/2 "/>
</bind>
</comp>

<comp id="198" class="1004" name="icmp_ln308_fu_198">
<pin_list>
<pin id="199" dir="0" index="0" bw="6" slack="0"/>
<pin id="200" dir="0" index="1" bw="3" slack="0"/>
<pin id="201" dir="1" index="2" bw="1" slack="0"/>
</pin_list>
<bind>
<opcode="icmp(45) " fcode="icmp"/>
<opset="icmp_ln308/2 "/>
</bind>
</comp>

<comp id="204" class="1004" name="select_ln307_fu_204">
<pin_list>
<pin id="205" dir="0" index="0" bw="1" slack="0"/>
<pin id="206" dir="0" index="1" bw="1" slack="0"/>
<pin id="207" dir="0" index="2" bw="6" slack="0"/>
<pin id="208" dir="1" index="3" bw="6" slack="0"/>
</pin_list>
<bind>
<opcode="select(49) " fcode="select"/>
<opset="select_ln307/2 "/>
</bind>
</comp>

<comp id="212" class="1004" name="select_ln307_1_fu_212">
<pin_list>
<pin id="213" dir="0" index="0" bw="1" slack="0"/>
<pin id="214" dir="0" index="1" bw="5" slack="0"/>
<pin id="215" dir="0" index="2" bw="5" slack="0"/>
<pin id="216" dir="1" index="3" bw="5" slack="0"/>
</pin_list>
<bind>
<opcode="select(49) " fcode="select"/>
<opset="select_ln307_1/2 "/>
</bind>
</comp>

<comp id="220" class="1004" name="empty_170_fu_220">
<pin_list>
<pin id="221" dir="0" index="0" bw="5" slack="0"/>
<pin id="222" dir="1" index="1" bw="4" slack="1"/>
</pin_list>
<bind>
<opcode="trunc(33) " fcode="trunc"/>
<opset="empty_170/2 "/>
</bind>
</comp>

<comp id="224" class="1004" name="add_ln308_fu_224">
<pin_list>
<pin id="225" dir="0" index="0" bw="6" slack="0"/>
<pin id="226" dir="0" index="1" bw="1" slack="0"/>
<pin id="227" dir="1" index="2" bw="6" slack="0"/>
</pin_list>
<bind>
<opcode="add(8) " fcode="add"/>
<opset="add_ln308/2 "/>
</bind>
</comp>

<comp id="230" class="1004" name="store_ln307_store_fu_230">
<pin_list>
<pin id="231" dir="0" index="0" bw="5" slack="0"/>
<pin id="232" dir="0" index="1" bw="5" slack="1"/>
<pin id="233" dir="1" index="2" bw="0" slack="2147483647"/>
</pin_list>
<bind>
<opcode="store(28) " fcode="store"/>
<opset="store_ln307/2 "/>
</bind>
</comp>

<comp id="235" class="1004" name="store_ln308_store_fu_235">
<pin_list>
<pin id="236" dir="0" index="0" bw="6" slack="0"/>
<pin id="237" dir="0" index="1" bw="6" slack="1"/>
<pin id="238" dir="1" index="2" bw="0" slack="2147483647"/>
</pin_list>
<bind>
<opcode="store(28) " fcode="store"/>
<opset="store_ln308/2 "/>
</bind>
</comp>

<comp id="240" class="1004" name="p_shl6_fu_240">
<pin_list>
<pin id="241" dir="0" index="0" bw="10" slack="0"/>
<pin id="242" dir="0" index="1" bw="4" slack="1"/>
<pin id="243" dir="0" index="2" bw="1" slack="0"/>
<pin id="244" dir="1" index="3" bw="10" slack="0"/>
</pin_list>
<bind>
<opcode="bitconcatenate(1004) " fcode="bitconcatenate"/>
<opset="p_shl6/3 "/>
</bind>
</comp>

<comp id="247" class="1004" name="tmp_1_fu_247">
<pin_list>
<pin id="248" dir="0" index="0" bw="7" slack="0"/>
<pin id="249" dir="0" index="1" bw="5" slack="1"/>
<pin id="250" dir="0" index="2" bw="1" slack="0"/>
<pin id="251" dir="1" index="3" bw="7" slack="0"/>
</pin_list>
<bind>
<opcode="bitconcatenate(1004) " fcode="bitconcatenate"/>
<opset="tmp_1/3 "/>
</bind>
</comp>

<comp id="254" class="1004" name="p_shl7_fu_254">
<pin_list>
<pin id="255" dir="0" index="0" bw="7" slack="0"/>
<pin id="256" dir="1" index="1" bw="10" slack="0"/>
</pin_list>
<bind>
<opcode="zext(34) " fcode="zext"/>
<opset="p_shl7/3 "/>
</bind>
</comp>

<comp id="258" class="1004" name="empty_171_fu_258">
<pin_list>
<pin id="259" dir="0" index="0" bw="10" slack="0"/>
<pin id="260" dir="0" index="1" bw="7" slack="0"/>
<pin id="261" dir="1" index="2" bw="10" slack="0"/>
</pin_list>
<bind>
<opcode="sub(10) " fcode="sub"/>
<opset="empty_171/3 "/>
</bind>
</comp>

<comp id="264" class="1004" name="empty_172_fu_264">
<pin_list>
<pin id="265" dir="0" index="0" bw="5" slack="1"/>
<pin id="266" dir="0" index="1" bw="5" slack="2"/>
<pin id="267" dir="1" index="2" bw="5" slack="10"/>
</pin_list>
<bind>
<opcode="add(8) " fcode="add"/>
<opset="empty_172/3 "/>
</bind>
</comp>

<comp id="268" class="1004" name="zext_ln308_fu_268">
<pin_list>
<pin id="269" dir="0" index="0" bw="6" slack="1"/>
<pin id="270" dir="1" index="1" bw="10" slack="0"/>
</pin_list>
<bind>
<opcode="zext(34) " fcode="zext"/>
<opset="zext_ln308/3 "/>
</bind>
</comp>

<comp id="271" class="1004" name="add_ln310_1_fu_271">
<pin_list>
<pin id="272" dir="0" index="0" bw="59" slack="2"/>
<pin id="273" dir="0" index="1" bw="14" slack="2"/>
<pin id="274" dir="1" index="2" bw="60" slack="0"/>
</pin_list>
<bind>
<opcode="add(8) " fcode="add"/>
<opset="add_ln310_1/3 "/>
</bind>
</comp>

<comp id="275" class="1004" name="add_ln310_3_fu_275">
<pin_list>
<pin id="276" dir="0" index="0" bw="10" slack="0"/>
<pin id="277" dir="0" index="1" bw="6" slack="0"/>
<pin id="278" dir="1" index="2" bw="10" slack="0"/>
</pin_list>
<bind>
<opcode="add(8) " fcode="add"/>
<opset="add_ln310_3/3 "/>
</bind>
</comp>

<comp id="281" class="1004" name="zext_ln310_1_fu_281">
<pin_list>
<pin id="282" dir="0" index="0" bw="10" slack="0"/>
<pin id="283" dir="1" index="1" bw="60" slack="0"/>
</pin_list>
<bind>
<opcode="zext(34) " fcode="zext"/>
<opset="zext_ln310_1/3 "/>
</bind>
</comp>

<comp id="285" class="1004" name="add_ln310_2_fu_285">
<pin_list>
<pin id="286" dir="0" index="0" bw="10" slack="0"/>
<pin id="287" dir="0" index="1" bw="60" slack="0"/>
<pin id="288" dir="1" index="2" bw="60" slack="1"/>
</pin_list>
<bind>
<opcode="add(8) " fcode="add"/>
<opset="add_ln310_2/3 "/>
</bind>
</comp>

<comp id="291" class="1004" name="sext_ln310_fu_291">
<pin_list>
<pin id="292" dir="0" index="0" bw="60" slack="1"/>
<pin id="293" dir="1" index="1" bw="64" slack="0"/>
</pin_list>
<bind>
<opcode="sext(35) " fcode="sext"/>
<opset="sext_ln310/4 "/>
</bind>
</comp>

<comp id="294" class="1004" name="gmem_in_addr_fu_294">
<pin_list>
<pin id="295" dir="0" index="0" bw="256" slack="0"/>
<pin id="296" dir="0" index="1" bw="60" slack="0"/>
<pin id="297" dir="1" index="2" bw="256" slack="0"/>
</pin_list>
<bind>
<opcode="getelementptr(29) " fcode="getelementptr"/>
<opset="gmem_in_addr/4 "/>
</bind>
</comp>

<comp id="301" class="1004" name="p_shl_fu_301">
<pin_list>
<pin id="302" dir="0" index="0" bw="11" slack="0"/>
<pin id="303" dir="0" index="1" bw="5" slack="10"/>
<pin id="304" dir="0" index="2" bw="1" slack="0"/>
<pin id="305" dir="1" index="3" bw="11" slack="0"/>
</pin_list>
<bind>
<opcode="bitconcatenate(1004) " fcode="bitconcatenate"/>
<opset="p_shl/13 "/>
</bind>
</comp>

<comp id="308" class="1004" name="tmp_2_fu_308">
<pin_list>
<pin id="309" dir="0" index="0" bw="7" slack="0"/>
<pin id="310" dir="0" index="1" bw="5" slack="10"/>
<pin id="311" dir="0" index="2" bw="1" slack="0"/>
<pin id="312" dir="1" index="3" bw="7" slack="0"/>
</pin_list>
<bind>
<opcode="bitconcatenate(1004) " fcode="bitconcatenate"/>
<opset="tmp_2/13 "/>
</bind>
</comp>

<comp id="315" class="1004" name="p_shl5_fu_315">
<pin_list>
<pin id="316" dir="0" index="0" bw="7" slack="0"/>
<pin id="317" dir="1" index="1" bw="11" slack="0"/>
</pin_list>
<bind>
<opcode="zext(34) " fcode="zext"/>
<opset="p_shl5/13 "/>
</bind>
</comp>

<comp id="319" class="1004" name="empty_173_fu_319">
<pin_list>
<pin id="320" dir="0" index="0" bw="11" slack="0"/>
<pin id="321" dir="0" index="1" bw="7" slack="0"/>
<pin id="322" dir="1" index="2" bw="11" slack="0"/>
</pin_list>
<bind>
<opcode="sub(10) " fcode="sub"/>
<opset="empty_173/13 "/>
</bind>
</comp>

<comp id="325" class="1004" name="zext_ln308_1_fu_325">
<pin_list>
<pin id="326" dir="0" index="0" bw="6" slack="11"/>
<pin id="327" dir="1" index="1" bw="11" slack="0"/>
</pin_list>
<bind>
<opcode="zext(34) " fcode="zext"/>
<opset="zext_ln308_1/13 "/>
</bind>
</comp>

<comp id="328" class="1004" name="add_ln310_fu_328">
<pin_list>
<pin id="329" dir="0" index="0" bw="11" slack="0"/>
<pin id="330" dir="0" index="1" bw="6" slack="0"/>
<pin id="331" dir="1" index="2" bw="11" slack="0"/>
</pin_list>
<bind>
<opcode="add(8) " fcode="add"/>
<opset="add_ln310/13 "/>
</bind>
</comp>

<comp id="334" class="1004" name="zext_ln310_fu_334">
<pin_list>
<pin id="335" dir="0" index="0" bw="11" slack="0"/>
<pin id="336" dir="1" index="1" bw="64" slack="0"/>
</pin_list>
<bind>
<opcode="zext(34) " fcode="zext"/>
<opset="zext_ln310/13 "/>
</bind>
</comp>

<comp id="339" class="1005" name="ciw_reg_339">
<pin_list>
<pin id="340" dir="0" index="0" bw="6" slack="0"/>
<pin id="341" dir="1" index="1" bw="6" slack="0"/>
</pin_list>
<bind>
<opset="ciw "/>
</bind>
</comp>

<comp id="346" class="1005" name="wi_reg_346">
<pin_list>
<pin id="347" dir="0" index="0" bw="5" slack="0"/>
<pin id="348" dir="1" index="1" bw="5" slack="0"/>
</pin_list>
<bind>
<opset="wi "/>
</bind>
</comp>

<comp id="353" class="1005" name="indvar_flatten6_reg_353">
<pin_list>
<pin id="354" dir="0" index="0" bw="10" slack="0"/>
<pin id="355" dir="1" index="1" bw="10" slack="0"/>
</pin_list>
<bind>
<opset="indvar_flatten6 "/>
</bind>
</comp>

<comp id="360" class="1005" name="tmp_reg_360">
<pin_list>
<pin id="361" dir="0" index="0" bw="5" slack="2"/>
<pin id="362" dir="1" index="1" bw="5" slack="2"/>
</pin_list>
<bind>
<opset="tmp "/>
</bind>
</comp>

<comp id="365" class="1005" name="zext_ln306_cast_reg_365">
<pin_list>
<pin id="366" dir="0" index="0" bw="60" slack="2"/>
<pin id="367" dir="1" index="1" bw="60" slack="2"/>
</pin_list>
<bind>
<opset="zext_ln306_cast "/>
</bind>
</comp>

<comp id="370" class="1005" name="sext_ln305_cast_reg_370">
<pin_list>
<pin id="371" dir="0" index="0" bw="60" slack="2"/>
<pin id="372" dir="1" index="1" bw="60" slack="2"/>
</pin_list>
<bind>
<opset="sext_ln305_cast "/>
</bind>
</comp>

<comp id="375" class="1005" name="icmp_ln307_reg_375">
<pin_list>
<pin id="376" dir="0" index="0" bw="1" slack="11"/>
<pin id="377" dir="1" index="1" bw="1" slack="2147483647"/>
</pin_list>
<bind>
<opset="icmp_ln307 "/>
</bind>
</comp>

<comp id="379" class="1005" name="select_ln307_reg_379">
<pin_list>
<pin id="380" dir="0" index="0" bw="6" slack="1"/>
<pin id="381" dir="1" index="1" bw="6" slack="1"/>
</pin_list>
<bind>
<opset="select_ln307 "/>
</bind>
</comp>

<comp id="385" class="1005" name="select_ln307_1_reg_385">
<pin_list>
<pin id="386" dir="0" index="0" bw="5" slack="1"/>
<pin id="387" dir="1" index="1" bw="5" slack="1"/>
</pin_list>
<bind>
<opset="select_ln307_1 "/>
</bind>
</comp>

<comp id="391" class="1005" name="empty_170_reg_391">
<pin_list>
<pin id="392" dir="0" index="0" bw="4" slack="1"/>
<pin id="393" dir="1" index="1" bw="4" slack="1"/>
</pin_list>
<bind>
<opset="empty_170 "/>
</bind>
</comp>

<comp id="396" class="1005" name="empty_172_reg_396">
<pin_list>
<pin id="397" dir="0" index="0" bw="5" slack="10"/>
<pin id="398" dir="1" index="1" bw="5" slack="10"/>
</pin_list>
<bind>
<opset="empty_172 "/>
</bind>
</comp>

<comp id="402" class="1005" name="add_ln310_2_reg_402">
<pin_list>
<pin id="403" dir="0" index="0" bw="60" slack="1"/>
<pin id="404" dir="1" index="1" bw="60" slack="1"/>
</pin_list>
<bind>
<opset="add_ln310_2 "/>
</bind>
</comp>

<comp id="407" class="1005" name="gmem_in_addr_reg_407">
<pin_list>
<pin id="408" dir="0" index="0" bw="256" slack="1"/>
<pin id="409" dir="1" index="1" bw="256" slack="1"/>
</pin_list>
<bind>
<opset="gmem_in_addr "/>
</bind>
</comp>

<comp id="413" class="1005" name="gmem_in_addr_read_reg_413">
<pin_list>
<pin id="414" dir="0" index="0" bw="256" slack="1"/>
<pin id="415" dir="1" index="1" bw="256" slack="1"/>
</pin_list>
<bind>
<opset="gmem_in_addr_read "/>
</bind>
</comp>

</comp_list>

<net_list>
<net id="91"><net_src comp="10" pin="0"/><net_sink comp="88" pin=0"/></net>

<net id="95"><net_src comp="10" pin="0"/><net_sink comp="92" pin=0"/></net>

<net id="99"><net_src comp="10" pin="0"/><net_sink comp="96" pin=0"/></net>

<net id="104"><net_src comp="12" pin="0"/><net_sink comp="100" pin=0"/></net>

<net id="105"><net_src comp="6" pin="0"/><net_sink comp="100" pin=1"/></net>

<net id="110"><net_src comp="14" pin="0"/><net_sink comp="106" pin=0"/></net>

<net id="111"><net_src comp="4" pin="0"/><net_sink comp="106" pin=1"/></net>

<net id="116"><net_src comp="16" pin="0"/><net_sink comp="112" pin=0"/></net>

<net id="117"><net_src comp="2" pin="0"/><net_sink comp="112" pin=1"/></net>

<net id="123"><net_src comp="68" pin="0"/><net_sink comp="118" pin=0"/></net>

<net id="124"><net_src comp="70" pin="0"/><net_sink comp="118" pin=2"/></net>

<net id="129"><net_src comp="72" pin="0"/><net_sink comp="125" pin=0"/></net>

<net id="135"><net_src comp="8" pin="0"/><net_sink comp="130" pin=0"/></net>

<net id="136"><net_src comp="86" pin="0"/><net_sink comp="130" pin=1"/></net>

<net id="142"><net_src comp="130" pin="3"/><net_sink comp="137" pin=0"/></net>

<net id="146"><net_src comp="100" pin="2"/><net_sink comp="143" pin=0"/></net>

<net id="150"><net_src comp="106" pin="2"/><net_sink comp="147" pin=0"/></net>

<net id="155"><net_src comp="44" pin="0"/><net_sink comp="151" pin=0"/></net>

<net id="160"><net_src comp="46" pin="0"/><net_sink comp="156" pin=0"/></net>

<net id="165"><net_src comp="48" pin="0"/><net_sink comp="161" pin=0"/></net>

<net id="173"><net_src comp="166" pin="1"/><net_sink comp="169" pin=0"/></net>

<net id="174"><net_src comp="52" pin="0"/><net_sink comp="169" pin=1"/></net>

<net id="179"><net_src comp="166" pin="1"/><net_sink comp="175" pin=0"/></net>

<net id="180"><net_src comp="54" pin="0"/><net_sink comp="175" pin=1"/></net>

<net id="185"><net_src comp="175" pin="2"/><net_sink comp="181" pin=0"/></net>

<net id="196"><net_src comp="189" pin="1"/><net_sink comp="192" pin=0"/></net>

<net id="197"><net_src comp="56" pin="0"/><net_sink comp="192" pin=1"/></net>

<net id="202"><net_src comp="186" pin="1"/><net_sink comp="198" pin=0"/></net>

<net id="203"><net_src comp="58" pin="0"/><net_sink comp="198" pin=1"/></net>

<net id="209"><net_src comp="198" pin="2"/><net_sink comp="204" pin=0"/></net>

<net id="210"><net_src comp="48" pin="0"/><net_sink comp="204" pin=1"/></net>

<net id="211"><net_src comp="186" pin="1"/><net_sink comp="204" pin=2"/></net>

<net id="217"><net_src comp="198" pin="2"/><net_sink comp="212" pin=0"/></net>

<net id="218"><net_src comp="192" pin="2"/><net_sink comp="212" pin=1"/></net>

<net id="219"><net_src comp="189" pin="1"/><net_sink comp="212" pin=2"/></net>

<net id="223"><net_src comp="212" pin="3"/><net_sink comp="220" pin=0"/></net>

<net id="228"><net_src comp="204" pin="3"/><net_sink comp="224" pin=0"/></net>

<net id="229"><net_src comp="60" pin="0"/><net_sink comp="224" pin=1"/></net>

<net id="234"><net_src comp="212" pin="3"/><net_sink comp="230" pin=0"/></net>

<net id="239"><net_src comp="224" pin="2"/><net_sink comp="235" pin=0"/></net>

<net id="245"><net_src comp="62" pin="0"/><net_sink comp="240" pin=0"/></net>

<net id="246"><net_src comp="48" pin="0"/><net_sink comp="240" pin=2"/></net>

<net id="252"><net_src comp="64" pin="0"/><net_sink comp="247" pin=0"/></net>

<net id="253"><net_src comp="66" pin="0"/><net_sink comp="247" pin=2"/></net>

<net id="257"><net_src comp="247" pin="3"/><net_sink comp="254" pin=0"/></net>

<net id="262"><net_src comp="240" pin="3"/><net_sink comp="258" pin=0"/></net>

<net id="263"><net_src comp="254" pin="1"/><net_sink comp="258" pin=1"/></net>

<net id="279"><net_src comp="258" pin="2"/><net_sink comp="275" pin=0"/></net>

<net id="280"><net_src comp="268" pin="1"/><net_sink comp="275" pin=1"/></net>

<net id="284"><net_src comp="275" pin="2"/><net_sink comp="281" pin=0"/></net>

<net id="289"><net_src comp="281" pin="1"/><net_sink comp="285" pin=0"/></net>

<net id="290"><net_src comp="271" pin="2"/><net_sink comp="285" pin=1"/></net>

<net id="298"><net_src comp="0" pin="0"/><net_sink comp="294" pin=0"/></net>

<net id="299"><net_src comp="291" pin="1"/><net_sink comp="294" pin=1"/></net>

<net id="300"><net_src comp="294" pin="2"/><net_sink comp="118" pin=1"/></net>

<net id="306"><net_src comp="82" pin="0"/><net_sink comp="301" pin=0"/></net>

<net id="307"><net_src comp="48" pin="0"/><net_sink comp="301" pin=2"/></net>

<net id="313"><net_src comp="64" pin="0"/><net_sink comp="308" pin=0"/></net>

<net id="314"><net_src comp="66" pin="0"/><net_sink comp="308" pin=2"/></net>

<net id="318"><net_src comp="308" pin="3"/><net_sink comp="315" pin=0"/></net>

<net id="323"><net_src comp="301" pin="3"/><net_sink comp="319" pin=0"/></net>

<net id="324"><net_src comp="315" pin="1"/><net_sink comp="319" pin=1"/></net>

<net id="332"><net_src comp="319" pin="2"/><net_sink comp="328" pin=0"/></net>

<net id="333"><net_src comp="325" pin="1"/><net_sink comp="328" pin=1"/></net>

<net id="337"><net_src comp="328" pin="2"/><net_sink comp="334" pin=0"/></net>

<net id="338"><net_src comp="334" pin="1"/><net_sink comp="130" pin=2"/></net>

<net id="342"><net_src comp="88" pin="1"/><net_sink comp="339" pin=0"/></net>

<net id="343"><net_src comp="339" pin="1"/><net_sink comp="161" pin=1"/></net>

<net id="344"><net_src comp="339" pin="1"/><net_sink comp="186" pin=0"/></net>

<net id="345"><net_src comp="339" pin="1"/><net_sink comp="235" pin=1"/></net>

<net id="349"><net_src comp="92" pin="1"/><net_sink comp="346" pin=0"/></net>

<net id="350"><net_src comp="346" pin="1"/><net_sink comp="156" pin=1"/></net>

<net id="351"><net_src comp="346" pin="1"/><net_sink comp="189" pin=0"/></net>

<net id="352"><net_src comp="346" pin="1"/><net_sink comp="230" pin=1"/></net>

<net id="356"><net_src comp="96" pin="1"/><net_sink comp="353" pin=0"/></net>

<net id="357"><net_src comp="353" pin="1"/><net_sink comp="151" pin=1"/></net>

<net id="358"><net_src comp="353" pin="1"/><net_sink comp="166" pin=0"/></net>

<net id="359"><net_src comp="353" pin="1"/><net_sink comp="181" pin=1"/></net>

<net id="363"><net_src comp="112" pin="2"/><net_sink comp="360" pin=0"/></net>

<net id="364"><net_src comp="360" pin="1"/><net_sink comp="264" pin=1"/></net>

<net id="368"><net_src comp="143" pin="1"/><net_sink comp="365" pin=0"/></net>

<net id="369"><net_src comp="365" pin="1"/><net_sink comp="271" pin=1"/></net>

<net id="373"><net_src comp="147" pin="1"/><net_sink comp="370" pin=0"/></net>

<net id="374"><net_src comp="370" pin="1"/><net_sink comp="271" pin=0"/></net>

<net id="378"><net_src comp="169" pin="2"/><net_sink comp="375" pin=0"/></net>

<net id="382"><net_src comp="204" pin="3"/><net_sink comp="379" pin=0"/></net>

<net id="383"><net_src comp="379" pin="1"/><net_sink comp="268" pin=0"/></net>

<net id="384"><net_src comp="379" pin="1"/><net_sink comp="325" pin=0"/></net>

<net id="388"><net_src comp="212" pin="3"/><net_sink comp="385" pin=0"/></net>

<net id="389"><net_src comp="385" pin="1"/><net_sink comp="247" pin=1"/></net>

<net id="390"><net_src comp="385" pin="1"/><net_sink comp="264" pin=0"/></net>

<net id="394"><net_src comp="220" pin="1"/><net_sink comp="391" pin=0"/></net>

<net id="395"><net_src comp="391" pin="1"/><net_sink comp="240" pin=1"/></net>

<net id="399"><net_src comp="264" pin="2"/><net_sink comp="396" pin=0"/></net>

<net id="400"><net_src comp="396" pin="1"/><net_sink comp="301" pin=1"/></net>

<net id="401"><net_src comp="396" pin="1"/><net_sink comp="308" pin=1"/></net>

<net id="405"><net_src comp="285" pin="2"/><net_sink comp="402" pin=0"/></net>

<net id="406"><net_src comp="402" pin="1"/><net_sink comp="291" pin=0"/></net>

<net id="410"><net_src comp="294" pin="2"/><net_sink comp="407" pin=0"/></net>

<net id="411"><net_src comp="407" pin="1"/><net_sink comp="118" pin=1"/></net>

<net id="412"><net_src comp="407" pin="1"/><net_sink comp="125" pin=1"/></net>

<net id="416"><net_src comp="125" pin="2"/><net_sink comp="413" pin=0"/></net>

<net id="417"><net_src comp="413" pin="1"/><net_sink comp="137" pin=1"/></net>

</net_list>

</model> 
---------------- Datapath Model END ------------------

* FSMD analyzer results:
  - Output states:
	Port: x_buf | {13 }
 - Input state : 
	Port: upconv_core_top_ucb0_Pipeline_LOAD_ROW_VITIS_LOOP_308_2 : gmem_in | {4 5 6 7 8 9 10 11 12 }
	Port: upconv_core_top_ucb0_Pipeline_LOAD_ROW_VITIS_LOOP_308_2 : empty | {1 }
	Port: upconv_core_top_ucb0_Pipeline_LOAD_ROW_VITIS_LOOP_308_2 : sext_ln305 | {1 }
	Port: upconv_core_top_ucb0_Pipeline_LOAD_ROW_VITIS_LOOP_308_2 : zext_ln306 | {1 }
  - Chain level:
	State 1
		store_ln0 : 1
		store_ln307 : 1
		store_ln308 : 1
		indvar_flatten6_load : 1
		icmp_ln307 : 2
		add_ln307_1 : 2
		br_ln307 : 3
		store_ln307 : 3
	State 2
		add_ln307 : 1
		icmp_ln308 : 1
		select_ln307 : 2
		select_ln307_1 : 2
		empty_170 : 3
		add_ln308 : 3
		store_ln307 : 3
		store_ln308 : 4
	State 3
		p_shl7 : 1
		empty_171 : 2
		add_ln310_3 : 3
		zext_ln310_1 : 4
		add_ln310_2 : 5
	State 4
		gmem_in_addr : 1
		gmem_in_load_req : 2
	State 5
	State 6
	State 7
	State 8
	State 9
	State 10
	State 11
	State 12
	State 13
		p_shl5 : 1
		empty_173 : 2
		add_ln310 : 3
		zext_ln310 : 4
		x_buf_addr : 5
		store_ln310 : 6


============================================================
+ Verbose Summary: Datapath Resource usage 
============================================================

* Functional unit list:
|----------|-------------------------------|---------|---------|
| Operation|        Functional Unit        |    FF   |   LUT   |
|----------|-------------------------------|---------|---------|
|          |       add_ln307_1_fu_175      |    0    |    17   |
|          |        add_ln307_fu_192       |    0    |    12   |
|          |        add_ln308_fu_224       |    0    |    13   |
|    add   |        empty_172_fu_264       |    0    |    12   |
|          |       add_ln310_1_fu_271      |    0    |    59   |
|          |       add_ln310_3_fu_275      |    0    |    18   |
|          |       add_ln310_2_fu_285      |    0    |    60   |
|          |        add_ln310_fu_328       |    0    |    17   |
|----------|-------------------------------|---------|---------|
|    sub   |        empty_171_fu_258       |    0    |    18   |
|          |        empty_173_fu_319       |    0    |    17   |
|----------|-------------------------------|---------|---------|
|   icmp   |       icmp_ln307_fu_169       |    0    |    17   |
|          |       icmp_ln308_fu_198       |    0    |    13   |
|----------|-------------------------------|---------|---------|
|  select  |      select_ln307_fu_204      |    0    |    6    |
|          |     select_ln307_1_fu_212     |    0    |    5    |
|----------|-------------------------------|---------|---------|
|          |  zext_ln306_read_read_fu_100  |    0    |    0    |
|   read   |  sext_ln305_read_read_fu_106  |    0    |    0    |
|          |        tmp_read_fu_112        |    0    |    0    |
|          | gmem_in_addr_read_read_fu_125 |    0    |    0    |
|----------|-------------------------------|---------|---------|
|  readreq |       grp_readreq_fu_118      |    0    |    0    |
|----------|-------------------------------|---------|---------|
|          |     zext_ln306_cast_fu_143    |    0    |    0    |
|          |         p_shl7_fu_254         |    0    |    0    |
|          |       zext_ln308_fu_268       |    0    |    0    |
|   zext   |      zext_ln310_1_fu_281      |    0    |    0    |
|          |         p_shl5_fu_315         |    0    |    0    |
|          |      zext_ln308_1_fu_325      |    0    |    0    |
|          |       zext_ln310_fu_334       |    0    |    0    |
|----------|-------------------------------|---------|---------|
|   sext   |     sext_ln305_cast_fu_147    |    0    |    0    |
|          |       sext_ln310_fu_291       |    0    |    0    |
|----------|-------------------------------|---------|---------|
|   trunc  |        empty_170_fu_220       |    0    |    0    |
|----------|-------------------------------|---------|---------|
|          |         p_shl6_fu_240         |    0    |    0    |
|bitconcatenate|          tmp_1_fu_247         |    0    |    0    |
|          |          p_shl_fu_301         |    0    |    0    |
|          |          tmp_2_fu_308         |    0    |    0    |
|----------|-------------------------------|---------|---------|
|   Total  |                               |    0    |   284   |
|----------|-------------------------------|---------|---------|

Memories:
N/A

* Register list:
+-------------------------+--------+
|                         |   FF   |
+-------------------------+--------+
|   add_ln310_2_reg_402   |   60   |
|       ciw_reg_339       |    6   |
|    empty_170_reg_391    |    4   |
|    empty_172_reg_396    |    5   |
|gmem_in_addr_read_reg_413|   256  |
|   gmem_in_addr_reg_407  |   256  |
|    icmp_ln307_reg_375   |    1   |
| indvar_flatten6_reg_353 |   10   |
|  select_ln307_1_reg_385 |    5   |
|   select_ln307_reg_379  |    6   |
| sext_ln305_cast_reg_370 |   60   |
|       tmp_reg_360       |    5   |
|        wi_reg_346       |    5   |
| zext_ln306_cast_reg_365 |   60   |
+-------------------------+--------+
|          Total          |   739  |
+-------------------------+--------+

* Multiplexer (MUX) list: 
|--------------------|------|------|------|--------||---------||---------||---------|
|        Comp        |  Pin | Size |  BW  | S x BW ||  Delay  ||    FF   ||   LUT   |
|--------------------|------|------|------|--------||---------||---------||---------|
| grp_readreq_fu_118 |  p1  |   2  |  256 |   512  ||    0    ||    9    |
|--------------------|------|------|------|--------||---------||---------||---------|
|        Total       |      |      |      |   512  ||  0.427  ||    0    ||    9    |
|--------------------|------|------|------|--------||---------||---------||---------|



* Summary:
+-----------+--------+--------+--------+
|           |  Delay |   FF   |   LUT  |
+-----------+--------+--------+--------+
|  Function |    -   |    0   |   284  |
|   Memory  |    -   |    -   |    -   |
|Multiplexer|    0   |    0   |    9   |
|  Register |    -   |   739  |    -   |
+-----------+--------+--------+--------+
|   Total   |    0   |   739  |   293  |
+-----------+--------+--------+--------+
