

================================================================
== Vitis HLS Report for 'upconv_core_top_ucb0_Pipeline_LOAD_ROW_VITIS_LOOP_308_2'
================================================================
* Date:           Thu Jun 18 11:44:33 2026

* Version:        2024.2 (Build 5238294 on Nov  8 2024)
* Project:        upconv_block0
* Solution:       hls (Vivado IP Flow Target)
* Product family: zynquplus
* Target device:  xczu7ev-ffvc1156-2-e


================================================================
== Performance Estimates
================================================================
+ Timing: 
    * Summary: 
    +--------+---------+----------+------------+
    |  Clock |  Target | Estimated| Uncertainty|
    +--------+---------+----------+------------+
    |ap_clk  |  3.33 ns|  2.433 ns|     0.90 ns|
    +--------+---------+----------+------------+

+ Latency: 
    * Summary: 
    +---------+---------+----------+----------+-----+-----+------------------------------------------------+
    |  Latency (cycles) |  Latency (absolute) |  Interval |                    Pipeline                    |
    |   min   |   max   |    min   |    max   | min | max |                      Type                      |
    +---------+---------+----------+----------+-----+-----+------------------------------------------------+
    |      973|      973|  3.243 us|  3.243 us|  961|  961|  loop auto-rewind stp (delay=0 clock cycles(s))|
    +---------+---------+----------+----------+-----+-----+------------------------------------------------+

    + Detail: 
        * Instance: 
        N/A

        * Loop: 
        +-----------------------------+---------+---------+----------+-----------+-----------+------+----------+
        |                             |  Latency (cycles) | Iteration|  Initiation Interval  | Trip |          |
        |          Loop Name          |   min   |   max   |  Latency |  achieved |   target  | Count| Pipelined|
        +-----------------------------+---------+---------+----------+-----------+-----------+------+----------+
        |- LOAD_ROW_VITIS_LOOP_308_2  |      971|      971|        13|          1|          1|   960|       yes|
        +-----------------------------+---------+---------+----------+-----------+-----------+------+----------+

============================================================
+ Verbose Summary: Synthesis Manager
============================================================
InlineROM: 1
ExposeGlobal: 0
============================================================
+ Verbose Summary: CDFG Model
============================================================
IsTopModel: 0
ResetActiveHigh: 1
IsCombinational: 0
IsDatapathOnly: 0
HasWiredReturn: 1
HasMFsm: 2
HasVarLatency: 1
IsPipeline: 0
IsRtlPipelined: 0
IsInstanceOverlapped: 0
IsDontTouch: 0
HasImplIP: 0
IsGatedGlobalClock: 0

+ Individual pipeline summary: 
  * Pipeline-0: initiation interval (II) = 1, depth = 13


============================================================
+ Verbose Summary: Schedule
============================================================
* Number of FSM states : 13
* Pipeline : 1
  Pipeline-0 : II = 1, D = 13, States = { 1 2 3 4 5 6 7 8 9 10 11 12 13 }
* Dataflow Pipeline: 0

* FSM state transitions: 
1 --> 2 
2 --> 3 
3 --> 4 
4 --> 5 
5 --> 6 
6 --> 7 
7 --> 8 
8 --> 9 
9 --> 10 
10 --> 11 
11 --> 12 
12 --> 13 
13 --> 

* FSM state operations: 

State 1 <SV = 0> <Delay = 1.64>
ST_1 : Operation 16 [1/1] (0.00ns)   --->   "%ciw = alloca i32 1" [../gen/Hls_Layers_UpConv.tpp:308->../gen/upconv_core_top_ucb0.cpp:40]   --->   Operation 16 'alloca' 'ciw' <Predicate = true> <Delay = 0.00>
ST_1 : Operation 17 [1/1] (0.00ns)   --->   "%wi = alloca i32 1" [../gen/Hls_Layers_UpConv.tpp:307->../gen/upconv_core_top_ucb0.cpp:40]   --->   Operation 17 'alloca' 'wi' <Predicate = true> <Delay = 0.00>
ST_1 : Operation 18 [1/1] (0.00ns)   --->   "%indvar_flatten6 = alloca i32 1"   --->   Operation 18 'alloca' 'indvar_flatten6' <Predicate = true> <Delay = 0.00>
ST_1 : Operation 19 [1/1] (0.00ns)   --->   "%zext_ln306_read = read i14 @_ssdm_op_Read.ap_auto.i14, i14 %zext_ln306"   --->   Operation 19 'read' 'zext_ln306_read' <Predicate = true> <Delay = 0.00>
ST_1 : Operation 20 [1/1] (0.00ns)   --->   "%sext_ln305_read = read i59 @_ssdm_op_Read.ap_auto.i59, i59 %sext_ln305"   --->   Operation 20 'read' 'sext_ln305_read' <Predicate = true> <Delay = 0.00>
ST_1 : Operation 21 [1/1] (0.00ns)   --->   "%tmp = read i5 @_ssdm_op_Read.ap_auto.i5, i5 %empty"   --->   Operation 21 'read' 'tmp' <Predicate = true> <Delay = 0.00>
ST_1 : Operation 22 [1/1] (0.00ns)   --->   "%zext_ln306_cast = zext i14 %zext_ln306_read"   --->   Operation 22 'zext' 'zext_ln306_cast' <Predicate = true> <Delay = 0.00>
ST_1 : Operation 23 [1/1] (0.00ns)   --->   "%sext_ln305_cast = sext i59 %sext_ln305_read"   --->   Operation 23 'sext' 'sext_ln305_cast' <Predicate = true> <Delay = 0.00>
ST_1 : Operation 24 [1/1] (0.00ns)   --->   "%specmemcore_ln0 = specmemcore void @_ssdm_op_SpecMemCore, i256 %x_buf, i64 666, i64 31, i64 18446744073709551615"   --->   Operation 24 'specmemcore' 'specmemcore_ln0' <Predicate = true> <Delay = 0.00>
ST_1 : Operation 25 [1/1] (0.00ns)   --->   "%specinterface_ln0 = specinterface void @_ssdm_op_SpecInterface, i256 %gmem_in, void @empty_109, i32 0, i32 0, void @empty_65, i32 0, i32 0, void @empty_111, void @empty_67, void @empty_65, i32 16, i32 16, i32 64, i32 16, void @empty_65, void @empty_65, i32 4294967295, i32 0, i32 0"   --->   Operation 25 'specinterface' 'specinterface_ln0' <Predicate = true> <Delay = 0.00>
ST_1 : Operation 26 [1/1] (0.42ns)   --->   "%store_ln0 = store i10 0, i10 %indvar_flatten6"   --->   Operation 26 'store' 'store_ln0' <Predicate = true> <Delay = 0.42>
ST_1 : Operation 27 [1/1] (0.42ns)   --->   "%store_ln307 = store i5 0, i5 %wi" [../gen/Hls_Layers_UpConv.tpp:307->../gen/upconv_core_top_ucb0.cpp:40]   --->   Operation 27 'store' 'store_ln307' <Predicate = true> <Delay = 0.42>
ST_1 : Operation 28 [1/1] (0.42ns)   --->   "%store_ln308 = store i6 0, i6 %ciw" [../gen/Hls_Layers_UpConv.tpp:308->../gen/upconv_core_top_ucb0.cpp:40]   --->   Operation 28 'store' 'store_ln308' <Predicate = true> <Delay = 0.42>
ST_1 : Operation 29 [1/1] (0.00ns)   --->   "%br_ln0 = br void %for.body27.i"   --->   Operation 29 'br' 'br_ln0' <Predicate = true> <Delay = 0.00>
ST_1 : Operation 30 [1/1] (0.00ns)   --->   "%indvar_flatten6_load = load i10 %indvar_flatten6" [../gen/Hls_Layers_UpConv.tpp:307->../gen/upconv_core_top_ucb0.cpp:40]   --->   Operation 30 'load' 'indvar_flatten6_load' <Predicate = true> <Delay = 0.00>
ST_1 : Operation 31 [1/1] (0.00ns)   --->   "%specbitsmap_ln0 = specbitsmap void @_ssdm_op_SpecBitsMap, i256 %gmem_in"   --->   Operation 31 'specbitsmap' 'specbitsmap_ln0' <Predicate = true> <Delay = 0.00>
ST_1 : Operation 32 [1/1] (0.78ns)   --->   "%icmp_ln307 = icmp_eq  i10 %indvar_flatten6_load, i10 960" [../gen/Hls_Layers_UpConv.tpp:307->../gen/upconv_core_top_ucb0.cpp:40]   --->   Operation 32 'icmp' 'icmp_ln307' <Predicate = true> <Delay = 0.78> <CoreInst = "Cmp">   --->   Core 9 'Cmp' <Latency = 0> <II = 1> <Delay = 0.78> <FuncUnit> <Opcode : 'seteq' 'setne' 'setle' 'setge' 'setlt' 'setgt'> <InPorts = 2> <OutPorts = 1>
ST_1 : Operation 33 [1/1] (0.78ns)   --->   "%add_ln307_1 = add i10 %indvar_flatten6_load, i10 1" [../gen/Hls_Layers_UpConv.tpp:307->../gen/upconv_core_top_ucb0.cpp:40]   --->   Operation 33 'add' 'add_ln307_1' <Predicate = true> <Delay = 0.78> <CoreInst = "Adder">   --->   Core 1 'Adder' <Latency = 0> <II = 1> <Delay = 0.78> <FuncUnit> <Opcode : 'add' 'sub'> <InPorts = 2> <OutPorts = 1>
ST_1 : Operation 34 [1/1] (0.00ns)   --->   "%br_ln307 = br i1 %icmp_ln307, void %for.cond.cleanup26.i, void %for.cond.cleanup21.i.exitStub" [../gen/Hls_Layers_UpConv.tpp:307->../gen/upconv_core_top_ucb0.cpp:40]   --->   Operation 34 'br' 'br_ln307' <Predicate = true> <Delay = 0.00>
ST_1 : Operation 35 [1/1] (0.42ns)   --->   "%store_ln307 = store i10 %add_ln307_1, i10 %indvar_flatten6" [../gen/Hls_Layers_UpConv.tpp:307->../gen/upconv_core_top_ucb0.cpp:40]   --->   Operation 35 'store' 'store_ln307' <Predicate = (!icmp_ln307)> <Delay = 0.42>

State 2 <SV = 1> <Delay = 2.37>
ST_2 : Operation 36 [1/1] (0.00ns)   --->   "%ciw_load = load i6 %ciw" [../gen/Hls_Layers_UpConv.tpp:308->../gen/upconv_core_top_ucb0.cpp:40]   --->   Operation 36 'load' 'ciw_load' <Predicate = true> <Delay = 0.00>
ST_2 : Operation 37 [1/1] (0.00ns)   --->   "%wi_load = load i5 %wi" [../gen/Hls_Layers_UpConv.tpp:307->../gen/upconv_core_top_ucb0.cpp:40]   --->   Operation 37 'load' 'wi_load' <Predicate = true> <Delay = 0.00>
ST_2 : Operation 38 [1/1] (0.78ns)   --->   "%add_ln307 = add i5 %wi_load, i5 1" [../gen/Hls_Layers_UpConv.tpp:307->../gen/upconv_core_top_ucb0.cpp:40]   --->   Operation 38 'add' 'add_ln307' <Predicate = true> <Delay = 0.78> <CoreInst = "Adder">   --->   Core 1 'Adder' <Latency = 0> <II = 1> <Delay = 0.78> <FuncUnit> <Opcode : 'add' 'sub'> <InPorts = 2> <OutPorts = 1>
ST_2 : Operation 39 [1/1] (0.78ns)   --->   "%icmp_ln308 = icmp_eq  i6 %ciw_load, i6 60" [../gen/Hls_Layers_UpConv.tpp:308->../gen/upconv_core_top_ucb0.cpp:40]   --->   Operation 39 'icmp' 'icmp_ln308' <Predicate = true> <Delay = 0.78> <CoreInst = "Cmp">   --->   Core 9 'Cmp' <Latency = 0> <II = 1> <Delay = 0.78> <FuncUnit> <Opcode : 'seteq' 'setne' 'setle' 'setge' 'setlt' 'setgt'> <InPorts = 2> <OutPorts = 1>
ST_2 : Operation 40 [1/1] (0.38ns)   --->   "%select_ln307 = select i1 %icmp_ln308, i6 0, i6 %ciw_load" [../gen/Hls_Layers_UpConv.tpp:307->../gen/upconv_core_top_ucb0.cpp:40]   --->   Operation 40 'select' 'select_ln307' <Predicate = true> <Delay = 0.38> <CoreInst = "Sel">   --->   Core 73 'Sel' <Latency = 0> <II = 1> <Delay = 0.38> <FuncUnit> <Opcode : 'select'> <InPorts = 3> <OutPorts = 1>
ST_2 : Operation 41 [1/1] (0.41ns)   --->   "%select_ln307_1 = select i1 %icmp_ln308, i5 %add_ln307, i5 %wi_load" [../gen/Hls_Layers_UpConv.tpp:307->../gen/upconv_core_top_ucb0.cpp:40]   --->   Operation 41 'select' 'select_ln307_1' <Predicate = true> <Delay = 0.41> <CoreInst = "Sel">   --->   Core 73 'Sel' <Latency = 0> <II = 1> <Delay = 0.41> <FuncUnit> <Opcode : 'select'> <InPorts = 3> <OutPorts = 1>
ST_2 : Operation 42 [1/1] (0.00ns)   --->   "%empty_170 = trunc i5 %select_ln307_1" [../gen/Hls_Layers_UpConv.tpp:307->../gen/upconv_core_top_ucb0.cpp:40]   --->   Operation 42 'trunc' 'empty_170' <Predicate = true> <Delay = 0.00>
ST_2 : Operation 43 [1/1] (0.78ns)   --->   "%add_ln308 = add i6 %select_ln307, i6 1" [../gen/Hls_Layers_UpConv.tpp:308->../gen/upconv_core_top_ucb0.cpp:40]   --->   Operation 43 'add' 'add_ln308' <Predicate = true> <Delay = 0.78> <CoreInst = "Adder">   --->   Core 1 'Adder' <Latency = 0> <II = 1> <Delay = 0.78> <FuncUnit> <Opcode : 'add' 'sub'> <InPorts = 2> <OutPorts = 1>
ST_2 : Operation 44 [1/1] (0.42ns)   --->   "%store_ln307 = store i5 %select_ln307_1, i5 %wi" [../gen/Hls_Layers_UpConv.tpp:307->../gen/upconv_core_top_ucb0.cpp:40]   --->   Operation 44 'store' 'store_ln307' <Predicate = true> <Delay = 0.42>
ST_2 : Operation 45 [1/1] (0.42ns)   --->   "%store_ln308 = store i6 %add_ln308, i6 %ciw" [../gen/Hls_Layers_UpConv.tpp:308->../gen/upconv_core_top_ucb0.cpp:40]   --->   Operation 45 'store' 'store_ln308' <Predicate = true> <Delay = 0.42>

State 3 <SV = 2> <Delay = 1.76>
ST_3 : Operation 46 [1/1] (0.00ns)   --->   "%p_shl6 = bitconcatenate i10 @_ssdm_op_BitConcatenate.i10.i4.i6, i4 %empty_170, i6 0" [../gen/Hls_Layers_UpConv.tpp:307->../gen/upconv_core_top_ucb0.cpp:40]   --->   Operation 46 'bitconcatenate' 'p_shl6' <Predicate = true> <Delay = 0.00>
ST_3 : Operation 47 [1/1] (0.00ns)   --->   "%tmp_1 = bitconcatenate i7 @_ssdm_op_BitConcatenate.i7.i5.i2, i5 %select_ln307_1, i2 0" [../gen/Hls_Layers_UpConv.tpp:307->../gen/upconv_core_top_ucb0.cpp:40]   --->   Operation 47 'bitconcatenate' 'tmp_1' <Predicate = true> <Delay = 0.00>
ST_3 : Operation 48 [1/1] (0.00ns)   --->   "%p_shl7 = zext i7 %tmp_1" [../gen/Hls_Layers_UpConv.tpp:307->../gen/upconv_core_top_ucb0.cpp:40]   --->   Operation 48 'zext' 'p_shl7' <Predicate = true> <Delay = 0.00>
ST_3 : Operation 49 [1/1] (0.00ns) (grouped into TernaryAdder)   --->   "%empty_171 = sub i10 %p_shl6, i10 %p_shl7" [../gen/Hls_Layers_UpConv.tpp:307->../gen/upconv_core_top_ucb0.cpp:40]   --->   Operation 49 'sub' 'empty_171' <Predicate = true> <Delay = 0.00> <CoreInst = "TAddSub">   --->   Core 10 'TAddSub' <Latency = 0> <II = 1> <Delay = 0.40> <IPBlock> <Opcode : '' 'add' 'sub'> <InPorts = 3> <OutPorts = 1> <Sync> <CReg>
ST_3 : Operation 50 [1/1] (0.78ns)   --->   "%empty_172 = add i5 %select_ln307_1, i5 %tmp" [../gen/Hls_Layers_UpConv.tpp:307->../gen/upconv_core_top_ucb0.cpp:40]   --->   Operation 50 'add' 'empty_172' <Predicate = true> <Delay = 0.78> <CoreInst = "Adder">   --->   Core 1 'Adder' <Latency = 0> <II = 1> <Delay = 0.78> <FuncUnit> <Opcode : 'add' 'sub'> <InPorts = 2> <OutPorts = 1>
ST_3 : Operation 51 [1/1] (0.00ns)   --->   "%zext_ln308 = zext i6 %select_ln307" [../gen/Hls_Layers_UpConv.tpp:308->../gen/upconv_core_top_ucb0.cpp:40]   --->   Operation 51 'zext' 'zext_ln308' <Predicate = true> <Delay = 0.00>
ST_3 : Operation 52 [1/1] (0.00ns) (grouped into TernaryAdder)   --->   "%add_ln310_1 = add i60 %sext_ln305_cast, i60 %zext_ln306_cast" [../gen/Hls_Layers_UpConv.tpp:310->../gen/upconv_core_top_ucb0.cpp:40]   --->   Operation 52 'add' 'add_ln310_1' <Predicate = true> <Delay = 0.00> <CoreInst = "TAddSub">   --->   Core 10 'TAddSub' <Latency = 0> <II = 1> <Delay = 0.40> <IPBlock> <Opcode : '' 'add' 'sub'> <InPorts = 3> <OutPorts = 1> <Sync> <CReg>
ST_3 : Operation 53 [1/1] (0.96ns) (root node of TernaryAdder)   --->   "%add_ln310_3 = add i10 %empty_171, i10 %zext_ln308" [../gen/Hls_Layers_UpConv.tpp:310->../gen/upconv_core_top_ucb0.cpp:40]   --->   Operation 53 'add' 'add_ln310_3' <Predicate = true> <Delay = 0.96> <CoreInst = "TAddSub">   --->   Core 10 'TAddSub' <Latency = 0> <II = 1> <Delay = 0.40> <IPBlock> <Opcode : '' 'add' 'sub'> <InPorts = 3> <OutPorts = 1> <Sync> <CReg>
ST_3 : Operation 54 [1/1] (0.00ns)   --->   "%zext_ln310_1 = zext i10 %add_ln310_3" [../gen/Hls_Layers_UpConv.tpp:310->../gen/upconv_core_top_ucb0.cpp:40]   --->   Operation 54 'zext' 'zext_ln310_1' <Predicate = true> <Delay = 0.00>
ST_3 : Operation 55 [1/1] (0.80ns) (root node of TernaryAdder)   --->   "%add_ln310_2 = add i60 %zext_ln310_1, i60 %add_ln310_1" [../gen/Hls_Layers_UpConv.tpp:310->../gen/upconv_core_top_ucb0.cpp:40]   --->   Operation 55 'add' 'add_ln310_2' <Predicate = true> <Delay = 0.80> <CoreInst = "TAddSub">   --->   Core 10 'TAddSub' <Latency = 0> <II = 1> <Delay = 0.40> <IPBlock> <Opcode : '' 'add' 'sub'> <InPorts = 3> <OutPorts = 1> <Sync> <CReg>

State 4 <SV = 3> <Delay = 2.43>
ST_4 : Operation 56 [1/1] (0.00ns)   --->   "%sext_ln310 = sext i60 %add_ln310_2" [../gen/Hls_Layers_UpConv.tpp:310->../gen/upconv_core_top_ucb0.cpp:40]   --->   Operation 56 'sext' 'sext_ln310' <Predicate = true> <Delay = 0.00>
ST_4 : Operation 57 [1/1] (0.00ns)   --->   "%gmem_in_addr = getelementptr i256 %gmem_in, i64 %sext_ln310" [../gen/Hls_Layers_UpConv.tpp:310->../gen/upconv_core_top_ucb0.cpp:40]   --->   Operation 57 'getelementptr' 'gmem_in_addr' <Predicate = true> <Delay = 0.00>
ST_4 : Operation 58 [8/8] (2.43ns)   --->   "%gmem_in_load_req = readreq i1 @_ssdm_op_ReadReq.m_axi.i256P1A, i256 %gmem_in_addr, i64 1" [../gen/Hls_Layers_UpConv.tpp:310->../gen/upconv_core_top_ucb0.cpp:40]   --->   Operation 58 'readreq' 'gmem_in_load_req' <Predicate = true> <Delay = 2.43> <CoreInst = "m_axi">   --->   Core 119 'm_axi' <Latency = 6> <II = 1> <Delay = 1.00> <Adapter> <Opcode : 'read' 'write' 'readreq' 'writereq' 'writeresp'>

State 5 <SV = 4> <Delay = 2.43>
ST_5 : Operation 59 [7/8] (2.43ns)   --->   "%gmem_in_load_req = readreq i1 @_ssdm_op_ReadReq.m_axi.i256P1A, i256 %gmem_in_addr, i64 1" [../gen/Hls_Layers_UpConv.tpp:310->../gen/upconv_core_top_ucb0.cpp:40]   --->   Operation 59 'readreq' 'gmem_in_load_req' <Predicate = true> <Delay = 2.43> <CoreInst = "m_axi">   --->   Core 119 'm_axi' <Latency = 6> <II = 1> <Delay = 1.00> <Adapter> <Opcode : 'read' 'write' 'readreq' 'writereq' 'writeresp'>

State 6 <SV = 5> <Delay = 2.43>
ST_6 : Operation 60 [6/8] (2.43ns)   --->   "%gmem_in_load_req = readreq i1 @_ssdm_op_ReadReq.m_axi.i256P1A, i256 %gmem_in_addr, i64 1" [../gen/Hls_Layers_UpConv.tpp:310->../gen/upconv_core_top_ucb0.cpp:40]   --->   Operation 60 'readreq' 'gmem_in_load_req' <Predicate = true> <Delay = 2.43> <CoreInst = "m_axi">   --->   Core 119 'm_axi' <Latency = 6> <II = 1> <Delay = 1.00> <Adapter> <Opcode : 'read' 'write' 'readreq' 'writereq' 'writeresp'>

State 7 <SV = 6> <Delay = 2.43>
ST_7 : Operation 61 [5/8] (2.43ns)   --->   "%gmem_in_load_req = readreq i1 @_ssdm_op_ReadReq.m_axi.i256P1A, i256 %gmem_in_addr, i64 1" [../gen/Hls_Layers_UpConv.tpp:310->../gen/upconv_core_top_ucb0.cpp:40]   --->   Operation 61 'readreq' 'gmem_in_load_req' <Predicate = true> <Delay = 2.43> <CoreInst = "m_axi">   --->   Core 119 'm_axi' <Latency = 6> <II = 1> <Delay = 1.00> <Adapter> <Opcode : 'read' 'write' 'readreq' 'writereq' 'writeresp'>

State 8 <SV = 7> <Delay = 2.43>
ST_8 : Operation 62 [4/8] (2.43ns)   --->   "%gmem_in_load_req = readreq i1 @_ssdm_op_ReadReq.m_axi.i256P1A, i256 %gmem_in_addr, i64 1" [../gen/Hls_Layers_UpConv.tpp:310->../gen/upconv_core_top_ucb0.cpp:40]   --->   Operation 62 'readreq' 'gmem_in_load_req' <Predicate = true> <Delay = 2.43> <CoreInst = "m_axi">   --->   Core 119 'm_axi' <Latency = 6> <II = 1> <Delay = 1.00> <Adapter> <Opcode : 'read' 'write' 'readreq' 'writereq' 'writeresp'>

State 9 <SV = 8> <Delay = 2.43>
ST_9 : Operation 63 [3/8] (2.43ns)   --->   "%gmem_in_load_req = readreq i1 @_ssdm_op_ReadReq.m_axi.i256P1A, i256 %gmem_in_addr, i64 1" [../gen/Hls_Layers_UpConv.tpp:310->../gen/upconv_core_top_ucb0.cpp:40]   --->   Operation 63 'readreq' 'gmem_in_load_req' <Predicate = true> <Delay = 2.43> <CoreInst = "m_axi">   --->   Core 119 'm_axi' <Latency = 6> <II = 1> <Delay = 1.00> <Adapter> <Opcode : 'read' 'write' 'readreq' 'writereq' 'writeresp'>

State 10 <SV = 9> <Delay = 2.43>
ST_10 : Operation 64 [2/8] (2.43ns)   --->   "%gmem_in_load_req = readreq i1 @_ssdm_op_ReadReq.m_axi.i256P1A, i256 %gmem_in_addr, i64 1" [../gen/Hls_Layers_UpConv.tpp:310->../gen/upconv_core_top_ucb0.cpp:40]   --->   Operation 64 'readreq' 'gmem_in_load_req' <Predicate = true> <Delay = 2.43> <CoreInst = "m_axi">   --->   Core 119 'm_axi' <Latency = 6> <II = 1> <Delay = 1.00> <Adapter> <Opcode : 'read' 'write' 'readreq' 'writereq' 'writeresp'>

State 11 <SV = 10> <Delay = 2.43>
ST_11 : Operation 65 [1/8] (2.43ns)   --->   "%gmem_in_load_req = readreq i1 @_ssdm_op_ReadReq.m_axi.i256P1A, i256 %gmem_in_addr, i64 1" [../gen/Hls_Layers_UpConv.tpp:310->../gen/upconv_core_top_ucb0.cpp:40]   --->   Operation 65 'readreq' 'gmem_in_load_req' <Predicate = true> <Delay = 2.43> <CoreInst = "m_axi">   --->   Core 119 'm_axi' <Latency = 6> <II = 1> <Delay = 1.00> <Adapter> <Opcode : 'read' 'write' 'readreq' 'writereq' 'writeresp'>

State 12 <SV = 11> <Delay = 2.43>
ST_12 : Operation 66 [1/1] (2.43ns)   --->   "%gmem_in_addr_read = read i256 @_ssdm_op_Read.m_axi.i256P1A, i256 %gmem_in_addr" [../gen/Hls_Layers_UpConv.tpp:310->../gen/upconv_core_top_ucb0.cpp:40]   --->   Operation 66 'read' 'gmem_in_addr_read' <Predicate = true> <Delay = 2.43> <CoreInst = "m_axi">   --->   Core 119 'm_axi' <Latency = 3> <II = 1> <Delay = 1.00> <Adapter> <Opcode : 'read' 'write' 'readreq' 'writereq' 'writeresp'>
ST_12 : Operation 80 [1/1] (0.42ns)   --->   "%ret_ln0 = ret"   --->   Operation 80 'ret' 'ret_ln0' <Predicate = (icmp_ln307)> <Delay = 0.42>

State 13 <SV = 12> <Delay = 2.15>
ST_13 : Operation 67 [1/1] (0.00ns)   --->   "%specloopname_ln0 = specloopname void @_ssdm_op_SpecLoopName, void @LOAD_ROW_VITIS_LOOP_308_2_str"   --->   Operation 67 'specloopname' 'specloopname_ln0' <Predicate = true> <Delay = 0.00>
ST_13 : Operation 68 [1/1] (0.00ns)   --->   "%speclooptripcount_ln0 = speclooptripcount void @_ssdm_op_SpecLoopTripCount, i64 960, i64 960, i64 960"   --->   Operation 68 'speclooptripcount' 'speclooptripcount_ln0' <Predicate = true> <Delay = 0.00>
ST_13 : Operation 69 [1/1] (0.00ns)   --->   "%p_shl = bitconcatenate i11 @_ssdm_op_BitConcatenate.i11.i5.i6, i5 %empty_172, i6 0" [../gen/Hls_Layers_UpConv.tpp:307->../gen/upconv_core_top_ucb0.cpp:40]   --->   Operation 69 'bitconcatenate' 'p_shl' <Predicate = true> <Delay = 0.00>
ST_13 : Operation 70 [1/1] (0.00ns)   --->   "%tmp_2 = bitconcatenate i7 @_ssdm_op_BitConcatenate.i7.i5.i2, i5 %empty_172, i2 0" [../gen/Hls_Layers_UpConv.tpp:307->../gen/upconv_core_top_ucb0.cpp:40]   --->   Operation 70 'bitconcatenate' 'tmp_2' <Predicate = true> <Delay = 0.00>
ST_13 : Operation 71 [1/1] (0.00ns)   --->   "%p_shl5 = zext i7 %tmp_2" [../gen/Hls_Layers_UpConv.tpp:307->../gen/upconv_core_top_ucb0.cpp:40]   --->   Operation 71 'zext' 'p_shl5' <Predicate = true> <Delay = 0.00>
ST_13 : Operation 72 [1/1] (0.00ns) (grouped into TernaryAdder)   --->   "%empty_173 = sub i11 %p_shl, i11 %p_shl5" [../gen/Hls_Layers_UpConv.tpp:307->../gen/upconv_core_top_ucb0.cpp:40]   --->   Operation 72 'sub' 'empty_173' <Predicate = true> <Delay = 0.00> <CoreInst = "TAddSub">   --->   Core 10 'TAddSub' <Latency = 0> <II = 1> <Delay = 0.40> <IPBlock> <Opcode : '' 'add' 'sub'> <InPorts = 3> <OutPorts = 1> <Sync> <CReg>
ST_13 : Operation 73 [1/1] (0.00ns)   --->   "%zext_ln308_1 = zext i6 %select_ln307" [../gen/Hls_Layers_UpConv.tpp:308->../gen/upconv_core_top_ucb0.cpp:40]   --->   Operation 73 'zext' 'zext_ln308_1' <Predicate = true> <Delay = 0.00>
ST_13 : Operation 74 [1/1] (0.00ns)   --->   "%specpipeline_ln309 = specpipeline void @_ssdm_op_SpecPipeline, i32 1, i32 0, i32 0, i32 0, void @empty_65" [../gen/Hls_Layers_UpConv.tpp:309->../gen/upconv_core_top_ucb0.cpp:40]   --->   Operation 74 'specpipeline' 'specpipeline_ln309' <Predicate = true> <Delay = 0.00>
ST_13 : Operation 75 [1/1] (0.91ns) (root node of TernaryAdder)   --->   "%add_ln310 = add i11 %empty_173, i11 %zext_ln308_1" [../gen/Hls_Layers_UpConv.tpp:310->../gen/upconv_core_top_ucb0.cpp:40]   --->   Operation 75 'add' 'add_ln310' <Predicate = true> <Delay = 0.91> <CoreInst = "TAddSub">   --->   Core 10 'TAddSub' <Latency = 0> <II = 1> <Delay = 0.40> <IPBlock> <Opcode : '' 'add' 'sub'> <InPorts = 3> <OutPorts = 1> <Sync> <CReg>
ST_13 : Operation 76 [1/1] (0.00ns)   --->   "%zext_ln310 = zext i11 %add_ln310" [../gen/Hls_Layers_UpConv.tpp:310->../gen/upconv_core_top_ucb0.cpp:40]   --->   Operation 76 'zext' 'zext_ln310' <Predicate = true> <Delay = 0.00>
ST_13 : Operation 77 [1/1] (0.00ns)   --->   "%x_buf_addr = getelementptr i256 %x_buf, i64 0, i64 %zext_ln310" [../gen/Hls_Layers_UpConv.tpp:310->../gen/upconv_core_top_ucb0.cpp:40]   --->   Operation 77 'getelementptr' 'x_buf_addr' <Predicate = true> <Delay = 0.00>
ST_13 : Operation 78 [1/1] ( I:1.23ns O:1.23ns )   --->   "%store_ln310 = store i256 %gmem_in_addr_read, i11 %x_buf_addr" [../gen/Hls_Layers_UpConv.tpp:310->../gen/upconv_core_top_ucb0.cpp:40]   --->   Operation 78 'store' 'store_ln310' <Predicate = true> <Delay = 1.23> <CoreInst = "RAM_T2P_URAM">   --->   Core 99 'RAM_T2P_URAM' <Latency = 1> <II = 1> <Delay = 1.23> <Storage> <Opcode : 'load' 'store'> <Ports = 2> <Width = 256> <Depth = 1920> <RAM>
ST_13 : Operation 79 [1/1] (0.00ns)   --->   "%br_ln308 = br void %for.body27.i" [../gen/Hls_Layers_UpConv.tpp:308->../gen/upconv_core_top_ucb0.cpp:40]   --->   Operation 79 'br' 'br_ln308' <Predicate = true> <Delay = 0.00>


============================================================
+ Verbose Summary: Timing violations
============================================================
Target clock period: 3.333ns, clock uncertainty: 0.900ns.

 <State 1>: 1.641ns
The critical path consists of the following:
	'store' operation 0 bit ('store_ln0') of constant 0 on local variable 'indvar_flatten6' [16]  (0.427 ns)
	'load' operation 10 bit ('indvar_flatten6_load', ../gen/Hls_Layers_UpConv.tpp:307->../gen/upconv_core_top_ucb0.cpp:40) on local variable 'indvar_flatten6' [21]  (0.000 ns)
	'add' operation 10 bit ('add_ln307_1', ../gen/Hls_Layers_UpConv.tpp:307->../gen/upconv_core_top_ucb0.cpp:40) [24]  (0.787 ns)
	'store' operation 0 bit ('store_ln307', ../gen/Hls_Layers_UpConv.tpp:307->../gen/upconv_core_top_ucb0.cpp:40) of variable 'add_ln307_1', ../gen/Hls_Layers_UpConv.tpp:307->../gen/upconv_core_top_ucb0.cpp:40 on local variable 'indvar_flatten6' [61]  (0.427 ns)

 <State 2>: 2.373ns
The critical path consists of the following:
	'load' operation 6 bit ('ciw_load', ../gen/Hls_Layers_UpConv.tpp:308->../gen/upconv_core_top_ucb0.cpp:40) on local variable 'ciw', ../gen/Hls_Layers_UpConv.tpp:308->../gen/upconv_core_top_ucb0.cpp:40 [27]  (0.000 ns)
	'icmp' operation 1 bit ('icmp_ln308', ../gen/Hls_Layers_UpConv.tpp:308->../gen/upconv_core_top_ucb0.cpp:40) [32]  (0.781 ns)
	'select' operation 6 bit ('select_ln307', ../gen/Hls_Layers_UpConv.tpp:307->../gen/upconv_core_top_ucb0.cpp:40) [33]  (0.384 ns)
	'add' operation 6 bit ('add_ln308', ../gen/Hls_Layers_UpConv.tpp:308->../gen/upconv_core_top_ucb0.cpp:40) [60]  (0.781 ns)
	'store' operation 0 bit ('store_ln308', ../gen/Hls_Layers_UpConv.tpp:308->../gen/upconv_core_top_ucb0.cpp:40) of variable 'add_ln308', ../gen/Hls_Layers_UpConv.tpp:308->../gen/upconv_core_top_ucb0.cpp:40 on local variable 'ciw', ../gen/Hls_Layers_UpConv.tpp:308->../gen/upconv_core_top_ucb0.cpp:40 [63]  (0.427 ns)

 <State 3>: 1.766ns
The critical path consists of the following:
	'sub' operation 10 bit ('empty_171', ../gen/Hls_Layers_UpConv.tpp:307->../gen/upconv_core_top_ucb0.cpp:40) [39]  (0.000 ns)
	'add' operation 10 bit ('add_ln310_3', ../gen/Hls_Layers_UpConv.tpp:310->../gen/upconv_core_top_ucb0.cpp:40) [52]  (0.960 ns)
	'add' operation 60 bit ('add_ln310_2', ../gen/Hls_Layers_UpConv.tpp:310->../gen/upconv_core_top_ucb0.cpp:40) [54]  (0.806 ns)

 <State 4>: 2.433ns
The critical path consists of the following:
	'getelementptr' operation 256 bit ('gmem_in_addr', ../gen/Hls_Layers_UpConv.tpp:310->../gen/upconv_core_top_ucb0.cpp:40) [56]  (0.000 ns)
	bus request operation ('gmem_in_load_req', ../gen/Hls_Layers_UpConv.tpp:310->../gen/upconv_core_top_ucb0.cpp:40) on port 'gmem_in' (../gen/Hls_Layers_UpConv.tpp:310->../gen/upconv_core_top_ucb0.cpp:40) [57]  (2.433 ns)

 <State 5>: 2.433ns
The critical path consists of the following:
	bus request operation ('gmem_in_load_req', ../gen/Hls_Layers_UpConv.tpp:310->../gen/upconv_core_top_ucb0.cpp:40) on port 'gmem_in' (../gen/Hls_Layers_UpConv.tpp:310->../gen/upconv_core_top_ucb0.cpp:40) [57]  (2.433 ns)

 <State 6>: 2.433ns
The critical path consists of the following:
	bus request operation ('gmem_in_load_req', ../gen/Hls_Layers_UpConv.tpp:310->../gen/upconv_core_top_ucb0.cpp:40) on port 'gmem_in' (../gen/Hls_Layers_UpConv.tpp:310->../gen/upconv_core_top_ucb0.cpp:40) [57]  (2.433 ns)

 <State 7>: 2.433ns
The critical path consists of the following:
	bus request operation ('gmem_in_load_req', ../gen/Hls_Layers_UpConv.tpp:310->../gen/upconv_core_top_ucb0.cpp:40) on port 'gmem_in' (../gen/Hls_Layers_UpConv.tpp:310->../gen/upconv_core_top_ucb0.cpp:40) [57]  (2.433 ns)

 <State 8>: 2.433ns
The critical path consists of the following:
	bus request operation ('gmem_in_load_req', ../gen/Hls_Layers_UpConv.tpp:310->../gen/upconv_core_top_ucb0.cpp:40) on port 'gmem_in' (../gen/Hls_Layers_UpConv.tpp:310->../gen/upconv_core_top_ucb0.cpp:40) [57]  (2.433 ns)

 <State 9>: 2.433ns
The critical path consists of the following:
	bus request operation ('gmem_in_load_req', ../gen/Hls_Layers_UpConv.tpp:310->../gen/upconv_core_top_ucb0.cpp:40) on port 'gmem_in' (../gen/Hls_Layers_UpConv.tpp:310->../gen/upconv_core_top_ucb0.cpp:40) [57]  (2.433 ns)

 <State 10>: 2.433ns
The critical path consists of the following:
	bus request operation ('gmem_in_load_req', ../gen/Hls_Layers_UpConv.tpp:310->../gen/upconv_core_top_ucb0.cpp:40) on port 'gmem_in' (../gen/Hls_Layers_UpConv.tpp:310->../gen/upconv_core_top_ucb0.cpp:40) [57]  (2.433 ns)

 <State 11>: 2.433ns
The critical path consists of the following:
	bus request operation ('gmem_in_load_req', ../gen/Hls_Layers_UpConv.tpp:310->../gen/upconv_core_top_ucb0.cpp:40) on port 'gmem_in' (../gen/Hls_Layers_UpConv.tpp:310->../gen/upconv_core_top_ucb0.cpp:40) [57]  (2.433 ns)

 <State 12>: 2.433ns
The critical path consists of the following:
	bus read operation ('gmem_in_addr_read', ../gen/Hls_Layers_UpConv.tpp:310->../gen/upconv_core_top_ucb0.cpp:40) on port 'gmem_in' (../gen/Hls_Layers_UpConv.tpp:310->../gen/upconv_core_top_ucb0.cpp:40) [58]  (2.433 ns)

 <State 13>: 2.151ns
The critical path consists of the following:
	'sub' operation 11 bit ('empty_173', ../gen/Hls_Layers_UpConv.tpp:307->../gen/upconv_core_top_ucb0.cpp:40) [44]  (0.000 ns)
	'add' operation 11 bit ('add_ln310', ../gen/Hls_Layers_UpConv.tpp:310->../gen/upconv_core_top_ucb0.cpp:40) [48]  (0.914 ns)
	'getelementptr' operation 11 bit ('x_buf_addr', ../gen/Hls_Layers_UpConv.tpp:310->../gen/upconv_core_top_ucb0.cpp:40) [50]  (0.000 ns)
	'store' operation 0 bit ('store_ln310', ../gen/Hls_Layers_UpConv.tpp:310->../gen/upconv_core_top_ucb0.cpp:40) of variable 'gmem_in_addr_read', ../gen/Hls_Layers_UpConv.tpp:310->../gen/upconv_core_top_ucb0.cpp:40 on array 'x_buf' [59]  (1.237 ns)


============================================================
+ Verbose Summary: Binding
============================================================
N/A
* FSMD analyzer results:
  - Output states:
 - Input state : 
  - Chain level:
	State 1
	State 2
	State 3
	State 4
	State 5
	State 6
	State 7
	State 8
	State 9
	State 10
	State 11
	State 12
	State 13


============================================================
+ Verbose Summary: Datapath Resource usage 
============================================================
N/A
