

================================================================
== Vitis HLS Report for 'upconv_core_top_ucb0_Pipeline_LOAD_ROW0_VITIS_LOOP_386_1'
================================================================
* Date:           Wed Jun  3 13:46:35 2026

* Version:        2024.2 (Build 5238294 on Nov  8 2024)
* Project:        upconv_block0
* Solution:       hls (Vivado IP Flow Target)
* Product family: zynquplus
* Target device:  xczu7ev-ffvc1156-2-e


================================================================
== Performance Estimates
================================================================
+ Timing: 
    * Summary: 
    +--------+---------+----------+------------+
    |  Clock |  Target | Estimated| Uncertainty|
    +--------+---------+----------+------------+
    |ap_clk  |  3.33 ns|  2.433 ns|     0.90 ns|
    +--------+---------+----------+------------+

+ Latency: 
    * Summary: 
    +---------+---------+----------+----------+-----+-----+------------------------------------------------+
    |  Latency (cycles) |  Latency (absolute) |  Interval |                    Pipeline                    |
    |   min   |   max   |    min   |    max   | min | max |                      Type                      |
    +---------+---------+----------+----------+-----+-----+------------------------------------------------+
    |      963|      963|  3.210 us|  3.210 us|  961|  961|  loop auto-rewind stp (delay=0 clock cycles(s))|
    +---------+---------+----------+----------+-----+-----+------------------------------------------------+

    + Detail: 
        * Instance: 
        N/A

        * Loop: 
        +------------------------------+---------+---------+----------+-----------+-----------+------+----------+
        |                              |  Latency (cycles) | Iteration|  Initiation Interval  | Trip |          |
        |           Loop Name          |   min   |   max   |  Latency |  achieved |   target  | Count| Pipelined|
        +------------------------------+---------+---------+----------+-----------+-----------+------+----------+
        |- LOAD_ROW0_VITIS_LOOP_386_1  |      961|      961|         3|          1|          1|   960|       yes|
        +------------------------------+---------+---------+----------+-----------+-----------+------+----------+



================================================================
== Utilization Estimates
================================================================
* Summary: 
+-----------------+---------+------+--------+--------+-----+
|       Name      | BRAM_18K|  DSP |   FF   |   LUT  | URAM|
+-----------------+---------+------+--------+--------+-----+
|DSP              |        -|     -|       -|       -|    -|
|Expression       |        -|     -|       0|     125|    -|
|FIFO             |        -|     -|       -|       -|    -|
|Instance         |        -|     -|       -|       -|    -|
|Memory           |        -|     -|       -|       -|    -|
|Multiplexer      |        -|     -|       0|      63|    -|
|Register         |        -|     -|     293|       -|    -|
+-----------------+---------+------+--------+--------+-----+
|Total            |        0|     0|     293|     188|    0|
+-----------------+---------+------+--------+--------+-----+
|Available        |      624|  1728|  460800|  230400|   96|
+-----------------+---------+------+--------+--------+-----+
|Utilization (%)  |        0|     0|      ~0|      ~0|    0|
+-----------------+---------+------+--------+--------+-----+

+ Detail: 
    * Instance: 
    N/A

    * DSP: 
    N/A

    * Memory: 
    N/A

    * FIFO: 
    N/A

    * Expression: 
    +---------------------------+----------+----+---+----+------------+------------+
    |       Variable Name       | Operation| DSP| FF| LUT| Bitwidth P0| Bitwidth P1|
    +---------------------------+----------+----+---+----+------------+------------+
    |add_ln385_1_fu_138_p2      |         +|   0|  0|  17|          10|           1|
    |add_ln385_fu_161_p2        |         +|   0|  0|  12|           5|           1|
    |add_ln386_fu_229_p2        |         +|   0|  0|  13|           6|           1|
    |add_ln388_fu_223_p2        |         +|   0|  0|  18|          10|          10|
    |sub_ln386_fu_213_p2        |         -|   0|  0|  18|          10|          10|
    |ap_block_pp0_stage0_11001  |       and|   0|  0|   2|           1|           1|
    |ap_condition_142           |       and|   0|  0|   2|           1|           1|
    |icmp_ln385_fu_132_p2       |      icmp|   0|  0|  17|          10|           8|
    |icmp_ln386_fu_167_p2       |      icmp|   0|  0|  13|           6|           4|
    |select_ln385_1_fu_181_p3   |    select|   0|  0|   5|           1|           5|
    |select_ln385_fu_173_p3     |    select|   0|  0|   6|           1|           1|
    |ap_enable_pp0              |       xor|   0|  0|   2|           1|           2|
    +---------------------------+----------+----+---+----+------------+------------+
    |Total                      |          |   0|  0| 125|          62|          45|
    +---------------------------+----------+----+---+----+------------+------------+

    * Multiplexer: 
    +--------------------------------------+----+-----------+-----+-----------+
    |                 Name                 | LUT| Input Size| Bits| Total Bits|
    +--------------------------------------+----+-----------+-----+-----------+
    |ap_done_int                           |   9|          2|    1|          2|
    |ap_enable_reg_pp0_iter1               |   9|          2|    1|          2|
    |ap_sig_allocacmp_indvar_flatten_load  |   9|          2|   10|         20|
    |ciw_fu_74                             |   9|          2|    6|         12|
    |gmem_in_blk_n_R                       |   9|          2|    1|          2|
    |indvar_flatten_fu_82                  |   9|          2|   10|         20|
    |wi_fu_78                              |   9|          2|    5|         10|
    +--------------------------------------+----+-----------+-----+-----------+
    |Total                                 |  63|         14|   34|         68|
    +--------------------------------------+----+-----------+-----+-----------+

    * Register: 
    +-------------------------------------------+-----+----+-----+-----------+
    |                    Name                   |  FF | LUT| Bits| Const Bits|
    +-------------------------------------------+-----+----+-----+-----------+
    |add_ln388_reg_279                          |   10|   0|   10|          0|
    |ap_CS_fsm                                  |    1|   0|    1|          0|
    |ap_block_pp0_stage0_subdone_grp0_done_reg  |    1|   0|    1|          0|
    |ap_done_reg                                |    1|   0|    1|          0|
    |ap_enable_reg_pp0_iter1                    |    1|   0|    1|          0|
    |ap_enable_reg_pp0_iter2                    |    1|   0|    1|          0|
    |ap_loop_exit_ready_pp0_iter1_reg           |    1|   0|    1|          0|
    |ciw_fu_74                                  |    6|   0|    6|          0|
    |gmem_in_addr_read_reg_284                  |  256|   0|  256|          0|
    |indvar_flatten_fu_82                       |   10|   0|   10|          0|
    |wi_fu_78                                   |    5|   0|    5|          0|
    +-------------------------------------------+-----+----+-----+-----------+
    |Total                                      |  293|   0|  293|          0|
    +-------------------------------------------+-----+----+-----+-----------+



================================================================
== Interface
================================================================
* Summary: 
+--------------------------+-----+-----+------------+----------------------------------------------------------+--------------+
|         RTL Ports        | Dir | Bits|  Protocol  |                       Source Object                      |    C Type    |
+--------------------------+-----+-----+------------+----------------------------------------------------------+--------------+
|ap_clk                    |   in|    1|  ap_ctrl_hs|  upconv_core_top_ucb0_Pipeline_LOAD_ROW0_VITIS_LOOP_386_1|  return value|
|ap_rst                    |   in|    1|  ap_ctrl_hs|  upconv_core_top_ucb0_Pipeline_LOAD_ROW0_VITIS_LOOP_386_1|  return value|
|ap_start                  |   in|    1|  ap_ctrl_hs|  upconv_core_top_ucb0_Pipeline_LOAD_ROW0_VITIS_LOOP_386_1|  return value|
|ap_done                   |  out|    1|  ap_ctrl_hs|  upconv_core_top_ucb0_Pipeline_LOAD_ROW0_VITIS_LOOP_386_1|  return value|
|ap_idle                   |  out|    1|  ap_ctrl_hs|  upconv_core_top_ucb0_Pipeline_LOAD_ROW0_VITIS_LOOP_386_1|  return value|
|ap_ready                  |  out|    1|  ap_ctrl_hs|  upconv_core_top_ucb0_Pipeline_LOAD_ROW0_VITIS_LOOP_386_1|  return value|
|m_axi_gmem_in_0_AWVALID   |  out|    1|       m_axi|                                                   gmem_in|       pointer|
|m_axi_gmem_in_0_AWREADY   |   in|    1|       m_axi|                                                   gmem_in|       pointer|
|m_axi_gmem_in_0_AWADDR    |  out|   64|       m_axi|                                                   gmem_in|       pointer|
|m_axi_gmem_in_0_AWID      |  out|    1|       m_axi|                                                   gmem_in|       pointer|
|m_axi_gmem_in_0_AWLEN     |  out|   32|       m_axi|                                                   gmem_in|       pointer|
|m_axi_gmem_in_0_AWSIZE    |  out|    3|       m_axi|                                                   gmem_in|       pointer|
|m_axi_gmem_in_0_AWBURST   |  out|    2|       m_axi|                                                   gmem_in|       pointer|
|m_axi_gmem_in_0_AWLOCK    |  out|    2|       m_axi|                                                   gmem_in|       pointer|
|m_axi_gmem_in_0_AWCACHE   |  out|    4|       m_axi|                                                   gmem_in|       pointer|
|m_axi_gmem_in_0_AWPROT    |  out|    3|       m_axi|                                                   gmem_in|       pointer|
|m_axi_gmem_in_0_AWQOS     |  out|    4|       m_axi|                                                   gmem_in|       pointer|
|m_axi_gmem_in_0_AWREGION  |  out|    4|       m_axi|                                                   gmem_in|       pointer|
|m_axi_gmem_in_0_AWUSER    |  out|    1|       m_axi|                                                   gmem_in|       pointer|
|m_axi_gmem_in_0_WVALID    |  out|    1|       m_axi|                                                   gmem_in|       pointer|
|m_axi_gmem_in_0_WREADY    |   in|    1|       m_axi|                                                   gmem_in|       pointer|
|m_axi_gmem_in_0_WDATA     |  out|  256|       m_axi|                                                   gmem_in|       pointer|
|m_axi_gmem_in_0_WSTRB     |  out|   32|       m_axi|                                                   gmem_in|       pointer|
|m_axi_gmem_in_0_WLAST     |  out|    1|       m_axi|                                                   gmem_in|       pointer|
|m_axi_gmem_in_0_WID       |  out|    1|       m_axi|                                                   gmem_in|       pointer|
|m_axi_gmem_in_0_WUSER     |  out|    1|       m_axi|                                                   gmem_in|       pointer|
|m_axi_gmem_in_0_ARVALID   |  out|    1|       m_axi|                                                   gmem_in|       pointer|
|m_axi_gmem_in_0_ARREADY   |   in|    1|       m_axi|                                                   gmem_in|       pointer|
|m_axi_gmem_in_0_ARADDR    |  out|   64|       m_axi|                                                   gmem_in|       pointer|
|m_axi_gmem_in_0_ARID      |  out|    1|       m_axi|                                                   gmem_in|       pointer|
|m_axi_gmem_in_0_ARLEN     |  out|   32|       m_axi|                                                   gmem_in|       pointer|
|m_axi_gmem_in_0_ARSIZE    |  out|    3|       m_axi|                                                   gmem_in|       pointer|
|m_axi_gmem_in_0_ARBURST   |  out|    2|       m_axi|                                                   gmem_in|       pointer|
|m_axi_gmem_in_0_ARLOCK    |  out|    2|       m_axi|                                                   gmem_in|       pointer|
|m_axi_gmem_in_0_ARCACHE   |  out|    4|       m_axi|                                                   gmem_in|       pointer|
|m_axi_gmem_in_0_ARPROT    |  out|    3|       m_axi|                                                   gmem_in|       pointer|
|m_axi_gmem_in_0_ARQOS     |  out|    4|       m_axi|                                                   gmem_in|       pointer|
|m_axi_gmem_in_0_ARREGION  |  out|    4|       m_axi|                                                   gmem_in|       pointer|
|m_axi_gmem_in_0_ARUSER    |  out|    1|       m_axi|                                                   gmem_in|       pointer|
|m_axi_gmem_in_0_RVALID    |   in|    1|       m_axi|                                                   gmem_in|       pointer|
|m_axi_gmem_in_0_RREADY    |  out|    1|       m_axi|                                                   gmem_in|       pointer|
|m_axi_gmem_in_0_RDATA     |   in|  256|       m_axi|                                                   gmem_in|       pointer|
|m_axi_gmem_in_0_RLAST     |   in|    1|       m_axi|                                                   gmem_in|       pointer|
|m_axi_gmem_in_0_RID       |   in|    1|       m_axi|                                                   gmem_in|       pointer|
|m_axi_gmem_in_0_RFIFONUM  |   in|   11|       m_axi|                                                   gmem_in|       pointer|
|m_axi_gmem_in_0_RUSER     |   in|    1|       m_axi|                                                   gmem_in|       pointer|
|m_axi_gmem_in_0_RRESP     |   in|    2|       m_axi|                                                   gmem_in|       pointer|
|m_axi_gmem_in_0_BVALID    |   in|    1|       m_axi|                                                   gmem_in|       pointer|
|m_axi_gmem_in_0_BREADY    |  out|    1|       m_axi|                                                   gmem_in|       pointer|
|m_axi_gmem_in_0_BRESP     |   in|    2|       m_axi|                                                   gmem_in|       pointer|
|m_axi_gmem_in_0_BID       |   in|    1|       m_axi|                                                   gmem_in|       pointer|
|m_axi_gmem_in_0_BUSER     |   in|    1|       m_axi|                                                   gmem_in|       pointer|
|sext_ln385                |   in|   59|     ap_none|                                                sext_ln385|        scalar|
|x_buf_address0            |  out|   11|   ap_memory|                                                     x_buf|         array|
|x_buf_ce0                 |  out|    1|   ap_memory|                                                     x_buf|         array|
|x_buf_we0                 |  out|    1|   ap_memory|                                                     x_buf|         array|
|x_buf_d0                  |  out|  256|   ap_memory|                                                     x_buf|         array|
+--------------------------+-----+-----+------------+----------------------------------------------------------+--------------+

============================================================
+ Verbose Summary: Synthesis Manager
============================================================
InlineROM: 1
ExposeGlobal: 0
============================================================
+ Verbose Summary: CDFG Model
============================================================
IsTopModel: 0
ResetActiveHigh: 1
IsCombinational: 2
IsDatapathOnly: 2
HasWiredReturn: 1
HasMFsm: 2
HasVarLatency: 1
IsPipeline: 0
IsRtlPipelined: 0
IsInstanceOverlapped: 0
IsDontTouch: 0
HasImplIP: 0
IsGatedGlobalClock: 0

+ Individual pipeline summary: 
  * Pipeline-0: initiation interval (II) = 1, depth = 3


============================================================
+ Verbose Summary: Schedule
============================================================
* Number of FSM states : 3
* Pipeline : 1
  Pipeline-0 : II = 1, D = 3, States = { 1 2 3 }
* Dataflow Pipeline: 0

* FSM state transitions: 
1 --> 2 
2 --> 3 
3 --> 

* FSM state operations: 

State 1 <SV = 0> <Delay = 1.64>
ST_1 : Operation 6 [1/1] (0.00ns)   --->   "%ciw = alloca i32 1" [../gen/Hls_Layers_UpConv.tpp:386->../gen/upconv_core_top_ucb0.cpp:40]   --->   Operation 6 'alloca' 'ciw' <Predicate = true> <Delay = 0.00>
ST_1 : Operation 7 [1/1] (0.00ns)   --->   "%wi = alloca i32 1" [../gen/Hls_Layers_UpConv.tpp:385->../gen/upconv_core_top_ucb0.cpp:40]   --->   Operation 7 'alloca' 'wi' <Predicate = true> <Delay = 0.00>
ST_1 : Operation 8 [1/1] (0.00ns)   --->   "%indvar_flatten = alloca i32 1"   --->   Operation 8 'alloca' 'indvar_flatten' <Predicate = true> <Delay = 0.00>
ST_1 : Operation 9 [1/1] (0.00ns)   --->   "%sext_ln385_read = read i59 @_ssdm_op_Read.ap_auto.i59, i59 %sext_ln385"   --->   Operation 9 'read' 'sext_ln385_read' <Predicate = true> <Delay = 0.00>
ST_1 : Operation 10 [1/1] (0.00ns)   --->   "%sext_ln385_cast = sext i59 %sext_ln385_read"   --->   Operation 10 'sext' 'sext_ln385_cast' <Predicate = true> <Delay = 0.00>
ST_1 : Operation 11 [1/1] (0.00ns)   --->   "%specmemcore_ln0 = specmemcore void @_ssdm_op_SpecMemCore, i256 %x_buf, i64 666, i64 31, i64 18446744073709551615"   --->   Operation 11 'specmemcore' 'specmemcore_ln0' <Predicate = true> <Delay = 0.00>
ST_1 : Operation 12 [1/1] (0.00ns)   --->   "%specinterface_ln0 = specinterface void @_ssdm_op_SpecInterface, i256 %gmem_in, void @empty_27, i32 0, i32 0, void @empty_1, i32 0, i32 0, void @empty_6, void @empty_14, void @empty_1, i32 16, i32 16, i32 64, i32 16, void @empty_1, void @empty_1, i32 4294967295, i32 0, i32 0"   --->   Operation 12 'specinterface' 'specinterface_ln0' <Predicate = true> <Delay = 0.00>
ST_1 : Operation 13 [1/1] (0.42ns)   --->   "%store_ln0 = store i10 0, i10 %indvar_flatten"   --->   Operation 13 'store' 'store_ln0' <Predicate = true> <Delay = 0.42>
ST_1 : Operation 14 [1/1] (0.42ns)   --->   "%store_ln385 = store i5 0, i5 %wi" [../gen/Hls_Layers_UpConv.tpp:385->../gen/upconv_core_top_ucb0.cpp:40]   --->   Operation 14 'store' 'store_ln385' <Predicate = true> <Delay = 0.42>
ST_1 : Operation 15 [1/1] (0.42ns)   --->   "%store_ln386 = store i6 0, i6 %ciw" [../gen/Hls_Layers_UpConv.tpp:386->../gen/upconv_core_top_ucb0.cpp:40]   --->   Operation 15 'store' 'store_ln386' <Predicate = true> <Delay = 0.42>
ST_1 : Operation 16 [1/1] (0.00ns)   --->   "%br_ln0 = br void %for.body4.i"   --->   Operation 16 'br' 'br_ln0' <Predicate = true> <Delay = 0.00>
ST_1 : Operation 17 [1/1] (0.00ns)   --->   "%indvar_flatten_load = load i10 %indvar_flatten" [../gen/Hls_Layers_UpConv.tpp:385->../gen/upconv_core_top_ucb0.cpp:40]   --->   Operation 17 'load' 'indvar_flatten_load' <Predicate = true> <Delay = 0.00>
ST_1 : Operation 18 [1/1] (0.00ns)   --->   "%specbitsmap_ln0 = specbitsmap void @_ssdm_op_SpecBitsMap, i256 %gmem_in"   --->   Operation 18 'specbitsmap' 'specbitsmap_ln0' <Predicate = true> <Delay = 0.00>
ST_1 : Operation 19 [1/1] (0.78ns)   --->   "%icmp_ln385 = icmp_eq  i10 %indvar_flatten_load, i10 960" [../gen/Hls_Layers_UpConv.tpp:385->../gen/upconv_core_top_ucb0.cpp:40]   --->   Operation 19 'icmp' 'icmp_ln385' <Predicate = true> <Delay = 0.78> <CoreInst = "Cmp">   --->   Core 9 'Cmp' <Latency = 0> <II = 1> <Delay = 0.78> <FuncUnit> <Opcode : 'seteq' 'setne' 'setle' 'setge' 'setlt' 'setgt'> <InPorts = 2> <OutPorts = 1>
ST_1 : Operation 20 [1/1] (0.78ns)   --->   "%add_ln385_1 = add i10 %indvar_flatten_load, i10 1" [../gen/Hls_Layers_UpConv.tpp:385->../gen/upconv_core_top_ucb0.cpp:40]   --->   Operation 20 'add' 'add_ln385_1' <Predicate = true> <Delay = 0.78> <CoreInst = "Adder">   --->   Core 1 'Adder' <Latency = 0> <II = 1> <Delay = 0.78> <FuncUnit> <Opcode : 'add' 'sub'> <InPorts = 2> <OutPorts = 1>
ST_1 : Operation 21 [1/1] (0.00ns)   --->   "%br_ln385 = br i1 %icmp_ln385, void %for.cond.cleanup3.i, void %for.cond.cleanup.i.exitStub" [../gen/Hls_Layers_UpConv.tpp:385->../gen/upconv_core_top_ucb0.cpp:40]   --->   Operation 21 'br' 'br_ln385' <Predicate = true> <Delay = 0.00>
ST_1 : Operation 22 [1/1] (0.42ns)   --->   "%store_ln385 = store i10 %add_ln385_1, i10 %indvar_flatten" [../gen/Hls_Layers_UpConv.tpp:385->../gen/upconv_core_top_ucb0.cpp:40]   --->   Operation 22 'store' 'store_ln385' <Predicate = (!icmp_ln385)> <Delay = 0.42>

State 2 <SV = 1> <Delay = 2.43>
ST_2 : Operation 23 [1/1] (0.00ns)   --->   "%ciw_load = load i6 %ciw" [../gen/Hls_Layers_UpConv.tpp:386->../gen/upconv_core_top_ucb0.cpp:40]   --->   Operation 23 'load' 'ciw_load' <Predicate = true> <Delay = 0.00>
ST_2 : Operation 24 [1/1] (0.00ns)   --->   "%wi_load = load i5 %wi" [../gen/Hls_Layers_UpConv.tpp:385->../gen/upconv_core_top_ucb0.cpp:40]   --->   Operation 24 'load' 'wi_load' <Predicate = true> <Delay = 0.00>
ST_2 : Operation 25 [1/1] (0.00ns)   --->   "%gmem_in_addr = getelementptr i256 %gmem_in, i64 %sext_ln385_cast" [../gen/Hls_Layers_UpConv.tpp:385->../gen/upconv_core_top_ucb0.cpp:40]   --->   Operation 25 'getelementptr' 'gmem_in_addr' <Predicate = true> <Delay = 0.00>
ST_2 : Operation 26 [1/1] (0.78ns)   --->   "%add_ln385 = add i5 %wi_load, i5 1" [../gen/Hls_Layers_UpConv.tpp:385->../gen/upconv_core_top_ucb0.cpp:40]   --->   Operation 26 'add' 'add_ln385' <Predicate = true> <Delay = 0.78> <CoreInst = "Adder">   --->   Core 1 'Adder' <Latency = 0> <II = 1> <Delay = 0.78> <FuncUnit> <Opcode : 'add' 'sub'> <InPorts = 2> <OutPorts = 1>
ST_2 : Operation 27 [1/1] (0.78ns)   --->   "%icmp_ln386 = icmp_eq  i6 %ciw_load, i6 60" [../gen/Hls_Layers_UpConv.tpp:386->../gen/upconv_core_top_ucb0.cpp:40]   --->   Operation 27 'icmp' 'icmp_ln386' <Predicate = true> <Delay = 0.78> <CoreInst = "Cmp">   --->   Core 9 'Cmp' <Latency = 0> <II = 1> <Delay = 0.78> <FuncUnit> <Opcode : 'seteq' 'setne' 'setle' 'setge' 'setlt' 'setgt'> <InPorts = 2> <OutPorts = 1>
ST_2 : Operation 28 [1/1] (0.38ns)   --->   "%select_ln385 = select i1 %icmp_ln386, i6 0, i6 %ciw_load" [../gen/Hls_Layers_UpConv.tpp:385->../gen/upconv_core_top_ucb0.cpp:40]   --->   Operation 28 'select' 'select_ln385' <Predicate = true> <Delay = 0.38> <CoreInst = "Sel">   --->   Core 73 'Sel' <Latency = 0> <II = 1> <Delay = 0.38> <FuncUnit> <Opcode : 'select'> <InPorts = 3> <OutPorts = 1>
ST_2 : Operation 29 [1/1] (0.41ns)   --->   "%select_ln385_1 = select i1 %icmp_ln386, i5 %add_ln385, i5 %wi_load" [../gen/Hls_Layers_UpConv.tpp:385->../gen/upconv_core_top_ucb0.cpp:40]   --->   Operation 29 'select' 'select_ln385_1' <Predicate = true> <Delay = 0.41> <CoreInst = "Sel">   --->   Core 73 'Sel' <Latency = 0> <II = 1> <Delay = 0.41> <FuncUnit> <Opcode : 'select'> <InPorts = 3> <OutPorts = 1>
ST_2 : Operation 30 [1/1] (0.00ns)   --->   "%trunc_ln386 = trunc i5 %select_ln385_1" [../gen/Hls_Layers_UpConv.tpp:386->../gen/upconv_core_top_ucb0.cpp:40]   --->   Operation 30 'trunc' 'trunc_ln386' <Predicate = true> <Delay = 0.00>
ST_2 : Operation 31 [1/1] (0.00ns)   --->   "%p_shl = bitconcatenate i10 @_ssdm_op_BitConcatenate.i10.i4.i6, i4 %trunc_ln386, i6 0" [../gen/Hls_Layers_UpConv.tpp:386->../gen/upconv_core_top_ucb0.cpp:40]   --->   Operation 31 'bitconcatenate' 'p_shl' <Predicate = true> <Delay = 0.00>
ST_2 : Operation 32 [1/1] (0.00ns)   --->   "%tmp = bitconcatenate i7 @_ssdm_op_BitConcatenate.i7.i5.i2, i5 %select_ln385_1, i2 0" [../gen/Hls_Layers_UpConv.tpp:386->../gen/upconv_core_top_ucb0.cpp:40]   --->   Operation 32 'bitconcatenate' 'tmp' <Predicate = true> <Delay = 0.00>
ST_2 : Operation 33 [1/1] (0.00ns)   --->   "%zext_ln386 = zext i7 %tmp" [../gen/Hls_Layers_UpConv.tpp:386->../gen/upconv_core_top_ucb0.cpp:40]   --->   Operation 33 'zext' 'zext_ln386' <Predicate = true> <Delay = 0.00>
ST_2 : Operation 34 [1/1] (0.00ns) (grouped into TernaryAdder)   --->   "%sub_ln386 = sub i10 %p_shl, i10 %zext_ln386" [../gen/Hls_Layers_UpConv.tpp:386->../gen/upconv_core_top_ucb0.cpp:40]   --->   Operation 34 'sub' 'sub_ln386' <Predicate = true> <Delay = 0.00> <CoreInst = "TAddSub">   --->   Core 10 'TAddSub' <Latency = 0> <II = 1> <Delay = 0.48> <IPBlock> <Opcode : '' 'add' 'sub'> <InPorts = 3> <OutPorts = 1> <Sync> <CReg>
ST_2 : Operation 35 [1/1] (0.00ns)   --->   "%zext_ln386_1 = zext i6 %select_ln385" [../gen/Hls_Layers_UpConv.tpp:386->../gen/upconv_core_top_ucb0.cpp:40]   --->   Operation 35 'zext' 'zext_ln386_1' <Predicate = true> <Delay = 0.00>
ST_2 : Operation 36 [1/1] (0.96ns) (root node of TernaryAdder)   --->   "%add_ln388 = add i10 %zext_ln386_1, i10 %sub_ln386" [../gen/Hls_Layers_UpConv.tpp:388->../gen/upconv_core_top_ucb0.cpp:40]   --->   Operation 36 'add' 'add_ln388' <Predicate = true> <Delay = 0.96> <CoreInst = "TAddSub">   --->   Core 10 'TAddSub' <Latency = 0> <II = 1> <Delay = 0.48> <IPBlock> <Opcode : '' 'add' 'sub'> <InPorts = 3> <OutPorts = 1> <Sync> <CReg>
ST_2 : Operation 37 [1/1] (2.43ns)   --->   "%gmem_in_addr_read = read i256 @_ssdm_op_Read.m_axi.p1i256, i64 %gmem_in_addr" [../gen/Hls_Layers_UpConv.tpp:388->../gen/upconv_core_top_ucb0.cpp:40]   --->   Operation 37 'read' 'gmem_in_addr_read' <Predicate = true> <Delay = 2.43> <CoreInst = "m_axi">   --->   Core 119 'm_axi' <Latency = 3> <II = 1> <Delay = 1.00> <Adapter> <Opcode : 'read' 'write' 'readreq' 'writereq' 'writeresp'>
ST_2 : Operation 38 [1/1] (0.78ns)   --->   "%add_ln386 = add i6 %select_ln385, i6 1" [../gen/Hls_Layers_UpConv.tpp:386->../gen/upconv_core_top_ucb0.cpp:40]   --->   Operation 38 'add' 'add_ln386' <Predicate = true> <Delay = 0.78> <CoreInst = "Adder">   --->   Core 1 'Adder' <Latency = 0> <II = 1> <Delay = 0.78> <FuncUnit> <Opcode : 'add' 'sub'> <InPorts = 2> <OutPorts = 1>
ST_2 : Operation 39 [1/1] (0.42ns)   --->   "%store_ln385 = store i5 %select_ln385_1, i5 %wi" [../gen/Hls_Layers_UpConv.tpp:385->../gen/upconv_core_top_ucb0.cpp:40]   --->   Operation 39 'store' 'store_ln385' <Predicate = true> <Delay = 0.42>
ST_2 : Operation 40 [1/1] (0.42ns)   --->   "%store_ln386 = store i6 %add_ln386, i6 %ciw" [../gen/Hls_Layers_UpConv.tpp:386->../gen/upconv_core_top_ucb0.cpp:40]   --->   Operation 40 'store' 'store_ln386' <Predicate = true> <Delay = 0.42>
ST_2 : Operation 48 [1/1] (0.42ns)   --->   "%ret_ln0 = ret"   --->   Operation 48 'ret' 'ret_ln0' <Predicate = (icmp_ln385)> <Delay = 0.42>

State 3 <SV = 2> <Delay = 1.23>
ST_3 : Operation 41 [1/1] (0.00ns)   --->   "%specloopname_ln0 = specloopname void @_ssdm_op_SpecLoopName, void @LOAD_ROW0_VITIS_LOOP_386_1_str"   --->   Operation 41 'specloopname' 'specloopname_ln0' <Predicate = true> <Delay = 0.00>
ST_3 : Operation 42 [1/1] (0.00ns)   --->   "%speclooptripcount_ln0 = speclooptripcount void @_ssdm_op_SpecLoopTripCount, i64 960, i64 960, i64 960"   --->   Operation 42 'speclooptripcount' 'speclooptripcount_ln0' <Predicate = true> <Delay = 0.00>
ST_3 : Operation 43 [1/1] (0.00ns)   --->   "%specpipeline_ln387 = specpipeline void @_ssdm_op_SpecPipeline, i32 1, i32 0, i32 0, i32 0, void @empty_1" [../gen/Hls_Layers_UpConv.tpp:387->../gen/upconv_core_top_ucb0.cpp:40]   --->   Operation 43 'specpipeline' 'specpipeline_ln387' <Predicate = true> <Delay = 0.00>
ST_3 : Operation 44 [1/1] (0.00ns)   --->   "%zext_ln388 = zext i10 %add_ln388" [../gen/Hls_Layers_UpConv.tpp:388->../gen/upconv_core_top_ucb0.cpp:40]   --->   Operation 44 'zext' 'zext_ln388' <Predicate = true> <Delay = 0.00>
ST_3 : Operation 45 [1/1] (0.00ns)   --->   "%x_buf_addr = getelementptr i256 %x_buf, i64 0, i64 %zext_ln388" [../gen/Hls_Layers_UpConv.tpp:388->../gen/upconv_core_top_ucb0.cpp:40]   --->   Operation 45 'getelementptr' 'x_buf_addr' <Predicate = true> <Delay = 0.00>
ST_3 : Operation 46 [1/1] ( I:1.23ns O:1.23ns )   --->   "%store_ln388 = store i256 %gmem_in_addr_read, i11 %x_buf_addr" [../gen/Hls_Layers_UpConv.tpp:388->../gen/upconv_core_top_ucb0.cpp:40]   --->   Operation 46 'store' 'store_ln388' <Predicate = true> <Delay = 1.23> <CoreInst = "RAM_T2P_URAM">   --->   Core 99 'RAM_T2P_URAM' <Latency = 1> <II = 1> <Delay = 1.23> <Storage> <Opcode : 'load' 'store'> <Ports = 2> <Width = 256> <Depth = 1920> <RAM>
ST_3 : Operation 47 [1/1] (0.00ns)   --->   "%br_ln386 = br void %for.body4.i" [../gen/Hls_Layers_UpConv.tpp:386->../gen/upconv_core_top_ucb0.cpp:40]   --->   Operation 47 'br' 'br_ln386' <Predicate = true> <Delay = 0.00>


============================================================
+ Verbose Summary: Binding
============================================================
STG Binding: 
---------------- STG Properties BEGIN ----------------
- Is combinational: 0
- Is one-state seq: 0
- Is datapath-only: 0
- Is pipelined: 0
- Is top level: 0
Port [ Return ] is wired: 1; IO mode=ap_ctrl_hs:ce=0
Port [ gmem_in]:  wired=1; compound=1; hidden=0; nouse=0; global=0; static=0; extern=0; dir=0; type=4; pingpong=0; private_global=0; IO mode=m_axi:ce=0
Port [ sext_ln385]:  wired=1; compound=0; hidden=0; nouse=0; global=0; static=0; extern=0; dir=0; type=0; pingpong=0; private_global=0; IO mode=ap_none:ce=0
Port [ x_buf]:  wired=1; compound=1; hidden=0; nouse=0; global=1; static=1; extern=0; dir=1; type=1; pingpong=0; private_global=0; MemPort=[03]; IO mode=ap_memory:ce=0
---------------- STG Properties END ------------------

---------------- Datapath Model BEGIN ----------------

<LifeTime>
<method=bitvector/>
ciw                   (alloca           ) [ 0110]
wi                    (alloca           ) [ 0110]
indvar_flatten        (alloca           ) [ 0100]
sext_ln385_read       (read             ) [ 0000]
sext_ln385_cast       (sext             ) [ 0110]
specmemcore_ln0       (specmemcore      ) [ 0000]
specinterface_ln0     (specinterface    ) [ 0000]
store_ln0             (store            ) [ 0000]
store_ln385           (store            ) [ 0000]
store_ln386           (store            ) [ 0000]
br_ln0                (br               ) [ 0000]
indvar_flatten_load   (load             ) [ 0000]
specbitsmap_ln0       (specbitsmap      ) [ 0000]
icmp_ln385            (icmp             ) [ 0110]
add_ln385_1           (add              ) [ 0000]
br_ln385              (br               ) [ 0000]
store_ln385           (store            ) [ 0000]
ciw_load              (load             ) [ 0000]
wi_load               (load             ) [ 0000]
gmem_in_addr          (getelementptr    ) [ 0000]
add_ln385             (add              ) [ 0000]
icmp_ln386            (icmp             ) [ 0000]
select_ln385          (select           ) [ 0000]
select_ln385_1        (select           ) [ 0000]
trunc_ln386           (trunc            ) [ 0000]
p_shl                 (bitconcatenate   ) [ 0000]
tmp                   (bitconcatenate   ) [ 0000]
zext_ln386            (zext             ) [ 0000]
sub_ln386             (sub              ) [ 0000]
zext_ln386_1          (zext             ) [ 0000]
add_ln388             (add              ) [ 0101]
gmem_in_addr_read     (read             ) [ 0101]
add_ln386             (add              ) [ 0000]
store_ln385           (store            ) [ 0000]
store_ln386           (store            ) [ 0000]
specloopname_ln0      (specloopname     ) [ 0000]
speclooptripcount_ln0 (speclooptripcount) [ 0000]
specpipeline_ln387    (specpipeline     ) [ 0000]
zext_ln388            (zext             ) [ 0000]
x_buf_addr            (getelementptr    ) [ 0000]
store_ln388           (store            ) [ 0000]
br_ln386              (br               ) [ 0000]
ret_ln0               (ret              ) [ 0000]
</LifeTime>

<model>

<comp_list>
<comp id="0" class="1000" name="gmem_in">
<pin_list>
<pin id="1" dir="1" index="0" bw="1" slack="0"/>
</pin_list>
<bind>
<StgValue><ssdm name="gmem_in"/><MemPortTyVec>0 </MemPortTyVec>
</StgValue>
</bind>
</comp>

<comp id="2" class="1000" name="sext_ln385">
<pin_list>
<pin id="3" dir="1" index="0" bw="1" slack="0"/>
</pin_list>
<bind>
<StgValue><ssdm name="sext_ln385"/></StgValue>
</bind>
</comp>

<comp id="4" class="1000" name="x_buf">
<pin_list>
<pin id="5" dir="1" index="0" bw="1" slack="0"/>
</pin_list>
<bind>
<StgValue><ssdm name="x_buf"/><MemPortTyVec>0 3 </MemPortTyVec>
</StgValue>
</bind>
</comp>

<comp id="6" class="1001" name="const_6">
<pin_list>
<pin id="7" dir="1" index="0" bw="1" slack="0"/>
</pin_list>
<bind>
<StgValue><ssdm name=""/></StgValue>
</bind>
</comp>

<comp id="8" class="1001" name="const_8">
<pin_list>
<pin id="9" dir="1" index="0" bw="1" slack="0"/>
</pin_list>
<bind>
<StgValue><ssdm name="_ssdm_op_Read.ap_auto.i59"/></StgValue>
</bind>
</comp>

<comp id="10" class="1001" name="const_10">
<pin_list>
<pin id="11" dir="1" index="0" bw="1" slack="2147483647"/>
</pin_list>
<bind>
<StgValue><ssdm name="_ssdm_op_SpecMemCore"/></StgValue>
</bind>
</comp>

<comp id="12" class="1001" name="const_12">
<pin_list>
<pin id="13" dir="1" index="0" bw="1" slack="2147483647"/>
</pin_list>
<bind>
<StgValue><ssdm name=""/></StgValue>
</bind>
</comp>

<comp id="14" class="1001" name="const_14">
<pin_list>
<pin id="15" dir="1" index="0" bw="1" slack="2147483647"/>
</pin_list>
<bind>
<StgValue><ssdm name=""/></StgValue>
</bind>
</comp>

<comp id="16" class="1001" name="const_16">
<pin_list>
<pin id="17" dir="1" index="0" bw="1" slack="2147483647"/>
</pin_list>
<bind>
<StgValue><ssdm name=""/></StgValue>
</bind>
</comp>

<comp id="18" class="1001" name="const_18">
<pin_list>
<pin id="19" dir="1" index="0" bw="1" slack="2147483647"/>
</pin_list>
<bind>
<StgValue><ssdm name="_ssdm_op_SpecInterface"/></StgValue>
</bind>
</comp>

<comp id="20" class="1001" name="const_20">
<pin_list>
<pin id="21" dir="1" index="0" bw="1" slack="2147483647"/>
</pin_list>
<bind>
<StgValue><ssdm name="empty_27"/></StgValue>
</bind>
</comp>

<comp id="22" class="1001" name="const_22">
<pin_list>
<pin id="23" dir="1" index="0" bw="1" slack="2147483647"/>
</pin_list>
<bind>
<StgValue><ssdm name=""/></StgValue>
</bind>
</comp>

<comp id="24" class="1001" name="const_24">
<pin_list>
<pin id="25" dir="1" index="0" bw="1" slack="2147483647"/>
</pin_list>
<bind>
<StgValue><ssdm name="empty_1"/></StgValue>
</bind>
</comp>

<comp id="26" class="1001" name="const_26">
<pin_list>
<pin id="27" dir="1" index="0" bw="1" slack="2147483647"/>
</pin_list>
<bind>
<StgValue><ssdm name="empty_6"/></StgValue>
</bind>
</comp>

<comp id="28" class="1001" name="const_28">
<pin_list>
<pin id="29" dir="1" index="0" bw="1" slack="2147483647"/>
</pin_list>
<bind>
<StgValue><ssdm name="empty_14"/></StgValue>
</bind>
</comp>

<comp id="30" class="1001" name="const_30">
<pin_list>
<pin id="31" dir="1" index="0" bw="1" slack="2147483647"/>
</pin_list>
<bind>
<StgValue><ssdm name=""/></StgValue>
</bind>
</comp>

<comp id="32" class="1001" name="const_32">
<pin_list>
<pin id="33" dir="1" index="0" bw="1" slack="2147483647"/>
</pin_list>
<bind>
<StgValue><ssdm name=""/></StgValue>
</bind>
</comp>

<comp id="34" class="1001" name="const_34">
<pin_list>
<pin id="35" dir="1" index="0" bw="1" slack="2147483647"/>
</pin_list>
<bind>
<StgValue><ssdm name=""/></StgValue>
</bind>
</comp>

<comp id="36" class="1001" name="const_36">
<pin_list>
<pin id="37" dir="1" index="0" bw="1" slack="0"/>
</pin_list>
<bind>
<StgValue><ssdm name=""/></StgValue>
</bind>
</comp>

<comp id="38" class="1001" name="const_38">
<pin_list>
<pin id="39" dir="1" index="0" bw="1" slack="0"/>
</pin_list>
<bind>
<StgValue><ssdm name=""/></StgValue>
</bind>
</comp>

<comp id="40" class="1001" name="const_40">
<pin_list>
<pin id="41" dir="1" index="0" bw="1" slack="0"/>
</pin_list>
<bind>
<StgValue><ssdm name=""/></StgValue>
</bind>
</comp>

<comp id="42" class="1001" name="const_42">
<pin_list>
<pin id="43" dir="1" index="0" bw="1" slack="2147483647"/>
</pin_list>
<bind>
<StgValue><ssdm name="_ssdm_op_SpecBitsMap"/></StgValue>
</bind>
</comp>

<comp id="44" class="1001" name="const_44">
<pin_list>
<pin id="45" dir="1" index="0" bw="1" slack="0"/>
</pin_list>
<bind>
<StgValue><ssdm name=""/></StgValue>
</bind>
</comp>

<comp id="46" class="1001" name="const_46">
<pin_list>
<pin id="47" dir="1" index="0" bw="1" slack="0"/>
</pin_list>
<bind>
<StgValue><ssdm name=""/></StgValue>
</bind>
</comp>

<comp id="48" class="1001" name="const_48">
<pin_list>
<pin id="49" dir="1" index="0" bw="1" slack="0"/>
</pin_list>
<bind>
<StgValue><ssdm name=""/></StgValue>
</bind>
</comp>

<comp id="50" class="1001" name="const_50">
<pin_list>
<pin id="51" dir="1" index="0" bw="1" slack="0"/>
</pin_list>
<bind>
<StgValue><ssdm name=""/></StgValue>
</bind>
</comp>

<comp id="52" class="1001" name="const_52">
<pin_list>
<pin id="53" dir="1" index="0" bw="1" slack="0"/>
</pin_list>
<bind>
<StgValue><ssdm name="_ssdm_op_BitConcatenate.i10.i4.i6"/></StgValue>
</bind>
</comp>

<comp id="54" class="1001" name="const_54">
<pin_list>
<pin id="55" dir="1" index="0" bw="1" slack="0"/>
</pin_list>
<bind>
<StgValue><ssdm name="_ssdm_op_BitConcatenate.i7.i5.i2"/></StgValue>
</bind>
</comp>

<comp id="56" class="1001" name="const_56">
<pin_list>
<pin id="57" dir="1" index="0" bw="1" slack="0"/>
</pin_list>
<bind>
<StgValue><ssdm name=""/></StgValue>
</bind>
</comp>

<comp id="58" class="1001" name="const_58">
<pin_list>
<pin id="59" dir="1" index="0" bw="1" slack="0"/>
</pin_list>
<bind>
<StgValue><ssdm name="_ssdm_op_Read.m_axi.p1i256"/></StgValue>
</bind>
</comp>

<comp id="60" class="1001" name="const_60">
<pin_list>
<pin id="61" dir="1" index="0" bw="1" slack="0"/>
</pin_list>
<bind>
<StgValue><ssdm name=""/></StgValue>
</bind>
</comp>

<comp id="62" class="1001" name="const_62">
<pin_list>
<pin id="63" dir="1" index="0" bw="1" slack="2147483647"/>
</pin_list>
<bind>
<StgValue><ssdm name="_ssdm_op_SpecLoopName"/></StgValue>
</bind>
</comp>

<comp id="64" class="1001" name="const_64">
<pin_list>
<pin id="65" dir="1" index="0" bw="1" slack="2147483647"/>
</pin_list>
<bind>
<StgValue><ssdm name="LOAD_ROW0_VITIS_LOOP_386_1_str"/></StgValue>
</bind>
</comp>

<comp id="66" class="1001" name="const_66">
<pin_list>
<pin id="67" dir="1" index="0" bw="1" slack="2147483647"/>
</pin_list>
<bind>
<StgValue><ssdm name="_ssdm_op_SpecLoopTripCount"/></StgValue>
</bind>
</comp>

<comp id="68" class="1001" name="const_68">
<pin_list>
<pin id="69" dir="1" index="0" bw="1" slack="2147483647"/>
</pin_list>
<bind>
<StgValue><ssdm name=""/></StgValue>
</bind>
</comp>

<comp id="70" class="1001" name="const_70">
<pin_list>
<pin id="71" dir="1" index="0" bw="1" slack="2147483647"/>
</pin_list>
<bind>
<StgValue><ssdm name="_ssdm_op_SpecPipeline"/></StgValue>
</bind>
</comp>

<comp id="72" class="1001" name="const_72">
<pin_list>
<pin id="73" dir="1" index="0" bw="1" slack="0"/>
</pin_list>
<bind>
<StgValue><ssdm name=""/></StgValue>
</bind>
</comp>

<comp id="74" class="1004" name="ciw_fu_74">
<pin_list>
<pin id="75" dir="0" index="0" bw="1" slack="0"/>
<pin id="76" dir="1" index="1" bw="6" slack="0"/>
</pin_list>
<bind>
<opcode="alloca(26) " fcode="alloca"/>
<opset="ciw/1 "/>
</bind>
</comp>

<comp id="78" class="1004" name="wi_fu_78">
<pin_list>
<pin id="79" dir="0" index="0" bw="1" slack="0"/>
<pin id="80" dir="1" index="1" bw="5" slack="0"/>
</pin_list>
<bind>
<opcode="alloca(26) " fcode="alloca"/>
<opset="wi/1 "/>
</bind>
</comp>

<comp id="82" class="1004" name="indvar_flatten_fu_82">
<pin_list>
<pin id="83" dir="0" index="0" bw="1" slack="0"/>
<pin id="84" dir="1" index="1" bw="10" slack="0"/>
</pin_list>
<bind>
<opcode="alloca(26) " fcode="alloca"/>
<opset="indvar_flatten/1 "/>
</bind>
</comp>

<comp id="86" class="1004" name="sext_ln385_read_read_fu_86">
<pin_list>
<pin id="87" dir="0" index="0" bw="59" slack="0"/>
<pin id="88" dir="0" index="1" bw="59" slack="0"/>
<pin id="89" dir="1" index="2" bw="59" slack="0"/>
</pin_list>
<bind>
<opcode="read(1150) " fcode="read"/>
<opset="sext_ln385_read/1 "/>
</bind>
</comp>

<comp id="92" class="1004" name="gmem_in_addr_read_read_fu_92">
<pin_list>
<pin id="93" dir="0" index="0" bw="256" slack="0"/>
<pin id="94" dir="0" index="1" bw="256" slack="0"/>
<pin id="95" dir="1" index="2" bw="256" slack="1"/>
</pin_list>
<bind>
<opcode="read(1150) " fcode="read"/>
<opset="gmem_in_addr_read/2 "/>
</bind>
</comp>

<comp id="97" class="1004" name="x_buf_addr_gep_fu_97">
<pin_list>
<pin id="98" dir="0" index="0" bw="256" slack="0"/>
<pin id="99" dir="0" index="1" bw="1" slack="0"/>
<pin id="100" dir="0" index="2" bw="10" slack="0"/>
<pin id="101" dir="1" index="3" bw="11" slack="0"/>
</pin_list>
<bind>
<opcode="getelementptr(29) " fcode="getelementptr"/>
<opset="x_buf_addr/3 "/>
</bind>
</comp>

<comp id="104" class="1004" name="store_ln388_access_fu_104">
<pin_list>
<pin id="105" dir="0" index="0" bw="11" slack="0"/>
<pin id="106" dir="0" index="1" bw="256" slack="1"/>
<pin id="107" dir="0" index="2" bw="0" slack="2147483647"/>
<pin id="108" dir="1" index="3" bw="256" slack="2147483647"/>
</pin_list>
<bind>
<opcode="store(28) " fcode="store"/>
<opset="store_ln388/3 "/>
</bind>
</comp>

<comp id="110" class="1004" name="sext_ln385_cast_fu_110">
<pin_list>
<pin id="111" dir="0" index="0" bw="59" slack="0"/>
<pin id="112" dir="1" index="1" bw="64" slack="1"/>
</pin_list>
<bind>
<opcode="sext(35) " fcode="sext"/>
<opset="sext_ln385_cast/1 "/>
</bind>
</comp>

<comp id="114" class="1004" name="store_ln0_store_fu_114">
<pin_list>
<pin id="115" dir="0" index="0" bw="1" slack="0"/>
<pin id="116" dir="0" index="1" bw="10" slack="0"/>
<pin id="117" dir="1" index="2" bw="0" slack="2147483647"/>
</pin_list>
<bind>
<opcode="store(28) " fcode="store"/>
<opset="store_ln0/1 "/>
</bind>
</comp>

<comp id="119" class="1004" name="store_ln385_store_fu_119">
<pin_list>
<pin id="120" dir="0" index="0" bw="1" slack="0"/>
<pin id="121" dir="0" index="1" bw="5" slack="0"/>
<pin id="122" dir="1" index="2" bw="0" slack="2147483647"/>
</pin_list>
<bind>
<opcode="store(28) " fcode="store"/>
<opset="store_ln385/1 "/>
</bind>
</comp>

<comp id="124" class="1004" name="store_ln386_store_fu_124">
<pin_list>
<pin id="125" dir="0" index="0" bw="1" slack="0"/>
<pin id="126" dir="0" index="1" bw="6" slack="0"/>
<pin id="127" dir="1" index="2" bw="0" slack="2147483647"/>
</pin_list>
<bind>
<opcode="store(28) " fcode="store"/>
<opset="store_ln386/1 "/>
</bind>
</comp>

<comp id="129" class="1004" name="indvar_flatten_load_load_fu_129">
<pin_list>
<pin id="130" dir="0" index="0" bw="10" slack="0"/>
<pin id="131" dir="1" index="1" bw="10" slack="0"/>
</pin_list>
<bind>
<opcode="load(27) " fcode="load"/>
<opset="indvar_flatten_load/1 "/>
</bind>
</comp>

<comp id="132" class="1004" name="icmp_ln385_fu_132">
<pin_list>
<pin id="133" dir="0" index="0" bw="10" slack="0"/>
<pin id="134" dir="0" index="1" bw="10" slack="0"/>
<pin id="135" dir="1" index="2" bw="1" slack="1"/>
</pin_list>
<bind>
<opcode="icmp(45) " fcode="icmp"/>
<opset="icmp_ln385/1 "/>
</bind>
</comp>

<comp id="138" class="1004" name="add_ln385_1_fu_138">
<pin_list>
<pin id="139" dir="0" index="0" bw="10" slack="0"/>
<pin id="140" dir="0" index="1" bw="1" slack="0"/>
<pin id="141" dir="1" index="2" bw="10" slack="0"/>
</pin_list>
<bind>
<opcode="add(8) " fcode="add"/>
<opset="add_ln385_1/1 "/>
</bind>
</comp>

<comp id="144" class="1004" name="store_ln385_store_fu_144">
<pin_list>
<pin id="145" dir="0" index="0" bw="10" slack="0"/>
<pin id="146" dir="0" index="1" bw="10" slack="0"/>
<pin id="147" dir="1" index="2" bw="0" slack="2147483647"/>
</pin_list>
<bind>
<opcode="store(28) " fcode="store"/>
<opset="store_ln385/1 "/>
</bind>
</comp>

<comp id="149" class="1004" name="ciw_load_load_fu_149">
<pin_list>
<pin id="150" dir="0" index="0" bw="6" slack="1"/>
<pin id="151" dir="1" index="1" bw="6" slack="0"/>
</pin_list>
<bind>
<opcode="load(27) " fcode="load"/>
<opset="ciw_load/2 "/>
</bind>
</comp>

<comp id="152" class="1004" name="wi_load_load_fu_152">
<pin_list>
<pin id="153" dir="0" index="0" bw="5" slack="1"/>
<pin id="154" dir="1" index="1" bw="5" slack="0"/>
</pin_list>
<bind>
<opcode="load(27) " fcode="load"/>
<opset="wi_load/2 "/>
</bind>
</comp>

<comp id="155" class="1004" name="gmem_in_addr_fu_155">
<pin_list>
<pin id="156" dir="0" index="0" bw="64" slack="0"/>
<pin id="157" dir="0" index="1" bw="64" slack="1"/>
<pin id="158" dir="1" index="2" bw="64" slack="0"/>
</pin_list>
<bind>
<opcode="getelementptr(29) " fcode="getelementptr"/>
<opset="gmem_in_addr/2 "/>
</bind>
</comp>

<comp id="161" class="1004" name="add_ln385_fu_161">
<pin_list>
<pin id="162" dir="0" index="0" bw="5" slack="0"/>
<pin id="163" dir="0" index="1" bw="1" slack="0"/>
<pin id="164" dir="1" index="2" bw="5" slack="0"/>
</pin_list>
<bind>
<opcode="add(8) " fcode="add"/>
<opset="add_ln385/2 "/>
</bind>
</comp>

<comp id="167" class="1004" name="icmp_ln386_fu_167">
<pin_list>
<pin id="168" dir="0" index="0" bw="6" slack="0"/>
<pin id="169" dir="0" index="1" bw="6" slack="0"/>
<pin id="170" dir="1" index="2" bw="1" slack="0"/>
</pin_list>
<bind>
<opcode="icmp(45) " fcode="icmp"/>
<opset="icmp_ln386/2 "/>
</bind>
</comp>

<comp id="173" class="1004" name="select_ln385_fu_173">
<pin_list>
<pin id="174" dir="0" index="0" bw="1" slack="0"/>
<pin id="175" dir="0" index="1" bw="6" slack="0"/>
<pin id="176" dir="0" index="2" bw="6" slack="0"/>
<pin id="177" dir="1" index="3" bw="6" slack="0"/>
</pin_list>
<bind>
<opcode="select(49) " fcode="select"/>
<opset="select_ln385/2 "/>
</bind>
</comp>

<comp id="181" class="1004" name="select_ln385_1_fu_181">
<pin_list>
<pin id="182" dir="0" index="0" bw="1" slack="0"/>
<pin id="183" dir="0" index="1" bw="5" slack="0"/>
<pin id="184" dir="0" index="2" bw="5" slack="0"/>
<pin id="185" dir="1" index="3" bw="5" slack="0"/>
</pin_list>
<bind>
<opcode="select(49) " fcode="select"/>
<opset="select_ln385_1/2 "/>
</bind>
</comp>

<comp id="189" class="1004" name="trunc_ln386_fu_189">
<pin_list>
<pin id="190" dir="0" index="0" bw="5" slack="0"/>
<pin id="191" dir="1" index="1" bw="4" slack="0"/>
</pin_list>
<bind>
<opcode="trunc(33) " fcode="trunc"/>
<opset="trunc_ln386/2 "/>
</bind>
</comp>

<comp id="193" class="1004" name="p_shl_fu_193">
<pin_list>
<pin id="194" dir="0" index="0" bw="10" slack="0"/>
<pin id="195" dir="0" index="1" bw="4" slack="0"/>
<pin id="196" dir="0" index="2" bw="1" slack="0"/>
<pin id="197" dir="1" index="3" bw="10" slack="0"/>
</pin_list>
<bind>
<opcode="bitconcatenate(1004) " fcode="bitconcatenate"/>
<opset="p_shl/2 "/>
</bind>
</comp>

<comp id="201" class="1004" name="tmp_fu_201">
<pin_list>
<pin id="202" dir="0" index="0" bw="7" slack="0"/>
<pin id="203" dir="0" index="1" bw="5" slack="0"/>
<pin id="204" dir="0" index="2" bw="1" slack="0"/>
<pin id="205" dir="1" index="3" bw="7" slack="0"/>
</pin_list>
<bind>
<opcode="bitconcatenate(1004) " fcode="bitconcatenate"/>
<opset="tmp/2 "/>
</bind>
</comp>

<comp id="209" class="1004" name="zext_ln386_fu_209">
<pin_list>
<pin id="210" dir="0" index="0" bw="7" slack="0"/>
<pin id="211" dir="1" index="1" bw="10" slack="0"/>
</pin_list>
<bind>
<opcode="zext(34) " fcode="zext"/>
<opset="zext_ln386/2 "/>
</bind>
</comp>

<comp id="213" class="1004" name="sub_ln386_fu_213">
<pin_list>
<pin id="214" dir="0" index="0" bw="10" slack="0"/>
<pin id="215" dir="0" index="1" bw="7" slack="0"/>
<pin id="216" dir="1" index="2" bw="10" slack="0"/>
</pin_list>
<bind>
<opcode="sub(10) " fcode="sub"/>
<opset="sub_ln386/2 "/>
</bind>
</comp>

<comp id="219" class="1004" name="zext_ln386_1_fu_219">
<pin_list>
<pin id="220" dir="0" index="0" bw="6" slack="0"/>
<pin id="221" dir="1" index="1" bw="10" slack="0"/>
</pin_list>
<bind>
<opcode="zext(34) " fcode="zext"/>
<opset="zext_ln386_1/2 "/>
</bind>
</comp>

<comp id="223" class="1004" name="add_ln388_fu_223">
<pin_list>
<pin id="224" dir="0" index="0" bw="6" slack="0"/>
<pin id="225" dir="0" index="1" bw="10" slack="0"/>
<pin id="226" dir="1" index="2" bw="10" slack="1"/>
</pin_list>
<bind>
<opcode="add(8) " fcode="add"/>
<opset="add_ln388/2 "/>
</bind>
</comp>

<comp id="229" class="1004" name="add_ln386_fu_229">
<pin_list>
<pin id="230" dir="0" index="0" bw="6" slack="0"/>
<pin id="231" dir="0" index="1" bw="1" slack="0"/>
<pin id="232" dir="1" index="2" bw="6" slack="0"/>
</pin_list>
<bind>
<opcode="add(8) " fcode="add"/>
<opset="add_ln386/2 "/>
</bind>
</comp>

<comp id="235" class="1004" name="store_ln385_store_fu_235">
<pin_list>
<pin id="236" dir="0" index="0" bw="5" slack="0"/>
<pin id="237" dir="0" index="1" bw="5" slack="1"/>
<pin id="238" dir="1" index="2" bw="0" slack="2147483647"/>
</pin_list>
<bind>
<opcode="store(28) " fcode="store"/>
<opset="store_ln385/2 "/>
</bind>
</comp>

<comp id="240" class="1004" name="store_ln386_store_fu_240">
<pin_list>
<pin id="241" dir="0" index="0" bw="6" slack="0"/>
<pin id="242" dir="0" index="1" bw="6" slack="1"/>
<pin id="243" dir="1" index="2" bw="0" slack="2147483647"/>
</pin_list>
<bind>
<opcode="store(28) " fcode="store"/>
<opset="store_ln386/2 "/>
</bind>
</comp>

<comp id="245" class="1004" name="zext_ln388_fu_245">
<pin_list>
<pin id="246" dir="0" index="0" bw="10" slack="1"/>
<pin id="247" dir="1" index="1" bw="64" slack="0"/>
</pin_list>
<bind>
<opcode="zext(34) " fcode="zext"/>
<opset="zext_ln388/3 "/>
</bind>
</comp>

<comp id="249" class="1005" name="ciw_reg_249">
<pin_list>
<pin id="250" dir="0" index="0" bw="6" slack="0"/>
<pin id="251" dir="1" index="1" bw="6" slack="0"/>
</pin_list>
<bind>
<opset="ciw "/>
</bind>
</comp>

<comp id="256" class="1005" name="wi_reg_256">
<pin_list>
<pin id="257" dir="0" index="0" bw="5" slack="0"/>
<pin id="258" dir="1" index="1" bw="5" slack="0"/>
</pin_list>
<bind>
<opset="wi "/>
</bind>
</comp>

<comp id="263" class="1005" name="indvar_flatten_reg_263">
<pin_list>
<pin id="264" dir="0" index="0" bw="10" slack="0"/>
<pin id="265" dir="1" index="1" bw="10" slack="0"/>
</pin_list>
<bind>
<opset="indvar_flatten "/>
</bind>
</comp>

<comp id="270" class="1005" name="sext_ln385_cast_reg_270">
<pin_list>
<pin id="271" dir="0" index="0" bw="64" slack="1"/>
<pin id="272" dir="1" index="1" bw="64" slack="1"/>
</pin_list>
<bind>
<opset="sext_ln385_cast "/>
</bind>
</comp>

<comp id="275" class="1005" name="icmp_ln385_reg_275">
<pin_list>
<pin id="276" dir="0" index="0" bw="1" slack="1"/>
<pin id="277" dir="1" index="1" bw="1" slack="2147483647"/>
</pin_list>
<bind>
<opset="icmp_ln385 "/>
</bind>
</comp>

<comp id="279" class="1005" name="add_ln388_reg_279">
<pin_list>
<pin id="280" dir="0" index="0" bw="10" slack="1"/>
<pin id="281" dir="1" index="1" bw="10" slack="1"/>
</pin_list>
<bind>
<opset="add_ln388 "/>
</bind>
</comp>

<comp id="284" class="1005" name="gmem_in_addr_read_reg_284">
<pin_list>
<pin id="285" dir="0" index="0" bw="256" slack="1"/>
<pin id="286" dir="1" index="1" bw="256" slack="1"/>
</pin_list>
<bind>
<opset="gmem_in_addr_read "/>
</bind>
</comp>

</comp_list>

<net_list>
<net id="77"><net_src comp="6" pin="0"/><net_sink comp="74" pin=0"/></net>

<net id="81"><net_src comp="6" pin="0"/><net_sink comp="78" pin=0"/></net>

<net id="85"><net_src comp="6" pin="0"/><net_sink comp="82" pin=0"/></net>

<net id="90"><net_src comp="8" pin="0"/><net_sink comp="86" pin=0"/></net>

<net id="91"><net_src comp="2" pin="0"/><net_sink comp="86" pin=1"/></net>

<net id="96"><net_src comp="58" pin="0"/><net_sink comp="92" pin=0"/></net>

<net id="102"><net_src comp="4" pin="0"/><net_sink comp="97" pin=0"/></net>

<net id="103"><net_src comp="72" pin="0"/><net_sink comp="97" pin=1"/></net>

<net id="109"><net_src comp="97" pin="3"/><net_sink comp="104" pin=0"/></net>

<net id="113"><net_src comp="86" pin="2"/><net_sink comp="110" pin=0"/></net>

<net id="118"><net_src comp="36" pin="0"/><net_sink comp="114" pin=0"/></net>

<net id="123"><net_src comp="38" pin="0"/><net_sink comp="119" pin=0"/></net>

<net id="128"><net_src comp="40" pin="0"/><net_sink comp="124" pin=0"/></net>

<net id="136"><net_src comp="129" pin="1"/><net_sink comp="132" pin=0"/></net>

<net id="137"><net_src comp="44" pin="0"/><net_sink comp="132" pin=1"/></net>

<net id="142"><net_src comp="129" pin="1"/><net_sink comp="138" pin=0"/></net>

<net id="143"><net_src comp="46" pin="0"/><net_sink comp="138" pin=1"/></net>

<net id="148"><net_src comp="138" pin="2"/><net_sink comp="144" pin=0"/></net>

<net id="159"><net_src comp="0" pin="0"/><net_sink comp="155" pin=0"/></net>

<net id="160"><net_src comp="155" pin="2"/><net_sink comp="92" pin=1"/></net>

<net id="165"><net_src comp="152" pin="1"/><net_sink comp="161" pin=0"/></net>

<net id="166"><net_src comp="48" pin="0"/><net_sink comp="161" pin=1"/></net>

<net id="171"><net_src comp="149" pin="1"/><net_sink comp="167" pin=0"/></net>

<net id="172"><net_src comp="50" pin="0"/><net_sink comp="167" pin=1"/></net>

<net id="178"><net_src comp="167" pin="2"/><net_sink comp="173" pin=0"/></net>

<net id="179"><net_src comp="40" pin="0"/><net_sink comp="173" pin=1"/></net>

<net id="180"><net_src comp="149" pin="1"/><net_sink comp="173" pin=2"/></net>

<net id="186"><net_src comp="167" pin="2"/><net_sink comp="181" pin=0"/></net>

<net id="187"><net_src comp="161" pin="2"/><net_sink comp="181" pin=1"/></net>

<net id="188"><net_src comp="152" pin="1"/><net_sink comp="181" pin=2"/></net>

<net id="192"><net_src comp="181" pin="3"/><net_sink comp="189" pin=0"/></net>

<net id="198"><net_src comp="52" pin="0"/><net_sink comp="193" pin=0"/></net>

<net id="199"><net_src comp="189" pin="1"/><net_sink comp="193" pin=1"/></net>

<net id="200"><net_src comp="40" pin="0"/><net_sink comp="193" pin=2"/></net>

<net id="206"><net_src comp="54" pin="0"/><net_sink comp="201" pin=0"/></net>

<net id="207"><net_src comp="181" pin="3"/><net_sink comp="201" pin=1"/></net>

<net id="208"><net_src comp="56" pin="0"/><net_sink comp="201" pin=2"/></net>

<net id="212"><net_src comp="201" pin="3"/><net_sink comp="209" pin=0"/></net>

<net id="217"><net_src comp="193" pin="3"/><net_sink comp="213" pin=0"/></net>

<net id="218"><net_src comp="209" pin="1"/><net_sink comp="213" pin=1"/></net>

<net id="222"><net_src comp="173" pin="3"/><net_sink comp="219" pin=0"/></net>

<net id="227"><net_src comp="219" pin="1"/><net_sink comp="223" pin=0"/></net>

<net id="228"><net_src comp="213" pin="2"/><net_sink comp="223" pin=1"/></net>

<net id="233"><net_src comp="173" pin="3"/><net_sink comp="229" pin=0"/></net>

<net id="234"><net_src comp="60" pin="0"/><net_sink comp="229" pin=1"/></net>

<net id="239"><net_src comp="181" pin="3"/><net_sink comp="235" pin=0"/></net>

<net id="244"><net_src comp="229" pin="2"/><net_sink comp="240" pin=0"/></net>

<net id="248"><net_src comp="245" pin="1"/><net_sink comp="97" pin=2"/></net>

<net id="252"><net_src comp="74" pin="1"/><net_sink comp="249" pin=0"/></net>

<net id="253"><net_src comp="249" pin="1"/><net_sink comp="124" pin=1"/></net>

<net id="254"><net_src comp="249" pin="1"/><net_sink comp="149" pin=0"/></net>

<net id="255"><net_src comp="249" pin="1"/><net_sink comp="240" pin=1"/></net>

<net id="259"><net_src comp="78" pin="1"/><net_sink comp="256" pin=0"/></net>

<net id="260"><net_src comp="256" pin="1"/><net_sink comp="119" pin=1"/></net>

<net id="261"><net_src comp="256" pin="1"/><net_sink comp="152" pin=0"/></net>

<net id="262"><net_src comp="256" pin="1"/><net_sink comp="235" pin=1"/></net>

<net id="266"><net_src comp="82" pin="1"/><net_sink comp="263" pin=0"/></net>

<net id="267"><net_src comp="263" pin="1"/><net_sink comp="114" pin=1"/></net>

<net id="268"><net_src comp="263" pin="1"/><net_sink comp="129" pin=0"/></net>

<net id="269"><net_src comp="263" pin="1"/><net_sink comp="144" pin=1"/></net>

<net id="273"><net_src comp="110" pin="1"/><net_sink comp="270" pin=0"/></net>

<net id="274"><net_src comp="270" pin="1"/><net_sink comp="155" pin=1"/></net>

<net id="278"><net_src comp="132" pin="2"/><net_sink comp="275" pin=0"/></net>

<net id="282"><net_src comp="223" pin="2"/><net_sink comp="279" pin=0"/></net>

<net id="283"><net_src comp="279" pin="1"/><net_sink comp="245" pin=0"/></net>

<net id="287"><net_src comp="92" pin="2"/><net_sink comp="284" pin=0"/></net>

<net id="288"><net_src comp="284" pin="1"/><net_sink comp="104" pin=1"/></net>

</net_list>

</model> 
---------------- Datapath Model END ------------------

* FSMD analyzer results:
  - Output states:
	Port: gmem_in | {}
	Port: x_buf | {3 }
 - Input state : 
	Port: upconv_core_top_ucb0_Pipeline_LOAD_ROW0_VITIS_LOOP_386_1 : gmem_in | {2 }
	Port: upconv_core_top_ucb0_Pipeline_LOAD_ROW0_VITIS_LOOP_386_1 : sext_ln385 | {1 }
	Port: upconv_core_top_ucb0_Pipeline_LOAD_ROW0_VITIS_LOOP_386_1 : x_buf | {}
  - Chain level:
	State 1
		store_ln0 : 1
		store_ln385 : 1
		store_ln386 : 1
		indvar_flatten_load : 1
		icmp_ln385 : 2
		add_ln385_1 : 2
		br_ln385 : 3
		store_ln385 : 3
	State 2
		add_ln385 : 1
		icmp_ln386 : 1
		select_ln385 : 2
		select_ln385_1 : 2
		trunc_ln386 : 3
		p_shl : 4
		tmp : 3
		zext_ln386 : 4
		sub_ln386 : 5
		zext_ln386_1 : 3
		add_ln388 : 6
		gmem_in_addr_read : 1
		add_ln386 : 3
		store_ln385 : 3
		store_ln386 : 4
	State 3
		x_buf_addr : 1
		store_ln388 : 2


============================================================
+ Verbose Summary: Datapath Resource usage 
============================================================

* Functional unit list:
|----------|------------------------------|---------|---------|
| Operation|        Functional Unit       |    FF   |   LUT   |
|----------|------------------------------|---------|---------|
|          |      add_ln385_1_fu_138      |    0    |    17   |
|    add   |       add_ln385_fu_161       |    0    |    12   |
|          |       add_ln388_fu_223       |    0    |    18   |
|          |       add_ln386_fu_229       |    0    |    13   |
|----------|------------------------------|---------|---------|
|   icmp   |       icmp_ln385_fu_132      |    0    |    17   |
|          |       icmp_ln386_fu_167      |    0    |    13   |
|----------|------------------------------|---------|---------|
|    sub   |       sub_ln386_fu_213       |    0    |    18   |
|----------|------------------------------|---------|---------|
|  select  |      select_ln385_fu_173     |    0    |    6    |
|          |     select_ln385_1_fu_181    |    0    |    5    |
|----------|------------------------------|---------|---------|
|   read   |  sext_ln385_read_read_fu_86  |    0    |    0    |
|          | gmem_in_addr_read_read_fu_92 |    0    |    0    |
|----------|------------------------------|---------|---------|
|   sext   |    sext_ln385_cast_fu_110    |    0    |    0    |
|----------|------------------------------|---------|---------|
|   trunc  |      trunc_ln386_fu_189      |    0    |    0    |
|----------|------------------------------|---------|---------|
|bitconcatenate|         p_shl_fu_193         |    0    |    0    |
|          |          tmp_fu_201          |    0    |    0    |
|----------|------------------------------|---------|---------|
|          |       zext_ln386_fu_209      |    0    |    0    |
|   zext   |      zext_ln386_1_fu_219     |    0    |    0    |
|          |       zext_ln388_fu_245      |    0    |    0    |
|----------|------------------------------|---------|---------|
|   Total  |                              |    0    |   119   |
|----------|------------------------------|---------|---------|

Memories:
N/A

* Register list:
+-------------------------+--------+
|                         |   FF   |
+-------------------------+--------+
|    add_ln388_reg_279    |   10   |
|       ciw_reg_249       |    6   |
|gmem_in_addr_read_reg_284|   256  |
|    icmp_ln385_reg_275   |    1   |
|  indvar_flatten_reg_263 |   10   |
| sext_ln385_cast_reg_270 |   64   |
|        wi_reg_256       |    5   |
+-------------------------+--------+
|          Total          |   352  |
+-------------------------+--------+

* Multiplexer (MUX) list: 
|--------|------|------|------|--------|
|  Comp  |  Pin | Size |  BW  | S x BW |
|--------|------|------|------|--------|
|  Total |      |      |      |    0   |
|--------|------|------|------|--------|



* Summary:
+-----------+--------+--------+
|           |   FF   |   LUT  |
+-----------+--------+--------+
|  Function |    0   |   119  |
|   Memory  |    -   |    -   |
|Multiplexer|    -   |    -   |
|  Register |   352  |    -   |
+-----------+--------+--------+
|   Total   |   352  |   119  |
+-----------+--------+--------+
