

================================================================
== Vitis HLS Report for 'upconv_core_top_ucb0'
================================================================
* Date:           Thu Jun 18 11:44:33 2026

* Version:        2024.2 (Build 5238294 on Nov  8 2024)
* Project:        upconv_block0
* Solution:       hls (Vivado IP Flow Target)
* Product family: zynquplus
* Target device:  xczu7ev-ffvc1156-2-e


================================================================
== Performance Estimates
================================================================
+ Timing: 
    * Summary: 
    +--------+---------+----------+------------+
    |  Clock |  Target | Estimated| Uncertainty|
    +--------+---------+----------+------------+
    |ap_clk  |  3.33 ns|  3.357 ns|     0.90 ns|
    +--------+---------+----------+------------+

+ Latency: 
    * Summary: 
    +---------+----------+-----------+-----------+---------+----------+---------+
    |  Latency (cycles)  |   Latency (absolute)  |      Interval      | Pipeline|
    |   min   |    max   |    min    |    max    |   min   |    max   |   Type  |
    +---------+----------+-----------+-----------+---------+----------+---------+
    |  8872366|  17988270|  29.785 ms|  60.387 ms|  8872367|  17988271|       no|
    +---------+----------+-----------+-----------+---------+----------+---------+

    + Detail: 
        * Instance: 
        N/A

        * Loop: 
        +------------+---------+----------+------------------+-----------+-----------+------+----------+
        |            |  Latency (cycles)  |     Iteration    |  Initiation Interval  | Trip |          |
        |  Loop Name |   min   |    max   |      Latency     |  achieved |   target  | Count| Pipelined|
        +------------+---------+----------+------------------+-----------+-----------+------+----------+
        |- ROW_LOOP  |  8317845|  16864005|  554523 ~ 1124267|          -|          -|    15|        no|
        +------------+---------+----------+------------------+-----------+-----------+------+----------+

============================================================
+ Verbose Summary: Synthesis Manager
============================================================
InlineROM: 1
ExposeGlobal: 0
============================================================
+ Verbose Summary: CDFG Model
============================================================
IsTopModel: 1
ResetActiveHigh: 1
IsCombinational: 0
IsDatapathOnly: 0
HasWiredReturn: 1
HasMFsm: 0
HasVarLatency: 1
IsPipeline: 0
IsRtlPipelined: 0
IsInstanceOverlapped: 0
IsDontTouch: 0
HasImplIP: 0
IsGatedGlobalClock: 0


============================================================
+ Verbose Summary: Schedule
============================================================
* Number of FSM states : 20
* Pipeline : 0
* Dataflow Pipeline: 0

* FSM state transitions: 
1 --> 2 
2 --> 3 
3 --> 4 
4 --> 5 
5 --> 6 
6 --> 7 
7 --> 8 
8 --> 9 
9 --> 10 
10 --> 11 
11 --> 12 
12 --> 13 
13 --> 14 
14 --> 15 20 
15 --> 16 
16 --> 17 
17 --> 18 
18 --> 19 
19 --> 14 
20 --> 

* FSM state operations: 

State 1 <SV = 0> <Delay = 2.08>
ST_1 : Operation 21 [1/1] (0.00ns)   --->   "%hi = alloca i32 1" [../gen/Hls_Layers_UpConv.tpp:305->../gen/upconv_core_top_ucb0.cpp:40]   --->   Operation 21 'alloca' 'hi' <Predicate = true> <Delay = 0.00>
ST_1 : Operation 22 [1/1] (0.00ns)   --->   "%indvar = alloca i32 1"   --->   Operation 22 'alloca' 'indvar' <Predicate = true> <Delay = 0.00>
ST_1 : Operation 23 [1/1] (1.00ns)   --->   "%epsilon_read = read i16 @_ssdm_op_Read.s_axilite.half, i16 %epsilon" [../gen/upconv_core_top_ucb0.cpp:11]   --->   Operation 23 'read' 'epsilon_read' <Predicate = true> <Delay = 1.00> <CoreInst = "s_axilite">   --->   Core 120 's_axilite' <Latency = 0> <II = 1> <Delay = 1.00> <Adapter> <Opcode : 'read' 'write'>
ST_1 : Operation 24 [1/1] (1.00ns)   --->   "%Y_read = read i64 @_ssdm_op_Read.s_axilite.i64, i64 %Y" [../gen/upconv_core_top_ucb0.cpp:11]   --->   Operation 24 'read' 'Y_read' <Predicate = true> <Delay = 1.00> <CoreInst = "s_axilite">   --->   Core 120 's_axilite' <Latency = 0> <II = 1> <Delay = 1.00> <Adapter> <Opcode : 'read' 'write'>
ST_1 : Operation 25 [1/1] (1.00ns)   --->   "%BE_read = read i64 @_ssdm_op_Read.s_axilite.i64, i64 %BE" [../gen/upconv_core_top_ucb0.cpp:11]   --->   Operation 25 'read' 'BE_read' <Predicate = true> <Delay = 1.00> <CoreInst = "s_axilite">   --->   Core 120 's_axilite' <Latency = 0> <II = 1> <Delay = 1.00> <Adapter> <Opcode : 'read' 'write'>
ST_1 : Operation 26 [1/1] (1.00ns)   --->   "%G_read = read i64 @_ssdm_op_Read.s_axilite.i64, i64 %G" [../gen/upconv_core_top_ucb0.cpp:11]   --->   Operation 26 'read' 'G_read' <Predicate = true> <Delay = 1.00> <CoreInst = "s_axilite">   --->   Core 120 's_axilite' <Latency = 0> <II = 1> <Delay = 1.00> <Adapter> <Opcode : 'read' 'write'>
ST_1 : Operation 27 [1/1] (1.00ns)   --->   "%B_read = read i64 @_ssdm_op_Read.s_axilite.i64, i64 %B" [../gen/upconv_core_top_ucb0.cpp:11]   --->   Operation 27 'read' 'B_read' <Predicate = true> <Delay = 1.00> <CoreInst = "s_axilite">   --->   Core 120 's_axilite' <Latency = 0> <II = 1> <Delay = 1.00> <Adapter> <Opcode : 'read' 'write'>
ST_1 : Operation 28 [1/1] (1.00ns)   --->   "%W_read = read i64 @_ssdm_op_Read.s_axilite.i64, i64 %W" [../gen/upconv_core_top_ucb0.cpp:11]   --->   Operation 28 'read' 'W_read' <Predicate = true> <Delay = 1.00> <CoreInst = "s_axilite">   --->   Core 120 's_axilite' <Latency = 0> <II = 1> <Delay = 1.00> <Adapter> <Opcode : 'read' 'write'>
ST_1 : Operation 29 [1/1] (1.00ns)   --->   "%X_read = read i64 @_ssdm_op_Read.s_axilite.i64, i64 %X" [../gen/upconv_core_top_ucb0.cpp:11]   --->   Operation 29 'read' 'X_read' <Predicate = true> <Delay = 1.00> <CoreInst = "s_axilite">   --->   Core 120 's_axilite' <Latency = 0> <II = 1> <Delay = 1.00> <Adapter> <Opcode : 'read' 'write'>
ST_1 : Operation 30 [1/1] (0.00ns)   --->   "%trunc_ln = partselect i59 @_ssdm_op_PartSelect.i59.i64.i32.i32, i64 %X_read, i32 5, i32 63" [../gen/Hls_Layers_UpConv.tpp:296->../gen/upconv_core_top_ucb0.cpp:40]   --->   Operation 30 'partselect' 'trunc_ln' <Predicate = true> <Delay = 0.00>
ST_1 : Operation 31 [1/1] (1.08ns)   --->   "%add_ln305 = add i64 %X_read, i64 30720" [../gen/Hls_Layers_UpConv.tpp:305->../gen/upconv_core_top_ucb0.cpp:40]   --->   Operation 31 'add' 'add_ln305' <Predicate = true> <Delay = 1.08> <CoreInst = "Adder">   --->   Core 1 'Adder' <Latency = 0> <II = 1> <Delay = 1.08> <FuncUnit> <Opcode : 'add' 'sub'> <InPorts = 2> <OutPorts = 1>
ST_1 : Operation 32 [1/1] (0.00ns)   --->   "%trunc_ln1 = partselect i59 @_ssdm_op_PartSelect.i59.i64.i32.i32, i64 %add_ln305, i32 5, i32 63" [../gen/Hls_Layers_UpConv.tpp:305->../gen/upconv_core_top_ucb0.cpp:40]   --->   Operation 32 'partselect' 'trunc_ln1' <Predicate = true> <Delay = 0.00>
ST_1 : Operation 33 [1/1] (0.42ns)   --->   "%store_ln0 = store i4 0, i4 %indvar"   --->   Operation 33 'store' 'store_ln0' <Predicate = true> <Delay = 0.42>
ST_1 : Operation 34 [1/1] (0.42ns)   --->   "%store_ln305 = store i5 1, i5 %hi" [../gen/Hls_Layers_UpConv.tpp:305->../gen/upconv_core_top_ucb0.cpp:40]   --->   Operation 34 'store' 'store_ln305' <Predicate = true> <Delay = 0.42>

State 2 <SV = 1> <Delay = 2.43>
ST_2 : Operation 35 [1/1] (0.00ns)   --->   "%sext_ln296 = sext i59 %trunc_ln" [../gen/Hls_Layers_UpConv.tpp:296->../gen/upconv_core_top_ucb0.cpp:40]   --->   Operation 35 'sext' 'sext_ln296' <Predicate = true> <Delay = 0.00>
ST_2 : Operation 36 [1/1] (0.00ns)   --->   "%gmem_in_addr = getelementptr i256 %gmem_in, i64 %sext_ln296" [../gen/Hls_Layers_UpConv.tpp:296->../gen/upconv_core_top_ucb0.cpp:40]   --->   Operation 36 'getelementptr' 'gmem_in_addr' <Predicate = true> <Delay = 0.00>
ST_2 : Operation 37 [8/8] (2.43ns)   --->   "%empty = readreq i1 @_ssdm_op_ReadReq.m_axi.p1i256, i256 %gmem_in_addr, i64 960" [../gen/Hls_Layers_UpConv.tpp:296->../gen/upconv_core_top_ucb0.cpp:40]   --->   Operation 37 'readreq' 'empty' <Predicate = true> <Delay = 2.43> <CoreInst = "m_axi">   --->   Core 119 'm_axi' <Latency = 6> <II = 1> <Delay = 1.00> <Adapter> <Opcode : 'read' 'write' 'readreq' 'writereq' 'writeresp'>

State 3 <SV = 2> <Delay = 2.43>
ST_3 : Operation 38 [7/8] (2.43ns)   --->   "%empty = readreq i1 @_ssdm_op_ReadReq.m_axi.p1i256, i256 %gmem_in_addr, i64 960" [../gen/Hls_Layers_UpConv.tpp:296->../gen/upconv_core_top_ucb0.cpp:40]   --->   Operation 38 'readreq' 'empty' <Predicate = true> <Delay = 2.43> <CoreInst = "m_axi">   --->   Core 119 'm_axi' <Latency = 6> <II = 1> <Delay = 1.00> <Adapter> <Opcode : 'read' 'write' 'readreq' 'writereq' 'writeresp'>

State 4 <SV = 3> <Delay = 2.43>
ST_4 : Operation 39 [6/8] (2.43ns)   --->   "%empty = readreq i1 @_ssdm_op_ReadReq.m_axi.p1i256, i256 %gmem_in_addr, i64 960" [../gen/Hls_Layers_UpConv.tpp:296->../gen/upconv_core_top_ucb0.cpp:40]   --->   Operation 39 'readreq' 'empty' <Predicate = true> <Delay = 2.43> <CoreInst = "m_axi">   --->   Core 119 'm_axi' <Latency = 6> <II = 1> <Delay = 1.00> <Adapter> <Opcode : 'read' 'write' 'readreq' 'writereq' 'writeresp'>

State 5 <SV = 4> <Delay = 2.43>
ST_5 : Operation 40 [5/8] (2.43ns)   --->   "%empty = readreq i1 @_ssdm_op_ReadReq.m_axi.p1i256, i256 %gmem_in_addr, i64 960" [../gen/Hls_Layers_UpConv.tpp:296->../gen/upconv_core_top_ucb0.cpp:40]   --->   Operation 40 'readreq' 'empty' <Predicate = true> <Delay = 2.43> <CoreInst = "m_axi">   --->   Core 119 'm_axi' <Latency = 6> <II = 1> <Delay = 1.00> <Adapter> <Opcode : 'read' 'write' 'readreq' 'writereq' 'writeresp'>

State 6 <SV = 5> <Delay = 2.43>
ST_6 : Operation 41 [4/8] (2.43ns)   --->   "%empty = readreq i1 @_ssdm_op_ReadReq.m_axi.p1i256, i256 %gmem_in_addr, i64 960" [../gen/Hls_Layers_UpConv.tpp:296->../gen/upconv_core_top_ucb0.cpp:40]   --->   Operation 41 'readreq' 'empty' <Predicate = true> <Delay = 2.43> <CoreInst = "m_axi">   --->   Core 119 'm_axi' <Latency = 6> <II = 1> <Delay = 1.00> <Adapter> <Opcode : 'read' 'write' 'readreq' 'writereq' 'writeresp'>

State 7 <SV = 6> <Delay = 2.43>
ST_7 : Operation 42 [3/8] (2.43ns)   --->   "%empty = readreq i1 @_ssdm_op_ReadReq.m_axi.p1i256, i256 %gmem_in_addr, i64 960" [../gen/Hls_Layers_UpConv.tpp:296->../gen/upconv_core_top_ucb0.cpp:40]   --->   Operation 42 'readreq' 'empty' <Predicate = true> <Delay = 2.43> <CoreInst = "m_axi">   --->   Core 119 'm_axi' <Latency = 6> <II = 1> <Delay = 1.00> <Adapter> <Opcode : 'read' 'write' 'readreq' 'writereq' 'writeresp'>

State 8 <SV = 7> <Delay = 2.43>
ST_8 : Operation 43 [2/8] (2.43ns)   --->   "%empty = readreq i1 @_ssdm_op_ReadReq.m_axi.p1i256, i256 %gmem_in_addr, i64 960" [../gen/Hls_Layers_UpConv.tpp:296->../gen/upconv_core_top_ucb0.cpp:40]   --->   Operation 43 'readreq' 'empty' <Predicate = true> <Delay = 2.43> <CoreInst = "m_axi">   --->   Core 119 'm_axi' <Latency = 6> <II = 1> <Delay = 1.00> <Adapter> <Opcode : 'read' 'write' 'readreq' 'writereq' 'writeresp'>

State 9 <SV = 8> <Delay = 2.43>
ST_9 : Operation 44 [1/8] (2.43ns)   --->   "%empty = readreq i1 @_ssdm_op_ReadReq.m_axi.p1i256, i256 %gmem_in_addr, i64 960" [../gen/Hls_Layers_UpConv.tpp:296->../gen/upconv_core_top_ucb0.cpp:40]   --->   Operation 44 'readreq' 'empty' <Predicate = true> <Delay = 2.43> <CoreInst = "m_axi">   --->   Core 119 'm_axi' <Latency = 6> <II = 1> <Delay = 1.00> <Adapter> <Opcode : 'read' 'write' 'readreq' 'writereq' 'writeresp'>

State 10 <SV = 9> <Delay = 0.00>
ST_10 : Operation 45 [2/2] (0.00ns)   --->   "%call_ln296 = call void @upconv_core_top_ucb0_Pipeline_LOAD_ROW0_VITIS_LOOP_297_1, i256 %gmem_in, i59 %trunc_ln, i256 %x_buf" [../gen/Hls_Layers_UpConv.tpp:296->../gen/upconv_core_top_ucb0.cpp:40]   --->   Operation 45 'call' 'call_ln296' <Predicate = true> <Delay = 0.00> <CoreType = "Generic">   --->   Generic Core

State 11 <SV = 10> <Delay = 0.00>
ST_11 : Operation 46 [1/2] (0.00ns)   --->   "%call_ln296 = call void @upconv_core_top_ucb0_Pipeline_LOAD_ROW0_VITIS_LOOP_297_1, i256 %gmem_in, i59 %trunc_ln, i256 %x_buf" [../gen/Hls_Layers_UpConv.tpp:296->../gen/upconv_core_top_ucb0.cpp:40]   --->   Operation 46 'call' 'call_ln296' <Predicate = true> <Delay = 0.00> <CoreType = "Generic">   --->   Generic Core

State 12 <SV = 11> <Delay = 1.53>
ST_12 : Operation 47 [2/2] (1.53ns)   --->   "%call_ln302 = call void @UpConv_Fused_Row<8, 16, 16, 960, 480>, i256 %gmem_weight, i64 %W_read, i256 %gmem_param, i64 %B_read, i64 %G_read, i64 %BE_read, i256 %gmem_out, i64 %Y_read, i16 %epsilon_read, i5 0, i16 %void_UpConv_Fused_Row_ap_uint_ap_uint_const_ap_uint_const_ap_uint_const_ap_u_9, i16 %void_UpConv_Fused_Row_ap_uint_ap_uint_const_ap_uint_const_ap_uint_const_ap_u_8, i16 %void_UpConv_Fused_Row_ap_uint_ap_uint_const_ap_uint_const_ap_uint_const_ap_u_7, i16 %void_UpConv_Fused_Row_ap_uint_ap_uint_const_ap_uint_const_ap_uint_const_ap_u_6, i16 %void_UpConv_Fused_Row_ap_uint_ap_uint_const_ap_uint_const_ap_uint_const_ap_u_5, i16 %void_UpConv_Fused_Row_ap_uint_ap_uint_const_ap_uint_const_ap_uint_const_ap_u_4, i16 %void_UpConv_Fused_Row_ap_uint_ap_uint_const_ap_uint_const_ap_uint_const_ap_u_3, i16 %void_UpConv_Fused_Row_ap_uint_ap_uint_const_ap_uint_const_ap_uint_const_ap_u_2, i16 %void_UpConv_Fused_Row_ap_uint_ap_uint_const_ap_uint_const_ap_uint_const_ap_u_1, i16 %void_UpConv_Fused_Row_ap_uint_ap_uint_const_ap_uint_const_ap_uint_const_ap_u, i16 %p_ZZ16UpConv_Fused_RowILi8ELi16ELi16ELi960ELi480EEvP7ap_uintILi256EEPKS1_S4_S4_S4_5, i16 %p_ZZ16UpConv_Fused_RowILi8ELi16ELi16ELi960ELi480EEvP7ap_uintILi256EEPKS1_S4_S4_S4_4, i16 %p_ZZ16UpConv_Fused_RowILi8ELi16ELi16ELi960ELi480EEvP7ap_uintILi256EEPKS1_S4_S4_S4_3, i16 %p_ZZ16UpConv_Fused_RowILi8ELi16ELi16ELi960ELi480EEvP7ap_uintILi256EEPKS1_S4_S4_S4_2, i16 %p_ZZ16UpConv_Fused_RowILi8ELi16ELi16ELi960ELi480EEvP7ap_uintILi256EEPKS1_S4_S4_S4_1, i16 %p_ZZ16UpConv_Fused_RowILi8ELi16ELi16ELi960ELi480EEvP7ap_uintILi256EEPKS1_S4_S4_S4, i256 %x_buf, i32 %mean_buf, i16 %inv_buf" [../gen/Hls_Layers_UpConv.tpp:302->../gen/upconv_core_top_ucb0.cpp:40]   --->   Operation 47 'call' 'call_ln302' <Predicate = true> <Delay = 1.53> <CoreType = "Generic">   --->   Generic Core

State 13 <SV = 12> <Delay = 0.00>
ST_13 : Operation 48 [1/1] (0.00ns)   --->   "%spectopmodule_ln10 = spectopmodule void @_ssdm_op_SpecTopModule, void @empty_139" [../gen/upconv_core_top_ucb0.cpp:10]   --->   Operation 48 'spectopmodule' 'spectopmodule_ln10' <Predicate = true> <Delay = 0.00>
ST_13 : Operation 49 [1/1] (0.00ns)   --->   "%specinterface_ln0 = specinterface void @_ssdm_op_SpecInterface, i256 %gmem_in, void @empty_109, i32 0, i32 0, void @empty_65, i32 0, i32 0, void @empty_111, void @empty_67, void @empty_65, i32 16, i32 16, i32 64, i32 16, void @empty_65, void @empty_65, i32 4294967295, i32 0, i32 0"   --->   Operation 49 'specinterface' 'specinterface_ln0' <Predicate = true> <Delay = 0.00>
ST_13 : Operation 50 [1/1] (0.00ns)   --->   "%specbitsmap_ln0 = specbitsmap void @_ssdm_op_SpecBitsMap, i256 %gmem_in"   --->   Operation 50 'specbitsmap' 'specbitsmap_ln0' <Predicate = true> <Delay = 0.00>
ST_13 : Operation 51 [1/1] (0.00ns)   --->   "%specinterface_ln0 = specinterface void @_ssdm_op_SpecInterface, i256 %gmem_weight, void @empty_109, i32 0, i32 0, void @empty_65, i32 0, i32 0, void @empty_134, void @empty_67, void @empty_65, i32 16, i32 16, i32 64, i32 16, void @empty_65, void @empty_65, i32 4294967295, i32 0, i32 0"   --->   Operation 51 'specinterface' 'specinterface_ln0' <Predicate = true> <Delay = 0.00>
ST_13 : Operation 52 [1/1] (0.00ns)   --->   "%specbitsmap_ln0 = specbitsmap void @_ssdm_op_SpecBitsMap, i256 %gmem_weight"   --->   Operation 52 'specbitsmap' 'specbitsmap_ln0' <Predicate = true> <Delay = 0.00>
ST_13 : Operation 53 [1/1] (0.00ns)   --->   "%specinterface_ln0 = specinterface void @_ssdm_op_SpecInterface, i256 %gmem_param, void @empty_109, i32 0, i32 0, void @empty_65, i32 0, i32 0, void @empty_118, void @empty_67, void @empty_65, i32 16, i32 16, i32 64, i32 16, void @empty_65, void @empty_65, i32 4294967295, i32 0, i32 0"   --->   Operation 53 'specinterface' 'specinterface_ln0' <Predicate = true> <Delay = 0.00>
ST_13 : Operation 54 [1/1] (0.00ns)   --->   "%specbitsmap_ln0 = specbitsmap void @_ssdm_op_SpecBitsMap, i256 %gmem_param"   --->   Operation 54 'specbitsmap' 'specbitsmap_ln0' <Predicate = true> <Delay = 0.00>
ST_13 : Operation 55 [1/1] (0.00ns)   --->   "%specinterface_ln0 = specinterface void @_ssdm_op_SpecInterface, i256 %gmem_out, void @empty_109, i32 0, i32 0, void @empty_65, i32 0, i32 0, void @empty_136, void @empty_67, void @empty_65, i32 16, i32 16, i32 16, i32 64, void @empty_65, void @empty_65, i32 4294967295, i32 0, i32 0"   --->   Operation 55 'specinterface' 'specinterface_ln0' <Predicate = true> <Delay = 0.00>
ST_13 : Operation 56 [1/1] (0.00ns)   --->   "%specbitsmap_ln0 = specbitsmap void @_ssdm_op_SpecBitsMap, i256 %gmem_out"   --->   Operation 56 'specbitsmap' 'specbitsmap_ln0' <Predicate = true> <Delay = 0.00>
ST_13 : Operation 57 [1/1] (0.00ns)   --->   "%specinterface_ln0 = specinterface void @_ssdm_op_SpecInterface, i64 %X, void @empty_138, i32 4294967295, i32 4294967295, void @empty_82, i32 0, i32 0, void @empty_83, void @empty_130, void @empty_65, i32 0, i32 0, i32 0, i32 0, void @empty_65, void @empty_52, i32 4294967295, i32 0, i32 0"   --->   Operation 57 'specinterface' 'specinterface_ln0' <Predicate = true> <Delay = 0.00>
ST_13 : Operation 58 [1/1] (0.00ns)   --->   "%specinterface_ln0 = specinterface void @_ssdm_op_SpecInterface, i64 %X, void @empty_141, i32 4294967295, i32 4294967295, void @empty_65, i32 0, i32 0, void @empty_65, void @empty_65, void @empty_65, i32 0, i32 0, i32 0, i32 0, void @empty_65, void @empty_52, i32 4294967295, i32 0, i32 0"   --->   Operation 58 'specinterface' 'specinterface_ln0' <Predicate = true> <Delay = 0.00>
ST_13 : Operation 59 [1/1] (0.00ns)   --->   "%specinterface_ln0 = specinterface void @_ssdm_op_SpecInterface, i64 %W, void @empty_138, i32 4294967295, i32 4294967295, void @empty_82, i32 0, i32 0, void @empty_83, void @empty_97, void @empty_65, i32 0, i32 0, i32 0, i32 0, void @empty_65, void @empty_52, i32 4294967295, i32 0, i32 0"   --->   Operation 59 'specinterface' 'specinterface_ln0' <Predicate = true> <Delay = 0.00>
ST_13 : Operation 60 [1/1] (0.00ns)   --->   "%specinterface_ln0 = specinterface void @_ssdm_op_SpecInterface, i64 %W, void @empty_141, i32 4294967295, i32 4294967295, void @empty_65, i32 0, i32 0, void @empty_65, void @empty_65, void @empty_65, i32 0, i32 0, i32 0, i32 0, void @empty_65, void @empty_52, i32 4294967295, i32 0, i32 0"   --->   Operation 60 'specinterface' 'specinterface_ln0' <Predicate = true> <Delay = 0.00>
ST_13 : Operation 61 [1/1] (0.00ns)   --->   "%specinterface_ln0 = specinterface void @_ssdm_op_SpecInterface, i64 %B, void @empty_138, i32 4294967295, i32 4294967295, void @empty_82, i32 0, i32 0, void @empty_83, void @empty_71, void @empty_65, i32 0, i32 0, i32 0, i32 0, void @empty_65, void @empty_52, i32 4294967295, i32 0, i32 0"   --->   Operation 61 'specinterface' 'specinterface_ln0' <Predicate = true> <Delay = 0.00>
ST_13 : Operation 62 [1/1] (0.00ns)   --->   "%specinterface_ln0 = specinterface void @_ssdm_op_SpecInterface, i64 %B, void @empty_141, i32 4294967295, i32 4294967295, void @empty_65, i32 0, i32 0, void @empty_65, void @empty_65, void @empty_65, i32 0, i32 0, i32 0, i32 0, void @empty_65, void @empty_52, i32 4294967295, i32 0, i32 0"   --->   Operation 62 'specinterface' 'specinterface_ln0' <Predicate = true> <Delay = 0.00>
ST_13 : Operation 63 [1/1] (0.00ns)   --->   "%specinterface_ln0 = specinterface void @_ssdm_op_SpecInterface, i64 %G, void @empty_138, i32 4294967295, i32 4294967295, void @empty_82, i32 0, i32 0, void @empty_83, void @empty_135, void @empty_65, i32 0, i32 0, i32 0, i32 0, void @empty_65, void @empty_52, i32 4294967295, i32 0, i32 0"   --->   Operation 63 'specinterface' 'specinterface_ln0' <Predicate = true> <Delay = 0.00>
ST_13 : Operation 64 [1/1] (0.00ns)   --->   "%specinterface_ln0 = specinterface void @_ssdm_op_SpecInterface, i64 %G, void @empty_141, i32 4294967295, i32 4294967295, void @empty_65, i32 0, i32 0, void @empty_65, void @empty_65, void @empty_65, i32 0, i32 0, i32 0, i32 0, void @empty_65, void @empty_52, i32 4294967295, i32 0, i32 0"   --->   Operation 64 'specinterface' 'specinterface_ln0' <Predicate = true> <Delay = 0.00>
ST_13 : Operation 65 [1/1] (0.00ns)   --->   "%specinterface_ln0 = specinterface void @_ssdm_op_SpecInterface, i64 %BE, void @empty_138, i32 4294967295, i32 4294967295, void @empty_82, i32 0, i32 0, void @empty_83, void @empty_80, void @empty_65, i32 0, i32 0, i32 0, i32 0, void @empty_65, void @empty_52, i32 4294967295, i32 0, i32 0"   --->   Operation 65 'specinterface' 'specinterface_ln0' <Predicate = true> <Delay = 0.00>
ST_13 : Operation 66 [1/1] (0.00ns)   --->   "%specinterface_ln0 = specinterface void @_ssdm_op_SpecInterface, i64 %BE, void @empty_141, i32 4294967295, i32 4294967295, void @empty_65, i32 0, i32 0, void @empty_65, void @empty_65, void @empty_65, i32 0, i32 0, i32 0, i32 0, void @empty_65, void @empty_52, i32 4294967295, i32 0, i32 0"   --->   Operation 66 'specinterface' 'specinterface_ln0' <Predicate = true> <Delay = 0.00>
ST_13 : Operation 67 [1/1] (0.00ns)   --->   "%specinterface_ln0 = specinterface void @_ssdm_op_SpecInterface, i64 %Y, void @empty_138, i32 4294967295, i32 4294967295, void @empty_82, i32 0, i32 0, void @empty_83, void @empty_137, void @empty_65, i32 0, i32 0, i32 0, i32 0, void @empty_65, void @empty_52, i32 4294967295, i32 0, i32 0"   --->   Operation 67 'specinterface' 'specinterface_ln0' <Predicate = true> <Delay = 0.00>
ST_13 : Operation 68 [1/1] (0.00ns)   --->   "%specinterface_ln0 = specinterface void @_ssdm_op_SpecInterface, i64 %Y, void @empty_141, i32 4294967295, i32 4294967295, void @empty_65, i32 0, i32 0, void @empty_65, void @empty_65, void @empty_65, i32 0, i32 0, i32 0, i32 0, void @empty_65, void @empty_52, i32 4294967295, i32 0, i32 0"   --->   Operation 68 'specinterface' 'specinterface_ln0' <Predicate = true> <Delay = 0.00>
ST_13 : Operation 69 [1/1] (0.00ns)   --->   "%specbitsmap_ln0 = specbitsmap void @_ssdm_op_SpecBitsMap, i16 %epsilon"   --->   Operation 69 'specbitsmap' 'specbitsmap_ln0' <Predicate = true> <Delay = 0.00>
ST_13 : Operation 70 [1/1] (0.00ns)   --->   "%specinterface_ln0 = specinterface void @_ssdm_op_SpecInterface, i16 %epsilon, void @empty_138, i32 4294967295, i32 4294967295, void @empty_82, i32 0, i32 0, void @empty_83, void @empty_81, void @empty_65, i32 0, i32 0, i32 0, i32 0, void @empty_65, void @empty_65, i32 4294967295, i32 0, i32 0"   --->   Operation 70 'specinterface' 'specinterface_ln0' <Predicate = true> <Delay = 0.00>
ST_13 : Operation 71 [1/1] (0.00ns)   --->   "%specinterface_ln0 = specinterface void @_ssdm_op_SpecInterface, i16 %epsilon, void @empty_141, i32 4294967295, i32 4294967295, void @empty_65, i32 0, i32 0, void @empty_65, void @empty_65, void @empty_65, i32 0, i32 0, i32 0, i32 0, void @empty_65, void @empty_65, i32 4294967295, i32 0, i32 0"   --->   Operation 71 'specinterface' 'specinterface_ln0' <Predicate = true> <Delay = 0.00>
ST_13 : Operation 72 [1/1] (0.00ns)   --->   "%specinterface_ln0 = specinterface void @_ssdm_op_SpecInterface, i32 0, void @empty_138, i32 0, i32 0, void @empty_65, i32 0, i32 0, void @empty_83, void @empty_65, void @empty_65, i32 0, i32 0, i32 0, i32 0, void @empty_65, void @empty_65, i32 4294967295, i32 0, i32 0"   --->   Operation 72 'specinterface' 'specinterface_ln0' <Predicate = true> <Delay = 0.00>
ST_13 : Operation 73 [1/1] (0.00ns)   --->   "%specmemcore_ln37 = specmemcore void @_ssdm_op_SpecMemCore, i256 %x_buf, i64 666, i64 31, i64 18446744073709551615" [../gen/upconv_core_top_ucb0.cpp:37]   --->   Operation 73 'specmemcore' 'specmemcore_ln37' <Predicate = true> <Delay = 0.00>
ST_13 : Operation 74 [1/2] (0.00ns)   --->   "%call_ln302 = call void @UpConv_Fused_Row<8, 16, 16, 960, 480>, i256 %gmem_weight, i64 %W_read, i256 %gmem_param, i64 %B_read, i64 %G_read, i64 %BE_read, i256 %gmem_out, i64 %Y_read, i16 %epsilon_read, i5 0, i16 %void_UpConv_Fused_Row_ap_uint_ap_uint_const_ap_uint_const_ap_uint_const_ap_u_9, i16 %void_UpConv_Fused_Row_ap_uint_ap_uint_const_ap_uint_const_ap_uint_const_ap_u_8, i16 %void_UpConv_Fused_Row_ap_uint_ap_uint_const_ap_uint_const_ap_uint_const_ap_u_7, i16 %void_UpConv_Fused_Row_ap_uint_ap_uint_const_ap_uint_const_ap_uint_const_ap_u_6, i16 %void_UpConv_Fused_Row_ap_uint_ap_uint_const_ap_uint_const_ap_uint_const_ap_u_5, i16 %void_UpConv_Fused_Row_ap_uint_ap_uint_const_ap_uint_const_ap_uint_const_ap_u_4, i16 %void_UpConv_Fused_Row_ap_uint_ap_uint_const_ap_uint_const_ap_uint_const_ap_u_3, i16 %void_UpConv_Fused_Row_ap_uint_ap_uint_const_ap_uint_const_ap_uint_const_ap_u_2, i16 %void_UpConv_Fused_Row_ap_uint_ap_uint_const_ap_uint_const_ap_uint_const_ap_u_1, i16 %void_UpConv_Fused_Row_ap_uint_ap_uint_const_ap_uint_const_ap_uint_const_ap_u, i16 %p_ZZ16UpConv_Fused_RowILi8ELi16ELi16ELi960ELi480EEvP7ap_uintILi256EEPKS1_S4_S4_S4_5, i16 %p_ZZ16UpConv_Fused_RowILi8ELi16ELi16ELi960ELi480EEvP7ap_uintILi256EEPKS1_S4_S4_S4_4, i16 %p_ZZ16UpConv_Fused_RowILi8ELi16ELi16ELi960ELi480EEvP7ap_uintILi256EEPKS1_S4_S4_S4_3, i16 %p_ZZ16UpConv_Fused_RowILi8ELi16ELi16ELi960ELi480EEvP7ap_uintILi256EEPKS1_S4_S4_S4_2, i16 %p_ZZ16UpConv_Fused_RowILi8ELi16ELi16ELi960ELi480EEvP7ap_uintILi256EEPKS1_S4_S4_S4_1, i16 %p_ZZ16UpConv_Fused_RowILi8ELi16ELi16ELi960ELi480EEvP7ap_uintILi256EEPKS1_S4_S4_S4, i256 %x_buf, i32 %mean_buf, i16 %inv_buf" [../gen/Hls_Layers_UpConv.tpp:302->../gen/upconv_core_top_ucb0.cpp:40]   --->   Operation 74 'call' 'call_ln302' <Predicate = true> <Delay = 0.00> <CoreType = "Generic">   --->   Generic Core
ST_13 : Operation 75 [1/1] (0.00ns)   --->   "%br_ln305 = br void %for.body17.i" [../gen/Hls_Layers_UpConv.tpp:305->../gen/upconv_core_top_ucb0.cpp:40]   --->   Operation 75 'br' 'br_ln305' <Predicate = true> <Delay = 0.00>

State 14 <SV = 13> <Delay = 2.31>
ST_14 : Operation 76 [1/1] (0.00ns)   --->   "%hi_1 = load i5 %hi" [../gen/Hls_Layers_UpConv.tpp:313->../gen/upconv_core_top_ucb0.cpp:40]   --->   Operation 76 'load' 'hi_1' <Predicate = true> <Delay = 0.00>
ST_14 : Operation 77 [1/1] (0.00ns)   --->   "%indvar_load = load i4 %indvar" [../gen/Hls_Layers_UpConv.tpp:305->../gen/upconv_core_top_ucb0.cpp:40]   --->   Operation 77 'load' 'indvar_load' <Predicate = true> <Delay = 0.00>
ST_14 : Operation 78 [1/1] (0.78ns)   --->   "%icmp_ln305 = icmp_eq  i5 %hi_1, i5 16" [../gen/Hls_Layers_UpConv.tpp:305->../gen/upconv_core_top_ucb0.cpp:40]   --->   Operation 78 'icmp' 'icmp_ln305' <Predicate = true> <Delay = 0.78> <CoreInst = "Cmp">   --->   Core 9 'Cmp' <Latency = 0> <II = 1> <Delay = 0.78> <FuncUnit> <Opcode : 'seteq' 'setne' 'setle' 'setge' 'setlt' 'setgt'> <InPorts = 2> <OutPorts = 1>
ST_14 : Operation 79 [1/1] (0.79ns)   --->   "%add_ln305_2 = add i4 %indvar_load, i4 1" [../gen/Hls_Layers_UpConv.tpp:305->../gen/upconv_core_top_ucb0.cpp:40]   --->   Operation 79 'add' 'add_ln305_2' <Predicate = true> <Delay = 0.79> <CoreInst = "Adder">   --->   Core 1 'Adder' <Latency = 0> <II = 1> <Delay = 0.79> <FuncUnit> <Opcode : 'add' 'sub'> <InPorts = 2> <OutPorts = 1>
ST_14 : Operation 80 [1/1] (0.00ns)   --->   "%br_ln305 = br i1 %icmp_ln305, void %for.body17.i.split, void %_Z16UpConv_Fused_TopILi8ELi16ELi16ELi960ELi480EEvP7ap_uintILi256EEPKS1_S4_S4_S4_S4_S2_Dh.exit" [../gen/Hls_Layers_UpConv.tpp:305->../gen/upconv_core_top_ucb0.cpp:40]   --->   Operation 80 'br' 'br_ln305' <Predicate = true> <Delay = 0.00>
ST_14 : Operation 81 [1/1] (0.00ns)   --->   "%p_shl = bitconcatenate i14 @_ssdm_op_BitConcatenate.i14.i4.i10, i4 %indvar_load, i10 0" [../gen/Hls_Layers_UpConv.tpp:306->../gen/upconv_core_top_ucb0.cpp:40]   --->   Operation 81 'bitconcatenate' 'p_shl' <Predicate = (!icmp_ln305)> <Delay = 0.00>
ST_14 : Operation 82 [1/1] (0.00ns)   --->   "%tmp = bitconcatenate i10 @_ssdm_op_BitConcatenate.i10.i4.i6, i4 %indvar_load, i6 0" [../gen/Hls_Layers_UpConv.tpp:306->../gen/upconv_core_top_ucb0.cpp:40]   --->   Operation 82 'bitconcatenate' 'tmp' <Predicate = (!icmp_ln305)> <Delay = 0.00>
ST_14 : Operation 83 [1/1] (0.00ns)   --->   "%zext_ln306 = zext i10 %tmp" [../gen/Hls_Layers_UpConv.tpp:306->../gen/upconv_core_top_ucb0.cpp:40]   --->   Operation 83 'zext' 'zext_ln306' <Predicate = (!icmp_ln305)> <Delay = 0.00>
ST_14 : Operation 84 [1/1] (0.83ns)   --->   "%sub_ln306 = sub i14 %p_shl, i14 %zext_ln306" [../gen/Hls_Layers_UpConv.tpp:306->../gen/upconv_core_top_ucb0.cpp:40]   --->   Operation 84 'sub' 'sub_ln306' <Predicate = (!icmp_ln305)> <Delay = 0.83> <CoreInst = "Adder">   --->   Core 1 'Adder' <Latency = 0> <II = 1> <Delay = 0.83> <FuncUnit> <Opcode : 'add' 'sub'> <InPorts = 2> <OutPorts = 1>
ST_14 : Operation 85 [1/1] (0.00ns)   --->   "%empty_174 = shl i5 %hi_1, i5 4" [../gen/Hls_Layers_UpConv.tpp:313->../gen/upconv_core_top_ucb0.cpp:40]   --->   Operation 85 'shl' 'empty_174' <Predicate = (!icmp_ln305)> <Delay = 0.00>
ST_14 : Operation 86 [2/2] (0.00ns)   --->   "%call_ln313 = call void @upconv_core_top_ucb0_Pipeline_LOAD_ROW_VITIS_LOOP_308_2, i256 %gmem_in, i5 %empty_174, i59 %trunc_ln1, i14 %sub_ln306, i256 %x_buf" [../gen/Hls_Layers_UpConv.tpp:313->../gen/upconv_core_top_ucb0.cpp:40]   --->   Operation 86 'call' 'call_ln313' <Predicate = (!icmp_ln305)> <Delay = 0.00> <CoreType = "Generic">   --->   Generic Core
ST_14 : Operation 87 [1/1] (0.78ns)   --->   "%add_ln305_1 = add i5 %hi_1, i5 1" [../gen/Hls_Layers_UpConv.tpp:305->../gen/upconv_core_top_ucb0.cpp:40]   --->   Operation 87 'add' 'add_ln305_1' <Predicate = (!icmp_ln305)> <Delay = 0.78> <CoreInst = "Adder">   --->   Core 1 'Adder' <Latency = 0> <II = 1> <Delay = 0.78> <FuncUnit> <Opcode : 'add' 'sub'> <InPorts = 2> <OutPorts = 1>
ST_14 : Operation 88 [1/1] (0.42ns)   --->   "%store_ln305 = store i4 %add_ln305_2, i4 %indvar" [../gen/Hls_Layers_UpConv.tpp:305->../gen/upconv_core_top_ucb0.cpp:40]   --->   Operation 88 'store' 'store_ln305' <Predicate = (!icmp_ln305)> <Delay = 0.42>
ST_14 : Operation 89 [1/1] (0.42ns)   --->   "%store_ln305 = store i5 %add_ln305_1, i5 %hi" [../gen/Hls_Layers_UpConv.tpp:305->../gen/upconv_core_top_ucb0.cpp:40]   --->   Operation 89 'store' 'store_ln305' <Predicate = (!icmp_ln305)> <Delay = 0.42>
ST_14 : Operation 90 [2/2] (1.53ns)   --->   "%call_ln318 = call void @UpConv_Fused_Row<8, 16, 16, 960, 480>, i256 %gmem_weight, i64 %W_read, i256 %gmem_param, i64 %B_read, i64 %G_read, i64 %BE_read, i256 %gmem_out, i64 %Y_read, i16 %epsilon_read, i5 31, i16 %void_UpConv_Fused_Row_ap_uint_ap_uint_const_ap_uint_const_ap_uint_const_ap_u_9, i16 %void_UpConv_Fused_Row_ap_uint_ap_uint_const_ap_uint_const_ap_uint_const_ap_u_8, i16 %void_UpConv_Fused_Row_ap_uint_ap_uint_const_ap_uint_const_ap_uint_const_ap_u_7, i16 %void_UpConv_Fused_Row_ap_uint_ap_uint_const_ap_uint_const_ap_uint_const_ap_u_6, i16 %void_UpConv_Fused_Row_ap_uint_ap_uint_const_ap_uint_const_ap_uint_const_ap_u_5, i16 %void_UpConv_Fused_Row_ap_uint_ap_uint_const_ap_uint_const_ap_uint_const_ap_u_4, i16 %void_UpConv_Fused_Row_ap_uint_ap_uint_const_ap_uint_const_ap_uint_const_ap_u_3, i16 %void_UpConv_Fused_Row_ap_uint_ap_uint_const_ap_uint_const_ap_uint_const_ap_u_2, i16 %void_UpConv_Fused_Row_ap_uint_ap_uint_const_ap_uint_const_ap_uint_const_ap_u_1, i16 %void_UpConv_Fused_Row_ap_uint_ap_uint_const_ap_uint_const_ap_uint_const_ap_u, i16 %p_ZZ16UpConv_Fused_RowILi8ELi16ELi16ELi960ELi480EEvP7ap_uintILi256EEPKS1_S4_S4_S4_5, i16 %p_ZZ16UpConv_Fused_RowILi8ELi16ELi16ELi960ELi480EEvP7ap_uintILi256EEPKS1_S4_S4_S4_4, i16 %p_ZZ16UpConv_Fused_RowILi8ELi16ELi16ELi960ELi480EEvP7ap_uintILi256EEPKS1_S4_S4_S4_3, i16 %p_ZZ16UpConv_Fused_RowILi8ELi16ELi16ELi960ELi480EEvP7ap_uintILi256EEPKS1_S4_S4_S4_2, i16 %p_ZZ16UpConv_Fused_RowILi8ELi16ELi16ELi960ELi480EEvP7ap_uintILi256EEPKS1_S4_S4_S4_1, i16 %p_ZZ16UpConv_Fused_RowILi8ELi16ELi16ELi960ELi480EEvP7ap_uintILi256EEPKS1_S4_S4_S4, i256 %x_buf, i32 %mean_buf, i16 %inv_buf" [../gen/Hls_Layers_UpConv.tpp:318->../gen/upconv_core_top_ucb0.cpp:40]   --->   Operation 90 'call' 'call_ln318' <Predicate = (icmp_ln305)> <Delay = 1.53> <CoreType = "Generic">   --->   Generic Core

State 15 <SV = 14> <Delay = 0.00>
ST_15 : Operation 91 [1/2] (0.00ns)   --->   "%call_ln313 = call void @upconv_core_top_ucb0_Pipeline_LOAD_ROW_VITIS_LOOP_308_2, i256 %gmem_in, i5 %empty_174, i59 %trunc_ln1, i14 %sub_ln306, i256 %x_buf" [../gen/Hls_Layers_UpConv.tpp:313->../gen/upconv_core_top_ucb0.cpp:40]   --->   Operation 91 'call' 'call_ln313' <Predicate = true> <Delay = 0.00> <CoreType = "Generic">   --->   Generic Core

State 16 <SV = 15> <Delay = 2.31>
ST_16 : Operation 92 [1/1] (0.00ns)   --->   "%shl_ln313 = shl i5 %hi_1, i5 1" [../gen/Hls_Layers_UpConv.tpp:313->../gen/upconv_core_top_ucb0.cpp:40]   --->   Operation 92 'shl' 'shl_ln313' <Predicate = true> <Delay = 0.00>
ST_16 : Operation 93 [1/1] (0.78ns)   --->   "%add_ln313 = add i5 %shl_ln313, i5 31" [../gen/Hls_Layers_UpConv.tpp:313->../gen/upconv_core_top_ucb0.cpp:40]   --->   Operation 93 'add' 'add_ln313' <Predicate = true> <Delay = 0.78> <CoreInst = "Adder">   --->   Core 1 'Adder' <Latency = 0> <II = 1> <Delay = 0.78> <FuncUnit> <Opcode : 'add' 'sub'> <InPorts = 2> <OutPorts = 1>
ST_16 : Operation 94 [2/2] (1.53ns)   --->   "%call_ln313 = call void @UpConv_Fused_Row<8, 16, 16, 960, 480>, i256 %gmem_weight, i64 %W_read, i256 %gmem_param, i64 %B_read, i64 %G_read, i64 %BE_read, i256 %gmem_out, i64 %Y_read, i16 %epsilon_read, i5 %add_ln313, i16 %void_UpConv_Fused_Row_ap_uint_ap_uint_const_ap_uint_const_ap_uint_const_ap_u_9, i16 %void_UpConv_Fused_Row_ap_uint_ap_uint_const_ap_uint_const_ap_uint_const_ap_u_8, i16 %void_UpConv_Fused_Row_ap_uint_ap_uint_const_ap_uint_const_ap_uint_const_ap_u_7, i16 %void_UpConv_Fused_Row_ap_uint_ap_uint_const_ap_uint_const_ap_uint_const_ap_u_6, i16 %void_UpConv_Fused_Row_ap_uint_ap_uint_const_ap_uint_const_ap_uint_const_ap_u_5, i16 %void_UpConv_Fused_Row_ap_uint_ap_uint_const_ap_uint_const_ap_uint_const_ap_u_4, i16 %void_UpConv_Fused_Row_ap_uint_ap_uint_const_ap_uint_const_ap_uint_const_ap_u_3, i16 %void_UpConv_Fused_Row_ap_uint_ap_uint_const_ap_uint_const_ap_uint_const_ap_u_2, i16 %void_UpConv_Fused_Row_ap_uint_ap_uint_const_ap_uint_const_ap_uint_const_ap_u_1, i16 %void_UpConv_Fused_Row_ap_uint_ap_uint_const_ap_uint_const_ap_uint_const_ap_u, i16 %p_ZZ16UpConv_Fused_RowILi8ELi16ELi16ELi960ELi480EEvP7ap_uintILi256EEPKS1_S4_S4_S4_5, i16 %p_ZZ16UpConv_Fused_RowILi8ELi16ELi16ELi960ELi480EEvP7ap_uintILi256EEPKS1_S4_S4_S4_4, i16 %p_ZZ16UpConv_Fused_RowILi8ELi16ELi16ELi960ELi480EEvP7ap_uintILi256EEPKS1_S4_S4_S4_3, i16 %p_ZZ16UpConv_Fused_RowILi8ELi16ELi16ELi960ELi480EEvP7ap_uintILi256EEPKS1_S4_S4_S4_2, i16 %p_ZZ16UpConv_Fused_RowILi8ELi16ELi16ELi960ELi480EEvP7ap_uintILi256EEPKS1_S4_S4_S4_1, i16 %p_ZZ16UpConv_Fused_RowILi8ELi16ELi16ELi960ELi480EEvP7ap_uintILi256EEPKS1_S4_S4_S4, i256 %x_buf, i32 %mean_buf, i16 %inv_buf" [../gen/Hls_Layers_UpConv.tpp:313->../gen/upconv_core_top_ucb0.cpp:40]   --->   Operation 94 'call' 'call_ln313' <Predicate = true> <Delay = 1.53> <CoreType = "Generic">   --->   Generic Core

State 17 <SV = 16> <Delay = 0.00>
ST_17 : Operation 95 [1/2] (0.00ns)   --->   "%call_ln313 = call void @UpConv_Fused_Row<8, 16, 16, 960, 480>, i256 %gmem_weight, i64 %W_read, i256 %gmem_param, i64 %B_read, i64 %G_read, i64 %BE_read, i256 %gmem_out, i64 %Y_read, i16 %epsilon_read, i5 %add_ln313, i16 %void_UpConv_Fused_Row_ap_uint_ap_uint_const_ap_uint_const_ap_uint_const_ap_u_9, i16 %void_UpConv_Fused_Row_ap_uint_ap_uint_const_ap_uint_const_ap_uint_const_ap_u_8, i16 %void_UpConv_Fused_Row_ap_uint_ap_uint_const_ap_uint_const_ap_uint_const_ap_u_7, i16 %void_UpConv_Fused_Row_ap_uint_ap_uint_const_ap_uint_const_ap_uint_const_ap_u_6, i16 %void_UpConv_Fused_Row_ap_uint_ap_uint_const_ap_uint_const_ap_uint_const_ap_u_5, i16 %void_UpConv_Fused_Row_ap_uint_ap_uint_const_ap_uint_const_ap_uint_const_ap_u_4, i16 %void_UpConv_Fused_Row_ap_uint_ap_uint_const_ap_uint_const_ap_uint_const_ap_u_3, i16 %void_UpConv_Fused_Row_ap_uint_ap_uint_const_ap_uint_const_ap_uint_const_ap_u_2, i16 %void_UpConv_Fused_Row_ap_uint_ap_uint_const_ap_uint_const_ap_uint_const_ap_u_1, i16 %void_UpConv_Fused_Row_ap_uint_ap_uint_const_ap_uint_const_ap_uint_const_ap_u, i16 %p_ZZ16UpConv_Fused_RowILi8ELi16ELi16ELi960ELi480EEvP7ap_uintILi256EEPKS1_S4_S4_S4_5, i16 %p_ZZ16UpConv_Fused_RowILi8ELi16ELi16ELi960ELi480EEvP7ap_uintILi256EEPKS1_S4_S4_S4_4, i16 %p_ZZ16UpConv_Fused_RowILi8ELi16ELi16ELi960ELi480EEvP7ap_uintILi256EEPKS1_S4_S4_S4_3, i16 %p_ZZ16UpConv_Fused_RowILi8ELi16ELi16ELi960ELi480EEvP7ap_uintILi256EEPKS1_S4_S4_S4_2, i16 %p_ZZ16UpConv_Fused_RowILi8ELi16ELi16ELi960ELi480EEvP7ap_uintILi256EEPKS1_S4_S4_S4_1, i16 %p_ZZ16UpConv_Fused_RowILi8ELi16ELi16ELi960ELi480EEvP7ap_uintILi256EEPKS1_S4_S4_S4, i256 %x_buf, i32 %mean_buf, i16 %inv_buf" [../gen/Hls_Layers_UpConv.tpp:313->../gen/upconv_core_top_ucb0.cpp:40]   --->   Operation 95 'call' 'call_ln313' <Predicate = true> <Delay = 0.00> <CoreType = "Generic">   --->   Generic Core

State 18 <SV = 17> <Delay = 1.53>
ST_18 : Operation 96 [2/2] (1.53ns)   --->   "%call_ln314 = call void @UpConv_Fused_Row<8, 16, 16, 960, 480>, i256 %gmem_weight, i64 %W_read, i256 %gmem_param, i64 %B_read, i64 %G_read, i64 %BE_read, i256 %gmem_out, i64 %Y_read, i16 %epsilon_read, i5 %shl_ln313, i16 %void_UpConv_Fused_Row_ap_uint_ap_uint_const_ap_uint_const_ap_uint_const_ap_u_9, i16 %void_UpConv_Fused_Row_ap_uint_ap_uint_const_ap_uint_const_ap_uint_const_ap_u_8, i16 %void_UpConv_Fused_Row_ap_uint_ap_uint_const_ap_uint_const_ap_uint_const_ap_u_7, i16 %void_UpConv_Fused_Row_ap_uint_ap_uint_const_ap_uint_const_ap_uint_const_ap_u_6, i16 %void_UpConv_Fused_Row_ap_uint_ap_uint_const_ap_uint_const_ap_uint_const_ap_u_5, i16 %void_UpConv_Fused_Row_ap_uint_ap_uint_const_ap_uint_const_ap_uint_const_ap_u_4, i16 %void_UpConv_Fused_Row_ap_uint_ap_uint_const_ap_uint_const_ap_uint_const_ap_u_3, i16 %void_UpConv_Fused_Row_ap_uint_ap_uint_const_ap_uint_const_ap_uint_const_ap_u_2, i16 %void_UpConv_Fused_Row_ap_uint_ap_uint_const_ap_uint_const_ap_uint_const_ap_u_1, i16 %void_UpConv_Fused_Row_ap_uint_ap_uint_const_ap_uint_const_ap_uint_const_ap_u, i16 %p_ZZ16UpConv_Fused_RowILi8ELi16ELi16ELi960ELi480EEvP7ap_uintILi256EEPKS1_S4_S4_S4_5, i16 %p_ZZ16UpConv_Fused_RowILi8ELi16ELi16ELi960ELi480EEvP7ap_uintILi256EEPKS1_S4_S4_S4_4, i16 %p_ZZ16UpConv_Fused_RowILi8ELi16ELi16ELi960ELi480EEvP7ap_uintILi256EEPKS1_S4_S4_S4_3, i16 %p_ZZ16UpConv_Fused_RowILi8ELi16ELi16ELi960ELi480EEvP7ap_uintILi256EEPKS1_S4_S4_S4_2, i16 %p_ZZ16UpConv_Fused_RowILi8ELi16ELi16ELi960ELi480EEvP7ap_uintILi256EEPKS1_S4_S4_S4_1, i16 %p_ZZ16UpConv_Fused_RowILi8ELi16ELi16ELi960ELi480EEvP7ap_uintILi256EEPKS1_S4_S4_S4, i256 %x_buf, i32 %mean_buf, i16 %inv_buf" [../gen/Hls_Layers_UpConv.tpp:314->../gen/upconv_core_top_ucb0.cpp:40]   --->   Operation 96 'call' 'call_ln314' <Predicate = true> <Delay = 1.53> <CoreType = "Generic">   --->   Generic Core

State 19 <SV = 18> <Delay = 0.00>
ST_19 : Operation 97 [1/1] (0.00ns)   --->   "%speclooptripcount_ln305 = speclooptripcount void @_ssdm_op_SpecLoopTripCount, i64 15, i64 15, i64 15" [../gen/Hls_Layers_UpConv.tpp:305->../gen/upconv_core_top_ucb0.cpp:40]   --->   Operation 97 'speclooptripcount' 'speclooptripcount_ln305' <Predicate = true> <Delay = 0.00>
ST_19 : Operation 98 [1/1] (0.00ns)   --->   "%specloopname_ln305 = specloopname void @_ssdm_op_SpecLoopName, void @empty_140" [../gen/Hls_Layers_UpConv.tpp:305->../gen/upconv_core_top_ucb0.cpp:40]   --->   Operation 98 'specloopname' 'specloopname_ln305' <Predicate = true> <Delay = 0.00>
ST_19 : Operation 99 [1/2] (0.00ns)   --->   "%call_ln314 = call void @UpConv_Fused_Row<8, 16, 16, 960, 480>, i256 %gmem_weight, i64 %W_read, i256 %gmem_param, i64 %B_read, i64 %G_read, i64 %BE_read, i256 %gmem_out, i64 %Y_read, i16 %epsilon_read, i5 %shl_ln313, i16 %void_UpConv_Fused_Row_ap_uint_ap_uint_const_ap_uint_const_ap_uint_const_ap_u_9, i16 %void_UpConv_Fused_Row_ap_uint_ap_uint_const_ap_uint_const_ap_uint_const_ap_u_8, i16 %void_UpConv_Fused_Row_ap_uint_ap_uint_const_ap_uint_const_ap_uint_const_ap_u_7, i16 %void_UpConv_Fused_Row_ap_uint_ap_uint_const_ap_uint_const_ap_uint_const_ap_u_6, i16 %void_UpConv_Fused_Row_ap_uint_ap_uint_const_ap_uint_const_ap_uint_const_ap_u_5, i16 %void_UpConv_Fused_Row_ap_uint_ap_uint_const_ap_uint_const_ap_uint_const_ap_u_4, i16 %void_UpConv_Fused_Row_ap_uint_ap_uint_const_ap_uint_const_ap_uint_const_ap_u_3, i16 %void_UpConv_Fused_Row_ap_uint_ap_uint_const_ap_uint_const_ap_uint_const_ap_u_2, i16 %void_UpConv_Fused_Row_ap_uint_ap_uint_const_ap_uint_const_ap_uint_const_ap_u_1, i16 %void_UpConv_Fused_Row_ap_uint_ap_uint_const_ap_uint_const_ap_uint_const_ap_u, i16 %p_ZZ16UpConv_Fused_RowILi8ELi16ELi16ELi960ELi480EEvP7ap_uintILi256EEPKS1_S4_S4_S4_5, i16 %p_ZZ16UpConv_Fused_RowILi8ELi16ELi16ELi960ELi480EEvP7ap_uintILi256EEPKS1_S4_S4_S4_4, i16 %p_ZZ16UpConv_Fused_RowILi8ELi16ELi16ELi960ELi480EEvP7ap_uintILi256EEPKS1_S4_S4_S4_3, i16 %p_ZZ16UpConv_Fused_RowILi8ELi16ELi16ELi960ELi480EEvP7ap_uintILi256EEPKS1_S4_S4_S4_2, i16 %p_ZZ16UpConv_Fused_RowILi8ELi16ELi16ELi960ELi480EEvP7ap_uintILi256EEPKS1_S4_S4_S4_1, i16 %p_ZZ16UpConv_Fused_RowILi8ELi16ELi16ELi960ELi480EEvP7ap_uintILi256EEPKS1_S4_S4_S4, i256 %x_buf, i32 %mean_buf, i16 %inv_buf" [../gen/Hls_Layers_UpConv.tpp:314->../gen/upconv_core_top_ucb0.cpp:40]   --->   Operation 99 'call' 'call_ln314' <Predicate = true> <Delay = 0.00> <CoreType = "Generic">   --->   Generic Core
ST_19 : Operation 100 [1/1] (0.00ns)   --->   "%br_ln305 = br void %for.body17.i" [../gen/Hls_Layers_UpConv.tpp:305->../gen/upconv_core_top_ucb0.cpp:40]   --->   Operation 100 'br' 'br_ln305' <Predicate = true> <Delay = 0.00>

State 20 <SV = 14> <Delay = 0.00>
ST_20 : Operation 101 [1/2] (0.00ns)   --->   "%call_ln318 = call void @UpConv_Fused_Row<8, 16, 16, 960, 480>, i256 %gmem_weight, i64 %W_read, i256 %gmem_param, i64 %B_read, i64 %G_read, i64 %BE_read, i256 %gmem_out, i64 %Y_read, i16 %epsilon_read, i5 31, i16 %void_UpConv_Fused_Row_ap_uint_ap_uint_const_ap_uint_const_ap_uint_const_ap_u_9, i16 %void_UpConv_Fused_Row_ap_uint_ap_uint_const_ap_uint_const_ap_uint_const_ap_u_8, i16 %void_UpConv_Fused_Row_ap_uint_ap_uint_const_ap_uint_const_ap_uint_const_ap_u_7, i16 %void_UpConv_Fused_Row_ap_uint_ap_uint_const_ap_uint_const_ap_uint_const_ap_u_6, i16 %void_UpConv_Fused_Row_ap_uint_ap_uint_const_ap_uint_const_ap_uint_const_ap_u_5, i16 %void_UpConv_Fused_Row_ap_uint_ap_uint_const_ap_uint_const_ap_uint_const_ap_u_4, i16 %void_UpConv_Fused_Row_ap_uint_ap_uint_const_ap_uint_const_ap_uint_const_ap_u_3, i16 %void_UpConv_Fused_Row_ap_uint_ap_uint_const_ap_uint_const_ap_uint_const_ap_u_2, i16 %void_UpConv_Fused_Row_ap_uint_ap_uint_const_ap_uint_const_ap_uint_const_ap_u_1, i16 %void_UpConv_Fused_Row_ap_uint_ap_uint_const_ap_uint_const_ap_uint_const_ap_u, i16 %p_ZZ16UpConv_Fused_RowILi8ELi16ELi16ELi960ELi480EEvP7ap_uintILi256EEPKS1_S4_S4_S4_5, i16 %p_ZZ16UpConv_Fused_RowILi8ELi16ELi16ELi960ELi480EEvP7ap_uintILi256EEPKS1_S4_S4_S4_4, i16 %p_ZZ16UpConv_Fused_RowILi8ELi16ELi16ELi960ELi480EEvP7ap_uintILi256EEPKS1_S4_S4_S4_3, i16 %p_ZZ16UpConv_Fused_RowILi8ELi16ELi16ELi960ELi480EEvP7ap_uintILi256EEPKS1_S4_S4_S4_2, i16 %p_ZZ16UpConv_Fused_RowILi8ELi16ELi16ELi960ELi480EEvP7ap_uintILi256EEPKS1_S4_S4_S4_1, i16 %p_ZZ16UpConv_Fused_RowILi8ELi16ELi16ELi960ELi480EEvP7ap_uintILi256EEPKS1_S4_S4_S4, i256 %x_buf, i32 %mean_buf, i16 %inv_buf" [../gen/Hls_Layers_UpConv.tpp:318->../gen/upconv_core_top_ucb0.cpp:40]   --->   Operation 101 'call' 'call_ln318' <Predicate = true> <Delay = 0.00> <CoreType = "Generic">   --->   Generic Core
ST_20 : Operation 102 [1/1] (0.00ns)   --->   "%ret_ln42 = ret" [../gen/upconv_core_top_ucb0.cpp:42]   --->   Operation 102 'ret' 'ret_ln42' <Predicate = true> <Delay = 0.00>


============================================================
+ Verbose Summary: Timing violations
============================================================
Target clock period: 3.333ns, clock uncertainty: 0.900ns.

 <State 1>: 2.085ns
The critical path consists of the following:
	s_axi read operation ('X_read', ../gen/upconv_core_top_ucb0.cpp:11) on port 'X' (../gen/upconv_core_top_ucb0.cpp:11) [64]  (1.000 ns)
	'add' operation 64 bit ('add_ln305', ../gen/Hls_Layers_UpConv.tpp:305->../gen/upconv_core_top_ucb0.cpp:40) [72]  (1.085 ns)

 <State 2>: 2.433ns
The critical path consists of the following:
	'getelementptr' operation 256 bit ('gmem_in_addr', ../gen/Hls_Layers_UpConv.tpp:296->../gen/upconv_core_top_ucb0.cpp:40) [68]  (0.000 ns)
	bus request operation ('empty', ../gen/Hls_Layers_UpConv.tpp:296->../gen/upconv_core_top_ucb0.cpp:40) on port 'gmem_in' (../gen/Hls_Layers_UpConv.tpp:296->../gen/upconv_core_top_ucb0.cpp:40) [69]  (2.433 ns)

 <State 3>: 2.433ns
The critical path consists of the following:
	bus request operation ('empty', ../gen/Hls_Layers_UpConv.tpp:296->../gen/upconv_core_top_ucb0.cpp:40) on port 'gmem_in' (../gen/Hls_Layers_UpConv.tpp:296->../gen/upconv_core_top_ucb0.cpp:40) [69]  (2.433 ns)

 <State 4>: 2.433ns
The critical path consists of the following:
	bus request operation ('empty', ../gen/Hls_Layers_UpConv.tpp:296->../gen/upconv_core_top_ucb0.cpp:40) on port 'gmem_in' (../gen/Hls_Layers_UpConv.tpp:296->../gen/upconv_core_top_ucb0.cpp:40) [69]  (2.433 ns)

 <State 5>: 2.433ns
The critical path consists of the following:
	bus request operation ('empty', ../gen/Hls_Layers_UpConv.tpp:296->../gen/upconv_core_top_ucb0.cpp:40) on port 'gmem_in' (../gen/Hls_Layers_UpConv.tpp:296->../gen/upconv_core_top_ucb0.cpp:40) [69]  (2.433 ns)

 <State 6>: 2.433ns
The critical path consists of the following:
	bus request operation ('empty', ../gen/Hls_Layers_UpConv.tpp:296->../gen/upconv_core_top_ucb0.cpp:40) on port 'gmem_in' (../gen/Hls_Layers_UpConv.tpp:296->../gen/upconv_core_top_ucb0.cpp:40) [69]  (2.433 ns)

 <State 7>: 2.433ns
The critical path consists of the following:
	bus request operation ('empty', ../gen/Hls_Layers_UpConv.tpp:296->../gen/upconv_core_top_ucb0.cpp:40) on port 'gmem_in' (../gen/Hls_Layers_UpConv.tpp:296->../gen/upconv_core_top_ucb0.cpp:40) [69]  (2.433 ns)

 <State 8>: 2.433ns
The critical path consists of the following:
	bus request operation ('empty', ../gen/Hls_Layers_UpConv.tpp:296->../gen/upconv_core_top_ucb0.cpp:40) on port 'gmem_in' (../gen/Hls_Layers_UpConv.tpp:296->../gen/upconv_core_top_ucb0.cpp:40) [69]  (2.433 ns)

 <State 9>: 2.433ns
The critical path consists of the following:
	bus request operation ('empty', ../gen/Hls_Layers_UpConv.tpp:296->../gen/upconv_core_top_ucb0.cpp:40) on port 'gmem_in' (../gen/Hls_Layers_UpConv.tpp:296->../gen/upconv_core_top_ucb0.cpp:40) [69]  (2.433 ns)

 <State 10>: 0.000ns
The critical path consists of the following:

 <State 11>: 0.000ns
The critical path consists of the following:

 <State 12>: 1.530ns
The critical path consists of the following:
	'call' operation 0 bit ('call_ln302', ../gen/Hls_Layers_UpConv.tpp:302->../gen/upconv_core_top_ucb0.cpp:40) to 'UpConv_Fused_Row<8, 16, 16, 960, 480>' [71]  (1.530 ns)

 <State 13>: 0.000ns
The critical path consists of the following:

 <State 14>: 2.319ns
The critical path consists of the following:
	'load' operation 5 bit ('hi', ../gen/Hls_Layers_UpConv.tpp:313->../gen/upconv_core_top_ucb0.cpp:40) on local variable 'hi', ../gen/Hls_Layers_UpConv.tpp:305->../gen/upconv_core_top_ucb0.cpp:40 [78]  (0.000 ns)
	'icmp' operation 1 bit ('icmp_ln305', ../gen/Hls_Layers_UpConv.tpp:305->../gen/upconv_core_top_ucb0.cpp:40) [80]  (0.789 ns)
	'call' operation 0 bit ('call_ln318', ../gen/Hls_Layers_UpConv.tpp:318->../gen/upconv_core_top_ucb0.cpp:40) to 'UpConv_Fused_Row<8, 16, 16, 960, 480>' [101]  (1.530 ns)

 <State 15>: 0.000ns
The critical path consists of the following:

 <State 16>: 2.319ns
The critical path consists of the following:
	'shl' operation 5 bit ('shl_ln313', ../gen/Hls_Layers_UpConv.tpp:313->../gen/upconv_core_top_ucb0.cpp:40) [92]  (0.000 ns)
	'add' operation 5 bit ('add_ln313', ../gen/Hls_Layers_UpConv.tpp:313->../gen/upconv_core_top_ucb0.cpp:40) [93]  (0.789 ns)
	'call' operation 0 bit ('call_ln313', ../gen/Hls_Layers_UpConv.tpp:313->../gen/upconv_core_top_ucb0.cpp:40) to 'UpConv_Fused_Row<8, 16, 16, 960, 480>' [94]  (1.530 ns)

 <State 17>: 0.000ns
The critical path consists of the following:

 <State 18>: 1.530ns
The critical path consists of the following:
	'call' operation 0 bit ('call_ln314', ../gen/Hls_Layers_UpConv.tpp:314->../gen/upconv_core_top_ucb0.cpp:40) to 'UpConv_Fused_Row<8, 16, 16, 960, 480>' [95]  (1.530 ns)

 <State 19>: 0.000ns
The critical path consists of the following:

 <State 20>: 0.000ns
The critical path consists of the following:


============================================================
+ Verbose Summary: Binding
============================================================
N/A
* FSMD analyzer results:
  - Output states:
 - Input state : 
  - Chain level:
	State 1
	State 2
	State 3
	State 4
	State 5
	State 6
	State 7
	State 8
	State 9
	State 10
	State 11
	State 12
	State 13
	State 14
	State 15
	State 16
	State 17
	State 18
	State 19
	State 20


============================================================
+ Verbose Summary: Datapath Resource usage 
============================================================
N/A
