================================================================
== Design Size Report
================================================================

* Total Instructions per Compilation Phase
+---------------+-----------------------------+--------------+----------------------------------------------------------------------------------------+
| Phase         | Step                        | Instructions | Description                                                                            |
+---------------+-----------------------------+--------------+----------------------------------------------------------------------------------------+
| Compile/Link  |                             |  3,997       | After all functions are compiled and linked into a single design                       |
|               |                             |              |                                                                                        |
| Unroll/Inline |                             |              | After user unroll and inline pragmas are applied                                       |
|               | (1) unroll                  |  9,409       | user unroll pragmas are applied                                                        |
|               | (2) simplification          |  7,805       | simplification of applied user unroll pragmas                                          |
|               | (3) inline                  |  7,722       | user inline pragmas are applied                                                        |
|               | (4) simplification          |  7,641       | simplification of applied user inline pragmas                                          |
|               |                             |              |                                                                                        |
| Array/Struct  |                             |              | After user array partition and struct aggregate/disaggregate pragmas are applied       |
|               | (1) array partition         | 14,341       | user array partition pragmas are applied                                               |
|               | (2) simplification          | 10,104       | simplification of applied user array partition & struct aggregate/disaggregate pragmas |
|               | (3) aggregate/disaggregate  | 10,104       | user struct aggregate/disaggregate pragmas are applied                                 |
|               | (4) array reshape           | 10,100       | apply array reshape pragmas                                                            |
|               | (5) access patterns         | 10,133       | array access pattern optmizations                                                      |
|               |                             |              |                                                                                        |
| Performance   |                             |              | After transformations are applied to meet performance pragma targets                   |
|               | (1) loop simplification     | 10,077       | loop and instruction simplification                                                    |
|               | (2) parallelization         | 10,077       | loops are unrolled or pipelined to meet performance targets                            |
|               | (3) array partition         | 10,073       | arrays are partitioned to meet performance targets                                     |
|               | (4) simplification          | 10,073       | simplification of design after performance transformations                             |
|               |                             |              |                                                                                        |
| HW Transforms |                             |              | After hardware transfomations                                                          |
|               | (1) lowering                | 10,143       | initial conversion to HW specific instructions                                         |
|               | (2) optimizations           |  9,604       | high level synthesis optimizations                                                     |
+---------------+-----------------------------+--------------+----------------------------------------------------------------------------------------+

* Instructions per Function for each Compilation Phase
+--------------------------------------+-----------------------------+-----------------+-----------------+------------------+------------------+-----------------+
| Function                             | Location                    | Compile/Link    | Unroll/Inline   | Array/Struct     | Performance      | HW Transforms   |
+--------------------------------------+-----------------------------+-----------------+-----------------+------------------+------------------+-----------------+
| + upconv_core_top_ucb0               | upconv_core_top_ucb0.cpp:10 | 3,997           | 7,641           | 10,133           | 10,073           | 9,604           |
|  + UpConv_Fused_Top<8, 16, 16, ...   | Hls_Layers_UpConv.tpp:282   | 3,980           |                 |                  |                  |                 |
|   + UpConv_Fused_Row<8, 16, 16, ...  | Hls_Layers_UpConv.tpp:153   | 3,900 (4 calls) |                 |                  |                  |                 |
|      uc_load_tile<8, 480, 60>        | Hls_Layers_UpConv.tpp:68    |  184 (4 calls)  |                 |                  |                  |                 |
|    + uc_compute_tile<8, 16, 16, 6... | Hls_Layers_UpConv.tpp:86    | 1,308 (4 calls) |                 |                  |                  |                 |
|       bits_to_half<__fp16>           | Hls_Layers_UpConv.tpp:38    |  144 (8 calls)  |                 |                  |                  |                 |
|      bits_to_half<__fp16>            | Hls_Layers_UpConv.tpp:38    |  216 (12 calls) |                 |                  |                  |                 |
|    + my_sqrt_f                       | Hls_Layers_UpConv.tpp:52    |   16 (4 calls)  |                 |                  |                  |                 |
|       sqrtf                          | sqrtfloat.cpp:11            |    8 (4 calls)  |                 |                  |                  |                 |
|      half_to_bits<__fp16>            | Hls_Layers_UpConv.tpp:22    |  104 (4 calls)  |                 |                  |                  |                 |
|  + UpConv_Fused_Row<8, 16, 16, ...   | Hls_Layers_UpConv.tpp:153   |                 | 7,572 (4 calls) | 10,060 (4 calls) | 10,000 (4 calls) | 9,500 (4 calls) |
|     uc_load_tile<8, 480, 60>         | Hls_Layers_UpConv.tpp:68    |                 |  136 (4 calls)  |   340 (4 calls)  |   340 (4 calls)  |                 |
|     uc_compute_tile<8, 16, 16, 6...  | Hls_Layers_UpConv.tpp:86    |                 | 4,904 (4 calls) | 5,968 (4 calls)  | 5,908 (4 calls)  |                 |
+--------------------------------------+-----------------------------+-----------------+-----------------+------------------+------------------+-----------------+

* Design Size Message Settings
+---------------------------------------------+--------+------------------------------------------------------------------+
| Message Setting                             | Value  | Description                                                      |
+---------------------------------------------+--------+------------------------------------------------------------------+
| config_compile -design_size_maximum_warning | 100000 | Show a warning when total design instructions exceeds this value |
+---------------------------------------------+--------+------------------------------------------------------------------+


