

================================================================
== Vitis HLS Report for 'uc_load_tile_8_480_60_s'
================================================================
* Date:           Thu Jun 18 11:44:33 2026

* Version:        2024.2 (Build 5238294 on Nov  8 2024)
* Project:        upconv_block0
* Solution:       hls (Vivado IP Flow Target)
* Product family: zynquplus
* Target device:  xczu7ev-ffvc1156-2-e


================================================================
== Performance Estimates
================================================================
+ Timing: 
    * Summary: 
    +--------+---------+----------+------------+
    |  Clock |  Target | Estimated| Uncertainty|
    +--------+---------+----------+------------+
    |ap_clk  |  3.33 ns|  3.357 ns|     0.90 ns|
    +--------+---------+----------+------------+

+ Latency: 
    * Summary: 
    +---------+---------+-----------+-----------+------+------+-------------------------------------------------+
    |  Latency (cycles) |   Latency (absolute)  |   Interval  |                     Pipeline                    |
    |   min   |   max   |    min    |    max    |  min |  max |                       Type                      |
    +---------+---------+-----------+-----------+------+------+-------------------------------------------------+
    |     4333|     4333|  14.546 us|  14.546 us|  4331|  4331|  loop auto-rewind stp (delay=11 clock cycles(s))|
    +---------+---------+-----------+-----------+------+------+-------------------------------------------------+

    + Detail: 
        * Instance: 
        N/A

        * Loop: 
        +--------------------+---------+---------+----------+-----------+-----------+------+----------+
        |                    |  Latency (cycles) | Iteration|  Initiation Interval  | Trip |          |
        |      Loop Name     |   min   |   max   |  Latency |  achieved |   target  | Count| Pipelined|
        +--------------------+---------+---------+----------+-----------+-----------+------+----------+
        |- PRELOAD_W_W_FLAT  |     4331|     4331|        13|          1|          1|  4320|       yes|
        +--------------------+---------+---------+----------+-----------+-----------+------+----------+



================================================================
== Utilization Estimates
================================================================
* Summary: 
+-----------------+---------+------+--------+--------+-----+
|       Name      | BRAM_18K|  DSP |   FF   |   LUT  | URAM|
+-----------------+---------+------+--------+--------+-----+
|DSP              |        -|     -|       -|       -|    -|
|Expression       |        -|     -|       0|     486|    -|
|FIFO             |        -|     -|       -|       -|    -|
|Instance         |        -|     1|       0|       5|    -|
|Memory           |        -|     -|       -|       -|    -|
|Multiplexer      |        -|     -|       0|     135|    -|
|Register         |        -|     -|     902|     128|    -|
+-----------------+---------+------+--------+--------+-----+
|Total            |        0|     1|     902|     754|    0|
+-----------------+---------+------+--------+--------+-----+
|Available        |      624|  1728|  460800|  230400|   96|
+-----------------+---------+------+--------+--------+-----+
|Utilization (%)  |        0|    ~0|      ~0|      ~0|    0|
+-----------------+---------+------+--------+--------+-----+

+ Detail: 
    * Instance: 
    +-------------------------+---------------------+---------+----+---+----+-----+
    |         Instance        |        Module       | BRAM_18K| DSP| FF| LUT| URAM|
    +-------------------------+---------------------+---------+----+---+----+-----+
    |mul_9ns_16ns_24_1_1_U22  |mul_9ns_16ns_24_1_1  |        0|   1|  0|   5|    0|
    +-------------------------+---------------------+---------+----+---+----+-----+
    |Total                    |                     |        0|   1|  0|   5|    0|
    +-------------------------+---------------------+---------+----+---+----+-----+

    * DSP: 
    N/A

    * Memory: 
    N/A

    * FIFO: 
    N/A

    * Expression: 
    +--------------------------------+----------+----+---+----+------------+------------+
    |          Variable Name         | Operation| DSP| FF| LUT| Bitwidth P0| Bitwidth P1|
    +--------------------------------+----------+----+---+----+------------+------------+
    |add_ln71_1_fu_431_p2            |         +|   0|  0|  71|          64|          64|
    |add_ln71_2_fu_338_p2            |         +|   0|  0|  12|           4|           1|
    |add_ln71_3_fu_368_p2            |         +|   0|  0|  20|          13|           1|
    |add_ln71_fu_362_p2              |         +|   0|  0|  16|           9|           9|
    |add_ln75_fu_378_p2              |         +|   0|  0|  17|          10|           1|
    |add_ln77_fu_537_p2              |         +|   0|  0|  18|          10|          10|
    |add_ln79_fu_542_p2              |         +|   0|  0|  39|          32|           1|
    |ci_cnt_1_fu_471_p2              |         +|   0|  0|  39|          32|           1|
    |sub_ln77_fu_531_p2              |         -|   0|  0|  18|          10|          10|
    |ap_block_state4_io_grp1         |       and|   0|  0|   2|           1|           1|
    |ap_condition_291                |       and|   0|  0|   2|           1|           1|
    |ap_condition_736                |       and|   0|  0|   2|           1|           1|
    |ap_condition_741                |       and|   0|  0|   2|           1|           1|
    |ap_condition_745                |       and|   0|  0|   2|           1|           1|
    |icmp_ln71_fu_398_p2             |      icmp|   0|  0|  20|          13|          13|
    |icmp_ln75_fu_392_p2             |      icmp|   0|  0|  17|          10|          10|
    |icmp_ln79_fu_477_p2             |      icmp|   0|  0|  39|          32|           6|
    |ap_block_pp0_stage0_11001       |        or|   0|  0|   2|           1|           1|
    |ap_block_pp0_stage0_11001_grp0  |        or|   0|  0|   2|           1|           1|
    |or_ln71_fu_344_p2               |        or|   0|  0|   2|           1|           1|
    |ci_cnt_fu_483_p3                |    select|   0|  0|  32|           1|           1|
    |k_cnt_fu_548_p3                 |    select|   0|  0|  32|           1|          32|
    |kci_fu_384_p3                   |    select|   0|  0|  10|           1|           1|
    |select_ln71_1_fu_459_p3         |    select|   0|  0|  32|           1|           1|
    |select_ln71_2_fu_499_p3         |    select|   0|  0|  32|           1|           1|
    |tc_fu_350_p3                    |    select|   0|  0|   4|           1|           4|
    |ap_enable_pp0                   |       xor|   0|  0|   2|           1|           2|
    +--------------------------------+----------+----+---+----+------------+------------+
    |Total                           |          |   0|  0| 486|         254|         177|
    +--------------------------------+----------+----+---+----+------------+------------+

    * Multiplexer: 
    +----------------------------------------+----+-----------+-----+-----------+
    |                  Name                  | LUT| Input Size| Bits| Total Bits|
    +----------------------------------------+----+-----------+-----+-----------+
    |ap_done_int                             |   9|          2|    1|          2|
    |ap_loop_exit_ready_pp0_iter12_reg       |   9|          2|    1|          2|
    |ap_phi_mux_icmp_ln7554_phi_fu_277_p4    |   9|          2|    1|          2|
    |ap_return                               |   9|          2|    6|         12|
    |ap_sig_allocacmp_indvar_flatten48_load  |   9|          2|   13|         26|
    |ap_sig_allocacmp_kci51_load             |   9|          2|   10|         20|
    |ap_sig_allocacmp_tc49_load              |   9|          2|    4|          8|
    |ci_cnt52_fu_138                         |   9|          2|   32|         64|
    |gmem_weight_blk_n_AR                    |   9|          2|    1|          2|
    |gmem_weight_blk_n_R                     |   9|          2|    1|          2|
    |icmp_ln7554_reg_274                     |   9|          2|    1|          2|
    |indvar_flatten48_fu_126                 |   9|          2|   13|         26|
    |k_cnt53_fu_142                          |   9|          2|   32|         64|
    |kci51_fu_134                            |   9|          2|   10|         20|
    |tc49_fu_130                             |   9|          2|    4|          8|
    +----------------------------------------+----+-----------+-----+-----------+
    |Total                                   | 135|         30|  130|        260|
    +----------------------------------------+----+-----------+-----+-----------+

    * Register: 
    +---------------------------------------------------+-----+----+-----+-----------+
    |                        Name                       |  FF | LUT| Bits| Const Bits|
    +---------------------------------------------------+-----+----+-----+-----------+
    |W_ptr_read_reg_610                                 |   64|   0|   64|          0|
    |W_ptr_read_reg_610_pp0_iter1_reg                   |   64|   0|   64|          0|
    |add_ln71_reg_619                                   |    9|   0|    9|          0|
    |add_ln77_reg_663                                   |   10|   0|   10|          0|
    |ap_CS_fsm                                          |    1|   0|    1|          0|
    |ap_block_pp0_stage0_subdone_grp0_done_reg          |    1|   0|    1|          0|
    |ap_block_pp0_stage0_subdone_grp0_done_reg_iter0    |    1|   0|    1|          0|
    |ap_condition_exit_pp0_iter0_stage0_pp0_iter10_reg  |    1|   0|    1|          0|
    |ap_condition_exit_pp0_iter0_stage0_pp0_iter11_reg  |    1|   0|    1|          0|
    |ap_condition_exit_pp0_iter0_stage0_pp0_iter1_reg   |    1|   0|    1|          0|
    |ap_condition_exit_pp0_iter0_stage0_pp0_iter2_reg   |    1|   0|    1|          0|
    |ap_condition_exit_pp0_iter0_stage0_pp0_iter3_reg   |    1|   0|    1|          0|
    |ap_condition_exit_pp0_iter0_stage0_pp0_iter4_reg   |    1|   0|    1|          0|
    |ap_condition_exit_pp0_iter0_stage0_pp0_iter5_reg   |    1|   0|    1|          0|
    |ap_condition_exit_pp0_iter0_stage0_pp0_iter6_reg   |    1|   0|    1|          0|
    |ap_condition_exit_pp0_iter0_stage0_pp0_iter7_reg   |    1|   0|    1|          0|
    |ap_condition_exit_pp0_iter0_stage0_pp0_iter8_reg   |    1|   0|    1|          0|
    |ap_condition_exit_pp0_iter0_stage0_pp0_iter9_reg   |    1|   0|    1|          0|
    |ap_done_reg                                        |    1|   0|    1|          0|
    |ap_enable_reg_pp0_iter1                            |    1|   0|    1|          0|
    |ap_enable_reg_pp0_iter10                           |    1|   0|    1|          0|
    |ap_enable_reg_pp0_iter11                           |    1|   0|    1|          0|
    |ap_enable_reg_pp0_iter12                           |    1|   0|    1|          0|
    |ap_enable_reg_pp0_iter2                            |    1|   0|    1|          0|
    |ap_enable_reg_pp0_iter3                            |    1|   0|    1|          0|
    |ap_enable_reg_pp0_iter4                            |    1|   0|    1|          0|
    |ap_enable_reg_pp0_iter5                            |    1|   0|    1|          0|
    |ap_enable_reg_pp0_iter6                            |    1|   0|    1|          0|
    |ap_enable_reg_pp0_iter7                            |    1|   0|    1|          0|
    |ap_enable_reg_pp0_iter8                            |    1|   0|    1|          0|
    |ap_enable_reg_pp0_iter9                            |    1|   0|    1|          0|
    |ap_loop_exit_ready_pp0_iter10_reg                  |    1|   0|    1|          0|
    |ap_loop_exit_ready_pp0_iter11_reg                  |    1|   0|    1|          0|
    |ap_loop_exit_ready_pp0_iter12_reg                  |    1|   0|    1|          0|
    |ap_loop_exit_ready_pp0_iter1_reg                   |    1|   0|    1|          0|
    |ap_loop_exit_ready_pp0_iter2_reg                   |    1|   0|    1|          0|
    |ap_loop_exit_ready_pp0_iter3_reg                   |    1|   0|    1|          0|
    |ap_loop_exit_ready_pp0_iter4_reg                   |    1|   0|    1|          0|
    |ap_loop_exit_ready_pp0_iter5_reg                   |    1|   0|    1|          0|
    |ap_loop_exit_ready_pp0_iter6_reg                   |    1|   0|    1|          0|
    |ap_loop_exit_ready_pp0_iter7_reg                   |    1|   0|    1|          0|
    |ap_loop_exit_ready_pp0_iter8_reg                   |    1|   0|    1|          0|
    |ap_loop_exit_ready_pp0_iter9_reg                   |    1|   0|    1|          0|
    |ap_return_preg                                     |    6|   0|    6|          0|
    |ci_cnt52_fu_138                                    |   32|   0|   32|          0|
    |gmem_weight_addr_read_reg_668                      |  256|   0|  256|          0|
    |icmp_ln71_reg_633                                  |    1|   0|    1|          0|
    |icmp_ln7554_reg_274                                |    1|   0|    1|          0|
    |icmp_ln75_reg_628                                  |    1|   0|    1|          0|
    |icmp_ln79_reg_658                                  |    1|   0|    1|          0|
    |indvar_flatten48_fu_126                            |   13|   0|   13|          0|
    |k_cnt53_fu_142                                     |   32|   0|   32|          0|
    |kci51_fu_134                                       |   10|   0|   10|          0|
    |mul_ln71_reg_637                                   |   24|   0|   24|          0|
    |or_ln71_reg_615                                    |    1|   0|    1|          0|
    |tc49_fu_130                                        |    4|   0|    4|          0|
    |tile_read_reg_606                                  |    6|   0|    6|          0|
    |trunc_ln71_reg_624                                 |    3|   0|    3|          0|
    |trunc_ln75_reg_653                                 |   10|   0|   10|          0|
    |trunc_ln_reg_642                                   |   59|   0|   59|          0|
    |icmp_ln7554_reg_274                                |   64|  32|    1|          0|
    |or_ln71_reg_615                                    |   64|  32|    1|          0|
    |tile_read_reg_606                                  |   64|  32|    6|          0|
    |trunc_ln71_reg_624                                 |   64|  32|    3|          0|
    +---------------------------------------------------+-----+----+-----+-----------+
    |Total                                              |  902| 128|  657|          0|
    +---------------------------------------------------+-----+----+-----+-----------+



================================================================
== Interface
================================================================
* Summary: 
+------------------------------+-----+-----+------------+--------------------------+--------------+
|           RTL Ports          | Dir | Bits|  Protocol  |       Source Object      |    C Type    |
+------------------------------+-----+-----+------------+--------------------------+--------------+
|ap_clk                        |   in|    1|  ap_ctrl_hs|  uc_load_tile<8, 480, 60>|  return value|
|ap_rst                        |   in|    1|  ap_ctrl_hs|  uc_load_tile<8, 480, 60>|  return value|
|ap_start                      |   in|    1|  ap_ctrl_hs|  uc_load_tile<8, 480, 60>|  return value|
|ap_done                       |  out|    1|  ap_ctrl_hs|  uc_load_tile<8, 480, 60>|  return value|
|ap_continue                   |   in|    1|  ap_ctrl_hs|  uc_load_tile<8, 480, 60>|  return value|
|ap_idle                       |  out|    1|  ap_ctrl_hs|  uc_load_tile<8, 480, 60>|  return value|
|ap_ready                      |  out|    1|  ap_ctrl_hs|  uc_load_tile<8, 480, 60>|  return value|
|ap_return                     |  out|    6|  ap_ctrl_hs|  uc_load_tile<8, 480, 60>|  return value|
|m_axi_gmem_weight_0_AWVALID   |  out|    1|       m_axi|               gmem_weight|       pointer|
|m_axi_gmem_weight_0_AWREADY   |   in|    1|       m_axi|               gmem_weight|       pointer|
|m_axi_gmem_weight_0_AWADDR    |  out|   64|       m_axi|               gmem_weight|       pointer|
|m_axi_gmem_weight_0_AWID      |  out|    1|       m_axi|               gmem_weight|       pointer|
|m_axi_gmem_weight_0_AWLEN     |  out|   32|       m_axi|               gmem_weight|       pointer|
|m_axi_gmem_weight_0_AWSIZE    |  out|    3|       m_axi|               gmem_weight|       pointer|
|m_axi_gmem_weight_0_AWBURST   |  out|    2|       m_axi|               gmem_weight|       pointer|
|m_axi_gmem_weight_0_AWLOCK    |  out|    2|       m_axi|               gmem_weight|       pointer|
|m_axi_gmem_weight_0_AWCACHE   |  out|    4|       m_axi|               gmem_weight|       pointer|
|m_axi_gmem_weight_0_AWPROT    |  out|    3|       m_axi|               gmem_weight|       pointer|
|m_axi_gmem_weight_0_AWQOS     |  out|    4|       m_axi|               gmem_weight|       pointer|
|m_axi_gmem_weight_0_AWREGION  |  out|    4|       m_axi|               gmem_weight|       pointer|
|m_axi_gmem_weight_0_AWUSER    |  out|    1|       m_axi|               gmem_weight|       pointer|
|m_axi_gmem_weight_0_WVALID    |  out|    1|       m_axi|               gmem_weight|       pointer|
|m_axi_gmem_weight_0_WREADY    |   in|    1|       m_axi|               gmem_weight|       pointer|
|m_axi_gmem_weight_0_WDATA     |  out|  256|       m_axi|               gmem_weight|       pointer|
|m_axi_gmem_weight_0_WSTRB     |  out|   32|       m_axi|               gmem_weight|       pointer|
|m_axi_gmem_weight_0_WLAST     |  out|    1|       m_axi|               gmem_weight|       pointer|
|m_axi_gmem_weight_0_WID       |  out|    1|       m_axi|               gmem_weight|       pointer|
|m_axi_gmem_weight_0_WUSER     |  out|    1|       m_axi|               gmem_weight|       pointer|
|m_axi_gmem_weight_0_ARVALID   |  out|    1|       m_axi|               gmem_weight|       pointer|
|m_axi_gmem_weight_0_ARREADY   |   in|    1|       m_axi|               gmem_weight|       pointer|
|m_axi_gmem_weight_0_ARADDR    |  out|   64|       m_axi|               gmem_weight|       pointer|
|m_axi_gmem_weight_0_ARID      |  out|    1|       m_axi|               gmem_weight|       pointer|
|m_axi_gmem_weight_0_ARLEN     |  out|   32|       m_axi|               gmem_weight|       pointer|
|m_axi_gmem_weight_0_ARSIZE    |  out|    3|       m_axi|               gmem_weight|       pointer|
|m_axi_gmem_weight_0_ARBURST   |  out|    2|       m_axi|               gmem_weight|       pointer|
|m_axi_gmem_weight_0_ARLOCK    |  out|    2|       m_axi|               gmem_weight|       pointer|
|m_axi_gmem_weight_0_ARCACHE   |  out|    4|       m_axi|               gmem_weight|       pointer|
|m_axi_gmem_weight_0_ARPROT    |  out|    3|       m_axi|               gmem_weight|       pointer|
|m_axi_gmem_weight_0_ARQOS     |  out|    4|       m_axi|               gmem_weight|       pointer|
|m_axi_gmem_weight_0_ARREGION  |  out|    4|       m_axi|               gmem_weight|       pointer|
|m_axi_gmem_weight_0_ARUSER    |  out|    1|       m_axi|               gmem_weight|       pointer|
|m_axi_gmem_weight_0_RVALID    |   in|    1|       m_axi|               gmem_weight|       pointer|
|m_axi_gmem_weight_0_RREADY    |  out|    1|       m_axi|               gmem_weight|       pointer|
|m_axi_gmem_weight_0_RDATA     |   in|  256|       m_axi|               gmem_weight|       pointer|
|m_axi_gmem_weight_0_RLAST     |   in|    1|       m_axi|               gmem_weight|       pointer|
|m_axi_gmem_weight_0_RID       |   in|    1|       m_axi|               gmem_weight|       pointer|
|m_axi_gmem_weight_0_RFIFONUM  |   in|   11|       m_axi|               gmem_weight|       pointer|
|m_axi_gmem_weight_0_RUSER     |   in|    1|       m_axi|               gmem_weight|       pointer|
|m_axi_gmem_weight_0_RRESP     |   in|    2|       m_axi|               gmem_weight|       pointer|
|m_axi_gmem_weight_0_BVALID    |   in|    1|       m_axi|               gmem_weight|       pointer|
|m_axi_gmem_weight_0_BREADY    |  out|    1|       m_axi|               gmem_weight|       pointer|
|m_axi_gmem_weight_0_BRESP     |   in|    2|       m_axi|               gmem_weight|       pointer|
|m_axi_gmem_weight_0_BID       |   in|    1|       m_axi|               gmem_weight|       pointer|
|m_axi_gmem_weight_0_BUSER     |   in|    1|       m_axi|               gmem_weight|       pointer|
|W_ptr                         |   in|   64|     ap_none|                     W_ptr|        scalar|
|tile                          |   in|    6|     ap_none|                      tile|        scalar|
|wbuf_0_address0               |  out|   10|   ap_memory|                    wbuf_0|         array|
|wbuf_0_ce0                    |  out|    1|   ap_memory|                    wbuf_0|         array|
|wbuf_0_we0                    |  out|    1|   ap_memory|                    wbuf_0|         array|
|wbuf_0_d0                     |  out|  256|   ap_memory|                    wbuf_0|         array|
|wbuf_1_address0               |  out|   10|   ap_memory|                    wbuf_1|         array|
|wbuf_1_ce0                    |  out|    1|   ap_memory|                    wbuf_1|         array|
|wbuf_1_we0                    |  out|    1|   ap_memory|                    wbuf_1|         array|
|wbuf_1_d0                     |  out|  256|   ap_memory|                    wbuf_1|         array|
|wbuf_2_address0               |  out|   10|   ap_memory|                    wbuf_2|         array|
|wbuf_2_ce0                    |  out|    1|   ap_memory|                    wbuf_2|         array|
|wbuf_2_we0                    |  out|    1|   ap_memory|                    wbuf_2|         array|
|wbuf_2_d0                     |  out|  256|   ap_memory|                    wbuf_2|         array|
|wbuf_3_address0               |  out|   10|   ap_memory|                    wbuf_3|         array|
|wbuf_3_ce0                    |  out|    1|   ap_memory|                    wbuf_3|         array|
|wbuf_3_we0                    |  out|    1|   ap_memory|                    wbuf_3|         array|
|wbuf_3_d0                     |  out|  256|   ap_memory|                    wbuf_3|         array|
|wbuf_4_address0               |  out|   10|   ap_memory|                    wbuf_4|         array|
|wbuf_4_ce0                    |  out|    1|   ap_memory|                    wbuf_4|         array|
|wbuf_4_we0                    |  out|    1|   ap_memory|                    wbuf_4|         array|
|wbuf_4_d0                     |  out|  256|   ap_memory|                    wbuf_4|         array|
|wbuf_5_address0               |  out|   10|   ap_memory|                    wbuf_5|         array|
|wbuf_5_ce0                    |  out|    1|   ap_memory|                    wbuf_5|         array|
|wbuf_5_we0                    |  out|    1|   ap_memory|                    wbuf_5|         array|
|wbuf_5_d0                     |  out|  256|   ap_memory|                    wbuf_5|         array|
|wbuf_6_address0               |  out|   10|   ap_memory|                    wbuf_6|         array|
|wbuf_6_ce0                    |  out|    1|   ap_memory|                    wbuf_6|         array|
|wbuf_6_we0                    |  out|    1|   ap_memory|                    wbuf_6|         array|
|wbuf_6_d0                     |  out|  256|   ap_memory|                    wbuf_6|         array|
|wbuf_7_address0               |  out|   10|   ap_memory|                    wbuf_7|         array|
|wbuf_7_ce0                    |  out|    1|   ap_memory|                    wbuf_7|         array|
|wbuf_7_we0                    |  out|    1|   ap_memory|                    wbuf_7|         array|
|wbuf_7_d0                     |  out|  256|   ap_memory|                    wbuf_7|         array|
+------------------------------+-----+-----+------------+--------------------------+--------------+

