

================================================================
== Vitis HLS Report for 'UpConv_Fused_Row_8_16_16_960_480_Pipeline_PIXEL_NORM'
================================================================
* Date:           Thu Jun 18 11:44:36 2026

* Version:        2024.2 (Build 5238294 on Nov  8 2024)
* Project:        upconv_block0
* Solution:       hls (Vivado IP Flow Target)
* Product family: zynquplus
* Target device:  xczu7ev-ffvc1156-2-e


================================================================
== Performance Estimates
================================================================
+ Timing: 
    * Summary: 
    +--------+---------+----------+------------+
    |  Clock |  Target | Estimated| Uncertainty|
    +--------+---------+----------+------------+
    |ap_clk  |  3.33 ns|  2.433 ns|     0.90 ns|
    +--------+---------+----------+------------+

+ Latency: 
    * Summary: 
    +---------+---------+----------+----------+-----+-----+------------------------------------------------+
    |  Latency (cycles) |  Latency (absolute) |  Interval |                    Pipeline                    |
    |   min   |   max   |    min   |    max   | min | max |                      Type                      |
    +---------+---------+----------+----------+-----+-----+------------------------------------------------+
    |      990|      990|  3.300 us|  3.300 us|  961|  961|  loop auto-rewind stp (delay=0 clock cycles(s))|
    +---------+---------+----------+----------+-----+-----+------------------------------------------------+

    + Detail: 
        * Instance: 
        N/A

        * Loop: 
        +--------------+---------+---------+----------+-----------+-----------+------+----------+
        |              |  Latency (cycles) | Iteration|  Initiation Interval  | Trip |          |
        |   Loop Name  |   min   |   max   |  Latency |  achieved |   target  | Count| Pipelined|
        +--------------+---------+---------+----------+-----------+-----------+------+----------+
        |- PIXEL_NORM  |      988|      988|        30|          1|          1|   960|       yes|
        +--------------+---------+---------+----------+-----------+-----------+------+----------+



================================================================
== Utilization Estimates
================================================================
* Summary: 
+-----------------+---------+------+--------+--------+-----+
|       Name      | BRAM_18K|  DSP |   FF   |   LUT  | URAM|
+-----------------+---------+------+--------+--------+-----+
|DSP              |        -|     -|       -|       -|    -|
|Expression       |        -|     -|       0|    1567|    -|
|FIFO             |        -|     -|       -|       -|    -|
|Instance         |        -|   126|    6291|    4591|    -|
|Memory           |        -|     -|       -|       -|    -|
|Multiplexer      |        -|     -|       0|      81|    -|
|Register         |        -|     -|    4015|     640|    -|
+-----------------+---------+------+--------+--------+-----+
|Total            |        0|   126|   10306|    6879|    0|
+-----------------+---------+------+--------+--------+-----+
|Available        |      624|  1728|  460800|  230400|   96|
+-----------------+---------+------+--------+--------+-----+
|Utilization (%)  |        0|     7|       2|       2|    0|
+-----------------+---------+------+--------+--------+-----+

+ Detail: 
    * Instance: 
    +-------------------------------------+--------------------------------+---------+----+-----+-----+-----+
    |               Instance              |             Module             | BRAM_18K| DSP|  FF | LUT | URAM|
    +-------------------------------------+--------------------------------+---------+----+-----+-----+-----+
    |hadd_16ns_16ns_16_5_full_dsp_1_U512  |hadd_16ns_16ns_16_5_full_dsp_1  |        0|   2|  109|  113|    0|
    |hadd_16ns_16ns_16_5_full_dsp_1_U513  |hadd_16ns_16ns_16_5_full_dsp_1  |        0|   2|  109|  113|    0|
    |hadd_16ns_16ns_16_5_full_dsp_1_U514  |hadd_16ns_16ns_16_5_full_dsp_1  |        0|   2|  109|  113|    0|
    |hadd_16ns_16ns_16_5_full_dsp_1_U515  |hadd_16ns_16ns_16_5_full_dsp_1  |        0|   2|  109|  113|    0|
    |hadd_16ns_16ns_16_5_full_dsp_1_U516  |hadd_16ns_16ns_16_5_full_dsp_1  |        0|   2|  109|  113|    0|
    |hadd_16ns_16ns_16_5_full_dsp_1_U517  |hadd_16ns_16ns_16_5_full_dsp_1  |        0|   2|  109|  113|    0|
    |hadd_16ns_16ns_16_5_full_dsp_1_U518  |hadd_16ns_16ns_16_5_full_dsp_1  |        0|   2|  109|  113|    0|
    |hadd_16ns_16ns_16_5_full_dsp_1_U519  |hadd_16ns_16ns_16_5_full_dsp_1  |        0|   2|  109|  113|    0|
    |hadd_16ns_16ns_16_5_full_dsp_1_U520  |hadd_16ns_16ns_16_5_full_dsp_1  |        0|   2|  109|  113|    0|
    |hadd_16ns_16ns_16_5_full_dsp_1_U521  |hadd_16ns_16ns_16_5_full_dsp_1  |        0|   2|  109|  113|    0|
    |hadd_16ns_16ns_16_5_full_dsp_1_U522  |hadd_16ns_16ns_16_5_full_dsp_1  |        0|   2|  109|  113|    0|
    |hadd_16ns_16ns_16_5_full_dsp_1_U523  |hadd_16ns_16ns_16_5_full_dsp_1  |        0|   2|  109|  113|    0|
    |hadd_16ns_16ns_16_5_full_dsp_1_U524  |hadd_16ns_16ns_16_5_full_dsp_1  |        0|   2|  109|  113|    0|
    |hadd_16ns_16ns_16_5_full_dsp_1_U525  |hadd_16ns_16ns_16_5_full_dsp_1  |        0|   2|  109|  113|    0|
    |hadd_16ns_16ns_16_5_full_dsp_1_U526  |hadd_16ns_16ns_16_5_full_dsp_1  |        0|   2|  109|  113|    0|
    |hcmp_16ns_16ns_1_2_no_dsp_1_U575     |hcmp_16ns_16ns_1_2_no_dsp_1     |        0|   0|    0|    0|    0|
    |hcmp_16ns_16ns_1_2_no_dsp_1_U576     |hcmp_16ns_16ns_1_2_no_dsp_1     |        0|   0|    0|    0|    0|
    |hcmp_16ns_16ns_1_2_no_dsp_1_U577     |hcmp_16ns_16ns_1_2_no_dsp_1     |        0|   0|    0|    0|    0|
    |hcmp_16ns_16ns_1_2_no_dsp_1_U578     |hcmp_16ns_16ns_1_2_no_dsp_1     |        0|   0|    0|    0|    0|
    |hcmp_16ns_16ns_1_2_no_dsp_1_U579     |hcmp_16ns_16ns_1_2_no_dsp_1     |        0|   0|    0|    0|    0|
    |hcmp_16ns_16ns_1_2_no_dsp_1_U580     |hcmp_16ns_16ns_1_2_no_dsp_1     |        0|   0|    0|    0|    0|
    |hcmp_16ns_16ns_1_2_no_dsp_1_U581     |hcmp_16ns_16ns_1_2_no_dsp_1     |        0|   0|    0|    0|    0|
    |hcmp_16ns_16ns_1_2_no_dsp_1_U582     |hcmp_16ns_16ns_1_2_no_dsp_1     |        0|   0|    0|    0|    0|
    |hcmp_16ns_16ns_1_2_no_dsp_1_U583     |hcmp_16ns_16ns_1_2_no_dsp_1     |        0|   0|    0|    0|    0|
    |hcmp_16ns_16ns_1_2_no_dsp_1_U584     |hcmp_16ns_16ns_1_2_no_dsp_1     |        0|   0|    0|    0|    0|
    |hcmp_16ns_16ns_1_2_no_dsp_1_U585     |hcmp_16ns_16ns_1_2_no_dsp_1     |        0|   0|    0|    0|    0|
    |hcmp_16ns_16ns_1_2_no_dsp_1_U586     |hcmp_16ns_16ns_1_2_no_dsp_1     |        0|   0|    0|    0|    0|
    |hcmp_16ns_16ns_1_2_no_dsp_1_U587     |hcmp_16ns_16ns_1_2_no_dsp_1     |        0|   0|    0|    0|    0|
    |hcmp_16ns_16ns_1_2_no_dsp_1_U588     |hcmp_16ns_16ns_1_2_no_dsp_1     |        0|   0|    0|    0|    0|
    |hcmp_16ns_16ns_1_2_no_dsp_1_U589     |hcmp_16ns_16ns_1_2_no_dsp_1     |        0|   0|    0|    0|    0|
    |hcmp_16ns_16ns_1_2_no_dsp_1_U590     |hcmp_16ns_16ns_1_2_no_dsp_1     |        0|   0|    0|    0|    0|
    |hmul_16ns_16ns_16_4_max_dsp_1_U543   |hmul_16ns_16ns_16_4_max_dsp_1   |        0|   2|   91|   34|    0|
    |hmul_16ns_16ns_16_4_max_dsp_1_U544   |hmul_16ns_16ns_16_4_max_dsp_1   |        0|   2|   91|   34|    0|
    |hmul_16ns_16ns_16_4_max_dsp_1_U545   |hmul_16ns_16ns_16_4_max_dsp_1   |        0|   2|   91|   34|    0|
    |hmul_16ns_16ns_16_4_max_dsp_1_U546   |hmul_16ns_16ns_16_4_max_dsp_1   |        0|   2|   91|   34|    0|
    |hmul_16ns_16ns_16_4_max_dsp_1_U547   |hmul_16ns_16ns_16_4_max_dsp_1   |        0|   2|   91|   34|    0|
    |hmul_16ns_16ns_16_4_max_dsp_1_U548   |hmul_16ns_16ns_16_4_max_dsp_1   |        0|   2|   91|   34|    0|
    |hmul_16ns_16ns_16_4_max_dsp_1_U549   |hmul_16ns_16ns_16_4_max_dsp_1   |        0|   2|   91|   34|    0|
    |hmul_16ns_16ns_16_4_max_dsp_1_U550   |hmul_16ns_16ns_16_4_max_dsp_1   |        0|   2|   91|   34|    0|
    |hmul_16ns_16ns_16_4_max_dsp_1_U551   |hmul_16ns_16ns_16_4_max_dsp_1   |        0|   2|   91|   34|    0|
    |hmul_16ns_16ns_16_4_max_dsp_1_U552   |hmul_16ns_16ns_16_4_max_dsp_1   |        0|   2|   91|   34|    0|
    |hmul_16ns_16ns_16_4_max_dsp_1_U553   |hmul_16ns_16ns_16_4_max_dsp_1   |        0|   2|   91|   34|    0|
    |hmul_16ns_16ns_16_4_max_dsp_1_U554   |hmul_16ns_16ns_16_4_max_dsp_1   |        0|   2|   91|   34|    0|
    |hmul_16ns_16ns_16_4_max_dsp_1_U555   |hmul_16ns_16ns_16_4_max_dsp_1   |        0|   2|   91|   34|    0|
    |hmul_16ns_16ns_16_4_max_dsp_1_U556   |hmul_16ns_16ns_16_4_max_dsp_1   |        0|   2|   91|   34|    0|
    |hmul_16ns_16ns_16_4_max_dsp_1_U557   |hmul_16ns_16ns_16_4_max_dsp_1   |        0|   2|   91|   34|    0|
    |hmul_16ns_16ns_16_4_max_dsp_1_U558   |hmul_16ns_16ns_16_4_max_dsp_1   |        0|   2|   91|   34|    0|
    |hmul_16ns_16ns_16_4_max_dsp_1_U559   |hmul_16ns_16ns_16_4_max_dsp_1   |        0|   2|   91|   34|    0|
    |hmul_16ns_16ns_16_4_max_dsp_1_U560   |hmul_16ns_16ns_16_4_max_dsp_1   |        0|   2|   91|   34|    0|
    |hmul_16ns_16ns_16_4_max_dsp_1_U561   |hmul_16ns_16ns_16_4_max_dsp_1   |        0|   2|   91|   34|    0|
    |hmul_16ns_16ns_16_4_max_dsp_1_U562   |hmul_16ns_16ns_16_4_max_dsp_1   |        0|   2|   91|   34|    0|
    |hmul_16ns_16ns_16_4_max_dsp_1_U563   |hmul_16ns_16ns_16_4_max_dsp_1   |        0|   2|   91|   34|    0|
    |hmul_16ns_16ns_16_4_max_dsp_1_U564   |hmul_16ns_16ns_16_4_max_dsp_1   |        0|   2|   91|   34|    0|
    |hmul_16ns_16ns_16_4_max_dsp_1_U565   |hmul_16ns_16ns_16_4_max_dsp_1   |        0|   2|   91|   34|    0|
    |hmul_16ns_16ns_16_4_max_dsp_1_U566   |hmul_16ns_16ns_16_4_max_dsp_1   |        0|   2|   91|   34|    0|
    |hmul_16ns_16ns_16_4_max_dsp_1_U567   |hmul_16ns_16ns_16_4_max_dsp_1   |        0|   2|   91|   34|    0|
    |hmul_16ns_16ns_16_4_max_dsp_1_U568   |hmul_16ns_16ns_16_4_max_dsp_1   |        0|   2|   91|   34|    0|
    |hmul_16ns_16ns_16_4_max_dsp_1_U569   |hmul_16ns_16ns_16_4_max_dsp_1   |        0|   2|   91|   34|    0|
    |hmul_16ns_16ns_16_4_max_dsp_1_U570   |hmul_16ns_16ns_16_4_max_dsp_1   |        0|   2|   91|   34|    0|
    |hmul_16ns_16ns_16_4_max_dsp_1_U571   |hmul_16ns_16ns_16_4_max_dsp_1   |        0|   2|   91|   34|    0|
    |hmul_16ns_16ns_16_4_max_dsp_1_U572   |hmul_16ns_16ns_16_4_max_dsp_1   |        0|   2|   91|   34|    0|
    |hmul_16ns_16ns_16_4_max_dsp_1_U573   |hmul_16ns_16ns_16_4_max_dsp_1   |        0|   2|   91|   34|    0|
    |hmul_16ns_16ns_16_4_max_dsp_1_U574   |hmul_16ns_16ns_16_4_max_dsp_1   |        0|   2|   91|   34|    0|
    |hsub_16ns_16ns_16_5_full_dsp_1_U527  |hsub_16ns_16ns_16_5_full_dsp_1  |        0|   2|  109|  113|    0|
    |hsub_16ns_16ns_16_5_full_dsp_1_U528  |hsub_16ns_16ns_16_5_full_dsp_1  |        0|   2|  109|  113|    0|
    |hsub_16ns_16ns_16_5_full_dsp_1_U529  |hsub_16ns_16ns_16_5_full_dsp_1  |        0|   2|  109|  113|    0|
    |hsub_16ns_16ns_16_5_full_dsp_1_U530  |hsub_16ns_16ns_16_5_full_dsp_1  |        0|   2|  109|  113|    0|
    |hsub_16ns_16ns_16_5_full_dsp_1_U531  |hsub_16ns_16ns_16_5_full_dsp_1  |        0|   2|  109|  113|    0|
    |hsub_16ns_16ns_16_5_full_dsp_1_U532  |hsub_16ns_16ns_16_5_full_dsp_1  |        0|   2|  109|  113|    0|
    |hsub_16ns_16ns_16_5_full_dsp_1_U533  |hsub_16ns_16ns_16_5_full_dsp_1  |        0|   2|  109|  113|    0|
    |hsub_16ns_16ns_16_5_full_dsp_1_U534  |hsub_16ns_16ns_16_5_full_dsp_1  |        0|   2|  109|  113|    0|
    |hsub_16ns_16ns_16_5_full_dsp_1_U535  |hsub_16ns_16ns_16_5_full_dsp_1  |        0|   2|  109|  113|    0|
    |hsub_16ns_16ns_16_5_full_dsp_1_U536  |hsub_16ns_16ns_16_5_full_dsp_1  |        0|   2|  109|  113|    0|
    |hsub_16ns_16ns_16_5_full_dsp_1_U537  |hsub_16ns_16ns_16_5_full_dsp_1  |        0|   2|  109|  113|    0|
    |hsub_16ns_16ns_16_5_full_dsp_1_U538  |hsub_16ns_16ns_16_5_full_dsp_1  |        0|   2|  109|  113|    0|
    |hsub_16ns_16ns_16_5_full_dsp_1_U539  |hsub_16ns_16ns_16_5_full_dsp_1  |        0|   2|  109|  113|    0|
    |hsub_16ns_16ns_16_5_full_dsp_1_U540  |hsub_16ns_16ns_16_5_full_dsp_1  |        0|   2|  109|  113|    0|
    |hsub_16ns_16ns_16_5_full_dsp_1_U541  |hsub_16ns_16ns_16_5_full_dsp_1  |        0|   2|  109|  113|    0|
    |hsub_16ns_16ns_16_5_full_dsp_1_U542  |hsub_16ns_16ns_16_5_full_dsp_1  |        0|   2|  109|  113|    0|
    +-------------------------------------+--------------------------------+---------+----+-----+-----+-----+
    |Total                                |                                |        0| 126| 6291| 4591|    0|
    +-------------------------------------+--------------------------------+---------+----+-----+-----+-----+

    * DSP: 
    N/A

    * Memory: 
    N/A

    * FIFO: 
    N/A

    * Expression: 
    +--------------------------------+----------+----+---+----+------------+------------+
    |          Variable Name         | Operation| DSP| FF| LUT| Bitwidth P0| Bitwidth P1|
    +--------------------------------+----------+----+---+----+------------+------------+
    |add_ln266_fu_918_p2             |         +|   0|  0|  18|          10|          10|
    |add_ln273_1_fu_1157_p2          |         +|   0|  0|  32|          32|          32|
    |add_ln273_2_fu_1745_p2          |         +|   0|  0|  71|          64|          64|
    |add_ln273_fu_1134_p2            |         +|   0|  0|  39|          32|          32|
    |cwn_1_fu_1175_p2                |         +|   0|  0|  39|          32|           1|
    |m_4_fu_863_p2                   |         +|   0|  0|  17|          10|           1|
    |wn_1_fu_1169_p2                 |         +|   0|  0|  39|          32|           1|
    |sub_ln266_fu_908_p2             |         -|   0|  0|  18|          10|          10|
    |sub_ln273_fu_1151_p2            |         -|   0|  0|  32|          32|          32|
    |ap_block_pp0_stage0_00001_grp1  |       and|   0|  0|   2|           1|           1|
    |icmp_ln258_fu_857_p2            |      icmp|   0|  0|  17|          10|           8|
    |icmp_ln266_10_fu_1058_p2        |      icmp|   0|  0|  39|          32|           9|
    |icmp_ln266_11_fu_1072_p2        |      icmp|   0|  0|  39|          32|           9|
    |icmp_ln266_12_fu_1086_p2        |      icmp|   0|  0|  39|          32|           9|
    |icmp_ln266_13_fu_1100_p2        |      icmp|   0|  0|  39|          32|           9|
    |icmp_ln266_14_fu_1114_p2        |      icmp|   0|  0|  39|          32|           9|
    |icmp_ln266_15_fu_1128_p2        |      icmp|   0|  0|  39|          32|           9|
    |icmp_ln266_1_fu_932_p2          |      icmp|   0|  0|  39|          32|           9|
    |icmp_ln266_2_fu_946_p2          |      icmp|   0|  0|  39|          32|           9|
    |icmp_ln266_3_fu_960_p2          |      icmp|   0|  0|  39|          32|           9|
    |icmp_ln266_4_fu_974_p2          |      icmp|   0|  0|  39|          32|           9|
    |icmp_ln266_5_fu_988_p2          |      icmp|   0|  0|  39|          32|           9|
    |icmp_ln266_6_fu_1002_p2         |      icmp|   0|  0|  39|          32|           9|
    |icmp_ln266_7_fu_1016_p2         |      icmp|   0|  0|  39|          32|           9|
    |icmp_ln266_8_fu_1030_p2         |      icmp|   0|  0|  39|          32|           9|
    |icmp_ln266_9_fu_1044_p2         |      icmp|   0|  0|  39|          32|           9|
    |icmp_ln266_fu_1236_p2           |      icmp|   0|  0|  39|          32|           9|
    |icmp_ln274_fu_1163_p2           |      icmp|   0|  0|  39|          32|           5|
    |ap_block_pp0_stage0_11001       |        or|   0|  0|   2|           1|           1|
    |cwn_2_fu_1189_p3                |    select|   0|  0|  32|           1|           1|
    |grp_fu_755_p0                   |    select|   0|  0|  16|           1|          16|
    |grp_fu_760_p0                   |    select|   0|  0|  16|           1|          16|
    |grp_fu_765_p0                   |    select|   0|  0|  16|           1|          16|
    |grp_fu_770_p0                   |    select|   0|  0|  16|           1|          16|
    |grp_fu_775_p0                   |    select|   0|  0|  16|           1|          16|
    |grp_fu_780_p0                   |    select|   0|  0|  16|           1|          16|
    |grp_fu_785_p0                   |    select|   0|  0|  16|           1|          16|
    |grp_fu_790_p0                   |    select|   0|  0|  16|           1|          16|
    |grp_fu_795_p0                   |    select|   0|  0|  16|           1|          16|
    |grp_fu_800_p0                   |    select|   0|  0|  16|           1|          16|
    |grp_fu_805_p0                   |    select|   0|  0|  16|           1|          16|
    |grp_fu_810_p0                   |    select|   0|  0|  16|           1|          16|
    |grp_fu_815_p0                   |    select|   0|  0|  16|           1|          16|
    |grp_fu_820_p0                   |    select|   0|  0|  16|           1|          16|
    |grp_fu_825_p0                   |    select|   0|  0|  16|           1|          16|
    |grp_fu_830_p0                   |    select|   0|  0|  16|           1|          16|
    |select_ln27_10_fu_1873_p3       |    select|   0|  0|  16|           1|           1|
    |select_ln27_11_fu_1884_p3       |    select|   0|  0|  16|           1|           1|
    |select_ln27_12_fu_1895_p3       |    select|   0|  0|  16|           1|           1|
    |select_ln27_13_fu_1906_p3       |    select|   0|  0|  16|           1|           1|
    |select_ln27_14_fu_1917_p3       |    select|   0|  0|  16|           1|           1|
    |select_ln27_15_fu_1928_p3       |    select|   0|  0|  16|           1|           1|
    |select_ln27_1_fu_1774_p3        |    select|   0|  0|  16|           1|           1|
    |select_ln27_2_fu_1785_p3        |    select|   0|  0|  16|           1|           1|
    |select_ln27_3_fu_1796_p3        |    select|   0|  0|  16|           1|           1|
    |select_ln27_4_fu_1807_p3        |    select|   0|  0|  16|           1|           1|
    |select_ln27_5_fu_1818_p3        |    select|   0|  0|  16|           1|           1|
    |select_ln27_6_fu_1829_p3        |    select|   0|  0|  16|           1|           1|
    |select_ln27_7_fu_1840_p3        |    select|   0|  0|  16|           1|           1|
    |select_ln27_8_fu_1851_p3        |    select|   0|  0|  16|           1|           1|
    |select_ln27_9_fu_1862_p3        |    select|   0|  0|  16|           1|           1|
    |select_ln27_fu_1763_p3          |    select|   0|  0|  16|           1|           1|
    |wn_2_fu_1181_p3                 |    select|   0|  0|  32|           1|          32|
    |ap_enable_pp0                   |       xor|   0|  0|   2|           1|           2|
    +--------------------------------+----------+----+---+----+------------+------------+
    |Total                           |          |   0|  0|1567|         845|         649|
    +--------------------------------+----------+----+---+----+------------+------------+

    * Multiplexer: 
    +-------------------------+----+-----------+-----+-----------+
    |           Name          | LUT| Input Size| Bits| Total Bits|
    +-------------------------+----+-----------+-----+-----------+
    |ap_done_int              |   9|          2|    1|          2|
    |ap_enable_reg_pp0_iter1  |   9|          2|    1|          2|
    |ap_enable_reg_pp0_iter2  |   9|          2|    1|          2|
    |cwn_fu_200               |   9|          2|   32|         64|
    |gmem_out_blk_n_AW        |   9|          2|    1|          2|
    |gmem_out_blk_n_B         |   9|          2|    1|          2|
    |gmem_out_blk_n_W         |   9|          2|    1|          2|
    |m_3_fu_204               |   9|          2|   10|         20|
    |wn_fu_196                |   9|          2|   32|         64|
    +-------------------------+----+-----------+-----+-----------+
    |Total                    |  81|         18|   80|        160|
    +-------------------------+----+-----------+-----+-----------+

    * Register: 
    +-----------------------------------------------------------------------------------------------+----+----+-----+-----------+
    |                                              Name                                             | FF | LUT| Bits| Const Bits|
    +-----------------------------------------------------------------------------------------------+----+----+-----+-----------+
    |add154_10_reg_2948                                                                             |  16|   0|   16|          0|
    |add154_11_reg_2953                                                                             |  16|   0|   16|          0|
    |add154_12_reg_2958                                                                             |  16|   0|   16|          0|
    |add154_13_reg_2963                                                                             |  16|   0|   16|          0|
    |add154_14_reg_2968                                                                             |  16|   0|   16|          0|
    |add154_1_reg_2898                                                                              |  16|   0|   16|          0|
    |add154_2_reg_2903                                                                              |  16|   0|   16|          0|
    |add154_3_reg_2908                                                                              |  16|   0|   16|          0|
    |add154_4_reg_2913                                                                              |  16|   0|   16|          0|
    |add154_5_reg_2918                                                                              |  16|   0|   16|          0|
    |add154_6_reg_2923                                                                              |  16|   0|   16|          0|
    |add154_7_reg_2928                                                                              |  16|   0|   16|          0|
    |add154_8_reg_2933                                                                              |  16|   0|   16|          0|
    |add154_9_reg_2938                                                                              |  16|   0|   16|          0|
    |add154_s_reg_2943                                                                              |  16|   0|   16|          0|
    |add_ln266_reg_2018                                                                             |  10|   0|   10|          0|
    |add_ln266_reg_2018_pp0_iter2_reg                                                               |  10|   0|   10|          0|
    |add_ln273_1_reg_2098                                                                           |  32|   0|   32|          0|
    |add_reg_2893                                                                                   |  16|   0|   16|          0|
    |ap_CS_fsm                                                                                      |   1|   0|    1|          0|
    |ap_done_reg                                                                                    |   1|   0|    1|          0|
    |ap_enable_reg_pp0_iter1                                                                        |   1|   0|    1|          0|
    |ap_enable_reg_pp0_iter10                                                                       |   1|   0|    1|          0|
    |ap_enable_reg_pp0_iter11                                                                       |   1|   0|    1|          0|
    |ap_enable_reg_pp0_iter12                                                                       |   1|   0|    1|          0|
    |ap_enable_reg_pp0_iter13                                                                       |   1|   0|    1|          0|
    |ap_enable_reg_pp0_iter14                                                                       |   1|   0|    1|          0|
    |ap_enable_reg_pp0_iter15                                                                       |   1|   0|    1|          0|
    |ap_enable_reg_pp0_iter16                                                                       |   1|   0|    1|          0|
    |ap_enable_reg_pp0_iter17                                                                       |   1|   0|    1|          0|
    |ap_enable_reg_pp0_iter18                                                                       |   1|   0|    1|          0|
    |ap_enable_reg_pp0_iter19                                                                       |   1|   0|    1|          0|
    |ap_enable_reg_pp0_iter2                                                                        |   1|   0|    1|          0|
    |ap_enable_reg_pp0_iter20                                                                       |   1|   0|    1|          0|
    |ap_enable_reg_pp0_iter21                                                                       |   1|   0|    1|          0|
    |ap_enable_reg_pp0_iter22                                                                       |   1|   0|    1|          0|
    |ap_enable_reg_pp0_iter23                                                                       |   1|   0|    1|          0|
    |ap_enable_reg_pp0_iter24                                                                       |   1|   0|    1|          0|
    |ap_enable_reg_pp0_iter25                                                                       |   1|   0|    1|          0|
    |ap_enable_reg_pp0_iter26                                                                       |   1|   0|    1|          0|
    |ap_enable_reg_pp0_iter27                                                                       |   1|   0|    1|          0|
    |ap_enable_reg_pp0_iter28                                                                       |   1|   0|    1|          0|
    |ap_enable_reg_pp0_iter29                                                                       |   1|   0|    1|          0|
    |ap_enable_reg_pp0_iter3                                                                        |   1|   0|    1|          0|
    |ap_enable_reg_pp0_iter30                                                                       |   1|   0|    1|          0|
    |ap_enable_reg_pp0_iter4                                                                        |   1|   0|    1|          0|
    |ap_enable_reg_pp0_iter5                                                                        |   1|   0|    1|          0|
    |ap_enable_reg_pp0_iter6                                                                        |   1|   0|    1|          0|
    |ap_enable_reg_pp0_iter7                                                                        |   1|   0|    1|          0|
    |ap_enable_reg_pp0_iter8                                                                        |   1|   0|    1|          0|
    |ap_enable_reg_pp0_iter9                                                                        |   1|   0|    1|          0|
    |ap_loop_exit_ready_pp0_iter10_reg                                                              |   1|   0|    1|          0|
    |ap_loop_exit_ready_pp0_iter11_reg                                                              |   1|   0|    1|          0|
    |ap_loop_exit_ready_pp0_iter12_reg                                                              |   1|   0|    1|          0|
    |ap_loop_exit_ready_pp0_iter13_reg                                                              |   1|   0|    1|          0|
    |ap_loop_exit_ready_pp0_iter14_reg                                                              |   1|   0|    1|          0|
    |ap_loop_exit_ready_pp0_iter15_reg                                                              |   1|   0|    1|          0|
    |ap_loop_exit_ready_pp0_iter16_reg                                                              |   1|   0|    1|          0|
    |ap_loop_exit_ready_pp0_iter17_reg                                                              |   1|   0|    1|          0|
    |ap_loop_exit_ready_pp0_iter18_reg                                                              |   1|   0|    1|          0|
    |ap_loop_exit_ready_pp0_iter19_reg                                                              |   1|   0|    1|          0|
    |ap_loop_exit_ready_pp0_iter20_reg                                                              |   1|   0|    1|          0|
    |ap_loop_exit_ready_pp0_iter21_reg                                                              |   1|   0|    1|          0|
    |ap_loop_exit_ready_pp0_iter22_reg                                                              |   1|   0|    1|          0|
    |ap_loop_exit_ready_pp0_iter23_reg                                                              |   1|   0|    1|          0|
    |ap_loop_exit_ready_pp0_iter24_reg                                                              |   1|   0|    1|          0|
    |ap_loop_exit_ready_pp0_iter25_reg                                                              |   1|   0|    1|          0|
    |ap_loop_exit_ready_pp0_iter26_reg                                                              |   1|   0|    1|          0|
    |ap_loop_exit_ready_pp0_iter27_reg                                                              |   1|   0|    1|          0|
    |ap_loop_exit_ready_pp0_iter28_reg                                                              |   1|   0|    1|          0|
    |ap_loop_exit_ready_pp0_iter29_reg                                                              |   1|   0|    1|          0|
    |ap_loop_exit_ready_pp0_iter2_reg                                                               |   1|   0|    1|          0|
    |ap_loop_exit_ready_pp0_iter3_reg                                                               |   1|   0|    1|          0|
    |ap_loop_exit_ready_pp0_iter4_reg                                                               |   1|   0|    1|          0|
    |ap_loop_exit_ready_pp0_iter5_reg                                                               |   1|   0|    1|          0|
    |ap_loop_exit_ready_pp0_iter6_reg                                                               |   1|   0|    1|          0|
    |ap_loop_exit_ready_pp0_iter7_reg                                                               |   1|   0|    1|          0|
    |ap_loop_exit_ready_pp0_iter8_reg                                                               |   1|   0|    1|          0|
    |ap_loop_exit_ready_pp0_iter9_reg                                                               |   1|   0|    1|          0|
    |cwn_fu_200                                                                                     |  32|   0|   32|          0|
    |cwn_load_reg_2002                                                                              |  32|   0|   32|          0|
    |icmp_ln266_10_reg_2068                                                                         |   1|   0|    1|          0|
    |icmp_ln266_11_reg_2073                                                                         |   1|   0|    1|          0|
    |icmp_ln266_12_reg_2078                                                                         |   1|   0|    1|          0|
    |icmp_ln266_13_reg_2083                                                                         |   1|   0|    1|          0|
    |icmp_ln266_14_reg_2088                                                                         |   1|   0|    1|          0|
    |icmp_ln266_15_reg_2093                                                                         |   1|   0|    1|          0|
    |icmp_ln266_1_reg_2023                                                                          |   1|   0|    1|          0|
    |icmp_ln266_2_reg_2028                                                                          |   1|   0|    1|          0|
    |icmp_ln266_3_reg_2033                                                                          |   1|   0|    1|          0|
    |icmp_ln266_4_reg_2038                                                                          |   1|   0|    1|          0|
    |icmp_ln266_5_reg_2043                                                                          |   1|   0|    1|          0|
    |icmp_ln266_6_reg_2048                                                                          |   1|   0|    1|          0|
    |icmp_ln266_7_reg_2053                                                                          |   1|   0|    1|          0|
    |icmp_ln266_8_reg_2058                                                                          |   1|   0|    1|          0|
    |icmp_ln266_9_reg_2063                                                                          |   1|   0|    1|          0|
    |icmp_ln266_reg_2208                                                                            |   1|   0|    1|          0|
    |idxprom135_reg_2398                                                                            |  32|   0|   64|         32|
    |inv_w_reg_2298                                                                                 |  16|   0|   16|          0|
    |m_3_fu_204                                                                                     |  10|   0|   10|          0|
    |mean_buf_load_reg_2103                                                                         |  32|   0|   32|          0|
    |mean_w_reg_2188                                                                                |  16|   0|   16|          0|
    |mul152_10_reg_2523                                                                             |  16|   0|   16|          0|
    |mul152_11_reg_2533                                                                             |  16|   0|   16|          0|
    |mul152_12_reg_2543                                                                             |  16|   0|   16|          0|
    |mul152_13_reg_2553                                                                             |  16|   0|   16|          0|
    |mul152_14_reg_2563                                                                             |  16|   0|   16|          0|
    |mul152_1_reg_2423                                                                              |  16|   0|   16|          0|
    |mul152_2_reg_2433                                                                              |  16|   0|   16|          0|
    |mul152_3_reg_2443                                                                              |  16|   0|   16|          0|
    |mul152_4_reg_2453                                                                              |  16|   0|   16|          0|
    |mul152_5_reg_2463                                                                              |  16|   0|   16|          0|
    |mul152_6_reg_2473                                                                              |  16|   0|   16|          0|
    |mul152_7_reg_2483                                                                              |  16|   0|   16|          0|
    |mul152_8_reg_2493                                                                              |  16|   0|   16|          0|
    |mul152_9_reg_2503                                                                              |  16|   0|   16|          0|
    |mul152_s_reg_2513                                                                              |  16|   0|   16|          0|
    |mul153_10_reg_2768                                                                             |  16|   0|   16|          0|
    |mul153_11_reg_2778                                                                             |  16|   0|   16|          0|
    |mul153_12_reg_2788                                                                             |  16|   0|   16|          0|
    |mul153_13_reg_2798                                                                             |  16|   0|   16|          0|
    |mul153_14_reg_2808                                                                             |  16|   0|   16|          0|
    |mul153_1_reg_2668                                                                              |  16|   0|   16|          0|
    |mul153_2_reg_2678                                                                              |  16|   0|   16|          0|
    |mul153_3_reg_2688                                                                              |  16|   0|   16|          0|
    |mul153_4_reg_2698                                                                              |  16|   0|   16|          0|
    |mul153_5_reg_2708                                                                              |  16|   0|   16|          0|
    |mul153_6_reg_2718                                                                              |  16|   0|   16|          0|
    |mul153_7_reg_2728                                                                              |  16|   0|   16|          0|
    |mul153_8_reg_2738                                                                              |  16|   0|   16|          0|
    |mul153_9_reg_2748                                                                              |  16|   0|   16|          0|
    |mul153_s_reg_2758                                                                              |  16|   0|   16|          0|
    |mul1_reg_2413                                                                                  |  16|   0|   16|          0|
    |mul2_reg_2658                                                                                  |  16|   0|   16|          0|
    |norm_10_reg_3033                                                                               |  16|   0|   16|          0|
    |norm_11_reg_3039                                                                               |  16|   0|   16|          0|
    |norm_12_reg_3045                                                                               |  16|   0|   16|          0|
    |norm_13_reg_3051                                                                               |  16|   0|   16|          0|
    |norm_14_reg_3057                                                                               |  16|   0|   16|          0|
    |norm_15_reg_3063                                                                               |  16|   0|   16|          0|
    |norm_1_reg_2979                                                                                |  16|   0|   16|          0|
    |norm_2_reg_2985                                                                                |  16|   0|   16|          0|
    |norm_3_reg_2991                                                                                |  16|   0|   16|          0|
    |norm_4_reg_2997                                                                                |  16|   0|   16|          0|
    |norm_5_reg_3003                                                                                |  16|   0|   16|          0|
    |norm_6_reg_3009                                                                                |  16|   0|   16|          0|
    |norm_7_reg_3015                                                                                |  16|   0|   16|          0|
    |norm_8_reg_3021                                                                                |  16|   0|   16|          0|
    |norm_9_reg_3027                                                                                |  16|   0|   16|          0|
    |norm_reg_2973                                                                                  |  16|   0|   16|          0|
    |p_ZZ16UpConv_Fused_RowILi8ELi16ELi16ELi960ELi480EEvP7ap_uintILi256EEPKS1_S4_S4_S4_42_reg_2263  |  16|   0|   16|          0|
    |p_ZZ16UpConv_Fused_RowILi8ELi16ELi16ELi960ELi480EEvP7ap_uintILi256EEPKS1_S4_S4_S4_43_reg_2268  |  16|   0|   16|          0|
    |p_ZZ16UpConv_Fused_RowILi8ELi16ELi16ELi960ELi480EEvP7ap_uintILi256EEPKS1_S4_S4_S4_44_reg_2273  |  16|   0|   16|          0|
    |p_ZZ16UpConv_Fused_RowILi8ELi16ELi16ELi960ELi480EEvP7ap_uintILi256EEPKS1_S4_S4_S4_45_reg_2278  |  16|   0|   16|          0|
    |p_ZZ16UpConv_Fused_RowILi8ELi16ELi16ELi960ELi480EEvP7ap_uintILi256EEPKS1_S4_S4_S4_46_reg_2283  |  16|   0|   16|          0|
    |p_ZZ16UpConv_Fused_RowILi8ELi16ELi16ELi960ELi480EEvP7ap_uintILi256EEPKS1_S4_S4_S4_47_reg_2288  |  16|   0|   16|          0|
    |select_ln27_10_reg_3124                                                                        |  16|   0|   16|          0|
    |select_ln27_11_reg_3129                                                                        |  16|   0|   16|          0|
    |select_ln27_12_reg_3134                                                                        |  16|   0|   16|          0|
    |select_ln27_13_reg_3139                                                                        |  16|   0|   16|          0|
    |select_ln27_14_reg_3144                                                                        |  16|   0|   16|          0|
    |select_ln27_15_reg_3149                                                                        |  16|   0|   16|          0|
    |select_ln27_1_reg_3079                                                                         |  16|   0|   16|          0|
    |select_ln27_2_reg_3084                                                                         |  16|   0|   16|          0|
    |select_ln27_3_reg_3089                                                                         |  16|   0|   16|          0|
    |select_ln27_4_reg_3094                                                                         |  16|   0|   16|          0|
    |select_ln27_5_reg_3099                                                                         |  16|   0|   16|          0|
    |select_ln27_6_reg_3104                                                                         |  16|   0|   16|          0|
    |select_ln27_7_reg_3109                                                                         |  16|   0|   16|          0|
    |select_ln27_8_reg_3114                                                                         |  16|   0|   16|          0|
    |select_ln27_9_reg_3119                                                                         |  16|   0|   16|          0|
    |select_ln27_reg_3074                                                                           |  16|   0|   16|          0|
    |sub151_10_reg_2373                                                                             |  16|   0|   16|          0|
    |sub151_11_reg_2378                                                                             |  16|   0|   16|          0|
    |sub151_12_reg_2383                                                                             |  16|   0|   16|          0|
    |sub151_13_reg_2388                                                                             |  16|   0|   16|          0|
    |sub151_14_reg_2393                                                                             |  16|   0|   16|          0|
    |sub151_1_reg_2323                                                                              |  16|   0|   16|          0|
    |sub151_2_reg_2328                                                                              |  16|   0|   16|          0|
    |sub151_3_reg_2333                                                                              |  16|   0|   16|          0|
    |sub151_4_reg_2338                                                                              |  16|   0|   16|          0|
    |sub151_5_reg_2343                                                                              |  16|   0|   16|          0|
    |sub151_6_reg_2348                                                                              |  16|   0|   16|          0|
    |sub151_7_reg_2353                                                                              |  16|   0|   16|          0|
    |sub151_8_reg_2358                                                                              |  16|   0|   16|          0|
    |sub151_9_reg_2363                                                                              |  16|   0|   16|          0|
    |sub151_s_reg_2368                                                                              |  16|   0|   16|          0|
    |sub1_reg_2318                                                                                  |  16|   0|   16|          0|
    |trunc_ln8_reg_3069                                                                             |  59|   0|   59|          0|
    |u_136_reg_2663                                                                                 |  16|   0|   16|          0|
    |u_137_reg_2673                                                                                 |  16|   0|   16|          0|
    |u_138_reg_2683                                                                                 |  16|   0|   16|          0|
    |u_139_reg_2693                                                                                 |  16|   0|   16|          0|
    |u_140_reg_2703                                                                                 |  16|   0|   16|          0|
    |u_141_reg_2713                                                                                 |  16|   0|   16|          0|
    |u_142_reg_2723                                                                                 |  16|   0|   16|          0|
    |u_143_reg_2733                                                                                 |  16|   0|   16|          0|
    |u_144_reg_2653                                                                                 |  16|   0|   16|          0|
    |u_145_reg_2418                                                                                 |  16|   0|   16|          0|
    |u_146_reg_2428                                                                                 |  16|   0|   16|          0|
    |u_147_reg_2438                                                                                 |  16|   0|   16|          0|
    |u_148_reg_2448                                                                                 |  16|   0|   16|          0|
    |u_149_reg_2458                                                                                 |  16|   0|   16|          0|
    |u_150_reg_2468                                                                                 |  16|   0|   16|          0|
    |u_151_reg_2478                                                                                 |  16|   0|   16|          0|
    |u_152_reg_2488                                                                                 |  16|   0|   16|          0|
    |u_153_reg_2743                                                                                 |  16|   0|   16|          0|
    |u_154_reg_2498                                                                                 |  16|   0|   16|          0|
    |u_155_reg_2753                                                                                 |  16|   0|   16|          0|
    |u_156_reg_2508                                                                                 |  16|   0|   16|          0|
    |u_157_reg_2763                                                                                 |  16|   0|   16|          0|
    |u_158_reg_2518                                                                                 |  16|   0|   16|          0|
    |u_159_reg_2773                                                                                 |  16|   0|   16|          0|
    |u_160_reg_2528                                                                                 |  16|   0|   16|          0|
    |u_161_reg_2783                                                                                 |  16|   0|   16|          0|
    |u_162_reg_2538                                                                                 |  16|   0|   16|          0|
    |u_163_reg_2793                                                                                 |  16|   0|   16|          0|
    |u_164_reg_2548                                                                                 |  16|   0|   16|          0|
    |u_165_reg_2803                                                                                 |  16|   0|   16|          0|
    |u_166_reg_2558                                                                                 |  16|   0|   16|          0|
    |u_reg_2408                                                                                     |  16|   0|   16|          0|
    |void_UpConv_Fused_Row_ap_uint_ap_uint_const_ap_uint_const_ap_uint_const_ap_u_70_reg_2213       |  16|   0|   16|          0|
    |void_UpConv_Fused_Row_ap_uint_ap_uint_const_ap_uint_const_ap_uint_const_ap_u_71_reg_2218       |  16|   0|   16|          0|
    |void_UpConv_Fused_Row_ap_uint_ap_uint_const_ap_uint_const_ap_uint_const_ap_u_72_reg_2223       |  16|   0|   16|          0|
    |void_UpConv_Fused_Row_ap_uint_ap_uint_const_ap_uint_const_ap_uint_const_ap_u_73_reg_2228       |  16|   0|   16|          0|
    |void_UpConv_Fused_Row_ap_uint_ap_uint_const_ap_uint_const_ap_uint_const_ap_u_74_reg_2233       |  16|   0|   16|          0|
    |void_UpConv_Fused_Row_ap_uint_ap_uint_const_ap_uint_const_ap_uint_const_ap_u_75_reg_2238       |  16|   0|   16|          0|
    |void_UpConv_Fused_Row_ap_uint_ap_uint_const_ap_uint_const_ap_uint_const_ap_u_76_reg_2243       |  16|   0|   16|          0|
    |void_UpConv_Fused_Row_ap_uint_ap_uint_const_ap_uint_const_ap_uint_const_ap_u_77_reg_2248       |  16|   0|   16|          0|
    |void_UpConv_Fused_Row_ap_uint_ap_uint_const_ap_uint_const_ap_uint_const_ap_u_78_reg_2253       |  16|   0|   16|          0|
    |void_UpConv_Fused_Row_ap_uint_ap_uint_const_ap_uint_const_ap_uint_const_ap_u_79_reg_2258       |  16|   0|   16|          0|
    |wn_fu_196                                                                                      |  32|   0|   32|          0|
    |zext_ln258_cast_reg_1993                                                                       |  10|   0|   32|         22|
    |zext_ln260_reg_2008                                                                            |  32|   0|   64|         32|
    |add_ln273_1_reg_2098                                                                           |  64|  32|   32|          0|
    |cwn_load_reg_2002                                                                              |  64|  32|   32|          0|
    |icmp_ln266_10_reg_2068                                                                         |  64|  32|    1|          0|
    |icmp_ln266_11_reg_2073                                                                         |  64|  32|    1|          0|
    |icmp_ln266_12_reg_2078                                                                         |  64|  32|    1|          0|
    |icmp_ln266_13_reg_2083                                                                         |  64|  32|    1|          0|
    |icmp_ln266_14_reg_2088                                                                         |  64|  32|    1|          0|
    |icmp_ln266_15_reg_2093                                                                         |  64|  32|    1|          0|
    |icmp_ln266_1_reg_2023                                                                          |  64|  32|    1|          0|
    |icmp_ln266_2_reg_2028                                                                          |  64|  32|    1|          0|
    |icmp_ln266_3_reg_2033                                                                          |  64|  32|    1|          0|
    |icmp_ln266_4_reg_2038                                                                          |  64|  32|    1|          0|
    |icmp_ln266_5_reg_2043                                                                          |  64|  32|    1|          0|
    |icmp_ln266_6_reg_2048                                                                          |  64|  32|    1|          0|
    |icmp_ln266_7_reg_2053                                                                          |  64|  32|    1|          0|
    |icmp_ln266_8_reg_2058                                                                          |  64|  32|    1|          0|
    |icmp_ln266_9_reg_2063                                                                          |  64|  32|    1|          0|
    |icmp_ln266_reg_2208                                                                            |  64|  32|    1|          0|
    |idxprom135_reg_2398                                                                            |  64|  32|   64|         32|
    |zext_ln260_reg_2008                                                                            |  64|  32|   64|         32|
    +-----------------------------------------------------------------------------------------------+----+----+-----+-----------+
    |Total                                                                                          |4015| 640| 3029|        150|
    +-----------------------------------------------------------------------------------------------+----+----+-----+-----------+



================================================================
== Interface
================================================================
* Summary: 
+----------------------------------------------------------------------------------------------+-----+-----+------------+-------------------------------------------------------------------------------------+--------------+
|                                           RTL Ports                                          | Dir | Bits|  Protocol  |                                    Source Object                                    |    C Type    |
+----------------------------------------------------------------------------------------------+-----+-----+------------+-------------------------------------------------------------------------------------+--------------+
|ap_clk                                                                                        |   in|    1|  ap_ctrl_hs|                            UpConv_Fused_Row<8, 16, 16, 960, 480>_Pipeline_PIXEL_NORM|  return value|
|ap_rst                                                                                        |   in|    1|  ap_ctrl_hs|                            UpConv_Fused_Row<8, 16, 16, 960, 480>_Pipeline_PIXEL_NORM|  return value|
|ap_start                                                                                      |   in|    1|  ap_ctrl_hs|                            UpConv_Fused_Row<8, 16, 16, 960, 480>_Pipeline_PIXEL_NORM|  return value|
|ap_done                                                                                       |  out|    1|  ap_ctrl_hs|                            UpConv_Fused_Row<8, 16, 16, 960, 480>_Pipeline_PIXEL_NORM|  return value|
|ap_idle                                                                                       |  out|    1|  ap_ctrl_hs|                            UpConv_Fused_Row<8, 16, 16, 960, 480>_Pipeline_PIXEL_NORM|  return value|
|ap_ready                                                                                      |  out|    1|  ap_ctrl_hs|                            UpConv_Fused_Row<8, 16, 16, 960, 480>_Pipeline_PIXEL_NORM|  return value|
|grp_fu_449_p_din0                                                                             |  out|   32|  ap_ctrl_hs|                            UpConv_Fused_Row<8, 16, 16, 960, 480>_Pipeline_PIXEL_NORM|  return value|
|grp_fu_449_p_dout0                                                                            |   in|   16|  ap_ctrl_hs|                            UpConv_Fused_Row<8, 16, 16, 960, 480>_Pipeline_PIXEL_NORM|  return value|
|grp_fu_449_p_ce                                                                               |  out|    1|  ap_ctrl_hs|                            UpConv_Fused_Row<8, 16, 16, 960, 480>_Pipeline_PIXEL_NORM|  return value|
|grp_fu_452_p_din0                                                                             |  out|   16|  ap_ctrl_hs|                            UpConv_Fused_Row<8, 16, 16, 960, 480>_Pipeline_PIXEL_NORM|  return value|
|grp_fu_452_p_din1                                                                             |  out|   16|  ap_ctrl_hs|                            UpConv_Fused_Row<8, 16, 16, 960, 480>_Pipeline_PIXEL_NORM|  return value|
|grp_fu_452_p_dout0                                                                            |   in|   16|  ap_ctrl_hs|                            UpConv_Fused_Row<8, 16, 16, 960, 480>_Pipeline_PIXEL_NORM|  return value|
|grp_fu_452_p_ce                                                                               |  out|    1|  ap_ctrl_hs|                            UpConv_Fused_Row<8, 16, 16, 960, 480>_Pipeline_PIXEL_NORM|  return value|
|m_axi_gmem_out_0_AWVALID                                                                      |  out|    1|       m_axi|                                                                             gmem_out|       pointer|
|m_axi_gmem_out_0_AWREADY                                                                      |   in|    1|       m_axi|                                                                             gmem_out|       pointer|
|m_axi_gmem_out_0_AWADDR                                                                       |  out|   64|       m_axi|                                                                             gmem_out|       pointer|
|m_axi_gmem_out_0_AWID                                                                         |  out|    1|       m_axi|                                                                             gmem_out|       pointer|
|m_axi_gmem_out_0_AWLEN                                                                        |  out|   32|       m_axi|                                                                             gmem_out|       pointer|
|m_axi_gmem_out_0_AWSIZE                                                                       |  out|    3|       m_axi|                                                                             gmem_out|       pointer|
|m_axi_gmem_out_0_AWBURST                                                                      |  out|    2|       m_axi|                                                                             gmem_out|       pointer|
|m_axi_gmem_out_0_AWLOCK                                                                       |  out|    2|       m_axi|                                                                             gmem_out|       pointer|
|m_axi_gmem_out_0_AWCACHE                                                                      |  out|    4|       m_axi|                                                                             gmem_out|       pointer|
|m_axi_gmem_out_0_AWPROT                                                                       |  out|    3|       m_axi|                                                                             gmem_out|       pointer|
|m_axi_gmem_out_0_AWQOS                                                                        |  out|    4|       m_axi|                                                                             gmem_out|       pointer|
|m_axi_gmem_out_0_AWREGION                                                                     |  out|    4|       m_axi|                                                                             gmem_out|       pointer|
|m_axi_gmem_out_0_AWUSER                                                                       |  out|    1|       m_axi|                                                                             gmem_out|       pointer|
|m_axi_gmem_out_0_WVALID                                                                       |  out|    1|       m_axi|                                                                             gmem_out|       pointer|
|m_axi_gmem_out_0_WREADY                                                                       |   in|    1|       m_axi|                                                                             gmem_out|       pointer|
|m_axi_gmem_out_0_WDATA                                                                        |  out|  256|       m_axi|                                                                             gmem_out|       pointer|
|m_axi_gmem_out_0_WSTRB                                                                        |  out|   32|       m_axi|                                                                             gmem_out|       pointer|
|m_axi_gmem_out_0_WLAST                                                                        |  out|    1|       m_axi|                                                                             gmem_out|       pointer|
|m_axi_gmem_out_0_WID                                                                          |  out|    1|       m_axi|                                                                             gmem_out|       pointer|
|m_axi_gmem_out_0_WUSER                                                                        |  out|    1|       m_axi|                                                                             gmem_out|       pointer|
|m_axi_gmem_out_0_ARVALID                                                                      |  out|    1|       m_axi|                                                                             gmem_out|       pointer|
|m_axi_gmem_out_0_ARREADY                                                                      |   in|    1|       m_axi|                                                                             gmem_out|       pointer|
|m_axi_gmem_out_0_ARADDR                                                                       |  out|   64|       m_axi|                                                                             gmem_out|       pointer|
|m_axi_gmem_out_0_ARID                                                                         |  out|    1|       m_axi|                                                                             gmem_out|       pointer|
|m_axi_gmem_out_0_ARLEN                                                                        |  out|   32|       m_axi|                                                                             gmem_out|       pointer|
|m_axi_gmem_out_0_ARSIZE                                                                       |  out|    3|       m_axi|                                                                             gmem_out|       pointer|
|m_axi_gmem_out_0_ARBURST                                                                      |  out|    2|       m_axi|                                                                             gmem_out|       pointer|
|m_axi_gmem_out_0_ARLOCK                                                                       |  out|    2|       m_axi|                                                                             gmem_out|       pointer|
|m_axi_gmem_out_0_ARCACHE                                                                      |  out|    4|       m_axi|                                                                             gmem_out|       pointer|
|m_axi_gmem_out_0_ARPROT                                                                       |  out|    3|       m_axi|                                                                             gmem_out|       pointer|
|m_axi_gmem_out_0_ARQOS                                                                        |  out|    4|       m_axi|                                                                             gmem_out|       pointer|
|m_axi_gmem_out_0_ARREGION                                                                     |  out|    4|       m_axi|                                                                             gmem_out|       pointer|
|m_axi_gmem_out_0_ARUSER                                                                       |  out|    1|       m_axi|                                                                             gmem_out|       pointer|
|m_axi_gmem_out_0_RVALID                                                                       |   in|    1|       m_axi|                                                                             gmem_out|       pointer|
|m_axi_gmem_out_0_RREADY                                                                       |  out|    1|       m_axi|                                                                             gmem_out|       pointer|
|m_axi_gmem_out_0_RDATA                                                                        |   in|  256|       m_axi|                                                                             gmem_out|       pointer|
|m_axi_gmem_out_0_RLAST                                                                        |   in|    1|       m_axi|                                                                             gmem_out|       pointer|
|m_axi_gmem_out_0_RID                                                                          |   in|    1|       m_axi|                                                                             gmem_out|       pointer|
|m_axi_gmem_out_0_RFIFONUM                                                                     |   in|    9|       m_axi|                                                                             gmem_out|       pointer|
|m_axi_gmem_out_0_RUSER                                                                        |   in|    1|       m_axi|                                                                             gmem_out|       pointer|
|m_axi_gmem_out_0_RRESP                                                                        |   in|    2|       m_axi|                                                                             gmem_out|       pointer|
|m_axi_gmem_out_0_BVALID                                                                       |   in|    1|       m_axi|                                                                             gmem_out|       pointer|
|m_axi_gmem_out_0_BREADY                                                                       |  out|    1|       m_axi|                                                                             gmem_out|       pointer|
|m_axi_gmem_out_0_BRESP                                                                        |   in|    2|       m_axi|                                                                             gmem_out|       pointer|
|m_axi_gmem_out_0_BID                                                                          |   in|    1|       m_axi|                                                                             gmem_out|       pointer|
|m_axi_gmem_out_0_BUSER                                                                        |   in|    1|       m_axi|                                                                             gmem_out|       pointer|
|g_buf_address0                                                                                |  out|    5|   ap_memory|                                                                                g_buf|         array|
|g_buf_ce0                                                                                     |  out|    1|   ap_memory|                                                                                g_buf|         array|
|g_buf_q0                                                                                      |   in|  256|   ap_memory|                                                                                g_buf|         array|
|be_buf_address0                                                                               |  out|    5|   ap_memory|                                                                               be_buf|         array|
|be_buf_ce0                                                                                    |  out|    1|   ap_memory|                                                                               be_buf|         array|
|be_buf_q0                                                                                     |   in|  256|   ap_memory|                                                                               be_buf|         array|
|zext_ln258                                                                                    |   in|   10|     ap_none|                                                                           zext_ln258|        scalar|
|Y                                                                                             |   in|   64|     ap_none|                                                                                    Y|        scalar|
|mean_buf_address0                                                                             |  out|    5|   ap_memory|                                                                             mean_buf|         array|
|mean_buf_ce0                                                                                  |  out|    1|   ap_memory|                                                                             mean_buf|         array|
|mean_buf_q0                                                                                   |   in|   32|   ap_memory|                                                                             mean_buf|         array|
|inv_buf_address0                                                                              |  out|    5|   ap_memory|                                                                              inv_buf|         array|
|inv_buf_ce0                                                                                   |  out|    1|   ap_memory|                                                                              inv_buf|         array|
|inv_buf_q0                                                                                    |   in|   16|   ap_memory|                                                                              inv_buf|         array|
|void_UpConv_Fused_Row_ap_uint_ap_uint_const_ap_uint_const_ap_uint_const_ap_u_9_address0       |  out|   10|   ap_memory|       void_UpConv_Fused_Row_ap_uint_ap_uint_const_ap_uint_const_ap_uint_const_ap_u_9|         array|
|void_UpConv_Fused_Row_ap_uint_ap_uint_const_ap_uint_const_ap_uint_const_ap_u_9_ce0            |  out|    1|   ap_memory|       void_UpConv_Fused_Row_ap_uint_ap_uint_const_ap_uint_const_ap_uint_const_ap_u_9|         array|
|void_UpConv_Fused_Row_ap_uint_ap_uint_const_ap_uint_const_ap_uint_const_ap_u_9_q0             |   in|   16|   ap_memory|       void_UpConv_Fused_Row_ap_uint_ap_uint_const_ap_uint_const_ap_uint_const_ap_u_9|         array|
|void_UpConv_Fused_Row_ap_uint_ap_uint_const_ap_uint_const_ap_uint_const_ap_u_8_address0       |  out|   10|   ap_memory|       void_UpConv_Fused_Row_ap_uint_ap_uint_const_ap_uint_const_ap_uint_const_ap_u_8|         array|
|void_UpConv_Fused_Row_ap_uint_ap_uint_const_ap_uint_const_ap_uint_const_ap_u_8_ce0            |  out|    1|   ap_memory|       void_UpConv_Fused_Row_ap_uint_ap_uint_const_ap_uint_const_ap_uint_const_ap_u_8|         array|
|void_UpConv_Fused_Row_ap_uint_ap_uint_const_ap_uint_const_ap_uint_const_ap_u_8_q0             |   in|   16|   ap_memory|       void_UpConv_Fused_Row_ap_uint_ap_uint_const_ap_uint_const_ap_uint_const_ap_u_8|         array|
|void_UpConv_Fused_Row_ap_uint_ap_uint_const_ap_uint_const_ap_uint_const_ap_u_7_address0       |  out|   10|   ap_memory|       void_UpConv_Fused_Row_ap_uint_ap_uint_const_ap_uint_const_ap_uint_const_ap_u_7|         array|
|void_UpConv_Fused_Row_ap_uint_ap_uint_const_ap_uint_const_ap_uint_const_ap_u_7_ce0            |  out|    1|   ap_memory|       void_UpConv_Fused_Row_ap_uint_ap_uint_const_ap_uint_const_ap_uint_const_ap_u_7|         array|
|void_UpConv_Fused_Row_ap_uint_ap_uint_const_ap_uint_const_ap_uint_const_ap_u_7_q0             |   in|   16|   ap_memory|       void_UpConv_Fused_Row_ap_uint_ap_uint_const_ap_uint_const_ap_uint_const_ap_u_7|         array|
|void_UpConv_Fused_Row_ap_uint_ap_uint_const_ap_uint_const_ap_uint_const_ap_u_6_address0       |  out|   10|   ap_memory|       void_UpConv_Fused_Row_ap_uint_ap_uint_const_ap_uint_const_ap_uint_const_ap_u_6|         array|
|void_UpConv_Fused_Row_ap_uint_ap_uint_const_ap_uint_const_ap_uint_const_ap_u_6_ce0            |  out|    1|   ap_memory|       void_UpConv_Fused_Row_ap_uint_ap_uint_const_ap_uint_const_ap_uint_const_ap_u_6|         array|
|void_UpConv_Fused_Row_ap_uint_ap_uint_const_ap_uint_const_ap_uint_const_ap_u_6_q0             |   in|   16|   ap_memory|       void_UpConv_Fused_Row_ap_uint_ap_uint_const_ap_uint_const_ap_uint_const_ap_u_6|         array|
|void_UpConv_Fused_Row_ap_uint_ap_uint_const_ap_uint_const_ap_uint_const_ap_u_5_address0       |  out|   10|   ap_memory|       void_UpConv_Fused_Row_ap_uint_ap_uint_const_ap_uint_const_ap_uint_const_ap_u_5|         array|
|void_UpConv_Fused_Row_ap_uint_ap_uint_const_ap_uint_const_ap_uint_const_ap_u_5_ce0            |  out|    1|   ap_memory|       void_UpConv_Fused_Row_ap_uint_ap_uint_const_ap_uint_const_ap_uint_const_ap_u_5|         array|
|void_UpConv_Fused_Row_ap_uint_ap_uint_const_ap_uint_const_ap_uint_const_ap_u_5_q0             |   in|   16|   ap_memory|       void_UpConv_Fused_Row_ap_uint_ap_uint_const_ap_uint_const_ap_uint_const_ap_u_5|         array|
|void_UpConv_Fused_Row_ap_uint_ap_uint_const_ap_uint_const_ap_uint_const_ap_u_4_address0       |  out|   10|   ap_memory|       void_UpConv_Fused_Row_ap_uint_ap_uint_const_ap_uint_const_ap_uint_const_ap_u_4|         array|
|void_UpConv_Fused_Row_ap_uint_ap_uint_const_ap_uint_const_ap_uint_const_ap_u_4_ce0            |  out|    1|   ap_memory|       void_UpConv_Fused_Row_ap_uint_ap_uint_const_ap_uint_const_ap_uint_const_ap_u_4|         array|
|void_UpConv_Fused_Row_ap_uint_ap_uint_const_ap_uint_const_ap_uint_const_ap_u_4_q0             |   in|   16|   ap_memory|       void_UpConv_Fused_Row_ap_uint_ap_uint_const_ap_uint_const_ap_uint_const_ap_u_4|         array|
|void_UpConv_Fused_Row_ap_uint_ap_uint_const_ap_uint_const_ap_uint_const_ap_u_3_address0       |  out|   10|   ap_memory|       void_UpConv_Fused_Row_ap_uint_ap_uint_const_ap_uint_const_ap_uint_const_ap_u_3|         array|
|void_UpConv_Fused_Row_ap_uint_ap_uint_const_ap_uint_const_ap_uint_const_ap_u_3_ce0            |  out|    1|   ap_memory|       void_UpConv_Fused_Row_ap_uint_ap_uint_const_ap_uint_const_ap_uint_const_ap_u_3|         array|
|void_UpConv_Fused_Row_ap_uint_ap_uint_const_ap_uint_const_ap_uint_const_ap_u_3_q0             |   in|   16|   ap_memory|       void_UpConv_Fused_Row_ap_uint_ap_uint_const_ap_uint_const_ap_uint_const_ap_u_3|         array|
|void_UpConv_Fused_Row_ap_uint_ap_uint_const_ap_uint_const_ap_uint_const_ap_u_2_address0       |  out|   10|   ap_memory|       void_UpConv_Fused_Row_ap_uint_ap_uint_const_ap_uint_const_ap_uint_const_ap_u_2|         array|
|void_UpConv_Fused_Row_ap_uint_ap_uint_const_ap_uint_const_ap_uint_const_ap_u_2_ce0            |  out|    1|   ap_memory|       void_UpConv_Fused_Row_ap_uint_ap_uint_const_ap_uint_const_ap_uint_const_ap_u_2|         array|
|void_UpConv_Fused_Row_ap_uint_ap_uint_const_ap_uint_const_ap_uint_const_ap_u_2_q0             |   in|   16|   ap_memory|       void_UpConv_Fused_Row_ap_uint_ap_uint_const_ap_uint_const_ap_uint_const_ap_u_2|         array|
|void_UpConv_Fused_Row_ap_uint_ap_uint_const_ap_uint_const_ap_uint_const_ap_u_1_address0       |  out|   10|   ap_memory|       void_UpConv_Fused_Row_ap_uint_ap_uint_const_ap_uint_const_ap_uint_const_ap_u_1|         array|
|void_UpConv_Fused_Row_ap_uint_ap_uint_const_ap_uint_const_ap_uint_const_ap_u_1_ce0            |  out|    1|   ap_memory|       void_UpConv_Fused_Row_ap_uint_ap_uint_const_ap_uint_const_ap_uint_const_ap_u_1|         array|
|void_UpConv_Fused_Row_ap_uint_ap_uint_const_ap_uint_const_ap_uint_const_ap_u_1_q0             |   in|   16|   ap_memory|       void_UpConv_Fused_Row_ap_uint_ap_uint_const_ap_uint_const_ap_uint_const_ap_u_1|         array|
|void_UpConv_Fused_Row_ap_uint_ap_uint_const_ap_uint_const_ap_uint_const_ap_u_address0         |  out|   10|   ap_memory|         void_UpConv_Fused_Row_ap_uint_ap_uint_const_ap_uint_const_ap_uint_const_ap_u|         array|
|void_UpConv_Fused_Row_ap_uint_ap_uint_const_ap_uint_const_ap_uint_const_ap_u_ce0              |  out|    1|   ap_memory|         void_UpConv_Fused_Row_ap_uint_ap_uint_const_ap_uint_const_ap_uint_const_ap_u|         array|
|void_UpConv_Fused_Row_ap_uint_ap_uint_const_ap_uint_const_ap_uint_const_ap_u_q0               |   in|   16|   ap_memory|         void_UpConv_Fused_Row_ap_uint_ap_uint_const_ap_uint_const_ap_uint_const_ap_u|         array|
|p_ZZ16UpConv_Fused_RowILi8ELi16ELi16ELi960ELi480EEvP7ap_uintILi256EEPKS1_S4_S4_S4_5_address0  |  out|   10|   ap_memory|  p_ZZ16UpConv_Fused_RowILi8ELi16ELi16ELi960ELi480EEvP7ap_uintILi256EEPKS1_S4_S4_S4_5|         array|
|p_ZZ16UpConv_Fused_RowILi8ELi16ELi16ELi960ELi480EEvP7ap_uintILi256EEPKS1_S4_S4_S4_5_ce0       |  out|    1|   ap_memory|  p_ZZ16UpConv_Fused_RowILi8ELi16ELi16ELi960ELi480EEvP7ap_uintILi256EEPKS1_S4_S4_S4_5|         array|
|p_ZZ16UpConv_Fused_RowILi8ELi16ELi16ELi960ELi480EEvP7ap_uintILi256EEPKS1_S4_S4_S4_5_q0        |   in|   16|   ap_memory|  p_ZZ16UpConv_Fused_RowILi8ELi16ELi16ELi960ELi480EEvP7ap_uintILi256EEPKS1_S4_S4_S4_5|         array|
|p_ZZ16UpConv_Fused_RowILi8ELi16ELi16ELi960ELi480EEvP7ap_uintILi256EEPKS1_S4_S4_S4_4_address0  |  out|   10|   ap_memory|  p_ZZ16UpConv_Fused_RowILi8ELi16ELi16ELi960ELi480EEvP7ap_uintILi256EEPKS1_S4_S4_S4_4|         array|
|p_ZZ16UpConv_Fused_RowILi8ELi16ELi16ELi960ELi480EEvP7ap_uintILi256EEPKS1_S4_S4_S4_4_ce0       |  out|    1|   ap_memory|  p_ZZ16UpConv_Fused_RowILi8ELi16ELi16ELi960ELi480EEvP7ap_uintILi256EEPKS1_S4_S4_S4_4|         array|
|p_ZZ16UpConv_Fused_RowILi8ELi16ELi16ELi960ELi480EEvP7ap_uintILi256EEPKS1_S4_S4_S4_4_q0        |   in|   16|   ap_memory|  p_ZZ16UpConv_Fused_RowILi8ELi16ELi16ELi960ELi480EEvP7ap_uintILi256EEPKS1_S4_S4_S4_4|         array|
|p_ZZ16UpConv_Fused_RowILi8ELi16ELi16ELi960ELi480EEvP7ap_uintILi256EEPKS1_S4_S4_S4_3_address0  |  out|   10|   ap_memory|  p_ZZ16UpConv_Fused_RowILi8ELi16ELi16ELi960ELi480EEvP7ap_uintILi256EEPKS1_S4_S4_S4_3|         array|
|p_ZZ16UpConv_Fused_RowILi8ELi16ELi16ELi960ELi480EEvP7ap_uintILi256EEPKS1_S4_S4_S4_3_ce0       |  out|    1|   ap_memory|  p_ZZ16UpConv_Fused_RowILi8ELi16ELi16ELi960ELi480EEvP7ap_uintILi256EEPKS1_S4_S4_S4_3|         array|
|p_ZZ16UpConv_Fused_RowILi8ELi16ELi16ELi960ELi480EEvP7ap_uintILi256EEPKS1_S4_S4_S4_3_q0        |   in|   16|   ap_memory|  p_ZZ16UpConv_Fused_RowILi8ELi16ELi16ELi960ELi480EEvP7ap_uintILi256EEPKS1_S4_S4_S4_3|         array|
|p_ZZ16UpConv_Fused_RowILi8ELi16ELi16ELi960ELi480EEvP7ap_uintILi256EEPKS1_S4_S4_S4_2_address0  |  out|   10|   ap_memory|  p_ZZ16UpConv_Fused_RowILi8ELi16ELi16ELi960ELi480EEvP7ap_uintILi256EEPKS1_S4_S4_S4_2|         array|
|p_ZZ16UpConv_Fused_RowILi8ELi16ELi16ELi960ELi480EEvP7ap_uintILi256EEPKS1_S4_S4_S4_2_ce0       |  out|    1|   ap_memory|  p_ZZ16UpConv_Fused_RowILi8ELi16ELi16ELi960ELi480EEvP7ap_uintILi256EEPKS1_S4_S4_S4_2|         array|
|p_ZZ16UpConv_Fused_RowILi8ELi16ELi16ELi960ELi480EEvP7ap_uintILi256EEPKS1_S4_S4_S4_2_q0        |   in|   16|   ap_memory|  p_ZZ16UpConv_Fused_RowILi8ELi16ELi16ELi960ELi480EEvP7ap_uintILi256EEPKS1_S4_S4_S4_2|         array|
|p_ZZ16UpConv_Fused_RowILi8ELi16ELi16ELi960ELi480EEvP7ap_uintILi256EEPKS1_S4_S4_S4_1_address0  |  out|   10|   ap_memory|  p_ZZ16UpConv_Fused_RowILi8ELi16ELi16ELi960ELi480EEvP7ap_uintILi256EEPKS1_S4_S4_S4_1|         array|
|p_ZZ16UpConv_Fused_RowILi8ELi16ELi16ELi960ELi480EEvP7ap_uintILi256EEPKS1_S4_S4_S4_1_ce0       |  out|    1|   ap_memory|  p_ZZ16UpConv_Fused_RowILi8ELi16ELi16ELi960ELi480EEvP7ap_uintILi256EEPKS1_S4_S4_S4_1|         array|
|p_ZZ16UpConv_Fused_RowILi8ELi16ELi16ELi960ELi480EEvP7ap_uintILi256EEPKS1_S4_S4_S4_1_q0        |   in|   16|   ap_memory|  p_ZZ16UpConv_Fused_RowILi8ELi16ELi16ELi960ELi480EEvP7ap_uintILi256EEPKS1_S4_S4_S4_1|         array|
|p_ZZ16UpConv_Fused_RowILi8ELi16ELi16ELi960ELi480EEvP7ap_uintILi256EEPKS1_S4_S4_S4_address0    |  out|   10|   ap_memory|    p_ZZ16UpConv_Fused_RowILi8ELi16ELi16ELi960ELi480EEvP7ap_uintILi256EEPKS1_S4_S4_S4|         array|
|p_ZZ16UpConv_Fused_RowILi8ELi16ELi16ELi960ELi480EEvP7ap_uintILi256EEPKS1_S4_S4_S4_ce0         |  out|    1|   ap_memory|    p_ZZ16UpConv_Fused_RowILi8ELi16ELi16ELi960ELi480EEvP7ap_uintILi256EEPKS1_S4_S4_S4|         array|
|p_ZZ16UpConv_Fused_RowILi8ELi16ELi16ELi960ELi480EEvP7ap_uintILi256EEPKS1_S4_S4_S4_q0          |   in|   16|   ap_memory|    p_ZZ16UpConv_Fused_RowILi8ELi16ELi16ELi960ELi480EEvP7ap_uintILi256EEPKS1_S4_S4_S4|         array|
+----------------------------------------------------------------------------------------------+-----+-----+------------+-------------------------------------------------------------------------------------+--------------+

