

================================================================
== Vitis HLS Report for 'UpConv_Fused_Row_8_16_16_960_480_s'
================================================================
* Date:           Thu Jun 18 11:44:36 2026

* Version:        2024.2 (Build 5238294 on Nov  8 2024)
* Project:        upconv_block0
* Solution:       hls (Vivado IP Flow Target)
* Product family: zynquplus
* Target device:  xczu7ev-ffvc1156-2-e


================================================================
== Performance Estimates
================================================================
+ Timing: 
    * Summary: 
    +--------+---------+----------+------------+
    |  Clock |  Target | Estimated| Uncertainty|
    +--------+---------+----------+------------+
    |ap_clk  |  3.33 ns|  3.357 ns|     0.90 ns|
    +--------+---------+----------+------------+

+ Latency: 
    * Summary: 
    +---------+---------+----------+----------+--------+--------+---------+
    |  Latency (cycles) |  Latency (absolute) |     Interval    | Pipeline|
    |   min   |   max   |    min   |    max   |   min  |   max  |   Type  |
    +---------+---------+----------+----------+--------+--------+---------+
    |   276772|   561644|  0.929 ms|  1.885 ms|  276772|  561644|       no|
    +---------+---------+----------+----------+--------+--------+---------+

    + Detail: 
        * Instance: 
        +--------------------------------------------------------------------+---------------------------------------------------------+---------+---------+-----------+-----------+--------+--------+------------------------------------------------+
        |                                                                    |                                                         |  Latency (cycles) |   Latency (absolute)  |     Interval    |                    Pipeline                    |
        |                              Instance                              |                          Module                         |   min   |   max   |    min    |    max    |   min  |   max  |                      Type                      |
        +--------------------------------------------------------------------+---------------------------------------------------------+---------+---------+-----------+-----------+--------+--------+------------------------------------------------+
        |grp_UpConv_Fused_Row_8_16_16_960_480_Pipeline_RESET_ROW_ACC_fu_174  |UpConv_Fused_Row_8_16_16_960_480_Pipeline_RESET_ROW_ACC  |      962|      962|   3.206 us|   3.206 us|     961|     961|  loop auto-rewind stp (delay=0 clock cycles(s))|
        |grp_UpConv_Fused_Row_8_16_16_960_480_Pipeline_LOAD_PARAMS_fu_210    |UpConv_Fused_Row_8_16_16_960_480_Pipeline_LOAD_PARAMS    |      101|      101|   0.337 us|   0.337 us|      93|      93|  loop auto-rewind stp (delay=0 clock cycles(s))|
        |grp_dataflow_parent_loop_proc_fu_225                                |dataflow_parent_loop_proc                                |   259223|   544095|   0.870 ms|   1.827 ms|  259223|  544095|                                              no|
        |grp_UpConv_Fused_Row_8_16_16_960_480_Pipeline_PIXEL_STATS_fu_269    |UpConv_Fused_Row_8_16_16_960_480_Pipeline_PIXEL_STATS    |    15590|    15590|  51.961 us|  51.961 us|   15361|   15361|  loop auto-rewind stp (delay=0 clock cycles(s))|
        |grp_UpConv_Fused_Row_8_16_16_960_480_Pipeline_PIXEL_NORM_fu_311     |UpConv_Fused_Row_8_16_16_960_480_Pipeline_PIXEL_NORM     |      990|      990|   3.300 us|   3.300 us|     961|     961|  loop auto-rewind stp (delay=0 clock cycles(s))|
        +--------------------------------------------------------------------+---------------------------------------------------------+---------+---------+-----------+-----------+--------+--------+------------------------------------------------+

        * Loop: 
        N/A



================================================================
== Utilization Estimates
================================================================
* Summary: 
+-----------------+---------+------+--------+--------+-----+
|       Name      | BRAM_18K|  DSP |   FF   |   LUT  | URAM|
+-----------------+---------+------+--------+--------+-----+
|DSP              |        -|     -|       -|       -|    -|
|Expression       |        -|     -|       0|       4|    -|
|FIFO             |        -|     -|       -|       -|    -|
|Instance         |        -|   511|   75516|   62646|   32|
|Memory           |       24|     -|      96|      24|   16|
|Multiplexer      |        -|     -|       0|    2232|    -|
|Register         |        -|     -|     229|       -|    -|
+-----------------+---------+------+--------+--------+-----+
|Total            |       24|   511|   75841|   64906|   48|
+-----------------+---------+------+--------+--------+-----+
|Available        |      624|  1728|  460800|  230400|   96|
+-----------------+---------+------+--------+--------+-----+
|Utilization (%)  |        3|    29|      16|      28|   50|
+-----------------+---------+------+--------+--------+-----+

+ Detail: 
    * Instance: 
    +--------------------------------------------------------------------+---------------------------------------------------------+---------+-----+-------+-------+-----+
    |                              Instance                              |                          Module                         | BRAM_18K| DSP |   FF  |  LUT  | URAM|
    +--------------------------------------------------------------------+---------------------------------------------------------+---------+-----+-------+-------+-----+
    |grp_UpConv_Fused_Row_8_16_16_960_480_Pipeline_LOAD_PARAMS_fu_210    |UpConv_Fused_Row_8_16_16_960_480_Pipeline_LOAD_PARAMS    |        0|    0|   1238|    450|    0|
    |grp_UpConv_Fused_Row_8_16_16_960_480_Pipeline_PIXEL_NORM_fu_311     |UpConv_Fused_Row_8_16_16_960_480_Pipeline_PIXEL_NORM     |        0|  126|  10306|   6879|    0|
    |grp_UpConv_Fused_Row_8_16_16_960_480_Pipeline_PIXEL_STATS_fu_269    |UpConv_Fused_Row_8_16_16_960_480_Pipeline_PIXEL_STATS    |        0|   46|  12492|   6464|    0|
    |grp_UpConv_Fused_Row_8_16_16_960_480_Pipeline_RESET_ROW_ACC_fu_174  |UpConv_Fused_Row_8_16_16_960_480_Pipeline_RESET_ROW_ACC  |        0|    0|     77|    307|    0|
    |grp_dataflow_parent_loop_proc_fu_225                                |dataflow_parent_loop_proc                                |        0|  337|  51294|  48433|   32|
    |hadd_16ns_16ns_16_5_full_dsp_1_U619                                 |hadd_16ns_16ns_16_5_full_dsp_1                           |        0|    2|    109|    113|    0|
    |hptosp_16ns_32_2_no_dsp_1_U617                                      |hptosp_16ns_32_2_no_dsp_1                                |        0|    0|      0|      0|    0|
    |sptohp_32ns_16_2_no_dsp_1_U618                                      |sptohp_32ns_16_2_no_dsp_1                                |        0|    0|      0|      0|    0|
    +--------------------------------------------------------------------+---------------------------------------------------------+---------+-----+-------+-------+-----+
    |Total                                                               |                                                         |        0|  511|  75516|  62646|   32|
    +--------------------------------------------------------------------+---------------------------------------------------------+---------+-----+-------+-------+-----+

    * DSP: 
    N/A

    * Memory: 
    +---------------------------------------------------------------------------------------+----------------------------------------------------------------------------------+---------+----+----+-----+------+-----+------+-------------+
    |                                         Memory                                        |                                      Module                                      | BRAM_18K| FF | LUT| URAM| Words| Bits| Banks| W*Bits*Banks|
    +---------------------------------------------------------------------------------------+----------------------------------------------------------------------------------+---------+----+----+-----+------+-----+------+-------------+
    |b_buf_U                                                                                |UpConv_Fused_Row_8_16_16_960_480_s_b_buf_RAM_T2P_BRAM_1R1W                        |        8|   0|   0|    0|    30|  256|     1|         7680|
    |g_buf_U                                                                                |UpConv_Fused_Row_8_16_16_960_480_s_b_buf_RAM_T2P_BRAM_1R1W                        |        8|   0|   0|    0|    30|  256|     1|         7680|
    |be_buf_U                                                                               |UpConv_Fused_Row_8_16_16_960_480_s_b_buf_RAM_T2P_BRAM_1R1W                        |        8|   0|   0|    0|    30|  256|     1|         7680|
    |inv_buf_U                                                                              |UpConv_Fused_Row_8_16_16_960_480_s_inv_buf_RAM_2P_LUTRAM_1R1W                     |        0|  32|   8|    0|    32|   16|     1|          512|
    |mean_buf_U                                                                             |UpConv_Fused_Row_8_16_16_960_480_s_mean_buf_RAM_2P_LUTRAM_1R1W                    |        0|  64|  16|    0|    32|   32|     1|         1024|
    |void_UpConv_Fused_Row_ap_uint_ap_uint_const_ap_uint_const_ap_uint_const_ap_u_9_U       |UpConv_Fused_Row_8_16_16_960_480_s_void_UpConv_Fused_Row_ap_uint_ap_uint_consbkb  |        0|   0|   0|    1|   960|   16|     1|        15360|
    |void_UpConv_Fused_Row_ap_uint_ap_uint_const_ap_uint_const_ap_uint_const_ap_u_8_U       |UpConv_Fused_Row_8_16_16_960_480_s_void_UpConv_Fused_Row_ap_uint_ap_uint_consbkb  |        0|   0|   0|    1|   960|   16|     1|        15360|
    |void_UpConv_Fused_Row_ap_uint_ap_uint_const_ap_uint_const_ap_uint_const_ap_u_7_U       |UpConv_Fused_Row_8_16_16_960_480_s_void_UpConv_Fused_Row_ap_uint_ap_uint_consbkb  |        0|   0|   0|    1|   960|   16|     1|        15360|
    |void_UpConv_Fused_Row_ap_uint_ap_uint_const_ap_uint_const_ap_uint_const_ap_u_6_U       |UpConv_Fused_Row_8_16_16_960_480_s_void_UpConv_Fused_Row_ap_uint_ap_uint_consbkb  |        0|   0|   0|    1|   960|   16|     1|        15360|
    |void_UpConv_Fused_Row_ap_uint_ap_uint_const_ap_uint_const_ap_uint_const_ap_u_5_U       |UpConv_Fused_Row_8_16_16_960_480_s_void_UpConv_Fused_Row_ap_uint_ap_uint_consbkb  |        0|   0|   0|    1|   960|   16|     1|        15360|
    |void_UpConv_Fused_Row_ap_uint_ap_uint_const_ap_uint_const_ap_uint_const_ap_u_4_U       |UpConv_Fused_Row_8_16_16_960_480_s_void_UpConv_Fused_Row_ap_uint_ap_uint_consbkb  |        0|   0|   0|    1|   960|   16|     1|        15360|
    |void_UpConv_Fused_Row_ap_uint_ap_uint_const_ap_uint_const_ap_uint_const_ap_u_3_U       |UpConv_Fused_Row_8_16_16_960_480_s_void_UpConv_Fused_Row_ap_uint_ap_uint_consbkb  |        0|   0|   0|    1|   960|   16|     1|        15360|
    |void_UpConv_Fused_Row_ap_uint_ap_uint_const_ap_uint_const_ap_uint_const_ap_u_2_U       |UpConv_Fused_Row_8_16_16_960_480_s_void_UpConv_Fused_Row_ap_uint_ap_uint_consbkb  |        0|   0|   0|    1|   960|   16|     1|        15360|
    |void_UpConv_Fused_Row_ap_uint_ap_uint_const_ap_uint_const_ap_uint_const_ap_u_1_U       |UpConv_Fused_Row_8_16_16_960_480_s_void_UpConv_Fused_Row_ap_uint_ap_uint_consbkb  |        0|   0|   0|    1|   960|   16|     1|        15360|
    |void_UpConv_Fused_Row_ap_uint_ap_uint_const_ap_uint_const_ap_uint_const_ap_u_U         |UpConv_Fused_Row_8_16_16_960_480_s_void_UpConv_Fused_Row_ap_uint_ap_uint_consbkb  |        0|   0|   0|    1|   960|   16|     1|        15360|
    |p_ZZ16UpConv_Fused_RowILi8ELi16ELi16ELi960ELi480EEvP7ap_uintILi256EEPKS1_S4_S4_S4_5_U  |UpConv_Fused_Row_8_16_16_960_480_s_void_UpConv_Fused_Row_ap_uint_ap_uint_consbkb  |        0|   0|   0|    1|   960|   16|     1|        15360|
    |p_ZZ16UpConv_Fused_RowILi8ELi16ELi16ELi960ELi480EEvP7ap_uintILi256EEPKS1_S4_S4_S4_4_U  |UpConv_Fused_Row_8_16_16_960_480_s_void_UpConv_Fused_Row_ap_uint_ap_uint_consbkb  |        0|   0|   0|    1|   960|   16|     1|        15360|
    |p_ZZ16UpConv_Fused_RowILi8ELi16ELi16ELi960ELi480EEvP7ap_uintILi256EEPKS1_S4_S4_S4_3_U  |UpConv_Fused_Row_8_16_16_960_480_s_void_UpConv_Fused_Row_ap_uint_ap_uint_consbkb  |        0|   0|   0|    1|   960|   16|     1|        15360|
    |p_ZZ16UpConv_Fused_RowILi8ELi16ELi16ELi960ELi480EEvP7ap_uintILi256EEPKS1_S4_S4_S4_2_U  |UpConv_Fused_Row_8_16_16_960_480_s_void_UpConv_Fused_Row_ap_uint_ap_uint_consbkb  |        0|   0|   0|    1|   960|   16|     1|        15360|
    |p_ZZ16UpConv_Fused_RowILi8ELi16ELi16ELi960ELi480EEvP7ap_uintILi256EEPKS1_S4_S4_S4_1_U  |UpConv_Fused_Row_8_16_16_960_480_s_void_UpConv_Fused_Row_ap_uint_ap_uint_consbkb  |        0|   0|   0|    1|   960|   16|     1|        15360|
    |p_ZZ16UpConv_Fused_RowILi8ELi16ELi16ELi960ELi480EEvP7ap_uintILi256EEPKS1_S4_S4_S4_U    |UpConv_Fused_Row_8_16_16_960_480_s_void_UpConv_Fused_Row_ap_uint_ap_uint_consbkb  |        0|   0|   0|    1|   960|   16|     1|        15360|
    +---------------------------------------------------------------------------------------+----------------------------------------------------------------------------------+---------+----+----+-----+------+-----+------+-------------+
    |Total                                                                                  |                                                                                  |       24|  96|  24|   16| 15514| 1072|    21|       270336|
    +---------------------------------------------------------------------------------------+----------------------------------------------------------------------------------+---------+----+----+-----+------+-----+------+-------------+

    * FIFO: 
    N/A

    * Expression: 
    +-------------------------------------------------------+----------+----+---+----+------------+------------+
    |                     Variable Name                     | Operation| DSP| FF| LUT| Bitwidth P0| Bitwidth P1|
    +-------------------------------------------------------+----------+----+---+----+------------+------------+
    |ap_block_state2_on_subcall_done                        |        or|   0|  0|   2|           1|           1|
    |ap_sync_grp_dataflow_parent_loop_proc_fu_225_ap_ready  |        or|   0|  0|   2|           1|           1|
    +-------------------------------------------------------+----------+----+---+----+------------+------------+
    |Total                                                  |          |   0|  0|   4|           2|           2|
    +-------------------------------------------------------+----------+----+---+----+------------+------------+

    * Multiplexer: 
    +----------------------------------------------------------------------------------------------+----+-----------+-----+-----------+
    |                                             Name                                             | LUT| Input Size| Bits| Total Bits|
    +----------------------------------------------------------------------------------------------+----+-----------+-----+-----------+
    |ap_NS_fsm                                                                                     |  49|          9|    1|          9|
    |b_buf_address0                                                                                |  14|          3|    5|         15|
    |b_buf_ce0                                                                                     |  14|          3|    1|          3|
    |b_buf_we0                                                                                     |   9|          2|    1|          2|
    |be_buf_address0                                                                               |  14|          3|    5|         15|
    |be_buf_ce0                                                                                    |  14|          3|    1|          3|
    |be_buf_we0                                                                                    |   9|          2|    1|          2|
    |g_buf_address0                                                                                |  14|          3|    5|         15|
    |g_buf_ce0                                                                                     |  14|          3|    1|          3|
    |g_buf_we0                                                                                     |   9|          2|    1|          2|
    |grp_fu_358_ce                                                                                 |  14|          3|    1|          3|
    |grp_fu_358_p0                                                                                 |  14|          3|   16|         48|
    |grp_fu_449_ce                                                                                 |  14|          3|    1|          3|
    |grp_fu_449_p0                                                                                 |  14|          3|   32|         96|
    |grp_fu_452_ce                                                                                 |  14|          3|    1|          3|
    |grp_fu_452_p0                                                                                 |  14|          3|   16|         48|
    |grp_fu_452_p1                                                                                 |  14|          3|   16|         48|
    |inv_buf_ce0                                                                                   |   9|          2|    1|          2|
    |inv_buf_ce1                                                                                   |   9|          2|    1|          2|
    |inv_buf_we1                                                                                   |   9|          2|    1|          2|
    |mean_buf_ce0                                                                                  |   9|          2|    1|          2|
    |mean_buf_ce1                                                                                  |   9|          2|    1|          2|
    |mean_buf_we1                                                                                  |   9|          2|    1|          2|
    |p_ZZ16UpConv_Fused_RowILi8ELi16ELi16ELi960ELi480EEvP7ap_uintILi256EEPKS1_S4_S4_S4_1_address0  |  26|          5|   10|         50|
    |p_ZZ16UpConv_Fused_RowILi8ELi16ELi16ELi960ELi480EEvP7ap_uintILi256EEPKS1_S4_S4_S4_1_address1  |  14|          3|   10|         30|
    |p_ZZ16UpConv_Fused_RowILi8ELi16ELi16ELi960ELi480EEvP7ap_uintILi256EEPKS1_S4_S4_S4_1_ce0       |  26|          5|    1|          5|
    |p_ZZ16UpConv_Fused_RowILi8ELi16ELi16ELi960ELi480EEvP7ap_uintILi256EEPKS1_S4_S4_S4_1_ce1       |  14|          3|    1|          3|
    |p_ZZ16UpConv_Fused_RowILi8ELi16ELi16ELi960ELi480EEvP7ap_uintILi256EEPKS1_S4_S4_S4_1_d0        |  20|          4|   16|         64|
    |p_ZZ16UpConv_Fused_RowILi8ELi16ELi16ELi960ELi480EEvP7ap_uintILi256EEPKS1_S4_S4_S4_1_we0       |  20|          4|    1|          4|
    |p_ZZ16UpConv_Fused_RowILi8ELi16ELi16ELi960ELi480EEvP7ap_uintILi256EEPKS1_S4_S4_S4_2_address0  |  26|          5|   10|         50|
    |p_ZZ16UpConv_Fused_RowILi8ELi16ELi16ELi960ELi480EEvP7ap_uintILi256EEPKS1_S4_S4_S4_2_address1  |  14|          3|   10|         30|
    |p_ZZ16UpConv_Fused_RowILi8ELi16ELi16ELi960ELi480EEvP7ap_uintILi256EEPKS1_S4_S4_S4_2_ce0       |  26|          5|    1|          5|
    |p_ZZ16UpConv_Fused_RowILi8ELi16ELi16ELi960ELi480EEvP7ap_uintILi256EEPKS1_S4_S4_S4_2_ce1       |  14|          3|    1|          3|
    |p_ZZ16UpConv_Fused_RowILi8ELi16ELi16ELi960ELi480EEvP7ap_uintILi256EEPKS1_S4_S4_S4_2_d0        |  20|          4|   16|         64|
    |p_ZZ16UpConv_Fused_RowILi8ELi16ELi16ELi960ELi480EEvP7ap_uintILi256EEPKS1_S4_S4_S4_2_we0       |  20|          4|    1|          4|
    |p_ZZ16UpConv_Fused_RowILi8ELi16ELi16ELi960ELi480EEvP7ap_uintILi256EEPKS1_S4_S4_S4_3_address0  |  26|          5|   10|         50|
    |p_ZZ16UpConv_Fused_RowILi8ELi16ELi16ELi960ELi480EEvP7ap_uintILi256EEPKS1_S4_S4_S4_3_address1  |  14|          3|   10|         30|
    |p_ZZ16UpConv_Fused_RowILi8ELi16ELi16ELi960ELi480EEvP7ap_uintILi256EEPKS1_S4_S4_S4_3_ce0       |  26|          5|    1|          5|
    |p_ZZ16UpConv_Fused_RowILi8ELi16ELi16ELi960ELi480EEvP7ap_uintILi256EEPKS1_S4_S4_S4_3_ce1       |  14|          3|    1|          3|
    |p_ZZ16UpConv_Fused_RowILi8ELi16ELi16ELi960ELi480EEvP7ap_uintILi256EEPKS1_S4_S4_S4_3_d0        |  20|          4|   16|         64|
    |p_ZZ16UpConv_Fused_RowILi8ELi16ELi16ELi960ELi480EEvP7ap_uintILi256EEPKS1_S4_S4_S4_3_we0       |  20|          4|    1|          4|
    |p_ZZ16UpConv_Fused_RowILi8ELi16ELi16ELi960ELi480EEvP7ap_uintILi256EEPKS1_S4_S4_S4_4_address0  |  26|          5|   10|         50|
    |p_ZZ16UpConv_Fused_RowILi8ELi16ELi16ELi960ELi480EEvP7ap_uintILi256EEPKS1_S4_S4_S4_4_address1  |  14|          3|   10|         30|
    |p_ZZ16UpConv_Fused_RowILi8ELi16ELi16ELi960ELi480EEvP7ap_uintILi256EEPKS1_S4_S4_S4_4_ce0       |  26|          5|    1|          5|
    |p_ZZ16UpConv_Fused_RowILi8ELi16ELi16ELi960ELi480EEvP7ap_uintILi256EEPKS1_S4_S4_S4_4_ce1       |  14|          3|    1|          3|
    |p_ZZ16UpConv_Fused_RowILi8ELi16ELi16ELi960ELi480EEvP7ap_uintILi256EEPKS1_S4_S4_S4_4_d0        |  20|          4|   16|         64|
    |p_ZZ16UpConv_Fused_RowILi8ELi16ELi16ELi960ELi480EEvP7ap_uintILi256EEPKS1_S4_S4_S4_4_we0       |  20|          4|    1|          4|
    |p_ZZ16UpConv_Fused_RowILi8ELi16ELi16ELi960ELi480EEvP7ap_uintILi256EEPKS1_S4_S4_S4_5_address0  |  26|          5|   10|         50|
    |p_ZZ16UpConv_Fused_RowILi8ELi16ELi16ELi960ELi480EEvP7ap_uintILi256EEPKS1_S4_S4_S4_5_address1  |  14|          3|   10|         30|
    |p_ZZ16UpConv_Fused_RowILi8ELi16ELi16ELi960ELi480EEvP7ap_uintILi256EEPKS1_S4_S4_S4_5_ce0       |  26|          5|    1|          5|
    |p_ZZ16UpConv_Fused_RowILi8ELi16ELi16ELi960ELi480EEvP7ap_uintILi256EEPKS1_S4_S4_S4_5_ce1       |  14|          3|    1|          3|
    |p_ZZ16UpConv_Fused_RowILi8ELi16ELi16ELi960ELi480EEvP7ap_uintILi256EEPKS1_S4_S4_S4_5_d0        |  20|          4|   16|         64|
    |p_ZZ16UpConv_Fused_RowILi8ELi16ELi16ELi960ELi480EEvP7ap_uintILi256EEPKS1_S4_S4_S4_5_we0       |  20|          4|    1|          4|
    |p_ZZ16UpConv_Fused_RowILi8ELi16ELi16ELi960ELi480EEvP7ap_uintILi256EEPKS1_S4_S4_S4_address0    |  26|          5|   10|         50|
    |p_ZZ16UpConv_Fused_RowILi8ELi16ELi16ELi960ELi480EEvP7ap_uintILi256EEPKS1_S4_S4_S4_address1    |  14|          3|   10|         30|
    |p_ZZ16UpConv_Fused_RowILi8ELi16ELi16ELi960ELi480EEvP7ap_uintILi256EEPKS1_S4_S4_S4_ce0         |  26|          5|    1|          5|
    |p_ZZ16UpConv_Fused_RowILi8ELi16ELi16ELi960ELi480EEvP7ap_uintILi256EEPKS1_S4_S4_S4_ce1         |  14|          3|    1|          3|
    |p_ZZ16UpConv_Fused_RowILi8ELi16ELi16ELi960ELi480EEvP7ap_uintILi256EEPKS1_S4_S4_S4_d0          |  20|          4|   16|         64|
    |p_ZZ16UpConv_Fused_RowILi8ELi16ELi16ELi960ELi480EEvP7ap_uintILi256EEPKS1_S4_S4_S4_we0         |  20|          4|    1|          4|
    |void_UpConv_Fused_Row_ap_uint_ap_uint_const_ap_uint_const_ap_uint_const_ap_u_1_address0       |  26|          5|   10|         50|
    |void_UpConv_Fused_Row_ap_uint_ap_uint_const_ap_uint_const_ap_uint_const_ap_u_1_address1       |  14|          3|   10|         30|
    |void_UpConv_Fused_Row_ap_uint_ap_uint_const_ap_uint_const_ap_uint_const_ap_u_1_ce0            |  26|          5|    1|          5|
    |void_UpConv_Fused_Row_ap_uint_ap_uint_const_ap_uint_const_ap_uint_const_ap_u_1_ce1            |  14|          3|    1|          3|
    |void_UpConv_Fused_Row_ap_uint_ap_uint_const_ap_uint_const_ap_uint_const_ap_u_1_d0             |  20|          4|   16|         64|
    |void_UpConv_Fused_Row_ap_uint_ap_uint_const_ap_uint_const_ap_uint_const_ap_u_1_we0            |  20|          4|    1|          4|
    |void_UpConv_Fused_Row_ap_uint_ap_uint_const_ap_uint_const_ap_uint_const_ap_u_2_address0       |  26|          5|   10|         50|
    |void_UpConv_Fused_Row_ap_uint_ap_uint_const_ap_uint_const_ap_uint_const_ap_u_2_address1       |  14|          3|   10|         30|
    |void_UpConv_Fused_Row_ap_uint_ap_uint_const_ap_uint_const_ap_uint_const_ap_u_2_ce0            |  26|          5|    1|          5|
    |void_UpConv_Fused_Row_ap_uint_ap_uint_const_ap_uint_const_ap_uint_const_ap_u_2_ce1            |  14|          3|    1|          3|
    |void_UpConv_Fused_Row_ap_uint_ap_uint_const_ap_uint_const_ap_uint_const_ap_u_2_d0             |  20|          4|   16|         64|
    |void_UpConv_Fused_Row_ap_uint_ap_uint_const_ap_uint_const_ap_uint_const_ap_u_2_we0            |  20|          4|    1|          4|
    |void_UpConv_Fused_Row_ap_uint_ap_uint_const_ap_uint_const_ap_uint_const_ap_u_3_address0       |  26|          5|   10|         50|
    |void_UpConv_Fused_Row_ap_uint_ap_uint_const_ap_uint_const_ap_uint_const_ap_u_3_address1       |  14|          3|   10|         30|
    |void_UpConv_Fused_Row_ap_uint_ap_uint_const_ap_uint_const_ap_uint_const_ap_u_3_ce0            |  26|          5|    1|          5|
    |void_UpConv_Fused_Row_ap_uint_ap_uint_const_ap_uint_const_ap_uint_const_ap_u_3_ce1            |  14|          3|    1|          3|
    |void_UpConv_Fused_Row_ap_uint_ap_uint_const_ap_uint_const_ap_uint_const_ap_u_3_d0             |  20|          4|   16|         64|
    |void_UpConv_Fused_Row_ap_uint_ap_uint_const_ap_uint_const_ap_uint_const_ap_u_3_we0            |  20|          4|    1|          4|
    |void_UpConv_Fused_Row_ap_uint_ap_uint_const_ap_uint_const_ap_uint_const_ap_u_4_address0       |  26|          5|   10|         50|
    |void_UpConv_Fused_Row_ap_uint_ap_uint_const_ap_uint_const_ap_uint_const_ap_u_4_address1       |  14|          3|   10|         30|
    |void_UpConv_Fused_Row_ap_uint_ap_uint_const_ap_uint_const_ap_uint_const_ap_u_4_ce0            |  26|          5|    1|          5|
    |void_UpConv_Fused_Row_ap_uint_ap_uint_const_ap_uint_const_ap_uint_const_ap_u_4_ce1            |  14|          3|    1|          3|
    |void_UpConv_Fused_Row_ap_uint_ap_uint_const_ap_uint_const_ap_uint_const_ap_u_4_d0             |  20|          4|   16|         64|
    |void_UpConv_Fused_Row_ap_uint_ap_uint_const_ap_uint_const_ap_uint_const_ap_u_4_we0            |  20|          4|    1|          4|
    |void_UpConv_Fused_Row_ap_uint_ap_uint_const_ap_uint_const_ap_uint_const_ap_u_5_address0       |  26|          5|   10|         50|
    |void_UpConv_Fused_Row_ap_uint_ap_uint_const_ap_uint_const_ap_uint_const_ap_u_5_address1       |  14|          3|   10|         30|
    |void_UpConv_Fused_Row_ap_uint_ap_uint_const_ap_uint_const_ap_uint_const_ap_u_5_ce0            |  26|          5|    1|          5|
    |void_UpConv_Fused_Row_ap_uint_ap_uint_const_ap_uint_const_ap_uint_const_ap_u_5_ce1            |  14|          3|    1|          3|
    |void_UpConv_Fused_Row_ap_uint_ap_uint_const_ap_uint_const_ap_uint_const_ap_u_5_d0             |  20|          4|   16|         64|
    |void_UpConv_Fused_Row_ap_uint_ap_uint_const_ap_uint_const_ap_uint_const_ap_u_5_we0            |  20|          4|    1|          4|
    |void_UpConv_Fused_Row_ap_uint_ap_uint_const_ap_uint_const_ap_uint_const_ap_u_6_address0       |  26|          5|   10|         50|
    |void_UpConv_Fused_Row_ap_uint_ap_uint_const_ap_uint_const_ap_uint_const_ap_u_6_address1       |  14|          3|   10|         30|
    |void_UpConv_Fused_Row_ap_uint_ap_uint_const_ap_uint_const_ap_uint_const_ap_u_6_ce0            |  26|          5|    1|          5|
    |void_UpConv_Fused_Row_ap_uint_ap_uint_const_ap_uint_const_ap_uint_const_ap_u_6_ce1            |  14|          3|    1|          3|
    |void_UpConv_Fused_Row_ap_uint_ap_uint_const_ap_uint_const_ap_uint_const_ap_u_6_d0             |  20|          4|   16|         64|
    |void_UpConv_Fused_Row_ap_uint_ap_uint_const_ap_uint_const_ap_uint_const_ap_u_6_we0            |  20|          4|    1|          4|
    |void_UpConv_Fused_Row_ap_uint_ap_uint_const_ap_uint_const_ap_uint_const_ap_u_7_address0       |  26|          5|   10|         50|
    |void_UpConv_Fused_Row_ap_uint_ap_uint_const_ap_uint_const_ap_uint_const_ap_u_7_address1       |  14|          3|   10|         30|
    |void_UpConv_Fused_Row_ap_uint_ap_uint_const_ap_uint_const_ap_uint_const_ap_u_7_ce0            |  26|          5|    1|          5|
    |void_UpConv_Fused_Row_ap_uint_ap_uint_const_ap_uint_const_ap_uint_const_ap_u_7_ce1            |  14|          3|    1|          3|
    |void_UpConv_Fused_Row_ap_uint_ap_uint_const_ap_uint_const_ap_uint_const_ap_u_7_d0             |  20|          4|   16|         64|
    |void_UpConv_Fused_Row_ap_uint_ap_uint_const_ap_uint_const_ap_uint_const_ap_u_7_we0            |  20|          4|    1|          4|
    |void_UpConv_Fused_Row_ap_uint_ap_uint_const_ap_uint_const_ap_uint_const_ap_u_8_address0       |  26|          5|   10|         50|
    |void_UpConv_Fused_Row_ap_uint_ap_uint_const_ap_uint_const_ap_uint_const_ap_u_8_address1       |  14|          3|   10|         30|
    |void_UpConv_Fused_Row_ap_uint_ap_uint_const_ap_uint_const_ap_uint_const_ap_u_8_ce0            |  26|          5|    1|          5|
    |void_UpConv_Fused_Row_ap_uint_ap_uint_const_ap_uint_const_ap_uint_const_ap_u_8_ce1            |  14|          3|    1|          3|
    |void_UpConv_Fused_Row_ap_uint_ap_uint_const_ap_uint_const_ap_uint_const_ap_u_8_d0             |  20|          4|   16|         64|
    |void_UpConv_Fused_Row_ap_uint_ap_uint_const_ap_uint_const_ap_uint_const_ap_u_8_we0            |  20|          4|    1|          4|
    |void_UpConv_Fused_Row_ap_uint_ap_uint_const_ap_uint_const_ap_uint_const_ap_u_9_address0       |  26|          5|   10|         50|
    |void_UpConv_Fused_Row_ap_uint_ap_uint_const_ap_uint_const_ap_uint_const_ap_u_9_address1       |  14|          3|   10|         30|
    |void_UpConv_Fused_Row_ap_uint_ap_uint_const_ap_uint_const_ap_uint_const_ap_u_9_ce0            |  26|          5|    1|          5|
    |void_UpConv_Fused_Row_ap_uint_ap_uint_const_ap_uint_const_ap_uint_const_ap_u_9_ce1            |  14|          3|    1|          3|
    |void_UpConv_Fused_Row_ap_uint_ap_uint_const_ap_uint_const_ap_uint_const_ap_u_9_d0             |  20|          4|   16|         64|
    |void_UpConv_Fused_Row_ap_uint_ap_uint_const_ap_uint_const_ap_uint_const_ap_u_9_we0            |  20|          4|    1|          4|
    |void_UpConv_Fused_Row_ap_uint_ap_uint_const_ap_uint_const_ap_uint_const_ap_u_address0         |  26|          5|   10|         50|
    |void_UpConv_Fused_Row_ap_uint_ap_uint_const_ap_uint_const_ap_uint_const_ap_u_address1         |  14|          3|   10|         30|
    |void_UpConv_Fused_Row_ap_uint_ap_uint_const_ap_uint_const_ap_uint_const_ap_u_ce0              |  26|          5|    1|          5|
    |void_UpConv_Fused_Row_ap_uint_ap_uint_const_ap_uint_const_ap_uint_const_ap_u_ce1              |  14|          3|    1|          3|
    |void_UpConv_Fused_Row_ap_uint_ap_uint_const_ap_uint_const_ap_uint_const_ap_u_d0               |  20|          4|   16|         64|
    |void_UpConv_Fused_Row_ap_uint_ap_uint_const_ap_uint_const_ap_uint_const_ap_u_we0              |  20|          4|    1|          4|
    +----------------------------------------------------------------------------------------------+----+-----------+-----+-----------+
    |Total                                                                                         |2232|        450|  735|       2826|
    +----------------------------------------------------------------------------------------------+----+-----------+-----+-----------+

    * Register: 
    +---------------------------------------------------------------------------------+----+----+-----+-----------+
    |                                       Name                                      | FF | LUT| Bits| Const Bits|
    +---------------------------------------------------------------------------------+----+----+-----+-----------+
    |ap_CS_fsm                                                                        |   8|   0|    8|          0|
    |ap_sync_reg_grp_dataflow_parent_loop_proc_fu_225_ap_done                         |   1|   0|    1|          0|
    |ap_sync_reg_grp_dataflow_parent_loop_proc_fu_225_ap_ready                        |   1|   0|    1|          0|
    |conv1_reg_434                                                                    |  32|   0|   32|          0|
    |grp_UpConv_Fused_Row_8_16_16_960_480_Pipeline_LOAD_PARAMS_fu_210_ap_start_reg    |   1|   0|    1|          0|
    |grp_UpConv_Fused_Row_8_16_16_960_480_Pipeline_PIXEL_NORM_fu_311_ap_start_reg     |   1|   0|    1|          0|
    |grp_UpConv_Fused_Row_8_16_16_960_480_Pipeline_PIXEL_STATS_fu_269_ap_start_reg    |   1|   0|    1|          0|
    |grp_UpConv_Fused_Row_8_16_16_960_480_Pipeline_RESET_ROW_ACC_fu_174_ap_start_reg  |   1|   0|    1|          0|
    |grp_dataflow_parent_loop_proc_fu_225_ap_start_reg                                |   1|   0|    1|          0|
    |mul4_reg_444                                                                     |   5|   0|   10|          5|
    |trunc_ln209_1_reg_408                                                            |  59|   0|   59|          0|
    |trunc_ln209_2_reg_413                                                            |  59|   0|   59|          0|
    |trunc_ln_reg_403                                                                 |  59|   0|   59|          0|
    +---------------------------------------------------------------------------------+----+----+-----+-----------+
    |Total                                                                            | 229|   0|  234|          5|
    +---------------------------------------------------------------------------------+----+----+-----+-----------+



================================================================
== Interface
================================================================
* Summary: 
+------------------------------+-----+-----+------------+---------------------------------------+--------------+
|           RTL Ports          | Dir | Bits|  Protocol  |             Source Object             |    C Type    |
+------------------------------+-----+-----+------------+---------------------------------------+--------------+
|ap_clk                        |   in|    1|  ap_ctrl_hs|  UpConv_Fused_Row<8, 16, 16, 960, 480>|  return value|
|ap_rst                        |   in|    1|  ap_ctrl_hs|  UpConv_Fused_Row<8, 16, 16, 960, 480>|  return value|
|ap_start                      |   in|    1|  ap_ctrl_hs|  UpConv_Fused_Row<8, 16, 16, 960, 480>|  return value|
|ap_done                       |  out|    1|  ap_ctrl_hs|  UpConv_Fused_Row<8, 16, 16, 960, 480>|  return value|
|ap_idle                       |  out|    1|  ap_ctrl_hs|  UpConv_Fused_Row<8, 16, 16, 960, 480>|  return value|
|ap_ready                      |  out|    1|  ap_ctrl_hs|  UpConv_Fused_Row<8, 16, 16, 960, 480>|  return value|
|m_axi_gmem_weight_0_AWVALID   |  out|    1|       m_axi|                            gmem_weight|       pointer|
|m_axi_gmem_weight_0_AWREADY   |   in|    1|       m_axi|                            gmem_weight|       pointer|
|m_axi_gmem_weight_0_AWADDR    |  out|   64|       m_axi|                            gmem_weight|       pointer|
|m_axi_gmem_weight_0_AWID      |  out|    1|       m_axi|                            gmem_weight|       pointer|
|m_axi_gmem_weight_0_AWLEN     |  out|   32|       m_axi|                            gmem_weight|       pointer|
|m_axi_gmem_weight_0_AWSIZE    |  out|    3|       m_axi|                            gmem_weight|       pointer|
|m_axi_gmem_weight_0_AWBURST   |  out|    2|       m_axi|                            gmem_weight|       pointer|
|m_axi_gmem_weight_0_AWLOCK    |  out|    2|       m_axi|                            gmem_weight|       pointer|
|m_axi_gmem_weight_0_AWCACHE   |  out|    4|       m_axi|                            gmem_weight|       pointer|
|m_axi_gmem_weight_0_AWPROT    |  out|    3|       m_axi|                            gmem_weight|       pointer|
|m_axi_gmem_weight_0_AWQOS     |  out|    4|       m_axi|                            gmem_weight|       pointer|
|m_axi_gmem_weight_0_AWREGION  |  out|    4|       m_axi|                            gmem_weight|       pointer|
|m_axi_gmem_weight_0_AWUSER    |  out|    1|       m_axi|                            gmem_weight|       pointer|
|m_axi_gmem_weight_0_WVALID    |  out|    1|       m_axi|                            gmem_weight|       pointer|
|m_axi_gmem_weight_0_WREADY    |   in|    1|       m_axi|                            gmem_weight|       pointer|
|m_axi_gmem_weight_0_WDATA     |  out|  256|       m_axi|                            gmem_weight|       pointer|
|m_axi_gmem_weight_0_WSTRB     |  out|   32|       m_axi|                            gmem_weight|       pointer|
|m_axi_gmem_weight_0_WLAST     |  out|    1|       m_axi|                            gmem_weight|       pointer|
|m_axi_gmem_weight_0_WID       |  out|    1|       m_axi|                            gmem_weight|       pointer|
|m_axi_gmem_weight_0_WUSER     |  out|    1|       m_axi|                            gmem_weight|       pointer|
|m_axi_gmem_weight_0_ARVALID   |  out|    1|       m_axi|                            gmem_weight|       pointer|
|m_axi_gmem_weight_0_ARREADY   |   in|    1|       m_axi|                            gmem_weight|       pointer|
|m_axi_gmem_weight_0_ARADDR    |  out|   64|       m_axi|                            gmem_weight|       pointer|
|m_axi_gmem_weight_0_ARID      |  out|    1|       m_axi|                            gmem_weight|       pointer|
|m_axi_gmem_weight_0_ARLEN     |  out|   32|       m_axi|                            gmem_weight|       pointer|
|m_axi_gmem_weight_0_ARSIZE    |  out|    3|       m_axi|                            gmem_weight|       pointer|
|m_axi_gmem_weight_0_ARBURST   |  out|    2|       m_axi|                            gmem_weight|       pointer|
|m_axi_gmem_weight_0_ARLOCK    |  out|    2|       m_axi|                            gmem_weight|       pointer|
|m_axi_gmem_weight_0_ARCACHE   |  out|    4|       m_axi|                            gmem_weight|       pointer|
|m_axi_gmem_weight_0_ARPROT    |  out|    3|       m_axi|                            gmem_weight|       pointer|
|m_axi_gmem_weight_0_ARQOS     |  out|    4|       m_axi|                            gmem_weight|       pointer|
|m_axi_gmem_weight_0_ARREGION  |  out|    4|       m_axi|                            gmem_weight|       pointer|
|m_axi_gmem_weight_0_ARUSER    |  out|    1|       m_axi|                            gmem_weight|       pointer|
|m_axi_gmem_weight_0_RVALID    |   in|    1|       m_axi|                            gmem_weight|       pointer|
|m_axi_gmem_weight_0_RREADY    |  out|    1|       m_axi|                            gmem_weight|       pointer|
|m_axi_gmem_weight_0_RDATA     |   in|  256|       m_axi|                            gmem_weight|       pointer|
|m_axi_gmem_weight_0_RLAST     |   in|    1|       m_axi|                            gmem_weight|       pointer|
|m_axi_gmem_weight_0_RID       |   in|    1|       m_axi|                            gmem_weight|       pointer|
|m_axi_gmem_weight_0_RFIFONUM  |   in|   11|       m_axi|                            gmem_weight|       pointer|
|m_axi_gmem_weight_0_RUSER     |   in|    1|       m_axi|                            gmem_weight|       pointer|
|m_axi_gmem_weight_0_RRESP     |   in|    2|       m_axi|                            gmem_weight|       pointer|
|m_axi_gmem_weight_0_BVALID    |   in|    1|       m_axi|                            gmem_weight|       pointer|
|m_axi_gmem_weight_0_BREADY    |  out|    1|       m_axi|                            gmem_weight|       pointer|
|m_axi_gmem_weight_0_BRESP     |   in|    2|       m_axi|                            gmem_weight|       pointer|
|m_axi_gmem_weight_0_BID       |   in|    1|       m_axi|                            gmem_weight|       pointer|
|m_axi_gmem_weight_0_BUSER     |   in|    1|       m_axi|                            gmem_weight|       pointer|
|W_ptr                         |   in|   64|     ap_none|                                  W_ptr|        scalar|
|m_axi_gmem_param_0_AWVALID    |  out|    1|       m_axi|                             gmem_param|       pointer|
|m_axi_gmem_param_0_AWREADY    |   in|    1|       m_axi|                             gmem_param|       pointer|
|m_axi_gmem_param_0_AWADDR     |  out|   64|       m_axi|                             gmem_param|       pointer|
|m_axi_gmem_param_0_AWID       |  out|    1|       m_axi|                             gmem_param|       pointer|
|m_axi_gmem_param_0_AWLEN      |  out|   32|       m_axi|                             gmem_param|       pointer|
|m_axi_gmem_param_0_AWSIZE     |  out|    3|       m_axi|                             gmem_param|       pointer|
|m_axi_gmem_param_0_AWBURST    |  out|    2|       m_axi|                             gmem_param|       pointer|
|m_axi_gmem_param_0_AWLOCK     |  out|    2|       m_axi|                             gmem_param|       pointer|
|m_axi_gmem_param_0_AWCACHE    |  out|    4|       m_axi|                             gmem_param|       pointer|
|m_axi_gmem_param_0_AWPROT     |  out|    3|       m_axi|                             gmem_param|       pointer|
|m_axi_gmem_param_0_AWQOS      |  out|    4|       m_axi|                             gmem_param|       pointer|
|m_axi_gmem_param_0_AWREGION   |  out|    4|       m_axi|                             gmem_param|       pointer|
|m_axi_gmem_param_0_AWUSER     |  out|    1|       m_axi|                             gmem_param|       pointer|
|m_axi_gmem_param_0_WVALID     |  out|    1|       m_axi|                             gmem_param|       pointer|
|m_axi_gmem_param_0_WREADY     |   in|    1|       m_axi|                             gmem_param|       pointer|
|m_axi_gmem_param_0_WDATA      |  out|  256|       m_axi|                             gmem_param|       pointer|
|m_axi_gmem_param_0_WSTRB      |  out|   32|       m_axi|                             gmem_param|       pointer|
|m_axi_gmem_param_0_WLAST      |  out|    1|       m_axi|                             gmem_param|       pointer|
|m_axi_gmem_param_0_WID        |  out|    1|       m_axi|                             gmem_param|       pointer|
|m_axi_gmem_param_0_WUSER      |  out|    1|       m_axi|                             gmem_param|       pointer|
|m_axi_gmem_param_0_ARVALID    |  out|    1|       m_axi|                             gmem_param|       pointer|
|m_axi_gmem_param_0_ARREADY    |   in|    1|       m_axi|                             gmem_param|       pointer|
|m_axi_gmem_param_0_ARADDR     |  out|   64|       m_axi|                             gmem_param|       pointer|
|m_axi_gmem_param_0_ARID       |  out|    1|       m_axi|                             gmem_param|       pointer|
|m_axi_gmem_param_0_ARLEN      |  out|   32|       m_axi|                             gmem_param|       pointer|
|m_axi_gmem_param_0_ARSIZE     |  out|    3|       m_axi|                             gmem_param|       pointer|
|m_axi_gmem_param_0_ARBURST    |  out|    2|       m_axi|                             gmem_param|       pointer|
|m_axi_gmem_param_0_ARLOCK     |  out|    2|       m_axi|                             gmem_param|       pointer|
|m_axi_gmem_param_0_ARCACHE    |  out|    4|       m_axi|                             gmem_param|       pointer|
|m_axi_gmem_param_0_ARPROT     |  out|    3|       m_axi|                             gmem_param|       pointer|
|m_axi_gmem_param_0_ARQOS      |  out|    4|       m_axi|                             gmem_param|       pointer|
|m_axi_gmem_param_0_ARREGION   |  out|    4|       m_axi|                             gmem_param|       pointer|
|m_axi_gmem_param_0_ARUSER     |  out|    1|       m_axi|                             gmem_param|       pointer|
|m_axi_gmem_param_0_RVALID     |   in|    1|       m_axi|                             gmem_param|       pointer|
|m_axi_gmem_param_0_RREADY     |  out|    1|       m_axi|                             gmem_param|       pointer|
|m_axi_gmem_param_0_RDATA      |   in|  256|       m_axi|                             gmem_param|       pointer|
|m_axi_gmem_param_0_RLAST      |   in|    1|       m_axi|                             gmem_param|       pointer|
|m_axi_gmem_param_0_RID        |   in|    1|       m_axi|                             gmem_param|       pointer|
|m_axi_gmem_param_0_RFIFONUM   |   in|   11|       m_axi|                             gmem_param|       pointer|
|m_axi_gmem_param_0_RUSER      |   in|    1|       m_axi|                             gmem_param|       pointer|
|m_axi_gmem_param_0_RRESP      |   in|    2|       m_axi|                             gmem_param|       pointer|
|m_axi_gmem_param_0_BVALID     |   in|    1|       m_axi|                             gmem_param|       pointer|
|m_axi_gmem_param_0_BREADY     |  out|    1|       m_axi|                             gmem_param|       pointer|
|m_axi_gmem_param_0_BRESP      |   in|    2|       m_axi|                             gmem_param|       pointer|
|m_axi_gmem_param_0_BID        |   in|    1|       m_axi|                             gmem_param|       pointer|
|m_axi_gmem_param_0_BUSER      |   in|    1|       m_axi|                             gmem_param|       pointer|
|B_ptr                         |   in|   64|     ap_none|                                  B_ptr|        scalar|
|G_ptr                         |   in|   64|     ap_none|                                  G_ptr|        scalar|
|BE_ptr                        |   in|   64|     ap_none|                                 BE_ptr|        scalar|
|m_axi_gmem_out_0_AWVALID      |  out|    1|       m_axi|                               gmem_out|       pointer|
|m_axi_gmem_out_0_AWREADY      |   in|    1|       m_axi|                               gmem_out|       pointer|
|m_axi_gmem_out_0_AWADDR       |  out|   64|       m_axi|                               gmem_out|       pointer|
|m_axi_gmem_out_0_AWID         |  out|    1|       m_axi|                               gmem_out|       pointer|
|m_axi_gmem_out_0_AWLEN        |  out|   32|       m_axi|                               gmem_out|       pointer|
|m_axi_gmem_out_0_AWSIZE       |  out|    3|       m_axi|                               gmem_out|       pointer|
|m_axi_gmem_out_0_AWBURST      |  out|    2|       m_axi|                               gmem_out|       pointer|
|m_axi_gmem_out_0_AWLOCK       |  out|    2|       m_axi|                               gmem_out|       pointer|
|m_axi_gmem_out_0_AWCACHE      |  out|    4|       m_axi|                               gmem_out|       pointer|
|m_axi_gmem_out_0_AWPROT       |  out|    3|       m_axi|                               gmem_out|       pointer|
|m_axi_gmem_out_0_AWQOS        |  out|    4|       m_axi|                               gmem_out|       pointer|
|m_axi_gmem_out_0_AWREGION     |  out|    4|       m_axi|                               gmem_out|       pointer|
|m_axi_gmem_out_0_AWUSER       |  out|    1|       m_axi|                               gmem_out|       pointer|
|m_axi_gmem_out_0_WVALID       |  out|    1|       m_axi|                               gmem_out|       pointer|
|m_axi_gmem_out_0_WREADY       |   in|    1|       m_axi|                               gmem_out|       pointer|
|m_axi_gmem_out_0_WDATA        |  out|  256|       m_axi|                               gmem_out|       pointer|
|m_axi_gmem_out_0_WSTRB        |  out|   32|       m_axi|                               gmem_out|       pointer|
|m_axi_gmem_out_0_WLAST        |  out|    1|       m_axi|                               gmem_out|       pointer|
|m_axi_gmem_out_0_WID          |  out|    1|       m_axi|                               gmem_out|       pointer|
|m_axi_gmem_out_0_WUSER        |  out|    1|       m_axi|                               gmem_out|       pointer|
|m_axi_gmem_out_0_ARVALID      |  out|    1|       m_axi|                               gmem_out|       pointer|
|m_axi_gmem_out_0_ARREADY      |   in|    1|       m_axi|                               gmem_out|       pointer|
|m_axi_gmem_out_0_ARADDR       |  out|   64|       m_axi|                               gmem_out|       pointer|
|m_axi_gmem_out_0_ARID         |  out|    1|       m_axi|                               gmem_out|       pointer|
|m_axi_gmem_out_0_ARLEN        |  out|   32|       m_axi|                               gmem_out|       pointer|
|m_axi_gmem_out_0_ARSIZE       |  out|    3|       m_axi|                               gmem_out|       pointer|
|m_axi_gmem_out_0_ARBURST      |  out|    2|       m_axi|                               gmem_out|       pointer|
|m_axi_gmem_out_0_ARLOCK       |  out|    2|       m_axi|                               gmem_out|       pointer|
|m_axi_gmem_out_0_ARCACHE      |  out|    4|       m_axi|                               gmem_out|       pointer|
|m_axi_gmem_out_0_ARPROT       |  out|    3|       m_axi|                               gmem_out|       pointer|
|m_axi_gmem_out_0_ARQOS        |  out|    4|       m_axi|                               gmem_out|       pointer|
|m_axi_gmem_out_0_ARREGION     |  out|    4|       m_axi|                               gmem_out|       pointer|
|m_axi_gmem_out_0_ARUSER       |  out|    1|       m_axi|                               gmem_out|       pointer|
|m_axi_gmem_out_0_RVALID       |   in|    1|       m_axi|                               gmem_out|       pointer|
|m_axi_gmem_out_0_RREADY       |  out|    1|       m_axi|                               gmem_out|       pointer|
|m_axi_gmem_out_0_RDATA        |   in|  256|       m_axi|                               gmem_out|       pointer|
|m_axi_gmem_out_0_RLAST        |   in|    1|       m_axi|                               gmem_out|       pointer|
|m_axi_gmem_out_0_RID          |   in|    1|       m_axi|                               gmem_out|       pointer|
|m_axi_gmem_out_0_RFIFONUM     |   in|    9|       m_axi|                               gmem_out|       pointer|
|m_axi_gmem_out_0_RUSER        |   in|    1|       m_axi|                               gmem_out|       pointer|
|m_axi_gmem_out_0_RRESP        |   in|    2|       m_axi|                               gmem_out|       pointer|
|m_axi_gmem_out_0_BVALID       |   in|    1|       m_axi|                               gmem_out|       pointer|
|m_axi_gmem_out_0_BREADY       |  out|    1|       m_axi|                               gmem_out|       pointer|
|m_axi_gmem_out_0_BRESP        |   in|    2|       m_axi|                               gmem_out|       pointer|
|m_axi_gmem_out_0_BID          |   in|    1|       m_axi|                               gmem_out|       pointer|
|m_axi_gmem_out_0_BUSER        |   in|    1|       m_axi|                               gmem_out|       pointer|
|Y                             |   in|   64|     ap_none|                                      Y|        scalar|
|epsilon                       |   in|   16|     ap_none|                                epsilon|        scalar|
|ho                            |   in|    5|     ap_none|                                     ho|        scalar|
|x_buf_address0                |  out|   11|   ap_memory|                                  x_buf|         array|
|x_buf_ce0                     |  out|    1|   ap_memory|                                  x_buf|         array|
|x_buf_q0                      |   in|  256|   ap_memory|                                  x_buf|         array|
+------------------------------+-----+-----+------------+---------------------------------------+--------------+

