

================================================================
== Vitis HLS Report for 'upconv_core_top_ucb0'
================================================================
* Date:           Thu Jun 18 11:44:36 2026

* Version:        2024.2 (Build 5238294 on Nov  8 2024)
* Project:        upconv_block0
* Solution:       hls (Vivado IP Flow Target)
* Product family: zynquplus
* Target device:  xczu7ev-ffvc1156-2-e


================================================================
== Performance Estimates
================================================================
+ Timing: 
    * Summary: 
    +--------+---------+----------+------------+
    |  Clock |  Target | Estimated| Uncertainty|
    +--------+---------+----------+------------+
    |ap_clk  |  3.33 ns|  3.357 ns|     0.90 ns|
    +--------+---------+----------+------------+

+ Latency: 
    * Summary: 
    +---------+----------+-----------+-----------+---------+----------+---------+
    |  Latency (cycles)  |   Latency (absolute)  |      Interval      | Pipeline|
    |   min   |    max   |    min    |    max    |   min   |    max   |   Type  |
    +---------+----------+-----------+-----------+---------+----------+---------+
    |  8872366|  17988270|  29.785 ms|  60.387 ms|  8872367|  17988271|       no|
    +---------+----------+-----------+-----------+---------+----------+---------+

    + Detail: 
        * Instance: 
        +---------------------------------------------------------------------+----------------------------------------------------------+---------+---------+----------+----------+--------+--------+------------------------------------------------+
        |                                                                     |                                                          |  Latency (cycles) |  Latency (absolute) |     Interval    |                    Pipeline                    |
        |                               Instance                              |                          Module                          |   min   |   max   |    min   |    max   |   min  |   max  |                      Type                      |
        +---------------------------------------------------------------------+----------------------------------------------------------+---------+---------+----------+----------+--------+--------+------------------------------------------------+
        |grp_upconv_core_top_ucb0_Pipeline_LOAD_ROW0_VITIS_LOOP_297_1_fu_233  |upconv_core_top_ucb0_Pipeline_LOAD_ROW0_VITIS_LOOP_297_1  |      963|      963|  3.210 us|  3.210 us|     961|     961|  loop auto-rewind stp (delay=0 clock cycles(s))|
        |grp_UpConv_Fused_Row_8_16_16_960_480_s_fu_242                        |UpConv_Fused_Row_8_16_16_960_480_s                        |   276772|   561644|  0.929 ms|  1.885 ms|  276772|  561644|                                              no|
        |grp_upconv_core_top_ucb0_Pipeline_LOAD_ROW_VITIS_LOOP_308_2_fu_299   |upconv_core_top_ucb0_Pipeline_LOAD_ROW_VITIS_LOOP_308_2   |      973|      973|  3.243 us|  3.243 us|     961|     961|  loop auto-rewind stp (delay=0 clock cycles(s))|
        +---------------------------------------------------------------------+----------------------------------------------------------+---------+---------+----------+----------+--------+--------+------------------------------------------------+

        * Loop: 
        +------------+---------+----------+------------------+-----------+-----------+------+----------+
        |            |  Latency (cycles)  |     Iteration    |  Initiation Interval  | Trip |          |
        |  Loop Name |   min   |    max   |      Latency     |  achieved |   target  | Count| Pipelined|
        +------------+---------+----------+------------------+-----------+-----------+------+----------+
        |- ROW_LOOP  |  8317845|  16864005|  554523 ~ 1124267|          -|          -|    15|        no|
        +------------+---------+----------+------------------+-----------+-----------+------+----------+



================================================================
== Utilization Estimates
================================================================
* Summary: 
+-----------------+---------+------+--------+--------+-----+
|       Name      | BRAM_18K|  DSP |   FF   |   LUT  | URAM|
+-----------------+---------+------+--------+--------+-----+
|DSP              |        -|     -|       -|       -|    -|
|Expression       |        -|     -|       0|     141|    -|
|FIFO             |        -|     -|       -|       -|    -|
|Instance         |       84|   511|   81367|   70805|   48|
|Memory           |        -|     -|       0|       0|    4|
|Multiplexer      |        -|     -|       0|     364|    -|
|Register         |        -|     -|     514|       -|    -|
+-----------------+---------+------+--------+--------+-----+
|Total            |       84|   511|   81881|   71310|   52|
+-----------------+---------+------+--------+--------+-----+
|Available        |      624|  1728|  460800|  230400|   96|
+-----------------+---------+------+--------+--------+-----+
|Utilization (%)  |       13|    29|      17|      30|   54|
+-----------------+---------+------+--------+--------+-----+

+ Detail: 
    * Instance: 
    +---------------------------------------------------------------------+----------------------------------------------------------+---------+-----+-------+-------+-----+
    |                               Instance                              |                          Module                          | BRAM_18K| DSP |   FF  |  LUT  | URAM|
    +---------------------------------------------------------------------+----------------------------------------------------------+---------+-----+-------+-------+-----+
    |grp_UpConv_Fused_Row_8_16_16_960_480_s_fu_242                        |UpConv_Fused_Row_8_16_16_960_480_s                        |       24|  511|  75841|  64906|   48|
    |control_s_axi_U                                                      |control_s_axi                                             |        0|    0|    478|    840|    0|
    |gmem_in_m_axi_U                                                      |gmem_in_m_axi                                             |       15|    0|   1044|   1114|    0|
    |gmem_out_m_axi_U                                                     |gmem_out_m_axi                                            |       15|    0|   1038|   1104|    0|
    |gmem_param_m_axi_U                                                   |gmem_param_m_axi                                          |       15|    0|   1044|   1114|    0|
    |gmem_weight_m_axi_U                                                  |gmem_weight_m_axi                                         |       15|    0|   1044|   1114|    0|
    |grp_upconv_core_top_ucb0_Pipeline_LOAD_ROW0_VITIS_LOOP_297_1_fu_233  |upconv_core_top_ucb0_Pipeline_LOAD_ROW0_VITIS_LOOP_297_1  |        0|    0|    293|    188|    0|
    |grp_upconv_core_top_ucb0_Pipeline_LOAD_ROW_VITIS_LOOP_308_2_fu_299   |upconv_core_top_ucb0_Pipeline_LOAD_ROW_VITIS_LOOP_308_2   |        0|    0|    585|    425|    0|
    +---------------------------------------------------------------------+----------------------------------------------------------+---------+-----+-------+-------+-----+
    |Total                                                                |                                                          |       84|  511|  81367|  70805|   48|
    +---------------------------------------------------------------------+----------------------------------------------------------+---------+-----+-------+-------+-----+

    * DSP: 
    N/A

    * Memory: 
    +---------+-------------------------+---------+---+----+-----+------+-----+------+-------------+
    |  Memory |          Module         | BRAM_18K| FF| LUT| URAM| Words| Bits| Banks| W*Bits*Banks|
    +---------+-------------------------+---------+---+----+-----+------+-----+------+-------------+
    |x_buf_U  |x_buf_RAM_T2P_URAM_1R1W  |        0|  0|   0|    4|  1920|  256|     1|       491520|
    +---------+-------------------------+---------+---+----+-----+------+-----+------+-------------+
    |Total    |                         |        0|  0|   0|    4|  1920|  256|     1|       491520|
    +---------+-------------------------+---------+---+----+-----+------+-----+------+-------------+

    * FIFO: 
    N/A

    * Expression: 
    +-----------------------+----------+----+---+----+------------+------------+
    |     Variable Name     | Operation| DSP| FF| LUT| Bitwidth P0| Bitwidth P1|
    +-----------------------+----------+----+---+----+------------+------------+
    |add_ln305_1_fu_408_p2  |         +|   0|  0|  12|           5|           1|
    |add_ln305_2_fu_368_p2  |         +|   0|  0|  12|           4|           1|
    |add_ln305_fu_320_p2    |         +|   0|  0|  71|          64|          15|
    |add_ln313_fu_429_p2    |         +|   0|  0|  12|           5|           2|
    |sub_ln306_fu_394_p2    |         -|   0|  0|  21|          14|          14|
    |icmp_ln305_fu_362_p2   |      icmp|   0|  0|  13|           5|           6|
    +-----------------------+----------+----+---+----+------------+------------+
    |Total                  |          |   0|  0| 141|          97|          39|
    +-----------------------+----------+----+---+----+------------+------------+

    * Multiplexer: 
    +--------------------------------------------------+-----+-----------+-----+-----------+
    |                       Name                       | LUT | Input Size| Bits| Total Bits|
    +--------------------------------------------------+-----+-----------+-----+-----------+
    |ap_NS_fsm                                         |  106|         21|    1|         21|
    |gmem_in_0_ARADDR                                  |   20|          4|   64|        256|
    |gmem_in_0_ARLEN                                   |   20|          4|   32|        128|
    |gmem_in_0_ARVALID                                 |   20|          4|    1|          4|
    |gmem_in_0_RREADY                                  |   14|          3|    1|          3|
    |gmem_in_blk_n_AR                                  |    9|          2|    1|          2|
    |gmem_out_0_AWVALID                                |    9|          2|    1|          2|
    |gmem_out_0_BREADY                                 |    9|          2|    1|          2|
    |gmem_out_0_WVALID                                 |    9|          2|    1|          2|
    |gmem_param_0_ARVALID                              |    9|          2|    1|          2|
    |gmem_param_0_RREADY                               |    9|          2|    1|          2|
    |gmem_weight_0_ARVALID                             |    9|          2|    1|          2|
    |gmem_weight_0_RREADY                              |    9|          2|    1|          2|
    |grp_UpConv_Fused_Row_8_16_16_960_480_s_fu_242_ho  |   26|          5|    5|         25|
    |hi_fu_176                                         |    9|          2|    5|         10|
    |indvar_fu_180                                     |    9|          2|    4|          8|
    |x_buf_address0                                    |   20|          4|   11|         44|
    |x_buf_ce0                                         |   20|          4|    1|          4|
    |x_buf_d0                                          |   14|          3|  256|        768|
    |x_buf_we0                                         |   14|          3|    1|          3|
    +--------------------------------------------------+-----+-----------+-----+-----------+
    |Total                                             |  364|         75|  390|       1290|
    +--------------------------------------------------+-----+-----------+-----+-----------+

    * Register: 
    +----------------------------------------------------------------------------------+----+----+-----+-----------+
    |                                       Name                                       | FF | LUT| Bits| Const Bits|
    +----------------------------------------------------------------------------------+----+----+-----+-----------+
    |BE_read_reg_460                                                                   |  64|   0|   64|          0|
    |B_read_reg_470                                                                    |  64|   0|   64|          0|
    |G_read_reg_465                                                                    |  64|   0|   64|          0|
    |W_read_reg_475                                                                    |  64|   0|   64|          0|
    |Y_read_reg_455                                                                    |  64|   0|   64|          0|
    |add_ln313_reg_519                                                                 |   5|   0|    5|          0|
    |ap_CS_fsm                                                                         |  20|   0|   20|          0|
    |empty_174_reg_509                                                                 |   5|   0|    5|          0|
    |epsilon_read_reg_450                                                              |  16|   0|   16|          0|
    |grp_UpConv_Fused_Row_8_16_16_960_480_s_fu_242_ap_start_reg                        |   1|   0|    1|          0|
    |grp_upconv_core_top_ucb0_Pipeline_LOAD_ROW0_VITIS_LOOP_297_1_fu_233_ap_start_reg  |   1|   0|    1|          0|
    |grp_upconv_core_top_ucb0_Pipeline_LOAD_ROW_VITIS_LOOP_308_2_fu_299_ap_start_reg   |   1|   0|    1|          0|
    |hi_1_reg_496                                                                      |   5|   0|    5|          0|
    |hi_fu_176                                                                         |   5|   0|    5|          0|
    |indvar_fu_180                                                                     |   4|   0|    4|          0|
    |shl_ln313_reg_514                                                                 |   5|   0|    5|          0|
    |sub_ln306_reg_504                                                                 |   8|   0|   14|          6|
    |trunc_ln1_reg_486                                                                 |  59|   0|   59|          0|
    |trunc_ln_reg_480                                                                  |  59|   0|   59|          0|
    +----------------------------------------------------------------------------------+----+----+-----+-----------+
    |Total                                                                             | 514|   0|  520|          6|
    +----------------------------------------------------------------------------------+----+----+-----+-----------+



================================================================
== Interface
================================================================
* Summary: 
+----------------------------+-----+-----+------------+----------------------+--------------+
|          RTL Ports         | Dir | Bits|  Protocol  |     Source Object    |    C Type    |
+----------------------------+-----+-----+------------+----------------------+--------------+
|s_axi_control_AWVALID       |   in|    1|       s_axi|               control|        scalar|
|s_axi_control_AWREADY       |  out|    1|       s_axi|               control|        scalar|
|s_axi_control_AWADDR        |   in|    7|       s_axi|               control|        scalar|
|s_axi_control_WVALID        |   in|    1|       s_axi|               control|        scalar|
|s_axi_control_WREADY        |  out|    1|       s_axi|               control|        scalar|
|s_axi_control_WDATA         |   in|   32|       s_axi|               control|        scalar|
|s_axi_control_WSTRB         |   in|    4|       s_axi|               control|        scalar|
|s_axi_control_ARVALID       |   in|    1|       s_axi|               control|        scalar|
|s_axi_control_ARREADY       |  out|    1|       s_axi|               control|        scalar|
|s_axi_control_ARADDR        |   in|    7|       s_axi|               control|        scalar|
|s_axi_control_RVALID        |  out|    1|       s_axi|               control|        scalar|
|s_axi_control_RREADY        |   in|    1|       s_axi|               control|        scalar|
|s_axi_control_RDATA         |  out|   32|       s_axi|               control|        scalar|
|s_axi_control_RRESP         |  out|    2|       s_axi|               control|        scalar|
|s_axi_control_BVALID        |  out|    1|       s_axi|               control|        scalar|
|s_axi_control_BREADY        |   in|    1|       s_axi|               control|        scalar|
|s_axi_control_BRESP         |  out|    2|       s_axi|               control|        scalar|
|ap_clk                      |   in|    1|  ap_ctrl_hs|  upconv_core_top_ucb0|  return value|
|ap_rst_n                    |   in|    1|  ap_ctrl_hs|  upconv_core_top_ucb0|  return value|
|interrupt                   |  out|    1|  ap_ctrl_hs|  upconv_core_top_ucb0|  return value|
|m_axi_gmem_in_AWVALID       |  out|    1|       m_axi|               gmem_in|       pointer|
|m_axi_gmem_in_AWREADY       |   in|    1|       m_axi|               gmem_in|       pointer|
|m_axi_gmem_in_AWADDR        |  out|   64|       m_axi|               gmem_in|       pointer|
|m_axi_gmem_in_AWID          |  out|    1|       m_axi|               gmem_in|       pointer|
|m_axi_gmem_in_AWLEN         |  out|    8|       m_axi|               gmem_in|       pointer|
|m_axi_gmem_in_AWSIZE        |  out|    3|       m_axi|               gmem_in|       pointer|
|m_axi_gmem_in_AWBURST       |  out|    2|       m_axi|               gmem_in|       pointer|
|m_axi_gmem_in_AWLOCK        |  out|    2|       m_axi|               gmem_in|       pointer|
|m_axi_gmem_in_AWCACHE       |  out|    4|       m_axi|               gmem_in|       pointer|
|m_axi_gmem_in_AWPROT        |  out|    3|       m_axi|               gmem_in|       pointer|
|m_axi_gmem_in_AWQOS         |  out|    4|       m_axi|               gmem_in|       pointer|
|m_axi_gmem_in_AWREGION      |  out|    4|       m_axi|               gmem_in|       pointer|
|m_axi_gmem_in_AWUSER        |  out|    1|       m_axi|               gmem_in|       pointer|
|m_axi_gmem_in_WVALID        |  out|    1|       m_axi|               gmem_in|       pointer|
|m_axi_gmem_in_WREADY        |   in|    1|       m_axi|               gmem_in|       pointer|
|m_axi_gmem_in_WDATA         |  out|  256|       m_axi|               gmem_in|       pointer|
|m_axi_gmem_in_WSTRB         |  out|   32|       m_axi|               gmem_in|       pointer|
|m_axi_gmem_in_WLAST         |  out|    1|       m_axi|               gmem_in|       pointer|
|m_axi_gmem_in_WID           |  out|    1|       m_axi|               gmem_in|       pointer|
|m_axi_gmem_in_WUSER         |  out|    1|       m_axi|               gmem_in|       pointer|
|m_axi_gmem_in_ARVALID       |  out|    1|       m_axi|               gmem_in|       pointer|
|m_axi_gmem_in_ARREADY       |   in|    1|       m_axi|               gmem_in|       pointer|
|m_axi_gmem_in_ARADDR        |  out|   64|       m_axi|               gmem_in|       pointer|
|m_axi_gmem_in_ARID          |  out|    1|       m_axi|               gmem_in|       pointer|
|m_axi_gmem_in_ARLEN         |  out|    8|       m_axi|               gmem_in|       pointer|
|m_axi_gmem_in_ARSIZE        |  out|    3|       m_axi|               gmem_in|       pointer|
|m_axi_gmem_in_ARBURST       |  out|    2|       m_axi|               gmem_in|       pointer|
|m_axi_gmem_in_ARLOCK        |  out|    2|       m_axi|               gmem_in|       pointer|
|m_axi_gmem_in_ARCACHE       |  out|    4|       m_axi|               gmem_in|       pointer|
|m_axi_gmem_in_ARPROT        |  out|    3|       m_axi|               gmem_in|       pointer|
|m_axi_gmem_in_ARQOS         |  out|    4|       m_axi|               gmem_in|       pointer|
|m_axi_gmem_in_ARREGION      |  out|    4|       m_axi|               gmem_in|       pointer|
|m_axi_gmem_in_ARUSER        |  out|    1|       m_axi|               gmem_in|       pointer|
|m_axi_gmem_in_RVALID        |   in|    1|       m_axi|               gmem_in|       pointer|
|m_axi_gmem_in_RREADY        |  out|    1|       m_axi|               gmem_in|       pointer|
|m_axi_gmem_in_RDATA         |   in|  256|       m_axi|               gmem_in|       pointer|
|m_axi_gmem_in_RLAST         |   in|    1|       m_axi|               gmem_in|       pointer|
|m_axi_gmem_in_RID           |   in|    1|       m_axi|               gmem_in|       pointer|
|m_axi_gmem_in_RUSER         |   in|    1|       m_axi|               gmem_in|       pointer|
|m_axi_gmem_in_RRESP         |   in|    2|       m_axi|               gmem_in|       pointer|
|m_axi_gmem_in_BVALID        |   in|    1|       m_axi|               gmem_in|       pointer|
|m_axi_gmem_in_BREADY        |  out|    1|       m_axi|               gmem_in|       pointer|
|m_axi_gmem_in_BRESP         |   in|    2|       m_axi|               gmem_in|       pointer|
|m_axi_gmem_in_BID           |   in|    1|       m_axi|               gmem_in|       pointer|
|m_axi_gmem_in_BUSER         |   in|    1|       m_axi|               gmem_in|       pointer|
|m_axi_gmem_weight_AWVALID   |  out|    1|       m_axi|           gmem_weight|       pointer|
|m_axi_gmem_weight_AWREADY   |   in|    1|       m_axi|           gmem_weight|       pointer|
|m_axi_gmem_weight_AWADDR    |  out|   64|       m_axi|           gmem_weight|       pointer|
|m_axi_gmem_weight_AWID      |  out|    1|       m_axi|           gmem_weight|       pointer|
|m_axi_gmem_weight_AWLEN     |  out|    8|       m_axi|           gmem_weight|       pointer|
|m_axi_gmem_weight_AWSIZE    |  out|    3|       m_axi|           gmem_weight|       pointer|
|m_axi_gmem_weight_AWBURST   |  out|    2|       m_axi|           gmem_weight|       pointer|
|m_axi_gmem_weight_AWLOCK    |  out|    2|       m_axi|           gmem_weight|       pointer|
|m_axi_gmem_weight_AWCACHE   |  out|    4|       m_axi|           gmem_weight|       pointer|
|m_axi_gmem_weight_AWPROT    |  out|    3|       m_axi|           gmem_weight|       pointer|
|m_axi_gmem_weight_AWQOS     |  out|    4|       m_axi|           gmem_weight|       pointer|
|m_axi_gmem_weight_AWREGION  |  out|    4|       m_axi|           gmem_weight|       pointer|
|m_axi_gmem_weight_AWUSER    |  out|    1|       m_axi|           gmem_weight|       pointer|
|m_axi_gmem_weight_WVALID    |  out|    1|       m_axi|           gmem_weight|       pointer|
|m_axi_gmem_weight_WREADY    |   in|    1|       m_axi|           gmem_weight|       pointer|
|m_axi_gmem_weight_WDATA     |  out|  256|       m_axi|           gmem_weight|       pointer|
|m_axi_gmem_weight_WSTRB     |  out|   32|       m_axi|           gmem_weight|       pointer|
|m_axi_gmem_weight_WLAST     |  out|    1|       m_axi|           gmem_weight|       pointer|
|m_axi_gmem_weight_WID       |  out|    1|       m_axi|           gmem_weight|       pointer|
|m_axi_gmem_weight_WUSER     |  out|    1|       m_axi|           gmem_weight|       pointer|
|m_axi_gmem_weight_ARVALID   |  out|    1|       m_axi|           gmem_weight|       pointer|
|m_axi_gmem_weight_ARREADY   |   in|    1|       m_axi|           gmem_weight|       pointer|
|m_axi_gmem_weight_ARADDR    |  out|   64|       m_axi|           gmem_weight|       pointer|
|m_axi_gmem_weight_ARID      |  out|    1|       m_axi|           gmem_weight|       pointer|
|m_axi_gmem_weight_ARLEN     |  out|    8|       m_axi|           gmem_weight|       pointer|
|m_axi_gmem_weight_ARSIZE    |  out|    3|       m_axi|           gmem_weight|       pointer|
|m_axi_gmem_weight_ARBURST   |  out|    2|       m_axi|           gmem_weight|       pointer|
|m_axi_gmem_weight_ARLOCK    |  out|    2|       m_axi|           gmem_weight|       pointer|
|m_axi_gmem_weight_ARCACHE   |  out|    4|       m_axi|           gmem_weight|       pointer|
|m_axi_gmem_weight_ARPROT    |  out|    3|       m_axi|           gmem_weight|       pointer|
|m_axi_gmem_weight_ARQOS     |  out|    4|       m_axi|           gmem_weight|       pointer|
|m_axi_gmem_weight_ARREGION  |  out|    4|       m_axi|           gmem_weight|       pointer|
|m_axi_gmem_weight_ARUSER    |  out|    1|       m_axi|           gmem_weight|       pointer|
|m_axi_gmem_weight_RVALID    |   in|    1|       m_axi|           gmem_weight|       pointer|
|m_axi_gmem_weight_RREADY    |  out|    1|       m_axi|           gmem_weight|       pointer|
|m_axi_gmem_weight_RDATA     |   in|  256|       m_axi|           gmem_weight|       pointer|
|m_axi_gmem_weight_RLAST     |   in|    1|       m_axi|           gmem_weight|       pointer|
|m_axi_gmem_weight_RID       |   in|    1|       m_axi|           gmem_weight|       pointer|
|m_axi_gmem_weight_RUSER     |   in|    1|       m_axi|           gmem_weight|       pointer|
|m_axi_gmem_weight_RRESP     |   in|    2|       m_axi|           gmem_weight|       pointer|
|m_axi_gmem_weight_BVALID    |   in|    1|       m_axi|           gmem_weight|       pointer|
|m_axi_gmem_weight_BREADY    |  out|    1|       m_axi|           gmem_weight|       pointer|
|m_axi_gmem_weight_BRESP     |   in|    2|       m_axi|           gmem_weight|       pointer|
|m_axi_gmem_weight_BID       |   in|    1|       m_axi|           gmem_weight|       pointer|
|m_axi_gmem_weight_BUSER     |   in|    1|       m_axi|           gmem_weight|       pointer|
|m_axi_gmem_param_AWVALID    |  out|    1|       m_axi|            gmem_param|       pointer|
|m_axi_gmem_param_AWREADY    |   in|    1|       m_axi|            gmem_param|       pointer|
|m_axi_gmem_param_AWADDR     |  out|   64|       m_axi|            gmem_param|       pointer|
|m_axi_gmem_param_AWID       |  out|    1|       m_axi|            gmem_param|       pointer|
|m_axi_gmem_param_AWLEN      |  out|    8|       m_axi|            gmem_param|       pointer|
|m_axi_gmem_param_AWSIZE     |  out|    3|       m_axi|            gmem_param|       pointer|
|m_axi_gmem_param_AWBURST    |  out|    2|       m_axi|            gmem_param|       pointer|
|m_axi_gmem_param_AWLOCK     |  out|    2|       m_axi|            gmem_param|       pointer|
|m_axi_gmem_param_AWCACHE    |  out|    4|       m_axi|            gmem_param|       pointer|
|m_axi_gmem_param_AWPROT     |  out|    3|       m_axi|            gmem_param|       pointer|
|m_axi_gmem_param_AWQOS      |  out|    4|       m_axi|            gmem_param|       pointer|
|m_axi_gmem_param_AWREGION   |  out|    4|       m_axi|            gmem_param|       pointer|
|m_axi_gmem_param_AWUSER     |  out|    1|       m_axi|            gmem_param|       pointer|
|m_axi_gmem_param_WVALID     |  out|    1|       m_axi|            gmem_param|       pointer|
|m_axi_gmem_param_WREADY     |   in|    1|       m_axi|            gmem_param|       pointer|
|m_axi_gmem_param_WDATA      |  out|  256|       m_axi|            gmem_param|       pointer|
|m_axi_gmem_param_WSTRB      |  out|   32|       m_axi|            gmem_param|       pointer|
|m_axi_gmem_param_WLAST      |  out|    1|       m_axi|            gmem_param|       pointer|
|m_axi_gmem_param_WID        |  out|    1|       m_axi|            gmem_param|       pointer|
|m_axi_gmem_param_WUSER      |  out|    1|       m_axi|            gmem_param|       pointer|
|m_axi_gmem_param_ARVALID    |  out|    1|       m_axi|            gmem_param|       pointer|
|m_axi_gmem_param_ARREADY    |   in|    1|       m_axi|            gmem_param|       pointer|
|m_axi_gmem_param_ARADDR     |  out|   64|       m_axi|            gmem_param|       pointer|
|m_axi_gmem_param_ARID       |  out|    1|       m_axi|            gmem_param|       pointer|
|m_axi_gmem_param_ARLEN      |  out|    8|       m_axi|            gmem_param|       pointer|
|m_axi_gmem_param_ARSIZE     |  out|    3|       m_axi|            gmem_param|       pointer|
|m_axi_gmem_param_ARBURST    |  out|    2|       m_axi|            gmem_param|       pointer|
|m_axi_gmem_param_ARLOCK     |  out|    2|       m_axi|            gmem_param|       pointer|
|m_axi_gmem_param_ARCACHE    |  out|    4|       m_axi|            gmem_param|       pointer|
|m_axi_gmem_param_ARPROT     |  out|    3|       m_axi|            gmem_param|       pointer|
|m_axi_gmem_param_ARQOS      |  out|    4|       m_axi|            gmem_param|       pointer|
|m_axi_gmem_param_ARREGION   |  out|    4|       m_axi|            gmem_param|       pointer|
|m_axi_gmem_param_ARUSER     |  out|    1|       m_axi|            gmem_param|       pointer|
|m_axi_gmem_param_RVALID     |   in|    1|       m_axi|            gmem_param|       pointer|
|m_axi_gmem_param_RREADY     |  out|    1|       m_axi|            gmem_param|       pointer|
|m_axi_gmem_param_RDATA      |   in|  256|       m_axi|            gmem_param|       pointer|
|m_axi_gmem_param_RLAST      |   in|    1|       m_axi|            gmem_param|       pointer|
|m_axi_gmem_param_RID        |   in|    1|       m_axi|            gmem_param|       pointer|
|m_axi_gmem_param_RUSER      |   in|    1|       m_axi|            gmem_param|       pointer|
|m_axi_gmem_param_RRESP      |   in|    2|       m_axi|            gmem_param|       pointer|
|m_axi_gmem_param_BVALID     |   in|    1|       m_axi|            gmem_param|       pointer|
|m_axi_gmem_param_BREADY     |  out|    1|       m_axi|            gmem_param|       pointer|
|m_axi_gmem_param_BRESP      |   in|    2|       m_axi|            gmem_param|       pointer|
|m_axi_gmem_param_BID        |   in|    1|       m_axi|            gmem_param|       pointer|
|m_axi_gmem_param_BUSER      |   in|    1|       m_axi|            gmem_param|       pointer|
|m_axi_gmem_out_AWVALID      |  out|    1|       m_axi|              gmem_out|       pointer|
|m_axi_gmem_out_AWREADY      |   in|    1|       m_axi|              gmem_out|       pointer|
|m_axi_gmem_out_AWADDR       |  out|   64|       m_axi|              gmem_out|       pointer|
|m_axi_gmem_out_AWID         |  out|    1|       m_axi|              gmem_out|       pointer|
|m_axi_gmem_out_AWLEN        |  out|    8|       m_axi|              gmem_out|       pointer|
|m_axi_gmem_out_AWSIZE       |  out|    3|       m_axi|              gmem_out|       pointer|
|m_axi_gmem_out_AWBURST      |  out|    2|       m_axi|              gmem_out|       pointer|
|m_axi_gmem_out_AWLOCK       |  out|    2|       m_axi|              gmem_out|       pointer|
|m_axi_gmem_out_AWCACHE      |  out|    4|       m_axi|              gmem_out|       pointer|
|m_axi_gmem_out_AWPROT       |  out|    3|       m_axi|              gmem_out|       pointer|
|m_axi_gmem_out_AWQOS        |  out|    4|       m_axi|              gmem_out|       pointer|
|m_axi_gmem_out_AWREGION     |  out|    4|       m_axi|              gmem_out|       pointer|
|m_axi_gmem_out_AWUSER       |  out|    1|       m_axi|              gmem_out|       pointer|
|m_axi_gmem_out_WVALID       |  out|    1|       m_axi|              gmem_out|       pointer|
|m_axi_gmem_out_WREADY       |   in|    1|       m_axi|              gmem_out|       pointer|
|m_axi_gmem_out_WDATA        |  out|  256|       m_axi|              gmem_out|       pointer|
|m_axi_gmem_out_WSTRB        |  out|   32|       m_axi|              gmem_out|       pointer|
|m_axi_gmem_out_WLAST        |  out|    1|       m_axi|              gmem_out|       pointer|
|m_axi_gmem_out_WID          |  out|    1|       m_axi|              gmem_out|       pointer|
|m_axi_gmem_out_WUSER        |  out|    1|       m_axi|              gmem_out|       pointer|
|m_axi_gmem_out_ARVALID      |  out|    1|       m_axi|              gmem_out|       pointer|
|m_axi_gmem_out_ARREADY      |   in|    1|       m_axi|              gmem_out|       pointer|
|m_axi_gmem_out_ARADDR       |  out|   64|       m_axi|              gmem_out|       pointer|
|m_axi_gmem_out_ARID         |  out|    1|       m_axi|              gmem_out|       pointer|
|m_axi_gmem_out_ARLEN        |  out|    8|       m_axi|              gmem_out|       pointer|
|m_axi_gmem_out_ARSIZE       |  out|    3|       m_axi|              gmem_out|       pointer|
|m_axi_gmem_out_ARBURST      |  out|    2|       m_axi|              gmem_out|       pointer|
|m_axi_gmem_out_ARLOCK       |  out|    2|       m_axi|              gmem_out|       pointer|
|m_axi_gmem_out_ARCACHE      |  out|    4|       m_axi|              gmem_out|       pointer|
|m_axi_gmem_out_ARPROT       |  out|    3|       m_axi|              gmem_out|       pointer|
|m_axi_gmem_out_ARQOS        |  out|    4|       m_axi|              gmem_out|       pointer|
|m_axi_gmem_out_ARREGION     |  out|    4|       m_axi|              gmem_out|       pointer|
|m_axi_gmem_out_ARUSER       |  out|    1|       m_axi|              gmem_out|       pointer|
|m_axi_gmem_out_RVALID       |   in|    1|       m_axi|              gmem_out|       pointer|
|m_axi_gmem_out_RREADY       |  out|    1|       m_axi|              gmem_out|       pointer|
|m_axi_gmem_out_RDATA        |   in|  256|       m_axi|              gmem_out|       pointer|
|m_axi_gmem_out_RLAST        |   in|    1|       m_axi|              gmem_out|       pointer|
|m_axi_gmem_out_RID          |   in|    1|       m_axi|              gmem_out|       pointer|
|m_axi_gmem_out_RUSER        |   in|    1|       m_axi|              gmem_out|       pointer|
|m_axi_gmem_out_RRESP        |   in|    2|       m_axi|              gmem_out|       pointer|
|m_axi_gmem_out_BVALID       |   in|    1|       m_axi|              gmem_out|       pointer|
|m_axi_gmem_out_BREADY       |  out|    1|       m_axi|              gmem_out|       pointer|
|m_axi_gmem_out_BRESP        |   in|    2|       m_axi|              gmem_out|       pointer|
|m_axi_gmem_out_BID          |   in|    1|       m_axi|              gmem_out|       pointer|
|m_axi_gmem_out_BUSER        |   in|    1|       m_axi|              gmem_out|       pointer|
+----------------------------+-----+-----+------------+----------------------+--------------+

