

================================================================
== Vitis HLS Report for 'UpConv_Fused_Row_8_16_16_960_480_Pipeline_LOAD_G'
================================================================
* Date:           Wed Jun  3 13:46:36 2026

* Version:        2024.2 (Build 5238294 on Nov  8 2024)
* Project:        upconv_block0
* Solution:       hls (Vivado IP Flow Target)
* Product family: zynquplus
* Target device:  xczu7ev-ffvc1156-2-e


================================================================
== Performance Estimates
================================================================
+ Timing: 
    * Summary: 
    +--------+---------+----------+------------+
    |  Clock |  Target | Estimated| Uncertainty|
    +--------+---------+----------+------------+
    |ap_clk  |  3.33 ns|  2.433 ns|     0.90 ns|
    +--------+---------+----------+------------+

+ Latency: 
    * Summary: 
    +---------+---------+----------+----------+-----+-----+------------------------------------------------+
    |  Latency (cycles) |  Latency (absolute) |  Interval |                    Pipeline                    |
    |   min   |   max   |    min   |    max   | min | max |                      Type                      |
    +---------+---------+----------+----------+-----+-----+------------------------------------------------+
    |       33|       33|  0.110 us|  0.110 us|   31|   31|  loop auto-rewind stp (delay=0 clock cycles(s))|
    +---------+---------+----------+----------+-----+-----+------------------------------------------------+

    + Detail: 
        * Instance: 
        N/A

        * Loop: 
        +----------+---------+---------+----------+-----------+-----------+------+----------+
        |          |  Latency (cycles) | Iteration|  Initiation Interval  | Trip |          |
        | Loop Name|   min   |   max   |  Latency |  achieved |   target  | Count| Pipelined|
        +----------+---------+---------+----------+-----------+-----------+------+----------+
        |- LOAD_G  |       31|       31|         3|          1|          1|    30|       yes|
        +----------+---------+---------+----------+-----------+-----------+------+----------+



================================================================
== Utilization Estimates
================================================================
* Summary: 
+-----------------+---------+------+--------+--------+-----+
|       Name      | BRAM_18K|  DSP |   FF   |   LUT  | URAM|
+-----------------+---------+------+--------+--------+-----+
|DSP              |        -|     -|       -|       -|    -|
|Expression       |        -|     -|       0|      28|    -|
|FIFO             |        -|     -|       -|       -|    -|
|Instance         |        -|     -|       -|       -|    -|
|Memory           |        -|     -|       -|       -|    -|
|Multiplexer      |        -|     -|       0|      45|    -|
|Register         |        -|     -|     277|       -|    -|
+-----------------+---------+------+--------+--------+-----+
|Total            |        0|     0|     277|      73|    0|
+-----------------+---------+------+--------+--------+-----+
|Available        |      624|  1728|  460800|  230400|   96|
+-----------------+---------+------+--------+--------+-----+
|Utilization (%)  |        0|     0|      ~0|      ~0|    0|
+-----------------+---------+------+--------+--------+-----+

+ Detail: 
    * Instance: 
    N/A

    * DSP: 
    N/A

    * Memory: 
    N/A

    * FIFO: 
    N/A

    * Expression: 
    +---------------------------+----------+----+---+----+------------+------------+
    |       Variable Name       | Operation| DSP| FF| LUT| Bitwidth P0| Bitwidth P1|
    +---------------------------+----------+----+---+----+------------+------------+
    |add_ln189_fu_100_p2        |         +|   0|  0|  12|           5|           1|
    |ap_block_pp0_stage0_11001  |       and|   0|  0|   2|           1|           1|
    |icmp_ln189_fu_94_p2        |      icmp|   0|  0|  12|           5|           3|
    |ap_enable_pp0              |       xor|   0|  0|   2|           1|           2|
    +---------------------------+----------+----+---+----+------------+------------+
    |Total                      |          |   0|  0|  28|          12|           7|
    +---------------------------+----------+----+---+----+------------+------------+

    * Multiplexer: 
    +-------------------------+----+-----------+-----+-----------+
    |           Name          | LUT| Input Size| Bits| Total Bits|
    +-------------------------+----+-----------+-----+-----------+
    |ap_done_int              |   9|          2|    1|          2|
    |ap_enable_reg_pp0_iter1  |   9|          2|    1|          2|
    |ap_sig_allocacmp_i_1     |   9|          2|    5|         10|
    |gmem_param_blk_n_R       |   9|          2|    1|          2|
    |i_fu_54                  |   9|          2|    5|         10|
    +-------------------------+----+-----------+-----+-----------+
    |Total                    |  45|         10|   13|         26|
    +-------------------------+----+-----------+-----+-----------+

    * Register: 
    +-------------------------------------------+-----+----+-----+-----------+
    |                    Name                   |  FF | LUT| Bits| Const Bits|
    +-------------------------------------------+-----+----+-----+-----------+
    |ap_CS_fsm                                  |    1|   0|    1|          0|
    |ap_block_pp0_stage0_subdone_grp0_done_reg  |    1|   0|    1|          0|
    |ap_done_reg                                |    1|   0|    1|          0|
    |ap_enable_reg_pp0_iter1                    |    1|   0|    1|          0|
    |ap_enable_reg_pp0_iter2                    |    1|   0|    1|          0|
    |ap_loop_exit_ready_pp0_iter1_reg           |    1|   0|    1|          0|
    |gmem_param_addr_read_reg_142               |  256|   0|  256|          0|
    |i_1_reg_133                                |    5|   0|    5|          0|
    |i_1_reg_133_pp0_iter1_reg                  |    5|   0|    5|          0|
    |i_fu_54                                    |    5|   0|    5|          0|
    +-------------------------------------------+-----+----+-----+-----------+
    |Total                                      |  277|   0|  277|          0|
    +-------------------------------------------+-----+----+-----+-----------+



================================================================
== Interface
================================================================
* Summary: 
+-----------------------------+-----+-----+------------+-------------------------------------------------------+--------------+
|          RTL Ports          | Dir | Bits|  Protocol  |                     Source Object                     |    C Type    |
+-----------------------------+-----+-----+------------+-------------------------------------------------------+--------------+
|ap_clk                       |   in|    1|  ap_ctrl_hs|  UpConv_Fused_Row<8, 16, 16, 960, 480>_Pipeline_LOAD_G|  return value|
|ap_rst                       |   in|    1|  ap_ctrl_hs|  UpConv_Fused_Row<8, 16, 16, 960, 480>_Pipeline_LOAD_G|  return value|
|ap_start                     |   in|    1|  ap_ctrl_hs|  UpConv_Fused_Row<8, 16, 16, 960, 480>_Pipeline_LOAD_G|  return value|
|ap_done                      |  out|    1|  ap_ctrl_hs|  UpConv_Fused_Row<8, 16, 16, 960, 480>_Pipeline_LOAD_G|  return value|
|ap_idle                      |  out|    1|  ap_ctrl_hs|  UpConv_Fused_Row<8, 16, 16, 960, 480>_Pipeline_LOAD_G|  return value|
|ap_ready                     |  out|    1|  ap_ctrl_hs|  UpConv_Fused_Row<8, 16, 16, 960, 480>_Pipeline_LOAD_G|  return value|
|m_axi_gmem_param_0_AWVALID   |  out|    1|       m_axi|                                             gmem_param|       pointer|
|m_axi_gmem_param_0_AWREADY   |   in|    1|       m_axi|                                             gmem_param|       pointer|
|m_axi_gmem_param_0_AWADDR    |  out|   64|       m_axi|                                             gmem_param|       pointer|
|m_axi_gmem_param_0_AWID      |  out|    1|       m_axi|                                             gmem_param|       pointer|
|m_axi_gmem_param_0_AWLEN     |  out|   32|       m_axi|                                             gmem_param|       pointer|
|m_axi_gmem_param_0_AWSIZE    |  out|    3|       m_axi|                                             gmem_param|       pointer|
|m_axi_gmem_param_0_AWBURST   |  out|    2|       m_axi|                                             gmem_param|       pointer|
|m_axi_gmem_param_0_AWLOCK    |  out|    2|       m_axi|                                             gmem_param|       pointer|
|m_axi_gmem_param_0_AWCACHE   |  out|    4|       m_axi|                                             gmem_param|       pointer|
|m_axi_gmem_param_0_AWPROT    |  out|    3|       m_axi|                                             gmem_param|       pointer|
|m_axi_gmem_param_0_AWQOS     |  out|    4|       m_axi|                                             gmem_param|       pointer|
|m_axi_gmem_param_0_AWREGION  |  out|    4|       m_axi|                                             gmem_param|       pointer|
|m_axi_gmem_param_0_AWUSER    |  out|    1|       m_axi|                                             gmem_param|       pointer|
|m_axi_gmem_param_0_WVALID    |  out|    1|       m_axi|                                             gmem_param|       pointer|
|m_axi_gmem_param_0_WREADY    |   in|    1|       m_axi|                                             gmem_param|       pointer|
|m_axi_gmem_param_0_WDATA     |  out|  256|       m_axi|                                             gmem_param|       pointer|
|m_axi_gmem_param_0_WSTRB     |  out|   32|       m_axi|                                             gmem_param|       pointer|
|m_axi_gmem_param_0_WLAST     |  out|    1|       m_axi|                                             gmem_param|       pointer|
|m_axi_gmem_param_0_WID       |  out|    1|       m_axi|                                             gmem_param|       pointer|
|m_axi_gmem_param_0_WUSER     |  out|    1|       m_axi|                                             gmem_param|       pointer|
|m_axi_gmem_param_0_ARVALID   |  out|    1|       m_axi|                                             gmem_param|       pointer|
|m_axi_gmem_param_0_ARREADY   |   in|    1|       m_axi|                                             gmem_param|       pointer|
|m_axi_gmem_param_0_ARADDR    |  out|   64|       m_axi|                                             gmem_param|       pointer|
|m_axi_gmem_param_0_ARID      |  out|    1|       m_axi|                                             gmem_param|       pointer|
|m_axi_gmem_param_0_ARLEN     |  out|   32|       m_axi|                                             gmem_param|       pointer|
|m_axi_gmem_param_0_ARSIZE    |  out|    3|       m_axi|                                             gmem_param|       pointer|
|m_axi_gmem_param_0_ARBURST   |  out|    2|       m_axi|                                             gmem_param|       pointer|
|m_axi_gmem_param_0_ARLOCK    |  out|    2|       m_axi|                                             gmem_param|       pointer|
|m_axi_gmem_param_0_ARCACHE   |  out|    4|       m_axi|                                             gmem_param|       pointer|
|m_axi_gmem_param_0_ARPROT    |  out|    3|       m_axi|                                             gmem_param|       pointer|
|m_axi_gmem_param_0_ARQOS     |  out|    4|       m_axi|                                             gmem_param|       pointer|
|m_axi_gmem_param_0_ARREGION  |  out|    4|       m_axi|                                             gmem_param|       pointer|
|m_axi_gmem_param_0_ARUSER    |  out|    1|       m_axi|                                             gmem_param|       pointer|
|m_axi_gmem_param_0_RVALID    |   in|    1|       m_axi|                                             gmem_param|       pointer|
|m_axi_gmem_param_0_RREADY    |  out|    1|       m_axi|                                             gmem_param|       pointer|
|m_axi_gmem_param_0_RDATA     |   in|  256|       m_axi|                                             gmem_param|       pointer|
|m_axi_gmem_param_0_RLAST     |   in|    1|       m_axi|                                             gmem_param|       pointer|
|m_axi_gmem_param_0_RID       |   in|    1|       m_axi|                                             gmem_param|       pointer|
|m_axi_gmem_param_0_RFIFONUM  |   in|   11|       m_axi|                                             gmem_param|       pointer|
|m_axi_gmem_param_0_RUSER     |   in|    1|       m_axi|                                             gmem_param|       pointer|
|m_axi_gmem_param_0_RRESP     |   in|    2|       m_axi|                                             gmem_param|       pointer|
|m_axi_gmem_param_0_BVALID    |   in|    1|       m_axi|                                             gmem_param|       pointer|
|m_axi_gmem_param_0_BREADY    |  out|    1|       m_axi|                                             gmem_param|       pointer|
|m_axi_gmem_param_0_BRESP     |   in|    2|       m_axi|                                             gmem_param|       pointer|
|m_axi_gmem_param_0_BID       |   in|    1|       m_axi|                                             gmem_param|       pointer|
|m_axi_gmem_param_0_BUSER     |   in|    1|       m_axi|                                             gmem_param|       pointer|
|sext_ln189                   |   in|   59|     ap_none|                                             sext_ln189|        scalar|
|g_buf_address0               |  out|    5|   ap_memory|                                                  g_buf|         array|
|g_buf_ce0                    |  out|    1|   ap_memory|                                                  g_buf|         array|
|g_buf_we0                    |  out|    1|   ap_memory|                                                  g_buf|         array|
|g_buf_d0                     |  out|  256|   ap_memory|                                                  g_buf|         array|
+-----------------------------+-----+-----+------------+-------------------------------------------------------+--------------+

